###############################################################################
#
# IAR ELF Linker V8.40.2.214/W32 for ARM                  24/Nov/2025  10:58:00
# Copyright 2007-2019 IAR Systems AB.
#
#    Output file  =
#        D:\Saoviet_Git\Saoviet_EnviroTrack_M_And_S\Project_Master_Clean_Water\1.Source_Code_L496\wm_gsm_ethernet_v3\EWARM\wm_gsm_ethernet_v3\Exe\wm_gsm_ethernet_v3.out
#    Map file     =
#        D:\Saoviet_Git\Saoviet_EnviroTrack_M_And_S\Project_Master_Clean_Water\1.Source_Code_L496\wm_gsm_ethernet_v3\EWARM\wm_gsm_ethernet_v3\List\wm_gsm_ethernet_v3.map
#    Command line =
#        -f C:\Users\PC\AppData\Local\Temp\EW216F.tmp
#        (D:\Saoviet_Git\Saoviet_EnviroTrack_M_And_S\Project_Master_Clean_Water\1.Source_Code_L496\wm_gsm_ethernet_v3\EWARM\wm_gsm_ethernet_v3\Obj\adc.o
#        D:\Saoviet_Git\Saoviet_EnviroTrack_M_And_S\Project_Master_Clean_Water\1.Source_Code_L496\wm_gsm_ethernet_v3\EWARM\wm_gsm_ethernet_v3\Obj\button.o
#        D:\Saoviet_Git\Saoviet_EnviroTrack_M_And_S\Project_Master_Clean_Water\1.Source_Code_L496\wm_gsm_ethernet_v3\EWARM\wm_gsm_ethernet_v3\Obj\cat24mxx.o
#        D:\Saoviet_Git\Saoviet_EnviroTrack_M_And_S\Project_Master_Clean_Water\1.Source_Code_L496\wm_gsm_ethernet_v3\EWARM\wm_gsm_ethernet_v3\Obj\dhcp.o
#        D:\Saoviet_Git\Saoviet_EnviroTrack_M_And_S\Project_Master_Clean_Water\1.Source_Code_L496\wm_gsm_ethernet_v3\EWARM\wm_gsm_ethernet_v3\Obj\dma.o
#        D:\Saoviet_Git\Saoviet_EnviroTrack_M_And_S\Project_Master_Clean_Water\1.Source_Code_L496\wm_gsm_ethernet_v3\EWARM\wm_gsm_ethernet_v3\Obj\dns.o
#        D:\Saoviet_Git\Saoviet_EnviroTrack_M_And_S\Project_Master_Clean_Water\1.Source_Code_L496\wm_gsm_ethernet_v3\EWARM\wm_gsm_ethernet_v3\Obj\event_driven.o
#        D:\Saoviet_Git\Saoviet_EnviroTrack_M_And_S\Project_Master_Clean_Water\1.Source_Code_L496\wm_gsm_ethernet_v3\EWARM\wm_gsm_ethernet_v3\Obj\glcd.o
#        D:\Saoviet_Git\Saoviet_EnviroTrack_M_And_S\Project_Master_Clean_Water\1.Source_Code_L496\wm_gsm_ethernet_v3\EWARM\wm_gsm_ethernet_v3\Obj\gpio.o
#        D:\Saoviet_Git\Saoviet_EnviroTrack_M_And_S\Project_Master_Clean_Water\1.Source_Code_L496\wm_gsm_ethernet_v3\EWARM\wm_gsm_ethernet_v3\Obj\graphics.o
#        D:\Saoviet_Git\Saoviet_EnviroTrack_M_And_S\Project_Master_Clean_Water\1.Source_Code_L496\wm_gsm_ethernet_v3\EWARM\wm_gsm_ethernet_v3\Obj\graphs.o
#        D:\Saoviet_Git\Saoviet_EnviroTrack_M_And_S\Project_Master_Clean_Water\1.Source_Code_L496\wm_gsm_ethernet_v3\EWARM\wm_gsm_ethernet_v3\Obj\i2c.o
#        D:\Saoviet_Git\Saoviet_EnviroTrack_M_And_S\Project_Master_Clean_Water\1.Source_Code_L496\wm_gsm_ethernet_v3\EWARM\wm_gsm_ethernet_v3\Obj\lcd_display.o
#        D:\Saoviet_Git\Saoviet_EnviroTrack_M_And_S\Project_Master_Clean_Water\1.Source_Code_L496\wm_gsm_ethernet_v3\EWARM\wm_gsm_ethernet_v3\Obj\level_S_YW_01B.o
#        D:\Saoviet_Git\Saoviet_EnviroTrack_M_And_S\Project_Master_Clean_Water\1.Source_Code_L496\wm_gsm_ethernet_v3\EWARM\wm_gsm_ethernet_v3\Obj\level_SUP_PX261_B.o
#        D:\Saoviet_Git\Saoviet_EnviroTrack_M_And_S\Project_Master_Clean_Water\1.Source_Code_L496\wm_gsm_ethernet_v3\EWARM\wm_gsm_ethernet_v3\Obj\level_ultrasonic.o
#        D:\Saoviet_Git\Saoviet_EnviroTrack_M_And_S\Project_Master_Clean_Water\1.Source_Code_L496\wm_gsm_ethernet_v3\EWARM\wm_gsm_ethernet_v3\Obj\lptim.o
#        D:\Saoviet_Git\Saoviet_EnviroTrack_M_And_S\Project_Master_Clean_Water\1.Source_Code_L496\wm_gsm_ethernet_v3\EWARM\wm_gsm_ethernet_v3\Obj\main.o
#        D:\Saoviet_Git\Saoviet_EnviroTrack_M_And_S\Project_Master_Clean_Water\1.Source_Code_L496\wm_gsm_ethernet_v3\EWARM\wm_gsm_ethernet_v3\Obj\MQTTConnectClient.o
#        D:\Saoviet_Git\Saoviet_EnviroTrack_M_And_S\Project_Master_Clean_Water\1.Source_Code_L496\wm_gsm_ethernet_v3\EWARM\wm_gsm_ethernet_v3\Obj\MQTTConnectServer.o
#        D:\Saoviet_Git\Saoviet_EnviroTrack_M_And_S\Project_Master_Clean_Water\1.Source_Code_L496\wm_gsm_ethernet_v3\EWARM\wm_gsm_ethernet_v3\Obj\MQTTDeserializePublish.o
#        D:\Saoviet_Git\Saoviet_EnviroTrack_M_And_S\Project_Master_Clean_Water\1.Source_Code_L496\wm_gsm_ethernet_v3\EWARM\wm_gsm_ethernet_v3\Obj\MQTTFormat.o
#        D:\Saoviet_Git\Saoviet_EnviroTrack_M_And_S\Project_Master_Clean_Water\1.Source_Code_L496\wm_gsm_ethernet_v3\EWARM\wm_gsm_ethernet_v3\Obj\MQTTPacket.o
#        D:\Saoviet_Git\Saoviet_EnviroTrack_M_And_S\Project_Master_Clean_Water\1.Source_Code_L496\wm_gsm_ethernet_v3\EWARM\wm_gsm_ethernet_v3\Obj\MQTTSerializePublish.o
#        D:\Saoviet_Git\Saoviet_EnviroTrack_M_And_S\Project_Master_Clean_Water\1.Source_Code_L496\wm_gsm_ethernet_v3\EWARM\wm_gsm_ethernet_v3\Obj\MQTTSubscribeClient.o
#        D:\Saoviet_Git\Saoviet_EnviroTrack_M_And_S\Project_Master_Clean_Water\1.Source_Code_L496\wm_gsm_ethernet_v3\EWARM\wm_gsm_ethernet_v3\Obj\MQTTSubscribeServer.o
#        D:\Saoviet_Git\Saoviet_EnviroTrack_M_And_S\Project_Master_Clean_Water\1.Source_Code_L496\wm_gsm_ethernet_v3\EWARM\wm_gsm_ethernet_v3\Obj\MQTTUnsubscribeClient.o
#        D:\Saoviet_Git\Saoviet_EnviroTrack_M_And_S\Project_Master_Clean_Water\1.Source_Code_L496\wm_gsm_ethernet_v3\EWARM\wm_gsm_ethernet_v3\Obj\MQTTUnsubscribeServer.o
#        D:\Saoviet_Git\Saoviet_EnviroTrack_M_And_S\Project_Master_Clean_Water\1.Source_Code_L496\wm_gsm_ethernet_v3\EWARM\wm_gsm_ethernet_v3\Obj\NT75451.o
#        D:\Saoviet_Git\Saoviet_EnviroTrack_M_And_S\Project_Master_Clean_Water\1.Source_Code_L496\wm_gsm_ethernet_v3\EWARM\wm_gsm_ethernet_v3\Obj\onchipflash.o
#        D:\Saoviet_Git\Saoviet_EnviroTrack_M_And_S\Project_Master_Clean_Water\1.Source_Code_L496\wm_gsm_ethernet_v3\EWARM\wm_gsm_ethernet_v3\Obj\PCD8544.o
#        D:\Saoviet_Git\Saoviet_EnviroTrack_M_And_S\Project_Master_Clean_Water\1.Source_Code_L496\wm_gsm_ethernet_v3\EWARM\wm_gsm_ethernet_v3\Obj\queue_p.o
#        D:\Saoviet_Git\Saoviet_EnviroTrack_M_And_S\Project_Master_Clean_Water\1.Source_Code_L496\wm_gsm_ethernet_v3\EWARM\wm_gsm_ethernet_v3\Obj\rtc.o
#        D:\Saoviet_Git\Saoviet_EnviroTrack_M_And_S\Project_Master_Clean_Water\1.Source_Code_L496\wm_gsm_ethernet_v3\EWARM\wm_gsm_ethernet_v3\Obj\S25FL216K.o
#        D:\Saoviet_Git\Saoviet_EnviroTrack_M_And_S\Project_Master_Clean_Water\1.Source_Code_L496\wm_gsm_ethernet_v3\EWARM\wm_gsm_ethernet_v3\Obj\socket.o
#        D:\Saoviet_Git\Saoviet_EnviroTrack_M_And_S\Project_Master_Clean_Water\1.Source_Code_L496\wm_gsm_ethernet_v3\EWARM\wm_gsm_ethernet_v3\Obj\spi.o
#        D:\Saoviet_Git\Saoviet_EnviroTrack_M_And_S\Project_Master_Clean_Water\1.Source_Code_L496\wm_gsm_ethernet_v3\EWARM\wm_gsm_ethernet_v3\Obj\ST7565R.o
#        D:\Saoviet_Git\Saoviet_EnviroTrack_M_And_S\Project_Master_Clean_Water\1.Source_Code_L496\wm_gsm_ethernet_v3\EWARM\wm_gsm_ethernet_v3\Obj\startup_stm32l496xx.o
#        D:\Saoviet_Git\Saoviet_EnviroTrack_M_And_S\Project_Master_Clean_Water\1.Source_Code_L496\wm_gsm_ethernet_v3\EWARM\wm_gsm_ethernet_v3\Obj\STM32F0xx.o
#        D:\Saoviet_Git\Saoviet_EnviroTrack_M_And_S\Project_Master_Clean_Water\1.Source_Code_L496\wm_gsm_ethernet_v3\EWARM\wm_gsm_ethernet_v3\Obj\STM32F10x.o
#        D:\Saoviet_Git\Saoviet_EnviroTrack_M_And_S\Project_Master_Clean_Water\1.Source_Code_L496\wm_gsm_ethernet_v3\EWARM\wm_gsm_ethernet_v3\Obj\STM32F4.o
#        D:\Saoviet_Git\Saoviet_EnviroTrack_M_And_S\Project_Master_Clean_Water\1.Source_Code_L496\wm_gsm_ethernet_v3\EWARM\wm_gsm_ethernet_v3\Obj\STM32L4.o
#        D:\Saoviet_Git\Saoviet_EnviroTrack_M_And_S\Project_Master_Clean_Water\1.Source_Code_L496\wm_gsm_ethernet_v3\EWARM\wm_gsm_ethernet_v3\Obj\stm32l4xx_hal.o
#        D:\Saoviet_Git\Saoviet_EnviroTrack_M_And_S\Project_Master_Clean_Water\1.Source_Code_L496\wm_gsm_ethernet_v3\EWARM\wm_gsm_ethernet_v3\Obj\stm32l4xx_hal_adc.o
#        D:\Saoviet_Git\Saoviet_EnviroTrack_M_And_S\Project_Master_Clean_Water\1.Source_Code_L496\wm_gsm_ethernet_v3\EWARM\wm_gsm_ethernet_v3\Obj\stm32l4xx_hal_adc_ex.o
#        D:\Saoviet_Git\Saoviet_EnviroTrack_M_And_S\Project_Master_Clean_Water\1.Source_Code_L496\wm_gsm_ethernet_v3\EWARM\wm_gsm_ethernet_v3\Obj\stm32l4xx_hal_cortex.o
#        D:\Saoviet_Git\Saoviet_EnviroTrack_M_And_S\Project_Master_Clean_Water\1.Source_Code_L496\wm_gsm_ethernet_v3\EWARM\wm_gsm_ethernet_v3\Obj\stm32l4xx_hal_dma.o
#        D:\Saoviet_Git\Saoviet_EnviroTrack_M_And_S\Project_Master_Clean_Water\1.Source_Code_L496\wm_gsm_ethernet_v3\EWARM\wm_gsm_ethernet_v3\Obj\stm32l4xx_hal_dma_ex.o
#        D:\Saoviet_Git\Saoviet_EnviroTrack_M_And_S\Project_Master_Clean_Water\1.Source_Code_L496\wm_gsm_ethernet_v3\EWARM\wm_gsm_ethernet_v3\Obj\stm32l4xx_hal_exti.o
#        D:\Saoviet_Git\Saoviet_EnviroTrack_M_And_S\Project_Master_Clean_Water\1.Source_Code_L496\wm_gsm_ethernet_v3\EWARM\wm_gsm_ethernet_v3\Obj\stm32l4xx_hal_flash.o
#        D:\Saoviet_Git\Saoviet_EnviroTrack_M_And_S\Project_Master_Clean_Water\1.Source_Code_L496\wm_gsm_ethernet_v3\EWARM\wm_gsm_ethernet_v3\Obj\stm32l4xx_hal_flash_ex.o
#        D:\Saoviet_Git\Saoviet_EnviroTrack_M_And_S\Project_Master_Clean_Water\1.Source_Code_L496\wm_gsm_ethernet_v3\EWARM\wm_gsm_ethernet_v3\Obj\stm32l4xx_hal_flash_ramfunc.o
#        D:\Saoviet_Git\Saoviet_EnviroTrack_M_And_S\Project_Master_Clean_Water\1.Source_Code_L496\wm_gsm_ethernet_v3\EWARM\wm_gsm_ethernet_v3\Obj\stm32l4xx_hal_gpio.o
#        D:\Saoviet_Git\Saoviet_EnviroTrack_M_And_S\Project_Master_Clean_Water\1.Source_Code_L496\wm_gsm_ethernet_v3\EWARM\wm_gsm_ethernet_v3\Obj\stm32l4xx_hal_i2c.o
#        D:\Saoviet_Git\Saoviet_EnviroTrack_M_And_S\Project_Master_Clean_Water\1.Source_Code_L496\wm_gsm_ethernet_v3\EWARM\wm_gsm_ethernet_v3\Obj\stm32l4xx_hal_i2c_ex.o
#        D:\Saoviet_Git\Saoviet_EnviroTrack_M_And_S\Project_Master_Clean_Water\1.Source_Code_L496\wm_gsm_ethernet_v3\EWARM\wm_gsm_ethernet_v3\Obj\stm32l4xx_hal_lptim.o
#        D:\Saoviet_Git\Saoviet_EnviroTrack_M_And_S\Project_Master_Clean_Water\1.Source_Code_L496\wm_gsm_ethernet_v3\EWARM\wm_gsm_ethernet_v3\Obj\stm32l4xx_hal_msp.o
#        D:\Saoviet_Git\Saoviet_EnviroTrack_M_And_S\Project_Master_Clean_Water\1.Source_Code_L496\wm_gsm_ethernet_v3\EWARM\wm_gsm_ethernet_v3\Obj\stm32l4xx_hal_pwr.o
#        D:\Saoviet_Git\Saoviet_EnviroTrack_M_And_S\Project_Master_Clean_Water\1.Source_Code_L496\wm_gsm_ethernet_v3\EWARM\wm_gsm_ethernet_v3\Obj\stm32l4xx_hal_pwr_ex.o
#        D:\Saoviet_Git\Saoviet_EnviroTrack_M_And_S\Project_Master_Clean_Water\1.Source_Code_L496\wm_gsm_ethernet_v3\EWARM\wm_gsm_ethernet_v3\Obj\stm32l4xx_hal_rcc.o
#        D:\Saoviet_Git\Saoviet_EnviroTrack_M_And_S\Project_Master_Clean_Water\1.Source_Code_L496\wm_gsm_ethernet_v3\EWARM\wm_gsm_ethernet_v3\Obj\stm32l4xx_hal_rcc_ex.o
#        D:\Saoviet_Git\Saoviet_EnviroTrack_M_And_S\Project_Master_Clean_Water\1.Source_Code_L496\wm_gsm_ethernet_v3\EWARM\wm_gsm_ethernet_v3\Obj\stm32l4xx_hal_rtc.o
#        D:\Saoviet_Git\Saoviet_EnviroTrack_M_And_S\Project_Master_Clean_Water\1.Source_Code_L496\wm_gsm_ethernet_v3\EWARM\wm_gsm_ethernet_v3\Obj\stm32l4xx_hal_rtc_ex.o
#        D:\Saoviet_Git\Saoviet_EnviroTrack_M_And_S\Project_Master_Clean_Water\1.Source_Code_L496\wm_gsm_ethernet_v3\EWARM\wm_gsm_ethernet_v3\Obj\stm32l4xx_hal_spi.o
#        D:\Saoviet_Git\Saoviet_EnviroTrack_M_And_S\Project_Master_Clean_Water\1.Source_Code_L496\wm_gsm_ethernet_v3\EWARM\wm_gsm_ethernet_v3\Obj\stm32l4xx_hal_spi_ex.o
#        D:\Saoviet_Git\Saoviet_EnviroTrack_M_And_S\Project_Master_Clean_Water\1.Source_Code_L496\wm_gsm_ethernet_v3\EWARM\wm_gsm_ethernet_v3\Obj\stm32l4xx_hal_tim.o
#        D:\Saoviet_Git\Saoviet_EnviroTrack_M_And_S\Project_Master_Clean_Water\1.Source_Code_L496\wm_gsm_ethernet_v3\EWARM\wm_gsm_ethernet_v3\Obj\stm32l4xx_hal_tim_ex.o
#        D:\Saoviet_Git\Saoviet_EnviroTrack_M_And_S\Project_Master_Clean_Water\1.Source_Code_L496\wm_gsm_ethernet_v3\EWARM\wm_gsm_ethernet_v3\Obj\stm32l4xx_hal_uart.o
#        D:\Saoviet_Git\Saoviet_EnviroTrack_M_And_S\Project_Master_Clean_Water\1.Source_Code_L496\wm_gsm_ethernet_v3\EWARM\wm_gsm_ethernet_v3\Obj\stm32l4xx_hal_uart_ex.o
#        D:\Saoviet_Git\Saoviet_EnviroTrack_M_And_S\Project_Master_Clean_Water\1.Source_Code_L496\wm_gsm_ethernet_v3\EWARM\wm_gsm_ethernet_v3\Obj\stm32l4xx_it.o
#        D:\Saoviet_Git\Saoviet_EnviroTrack_M_And_S\Project_Master_Clean_Water\1.Source_Code_L496\wm_gsm_ethernet_v3\EWARM\wm_gsm_ethernet_v3\Obj\system_stm32l4xx.o
#        D:\Saoviet_Git\Saoviet_EnviroTrack_M_And_S\Project_Master_Clean_Water\1.Source_Code_L496\wm_gsm_ethernet_v3\EWARM\wm_gsm_ethernet_v3\Obj\text.o
#        D:\Saoviet_Git\Saoviet_EnviroTrack_M_And_S\Project_Master_Clean_Water\1.Source_Code_L496\wm_gsm_ethernet_v3\EWARM\wm_gsm_ethernet_v3\Obj\text_tiny.o
#        D:\Saoviet_Git\Saoviet_EnviroTrack_M_And_S\Project_Master_Clean_Water\1.Source_Code_L496\wm_gsm_ethernet_v3\EWARM\wm_gsm_ethernet_v3\Obj\tim.o
#        D:\Saoviet_Git\Saoviet_EnviroTrack_M_And_S\Project_Master_Clean_Water\1.Source_Code_L496\wm_gsm_ethernet_v3\EWARM\wm_gsm_ethernet_v3\Obj\unit_tests.o
#        D:\Saoviet_Git\Saoviet_EnviroTrack_M_And_S\Project_Master_Clean_Water\1.Source_Code_L496\wm_gsm_ethernet_v3\EWARM\wm_gsm_ethernet_v3\Obj\usart.o
#        D:\Saoviet_Git\Saoviet_EnviroTrack_M_And_S\Project_Master_Clean_Water\1.Source_Code_L496\wm_gsm_ethernet_v3\EWARM\wm_gsm_ethernet_v3\Obj\user_adc.o
#        D:\Saoviet_Git\Saoviet_EnviroTrack_M_And_S\Project_Master_Clean_Water\1.Source_Code_L496\wm_gsm_ethernet_v3\EWARM\wm_gsm_ethernet_v3\Obj\user_adv_trace.o
#        D:\Saoviet_Git\Saoviet_EnviroTrack_M_And_S\Project_Master_Clean_Water\1.Source_Code_L496\wm_gsm_ethernet_v3\EWARM\wm_gsm_ethernet_v3\Obj\user_app_comm.o
#        D:\Saoviet_Git\Saoviet_EnviroTrack_M_And_S\Project_Master_Clean_Water\1.Source_Code_L496\wm_gsm_ethernet_v3\EWARM\wm_gsm_ethernet_v3\Obj\user_app_ethernet.o
#        D:\Saoviet_Git\Saoviet_EnviroTrack_M_And_S\Project_Master_Clean_Water\1.Source_Code_L496\wm_gsm_ethernet_v3\EWARM\wm_gsm_ethernet_v3\Obj\user_app_mem.o
#        D:\Saoviet_Git\Saoviet_EnviroTrack_M_And_S\Project_Master_Clean_Water\1.Source_Code_L496\wm_gsm_ethernet_v3\EWARM\wm_gsm_ethernet_v3\Obj\user_app_rs485.o
#        D:\Saoviet_Git\Saoviet_EnviroTrack_M_And_S\Project_Master_Clean_Water\1.Source_Code_L496\wm_gsm_ethernet_v3\EWARM\wm_gsm_ethernet_v3\Obj\user_app_sensor.o
#        D:\Saoviet_Git\Saoviet_EnviroTrack_M_And_S\Project_Master_Clean_Water\1.Source_Code_L496\wm_gsm_ethernet_v3\EWARM\wm_gsm_ethernet_v3\Obj\user_app_sim.o
#        D:\Saoviet_Git\Saoviet_EnviroTrack_M_And_S\Project_Master_Clean_Water\1.Source_Code_L496\wm_gsm_ethernet_v3\EWARM\wm_gsm_ethernet_v3\Obj\user_app_sms_call.o
#        D:\Saoviet_Git\Saoviet_EnviroTrack_M_And_S\Project_Master_Clean_Water\1.Source_Code_L496\wm_gsm_ethernet_v3\EWARM\wm_gsm_ethernet_v3\Obj\user_app_wm.o
#        D:\Saoviet_Git\Saoviet_EnviroTrack_M_And_S\Project_Master_Clean_Water\1.Source_Code_L496\wm_gsm_ethernet_v3\EWARM\wm_gsm_ethernet_v3\Obj\user_at_serial.o
#        D:\Saoviet_Git\Saoviet_EnviroTrack_M_And_S\Project_Master_Clean_Water\1.Source_Code_L496\wm_gsm_ethernet_v3\EWARM\wm_gsm_ethernet_v3\Obj\user_convert_variable.o
#        D:\Saoviet_Git\Saoviet_EnviroTrack_M_And_S\Project_Master_Clean_Water\1.Source_Code_L496\wm_gsm_ethernet_v3\EWARM\wm_gsm_ethernet_v3\Obj\user_ec200u.o
#        D:\Saoviet_Git\Saoviet_EnviroTrack_M_And_S\Project_Master_Clean_Water\1.Source_Code_L496\wm_gsm_ethernet_v3\EWARM\wm_gsm_ethernet_v3\Obj\user_internal_mem.o
#        D:\Saoviet_Git\Saoviet_EnviroTrack_M_And_S\Project_Master_Clean_Water\1.Source_Code_L496\wm_gsm_ethernet_v3\EWARM\wm_gsm_ethernet_v3\Obj\user_json.o
#        D:\Saoviet_Git\Saoviet_EnviroTrack_M_And_S\Project_Master_Clean_Water\1.Source_Code_L496\wm_gsm_ethernet_v3\EWARM\wm_gsm_ethernet_v3\Obj\user_l506.o
#        D:\Saoviet_Git\Saoviet_EnviroTrack_M_And_S\Project_Master_Clean_Water\1.Source_Code_L496\wm_gsm_ethernet_v3\EWARM\wm_gsm_ethernet_v3\Obj\user_l511.o
#        D:\Saoviet_Git\Saoviet_EnviroTrack_M_And_S\Project_Master_Clean_Water\1.Source_Code_L496\wm_gsm_ethernet_v3\EWARM\wm_gsm_ethernet_v3\Obj\user_log.o
#        D:\Saoviet_Git\Saoviet_EnviroTrack_M_And_S\Project_Master_Clean_Water\1.Source_Code_L496\wm_gsm_ethernet_v3\EWARM\wm_gsm_ethernet_v3\Obj\user_lpm.o
#        D:\Saoviet_Git\Saoviet_EnviroTrack_M_And_S\Project_Master_Clean_Water\1.Source_Code_L496\wm_gsm_ethernet_v3\EWARM\wm_gsm_ethernet_v3\Obj\user_lptim.o
#        D:\Saoviet_Git\Saoviet_EnviroTrack_M_And_S\Project_Master_Clean_Water\1.Source_Code_L496\wm_gsm_ethernet_v3\EWARM\wm_gsm_ethernet_v3\Obj\user_mem_comm.o
#        D:\Saoviet_Git\Saoviet_EnviroTrack_M_And_S\Project_Master_Clean_Water\1.Source_Code_L496\wm_gsm_ethernet_v3\EWARM\wm_gsm_ethernet_v3\Obj\user_modbus_rtu.o
#        D:\Saoviet_Git\Saoviet_EnviroTrack_M_And_S\Project_Master_Clean_Water\1.Source_Code_L496\wm_gsm_ethernet_v3\EWARM\wm_gsm_ethernet_v3\Obj\user_modem.o
#        D:\Saoviet_Git\Saoviet_EnviroTrack_M_And_S\Project_Master_Clean_Water\1.Source_Code_L496\wm_gsm_ethernet_v3\EWARM\wm_gsm_ethernet_v3\Obj\user_mqtt.o
#        D:\Saoviet_Git\Saoviet_EnviroTrack_M_And_S\Project_Master_Clean_Water\1.Source_Code_L496\wm_gsm_ethernet_v3\EWARM\wm_gsm_ethernet_v3\Obj\user_obis_sv.o
#        D:\Saoviet_Git\Saoviet_EnviroTrack_M_And_S\Project_Master_Clean_Water\1.Source_Code_L496\wm_gsm_ethernet_v3\EWARM\wm_gsm_ethernet_v3\Obj\user_rs485.o
#        D:\Saoviet_Git\Saoviet_EnviroTrack_M_And_S\Project_Master_Clean_Water\1.Source_Code_L496\wm_gsm_ethernet_v3\EWARM\wm_gsm_ethernet_v3\Obj\user_rtc.o
#        D:\Saoviet_Git\Saoviet_EnviroTrack_M_And_S\Project_Master_Clean_Water\1.Source_Code_L496\wm_gsm_ethernet_v3\EWARM\wm_gsm_ethernet_v3\Obj\user_sim.o
#        D:\Saoviet_Git\Saoviet_EnviroTrack_M_And_S\Project_Master_Clean_Water\1.Source_Code_L496\wm_gsm_ethernet_v3\EWARM\wm_gsm_ethernet_v3\Obj\user_sim_common.o
#        D:\Saoviet_Git\Saoviet_EnviroTrack_M_And_S\Project_Master_Clean_Water\1.Source_Code_L496\wm_gsm_ethernet_v3\EWARM\wm_gsm_ethernet_v3\Obj\user_string.o
#        D:\Saoviet_Git\Saoviet_EnviroTrack_M_And_S\Project_Master_Clean_Water\1.Source_Code_L496\wm_gsm_ethernet_v3\EWARM\wm_gsm_ethernet_v3\Obj\user_time.o
#        D:\Saoviet_Git\Saoviet_EnviroTrack_M_And_S\Project_Master_Clean_Water\1.Source_Code_L496\wm_gsm_ethernet_v3\EWARM\wm_gsm_ethernet_v3\Obj\user_timer.o
#        D:\Saoviet_Git\Saoviet_EnviroTrack_M_And_S\Project_Master_Clean_Water\1.Source_Code_L496\wm_gsm_ethernet_v3\EWARM\wm_gsm_ethernet_v3\Obj\user_tiny_vsnprintf.o
#        D:\Saoviet_Git\Saoviet_EnviroTrack_M_And_S\Project_Master_Clean_Water\1.Source_Code_L496\wm_gsm_ethernet_v3\EWARM\wm_gsm_ethernet_v3\Obj\user_uart.o
#        D:\Saoviet_Git\Saoviet_EnviroTrack_M_And_S\Project_Master_Clean_Water\1.Source_Code_L496\wm_gsm_ethernet_v3\EWARM\wm_gsm_ethernet_v3\Obj\user_util.o
#        D:\Saoviet_Git\Saoviet_EnviroTrack_M_And_S\Project_Master_Clean_Water\1.Source_Code_L496\wm_gsm_ethernet_v3\EWARM\wm_gsm_ethernet_v3\Obj\user_wm_digital.o
#        D:\Saoviet_Git\Saoviet_EnviroTrack_M_And_S\Project_Master_Clean_Water\1.Source_Code_L496\wm_gsm_ethernet_v3\EWARM\wm_gsm_ethernet_v3\Obj\w5500.o
#        D:\Saoviet_Git\Saoviet_EnviroTrack_M_And_S\Project_Master_Clean_Water\1.Source_Code_L496\wm_gsm_ethernet_v3\EWARM\wm_gsm_ethernet_v3\Obj\wizchip_conf.o
#        D:\Saoviet_Git\Saoviet_EnviroTrack_M_And_S\Project_Master_Clean_Water\1.Source_Code_L496\wm_gsm_ethernet_v3\EWARM\wm_gsm_ethernet_v3\Obj\wm_mt100.o
#        D:\Saoviet_Git\Saoviet_EnviroTrack_M_And_S\Project_Master_Clean_Water\1.Source_Code_L496\wm_gsm_ethernet_v3\EWARM\wm_gsm_ethernet_v3\Obj\woteck_wm.o
#        --no_out_extension -o
#        D:\Saoviet_Git\Saoviet_EnviroTrack_M_And_S\Project_Master_Clean_Water\1.Source_Code_L496\wm_gsm_ethernet_v3\EWARM\wm_gsm_ethernet_v3\Exe\wm_gsm_ethernet_v3.out
#        --redirect _Printf=_PrintfFullNoMb --redirect _Scanf=_ScanfFullNoMb
#        --map
#        D:\Saoviet_Git\Saoviet_EnviroTrack_M_And_S\Project_Master_Clean_Water\1.Source_Code_L496\wm_gsm_ethernet_v3\EWARM\wm_gsm_ethernet_v3\List\wm_gsm_ethernet_v3.map
#        --config
#        D:\Saoviet_Git\Saoviet_EnviroTrack_M_And_S\Project_Master_Clean_Water\1.Source_Code_L496\wm_gsm_ethernet_v3\EWARM/stm32l496xx_flash.icf
#        --semihosting --entry __iar_program_start --vfe --text_out locale)
#
###############################################################################

*******************************************************************************
*** RUNTIME MODEL ATTRIBUTES
***

CppFlavor       = *
__Heap_Handler  = DLMalloc
__SystemLibrary = DLib
__dlib_version  = 6


*******************************************************************************
*** HEAP SELECTION
***

The advanced heap was selected because the application calls memory
allocation functions outside of system library functions, and there
are calls to deallocation functions in the application.


*******************************************************************************
*** PLACEMENT SUMMARY
***

"A0":  place at address 0x800'4000 { ro section .intvec };
"P1":  place in [from 0x800'0000 to 0x80f'ffff] { ro };
define block CSTACK with size = 2K, alignment = 8 { };
define block HEAP with size = 512, alignment = 8 { };
"P2":  place in [from 0x2000'0000 to 0x2004'ffff] {
          rw, block CSTACK, block HEAP };
initialize by copy { rw };

  Section            Kind         Address      Size  Object
  -------            ----         -------      ----  ------
"A0":                                         0x1ac
  .intvec            ro code   0x800'4000     0x1ac  startup_stm32l496xx.o [1]
                             - 0x800'41ac     0x1ac

"P1":                                      0x2'b4a7
  .text              ro code   0x800'41ac    0x38a8  user_app_wm.o [1]
  .text              ro code   0x800'7a54     0x32c  user_timer.o [1]
  .text              ro code   0x800'7d80       0xc  stm32l4xx_hal.o [1]
  .text              ro code   0x800'7d8c      0x4a  event_driven.o [1]
  .text              ro code   0x800'7dd6      0x3a  zero_init3.o [4]
  .text              ro code   0x800'7e10     0x64a  user_util.o [1]
  .text              ro code   0x800'845a       0xa  xsprout.o [2]
  .text              ro code   0x800'8464     0x29c  user_time.o [1]
  .text              ro code   0x800'8700     0x2da  user_adv_trace.o [1]
  .rodata            const     0x800'89da       0x2  user_app_wm.o [1]
  .text              ro code   0x800'89dc     0x158  user_lptim.o [1]
  .text              ro code   0x800'8b34    0x2034  user_app_ethernet.o [1]
  .text              ro code   0x800'ab68     0xf80  user_app_sim.o [1]
  .text              ro code   0x800'bae8      0x66  ABImemset.o [4]
  .rodata            const     0x800'bb4e       0x2  user_ec200u.o [1]
  .text              ro code   0x800'bb50      0x40  sprintf.o [2]
  .text              ro code   0x800'bb90      0x48  FltToDbl.o [3]
  .text              ro code   0x800'bbd8      0x3a  DblToS32.o [3]
  .rodata            const     0x800'bc12       0x2  user_ec200u.o [1]
  .text              ro code   0x800'bc14     0x3c8  stm32l4xx_hal_gpio.o [1]
  .text              ro code   0x800'bfdc     0x564  user_rs485.o [1]
  .text              ro code   0x800'c540     0x380  user_wm_digital.o [1]
  .text              ro code   0x800'c8c0     0x14c  user_adc.o [1]
  .text              ro code   0x800'ca0c     0x998  user_app_comm.o [1]
  .text              ro code   0x800'd3a4      0x2e  DblCmpLe.o [3]
  .rodata            const     0x800'd3d2       0x2  xlocale_c.o [2]
  .text              ro code   0x800'd3d4      0xe2  DblSub.o [3]
  .rodata            const     0x800'd4b6       0x2  xlocale_c.o [2]
  .text              ro code   0x800'd4b8     0x1a2  DblMul.o [3]
  .rodata            const     0x800'd65a       0x1  xlocale_c.o [2]
  .text              ro code   0x800'd65c     0x246  DblDiv.o [3]
  .text              ro code   0x800'd8a4     0x17a  DblAdd.o [3]
  .text              ro code   0x800'da20     0x1f8  onchipflash.o [1]
  .text              ro code   0x800'dc18    0x1284  user_app_mem.o [1]
  .text              ro code   0x800'ee9c      0x36  strlen.o [4]
  .text              ro code   0x800'eed4      0xa6  ABImemcpy.o [4]
  .text              ro code   0x800'ef7c      0x22  S32ToDbl.o [3]
  .text              ro code   0x800'ef9e     0x28a  user_obis_sv.o [1]
  .text              ro code   0x800'f228     0x5a4  user_convert_variable.o [1]
  .text              ro code   0x800'f7cc      0x68  DblToFlt.o [3]
  .text              ro code   0x800'f834      0x1e  math_wrappers64.o [3]
  .text              ro code   0x800'f854      0x1a  U32ToDbl.o [3]
  .text              ro code   0x800'f870     0x14c  iar_Stoulx.o [2]
  .text              ro code   0x800'f9bc    0x14dc  dlmalloc.o [2]
  .text              ro code   0x801'0e98       0x4  heaptramp0.o [2]
  .text              ro code   0x801'0e9c     0x230  I64DivMod.o [4]
  .text              ro code   0x801'10cc     0x736  stm32l4xx_hal_rtc.o [1]
  .text              ro code   0x801'1804     0x2d8  user_tiny_vsnprintf.o [1]
  .text              ro code   0x801'1adc       0x2  user_adv_trace.o [1]
  .text              ro code   0x801'1ae0     0x18c  stm32l4xx_hal_lptim.o [1]
  .text              ro code   0x801'1c6c     0x37c  stm32l4xx_hal_tim.o [1]
  .text              ro code   0x801'1fe8       0x8  abs.o [2]
  .text              ro code   0x801'1ff0     0x424  w5500.o [1]
  .text              ro code   0x801'2414    0x2d20  user_modem.o [1]
  .text              ro code   0x801'5134    0x10f4  dhcp.o [1]
  .text              ro code   0x801'6228     0x4d0  dns.o [1]
  .text              ro code   0x801'66f8     0x16a  queue_p.o [1]
  .text              ro code   0x801'6864     0xc8c  socket.o [1]
  .text              ro code   0x801'74f0     0xc92  user_mqtt.o [1]
  .text              ro code   0x801'8182     0x2a6  user_string.o [1]
  .text              ro code   0x801'8428     0x7e2  stm32l4xx_hal_spi.o [1]
  .text              ro code   0x801'8c0c     0x6be  wizchip_conf.o [1]
  .text              ro code   0x801'92cc      0x4c  strtok.o [2]
  .text              ro code   0x801'9318     0x1b0  stm32l4xx_hal_flash.o [1]
  .text              ro code   0x801'94c8      0x28  stm32l4xx_hal.o [1]
  .text              ro code   0x801'94f0     0x96e  user_sim_common.o [1]
  .text              ro code   0x801'9e60     0x828  user_sim.o [1]
  .text              ro code   0x801'a688     0x982  user_ec200u.o [1]
  .text              ro code   0x801'b00c     0xd64  stm32l4xx_hal_uart.o [1]
  .text              ro code   0x801'bd70     0xfc6  xprintffull_nomb.o [2]
  .text              ro code   0x801'cd36      0x66  stm32l4xx_hal_uart_ex.o [1]
  .text              ro code   0x801'cd9c     0x15c  stm32l4xx_hal_cortex.o [1]
  .text              ro code   0x801'cef8     0x180  user_modbus_rtu.o [1]
  .text              ro code   0x801'd078      0xf0  main.o [1]
  .text              ro code   0x801'd168     0x20c  wm_mt100.o [1]
  .text              ro code   0x801'd374     0xe6a  stm32l4xx_hal_adc.o [1]
  .text              ro code   0x801'e1e0     0x1ec  stm32l4xx_hal_adc_ex.o [1]
  .text              ro code   0x801'e3cc     0x168  user_uart.o [1]
  .text              ro code   0x801'e534     0x154  user_lpm.o [1]
  .text              ro code   0x801'e688     0xda8  user_app_rs485.o [1]
  .text              ro code   0x801'f430    0x129c  user_app_sensor.o [1]
  .text              ro code   0x802'06cc    0x13a4  lcd_display.o [1]
  .text              ro code   0x802'1a70     0x978  stm32l4xx_hal_rcc.o [1]
  .text              ro code   0x802'23e8     0x520  usart.o [1]
  .text              ro code   0x802'2908      0xb4  stm32l4xx_hal_flash_ex.o [1]
  .text              ro code   0x802'29bc     0x110  user_internal_mem.o [1]
  .text              ro code   0x802'2acc     0x328  cat24mxx.o [1]
  .text              ro code   0x802'2df4     0x4f8  strto64.o [3]
  .text              ro code   0x802'32ec     0x6ec  pow64.o [3]
  .text              ro code   0x802'39d8      0x14  isspace.o [2]
  .text              ro code   0x802'39ec      0x14  tolower.o [2]
  .text              ro code   0x802'3a00      0x58  memchr.o [4]
  .text              ro code   0x802'3a58       0x6  abort.o [2]
  .text              ro code   0x802'3a60      0x2c  xgetmemchunk.o [2]
  .text              ro code   0x802'3a8c       0x6  ABImemclr.o [4]
  .text              ro code   0x802'3a94       0x2  I64DivZer.o [4]
  .text              ro code   0x802'3a98      0x58  rtc.o [1]
  .text              ro code   0x802'3af0     0x358  user_rtc.o [1]
  .text              ro code   0x802'3e48       0x2  stm32l4xx_hal_rtc_ex.o [1]
  .text              ro code   0x802'3e4c     0x194  lptim.o [1]
  .text              ro code   0x802'3fe0     0x1dc  tim.o [1]
  .text              ro code   0x802'41bc      0x14  memset.o [4]
  .text              ro code   0x802'41d0      0x18  strcpy.o [4]
  .text              ro code   0x802'41e8      0x70  strncpy.o [4]
  .text              ro code   0x802'4258      0x16  strchr.o [4]
  .text              ro code   0x802'4270      0xc8  MQTTSerializePublish.o [1]
  .text              ro code   0x802'4338       0x6  ABImemclr4.o [4]
  .text              ro code   0x802'4340      0xe0  MQTTSubscribeClient.o [1]
  .text              ro code   0x802'4420     0x1f0  MQTTConnectClient.o [1]
  .text              ro code   0x802'4610     0x16c  spi.o [1]
  .text              ro code   0x802'477c      0x22  strspn.o [2]
  .text              ro code   0x802'479e      0x22  strcspn.o [2]
  .text              ro code   0x802'47c0      0x2c  strstr.o [2]
  .text              ro code   0x802'47ec     0x3fe  stm32l4xx_hal_dma.o [1]
  .text              ro code   0x802'4bea       0x2  stm32l4xx_hal_uart.o [1]
  .text              ro code   0x802'4bec       0x2  stm32l4xx_hal_uart.o [1]
  .text              ro code   0x802'4bf0      0x40  xfail_s.o [2]
  .text              ro code   0x802'4c30      0x70  frexp.o [3]
  .text              ro code   0x802'4ca0      0x2e  DblCmpGe.o [3]
  .text              ro code   0x802'4cd0     0x13a  ldexp.o [3]
  .text              ro code   0x802'4e0c      0x28  DblToU32.o [3]
  .text              ro code   0x802'4e34      0x4c  xlocale_c.o [2]
  .text              ro code   0x802'4e80      0x4c  stm32l4xx_hal.o [1]
  .text              ro code   0x802'4ecc     0x370  gpio.o [1]
  .text              ro code   0x802'523c      0x70  dma.o [1]
  .text              ro code   0x802'52ac     0x1d8  adc.o [1]
  .text              ro code   0x802'5484      0xf4  i2c.o [1]
  .text              ro code   0x802'5578     0x108  stm32l4xx_hal_pwr_ex.o [1]
  .text              ro code   0x802'5680      0x78  stm32l4xx_hal_pwr.o [1]
  .text              ro code   0x802'56f8      0x10  stm32l4xx_hal.o [1]
  .text              ro code   0x802'5708      0x10  stm32l4xx_hal.o [1]
  .text              ro code   0x802'5718      0xac  STM32L4.o [1]
  .text              ro code   0x802'57c4     0x26c  text_tiny.o [1]
  .text              ro code   0x802'5a30      0x14  unit_tests.o [1]
  .text              ro code   0x802'5a44      0xdc  glcd.o [1]
  .text              ro code   0x802'5b20     0x378  text.o [1]
  .text              ro code   0x802'5e98     0x28c  graphics.o [1]
  .text              ro code   0x802'6124     0x150  ST7565R.o [1]
  .text              ro code   0x802'6274    0x19c8  button.o [1]
  .text              ro code   0x802'7c3c      0x5c  stm32l4xx_hal.o [1]
  .text              ro code   0x802'7c98     0x704  stm32l4xx_hal_rcc_ex.o [1]
  .text              ro code   0x802'839c     0x820  stm32l4xx_hal_i2c.o [1]
  .text              ro code   0x802'8bbc     0x122  iar_Stopfx.o [2]
  .text              ro code   0x802'8ce0     0x1b8  iar_Stoflt.o [2]
  .text              ro code   0x802'8e98     0x208  iar_Stoxflt.o [2]
  .text              ro code   0x802'90a0      0x20  DblCmpEq.o [3]
  .text              ro code   0x802'90c0     0x3e8  iar_Exp64.o [3]
  .text              ro code   0x802'94a8      0x14  exit.o [5]
  .text              ro code   0x802'94bc      0x46  stm32l4xx_hal_rtc_ex.o [1]
  .text              ro code   0x802'9504      0xb4  stm32l4xx_hal_tim_ex.o [1]
  .text              ro code   0x802'95b8     0x108  MQTTPacket.o [1]
  .text              ro code   0x802'96c0      0x32  ABImemset48.o [4]
  .text              ro code   0x802'96f4      0x38  stm32l4xx_hal_msp.o [1]
  .text              ro code   0x802'972c      0xbe  stm32l4xx_hal_i2c_ex.o [1]
  .text              ro code   0x802'97ea      0x14  isalpha.o [2]
  .rodata            const     0x802'9800     0x760  user_ec200u.o [1]
  .rodata            const     0x802'9f60     0x548  lcd_display.o [1]
  .rodata            const     0x802'a4a8      0x3c  user_app_ethernet.o [1]
  .rodata            const     0x802'a4e8     0x420  pow64.o [3]
  .rodata            const     0x802'a908     0x400  unit_tests.o [1]
  .rodata            const     0x802'ad08     0x214  lcd_display.o [1]
  .rodata            const     0x802'af1c     0x1d0  user_mqtt.o [1]
  .text              ro code   0x802'b0ec     0x1b4  woteck_wm.o [1]
  .text              ro code   0x802'b2a0      0xe0  stm32l4xx_it.o [1]
  .text              ro code   0x802'b380      0x18  stm32l4xx_hal.o [1]
  .rodata            const     0x802'b398      0xd0  user_ec200u.o [1]
  .text              ro code   0x802'b468      0xcc  user_log.o [1]
  .rodata            const     0x802'b534      0xc8  user_modem.o [1]
  .rodata            const     0x802'b5fc      0xc8  user_modem.o [1]
  .rodata            const     0x802'b6c4      0xb0  user_mqtt.o [1]
  .rodata            const     0x802'b774      0x78  user_modem.o [1]
  .text              ro code   0x802'b7ec      0x78  lz77_init_single.o [4]
  .text              ro code   0x802'b864      0x58  level_S_YW_01B.o [1]
  .rodata            const     0x802'b8bc      0x50  user_app_rs485.o [1]
  .rodata            const     0x802'b90c      0x50  user_app_rs485.o [1]
  .rodata            const     0x802'b95c      0x50  iar_Stoulx.o [2]
  .rodata            const     0x802'b9ac      0x3c  user_app_rs485.o [1]
  .rodata            const     0x802'b9e8      0x48  strto64.o [3]
  .text              ro code   0x802'ba30      0x48  level_SUP_PX261_B.o [1]
  .rodata            const     0x802'ba78      0x38  user_app_wm.o [1]
  .rodata            const     0x802'bab0      0x34  user_app_ethernet.o [1]
  .rodata            const     0x802'bae4      0x34  user_app_sensor.o [1]
  .rodata            const     0x802'bb18      0x34  user_app_sensor.o [1]
  .rodata            const     0x802'bb4c      0x34  user_app_sensor.o [1]
  .rodata            const     0x802'bb80      0x34  user_app_sensor.o [1]
  .rodata            const     0x802'bbb4      0x34  user_app_sensor.o [1]
  .rodata            const     0x802'bbe8      0x34  user_app_sensor.o [1]
  .rodata            const     0x802'bc1c      0x34  user_app_sensor.o [1]
  .rodata            const     0x802'bc50      0x30  system_stm32l4xx.o [1]
  .rodata            const     0x802'bc80      0x30  user_ec200u.o [1]
  .rodata            const     0x802'bcb0      0x30  user_ec200u.o [1]
  .rodata            const     0x802'bce0      0x2c  user_app_comm.o [1]
  .rodata            const     0x802'bd0c      0x2c  user_rtc.o [1]
  .rodata            const     0x802'bd38      0x28  user_app_ethernet.o [1]
  .rodata            const     0x802'bd60      0x28  user_app_mem.o [1]
  .rodata            const     0x802'bd88      0x28  user_app_mem.o [1]
  .rodata            const     0x802'bdb0      0x28  user_app_sim.o [1]
  .rodata            const     0x802'bdd8      0x28  user_app_wm.o [1]
  .rodata            const     0x802'be00      0x28  user_ec200u.o [1]
  .rodata            const     0x802'be28      0x28  user_ec200u.o [1]
  .rodata            const     0x802'be50      0x28  user_ec200u.o [1]
  .rodata            const     0x802'be78      0x28  user_modem.o [1]
  .rodata            const     0x802'bea0      0x28  user_tiny_vsnprintf.o [1]
  .rodata            const     0x802'bec8      0x28  user_tiny_vsnprintf.o [1]
  .text              ro code   0x802'bef0      0x28  level_ultrasonic.o [1]
  .text              ro code   0x802'bf18      0x28  data_init.o [4]
  .rodata            const     0x802'bf40      0x24  cat24mxx.o [1]
  .rodata            const     0x802'bf64      0x24  cat24mxx.o [1]
  .rodata            const     0x802'bf88      0x24  user_app_comm.o [1]
  .rodata            const     0x802'bfac      0x24  user_app_comm.o [1]
  .rodata            const     0x802'bfd0      0x24  user_app_comm.o [1]
  .rodata            const     0x802'bff4      0x24  user_app_comm.o [1]
  .rodata            const     0x802'c018      0x24  user_app_ethernet.o [1]
  .rodata            const     0x802'c03c      0x24  user_app_ethernet.o [1]
  .rodata            const     0x802'c060      0x24  user_app_ethernet.o [1]
  .rodata            const     0x802'c084      0x24  user_app_ethernet.o [1]
  .rodata            const     0x802'c0a8      0x24  user_app_ethernet.o [1]
  .rodata            const     0x802'c0cc      0x24  user_app_ethernet.o [1]
  .rodata            const     0x802'c0f0      0x24  user_app_ethernet.o [1]
  .rodata            const     0x802'c114      0x24  user_app_mem.o [1]
  .rodata            const     0x802'c138      0x24  user_app_mem.o [1]
  .rodata            const     0x802'c15c      0x24  user_app_mem.o [1]
  .rodata            const     0x802'c180      0x24  user_app_mem.o [1]
  .rodata            const     0x802'c1a4      0x24  user_app_mem.o [1]
  .rodata            const     0x802'c1c8      0x24  user_app_mem.o [1]
  .rodata            const     0x802'c1ec      0x24  user_app_mem.o [1]
  .rodata            const     0x802'c210      0x24  user_app_mem.o [1]
  .rodata            const     0x802'c234      0x24  user_app_mem.o [1]
  .rodata            const     0x802'c258      0x24  user_app_mem.o [1]
  .rodata            const     0x802'c27c      0x24  user_app_mem.o [1]
  .rodata            const     0x802'c2a0      0x24  user_app_mem.o [1]
  .rodata            const     0x802'c2c4      0x24  user_app_mem.o [1]
  .rodata            const     0x802'c2e8      0x24  user_app_sim.o [1]
  .rodata            const     0x802'c30c      0x24  user_app_wm.o [1]
  .rodata            const     0x802'c330      0x24  user_app_wm.o [1]
  .rodata            const     0x802'c354      0x24  user_ec200u.o [1]
  .text              ro code   0x802'c378      0x22  fpinit_M.o [3]
  .iar.init_table    const     0x802'c39c      0x20  - Linker created -
  .rodata            const     0x802'c3bc      0x20  user_app_comm.o [1]
  .rodata            const     0x802'c3dc      0x20  user_app_comm.o [1]
  .rodata            const     0x802'c3fc      0x20  user_app_comm.o [1]
  .rodata            const     0x802'c41c      0x20  user_app_comm.o [1]
  .rodata            const     0x802'c43c      0x20  user_app_comm.o [1]
  .rodata            const     0x802'c45c      0x20  user_app_comm.o [1]
  .rodata            const     0x802'c47c      0x20  user_app_comm.o [1]
  .rodata            const     0x802'c49c      0x20  user_app_ethernet.o [1]
  .rodata            const     0x802'c4bc      0x20  user_app_ethernet.o [1]
  .rodata            const     0x802'c4dc      0x20  user_app_ethernet.o [1]
  .rodata            const     0x802'c4fc      0x20  user_app_ethernet.o [1]
  .rodata            const     0x802'c51c      0x20  user_app_ethernet.o [1]
  .rodata            const     0x802'c53c      0x20  user_app_ethernet.o [1]
  .rodata            const     0x802'c55c      0x20  user_app_ethernet.o [1]
  .rodata            const     0x802'c57c      0x20  user_app_mem.o [1]
  .rodata            const     0x802'c59c      0x20  user_app_mem.o [1]
  .rodata            const     0x802'c5bc      0x20  user_app_sim.o [1]
  .rodata            const     0x802'c5dc      0x20  user_app_sim.o [1]
  .rodata            const     0x802'c5fc      0x20  user_app_wm.o [1]
  .rodata            const     0x802'c61c      0x20  user_app_wm.o [1]
  .rodata            const     0x802'c63c      0x20  user_app_wm.o [1]
  .rodata            const     0x802'c65c      0x20  user_app_wm.o [1]
  .rodata            const     0x802'c67c      0x20  user_app_wm.o [1]
  .rodata            const     0x802'c69c      0x20  user_app_wm.o [1]
  .rodata            const     0x802'c6bc      0x20  user_app_wm.o [1]
  .rodata            const     0x802'c6dc      0x20  user_ec200u.o [1]
  .rodata            const     0x802'c6fc      0x20  user_ec200u.o [1]
  .rodata            const     0x802'c71c      0x20  user_ec200u.o [1]
  .rodata            const     0x802'c73c      0x20  user_ec200u.o [1]
  .rodata            const     0x802'c75c      0x20  user_ec200u.o [1]
  .rodata            const     0x802'c77c      0x20  user_ec200u.o [1]
  .rodata            const     0x802'c79c      0x20  user_modem.o [1]
  .rodata            const     0x802'c7bc      0x20  user_modem.o [1]
  .rodata            const     0x802'c7dc      0x20  user_mqtt.o [1]
  .rodata            const     0x802'c7fc      0x20  user_rtc.o [1]
  .rodata            const     0x802'c81c      0x20  user_sim.o [1]
  .rodata            const     0x802'c83c      0x20  user_sim.o [1]
  .text              ro code   0x802'c85c      0x20  system_stm32l4xx.o [1]
  .text              ro code   0x802'c87c      0x1e  cmain.o [4]
  .text              ro code   0x802'c89a       0x4  low_level_init.o [2]
  .text              ro code   0x802'c89e       0x4  exit.o [2]
  .text              ro code   0x802'c8a4       0xa  cexit.o [4]
  .rodata            const     0x802'c8b0      0x1c  user_app_comm.o [1]
  .rodata            const     0x802'c8cc      0x1c  user_app_comm.o [1]
  .rodata            const     0x802'c8e8      0x1c  user_app_comm.o [1]
  .rodata            const     0x802'c904      0x1c  user_app_comm.o [1]
  .rodata            const     0x802'c920      0x1c  user_app_comm.o [1]
  .rodata            const     0x802'c93c      0x1c  user_app_ethernet.o [1]
  .rodata            const     0x802'c958      0x1c  user_app_ethernet.o [1]
  .rodata            const     0x802'c974      0x1c  user_app_ethernet.o [1]
  .rodata            const     0x802'c990      0x1c  user_app_ethernet.o [1]
  .rodata            const     0x802'c9ac      0x1c  user_app_ethernet.o [1]
  .rodata            const     0x802'c9c8      0x1c  user_app_ethernet.o [1]
  .rodata            const     0x802'c9e4      0x1c  user_app_ethernet.o [1]
  .rodata            const     0x802'ca00      0x1c  user_app_ethernet.o [1]
  .rodata            const     0x802'ca1c      0x1c  user_app_ethernet.o [1]
  .rodata            const     0x802'ca38      0x1c  user_app_ethernet.o [1]
  .rodata            const     0x802'ca54      0x1c  user_app_ethernet.o [1]
  .rodata            const     0x802'ca70      0x1c  user_app_ethernet.o [1]
  .rodata            const     0x802'ca8c      0x1c  user_app_ethernet.o [1]
  .rodata            const     0x802'caa8      0x1c  user_app_ethernet.o [1]
  .rodata            const     0x802'cac4      0x1c  user_app_mem.o [1]
  .rodata            const     0x802'cae0      0x1c  user_app_sim.o [1]
  .rodata            const     0x802'cafc      0x1c  user_app_sim.o [1]
  .rodata            const     0x802'cb18      0x1c  user_app_sim.o [1]
  .rodata            const     0x802'cb34      0x1c  user_app_sim.o [1]
  .rodata            const     0x802'cb50      0x1c  user_app_sim.o [1]
  .rodata            const     0x802'cb6c      0x1c  user_app_wm.o [1]
  .rodata            const     0x802'cb88      0x1c  user_app_wm.o [1]
  .rodata            const     0x802'cba4      0x1c  user_app_wm.o [1]
  .rodata            const     0x802'cbc0      0x1c  user_app_wm.o [1]
  .rodata            const     0x802'cbdc      0x1c  user_app_wm.o [1]
  .rodata            const     0x802'cbf8      0x1c  user_app_wm.o [1]
  .rodata            const     0x802'cc14      0x1c  user_app_wm.o [1]
  .rodata            const     0x802'cc30      0x1c  user_app_wm.o [1]
  .rodata            const     0x802'cc4c      0x1c  user_app_wm.o [1]
  .rodata            const     0x802'cc68      0x1c  user_app_wm.o [1]
  .rodata            const     0x802'cc84      0x1c  user_app_wm.o [1]
  .rodata            const     0x802'cca0      0x1c  user_ec200u.o [1]
  .rodata            const     0x802'ccbc      0x1c  user_ec200u.o [1]
  .rodata            const     0x802'ccd8      0x1c  user_ec200u.o [1]
  .rodata            const     0x802'ccf4      0x1c  user_ec200u.o [1]
  .rodata            const     0x802'cd10      0x1c  user_ec200u.o [1]
  .rodata            const     0x802'cd2c      0x1c  user_ec200u.o [1]
  .rodata            const     0x802'cd48      0x1c  user_ec200u.o [1]
  .rodata            const     0x802'cd64      0x1c  user_ec200u.o [1]
  .rodata            const     0x802'cd80      0x1c  user_modem.o [1]
  .rodata            const     0x802'cd9c      0x1c  user_modem.o [1]
  .rodata            const     0x802'cdb8      0x1c  user_mqtt.o [1]
  .rodata            const     0x802'cdd4      0x1c  user_sim.o [1]
  .rodata            const     0x802'cdf0      0x1c  user_uart.o [1]
  .rodata            const     0x802'ce0c      0x18  socket.o [1]
  .rodata            const     0x802'ce24      0x18  socket.o [1]
  .rodata            const     0x802'ce3c      0x18  user_app_comm.o [1]
  .rodata            const     0x802'ce54      0x18  user_app_comm.o [1]
  .rodata            const     0x802'ce6c      0x18  user_app_comm.o [1]
  .rodata            const     0x802'ce84      0x18  user_app_ethernet.o [1]
  .rodata            const     0x802'ce9c      0x18  user_app_ethernet.o [1]
  .rodata            const     0x802'ceb4      0x18  user_app_ethernet.o [1]
  .rodata            const     0x802'cecc      0x18  user_app_ethernet.o [1]
  .rodata            const     0x802'cee4      0x18  user_app_ethernet.o [1]
  .rodata            const     0x802'cefc      0x18  user_app_sim.o [1]
  .rodata            const     0x802'cf14      0x18  user_app_wm.o [1]
  .rodata            const     0x802'cf2c      0x18  user_app_wm.o [1]
  .rodata            const     0x802'cf44      0x18  user_app_wm.o [1]
  .rodata            const     0x802'cf5c      0x18  user_app_wm.o [1]
  .rodata            const     0x802'cf74      0x18  user_app_wm.o [1]
  .rodata            const     0x802'cf8c      0x18  user_app_wm.o [1]
  .rodata            const     0x802'cfa4      0x18  user_at_serial.o [1]
  .rodata            const     0x802'cfbc      0x18  user_at_serial.o [1]
  .rodata            const     0x802'cfd4      0x18  user_ec200u.o [1]
  .rodata            const     0x802'cfec      0x18  user_ec200u.o [1]
  .rodata            const     0x802'd004      0x18  user_ec200u.o [1]
  .rodata            const     0x802'd01c      0x18  user_ec200u.o [1]
  .rodata            const     0x802'd034      0x18  user_lpm.o [1]
  .rodata            const     0x802'd04c      0x18  user_modem.o [1]
  .rodata            const     0x802'd064      0x18  user_mqtt.o [1]
  .rodata            const     0x802'd07c      0x18  user_mqtt.o [1]
  .rodata            const     0x802'd094      0x18  wm_mt100.o [1]
  .rodata            const     0x802'd0ac      0x18  woteck_wm.o [1]
  .rodata            const     0x802'd0c4      0x14  dhcp.o [1]
  .rodata            const     0x802'd0d8      0x14  lcd_display.o [1]
  .rodata            const     0x802'd0ec      0x14  lcd_display.o [1]
  .rodata            const     0x802'd100      0x14  lcd_display.o [1]
  .rodata            const     0x802'd114      0x14  lcd_display.o [1]
  .rodata            const     0x802'd128      0x14  user_app_comm.o [1]
  .rodata            const     0x802'd13c      0x14  user_app_ethernet.o [1]
  .rodata            const     0x802'd150      0x14  user_app_ethernet.o [1]
  .rodata            const     0x802'd164      0x14  user_app_ethernet.o [1]
  .rodata            const     0x802'd178      0x14  user_app_ethernet.o [1]
  .rodata            const     0x802'd18c      0x14  user_app_ethernet.o [1]
  .rodata            const     0x802'd1a0      0x14  user_app_ethernet.o [1]
  .rodata            const     0x802'd1b4      0x14  user_app_ethernet.o [1]
  .rodata            const     0x802'd1c8      0x14  user_app_mem.o [1]
  .rodata            const     0x802'd1dc      0x14  user_app_mem.o [1]
  .rodata            const     0x802'd1f0      0x14  user_app_mem.o [1]
  .rodata            const     0x802'd204      0x14  user_app_mem.o [1]
  .rodata            const     0x802'd218      0x14  user_app_wm.o [1]
  .rodata            const     0x802'd22c      0x14  user_app_wm.o [1]
  .rodata            const     0x802'd240      0x14  user_app_wm.o [1]
  .rodata            const     0x802'd254      0x14  user_app_wm.o [1]
  .rodata            const     0x802'd268      0x14  user_app_wm.o [1]
  .rodata            const     0x802'd27c      0x14  user_at_serial.o [1]
  .rodata            const     0x802'd290      0x14  user_at_serial.o [1]
  .rodata            const     0x802'd2a4      0x14  user_at_serial.o [1]
  .rodata            const     0x802'd2b8      0x14  user_at_serial.o [1]
  .rodata            const     0x802'd2cc      0x14  user_at_serial.o [1]
  .rodata            const     0x802'd2e0      0x14  user_at_serial.o [1]
  .rodata            const     0x802'd2f4      0x14  user_ec200u.o [1]
  .rodata            const     0x802'd308      0x14  user_ec200u.o [1]
  .rodata            const     0x802'd31c      0x14  user_ec200u.o [1]
  .rodata            const     0x802'd330      0x14  user_ec200u.o [1]
  .rodata            const     0x802'd344      0x14  user_ec200u.o [1]
  .rodata            const     0x802'd358      0x14  user_ec200u.o [1]
  .rodata            const     0x802'd36c      0x14  user_log.o [1]
  .rodata            const     0x802'd380      0x14  user_modem.o [1]
  .rodata            const     0x802'd394      0x14  user_modem.o [1]
  .rodata            const     0x802'd3a8      0x14  user_modem.o [1]
  .rodata            const     0x802'd3bc      0x14  user_mqtt.o [1]
  .rodata            const     0x802'd3d0      0x14  user_mqtt.o [1]
  .rodata            const     0x802'd3e4      0x14  user_mqtt.o [1]
  .rodata            const     0x802'd3f8      0x10  lcd_display.o [1]
  .rodata            const     0x802'd408      0x10  lcd_display.o [1]
  .rodata            const     0x802'd418      0x10  lcd_display.o [1]
  .rodata            const     0x802'd428      0x10  lcd_display.o [1]
  .rodata            const     0x802'd438      0x10  lcd_display.o [1]
  .rodata            const     0x802'd448      0x10  lcd_display.o [1]
  .rodata            const     0x802'd458      0x10  lcd_display.o [1]
  .rodata            const     0x802'd468      0x10  lcd_display.o [1]
  .rodata            const     0x802'd478      0x10  lcd_display.o [1]
  .rodata            const     0x802'd488      0x10  lcd_display.o [1]
  .rodata            const     0x802'd498      0x10  lcd_display.o [1]
  .rodata            const     0x802'd4a8      0x10  lcd_display.o [1]
  .rodata            const     0x802'd4b8      0x10  lcd_display.o [1]
  .rodata            const     0x802'd4c8      0x10  lcd_display.o [1]
  .rodata            const     0x802'd4d8      0x10  lcd_display.o [1]
  .rodata            const     0x802'd4e8      0x10  lcd_display.o [1]
  .rodata            const     0x802'd4f8      0x10  lcd_display.o [1]
  .rodata            const     0x802'd508      0x10  lcd_display.o [1]
  .rodata            const     0x802'd518      0x10  lcd_display.o [1]
  .rodata            const     0x802'd528      0x10  lcd_display.o [1]
  .rodata            const     0x802'd538      0x10  lcd_display.o [1]
  .rodata            const     0x802'd548      0x10  lcd_display.o [1]
  .rodata            const     0x802'd558      0x10  lcd_display.o [1]
  .rodata            const     0x802'd568      0x10  lcd_display.o [1]
  .rodata            const     0x802'd578      0x10  lcd_display.o [1]
  .rodata            const     0x802'd588      0x10  lcd_display.o [1]
  .rodata            const     0x802'd598      0x10  lcd_display.o [1]
  .rodata            const     0x802'd5a8      0x10  lcd_display.o [1]
  .rodata            const     0x802'd5b8      0x10  lcd_display.o [1]
  .rodata            const     0x802'd5c8      0x10  lcd_display.o [1]
  .rodata            const     0x802'd5d8      0x10  lcd_display.o [1]
  .rodata            const     0x802'd5e8      0x10  system_stm32l4xx.o [1]
  .rodata            const     0x802'd5f8      0x10  user_app_ethernet.o [1]
  .rodata            const     0x802'd608      0x10  user_app_ethernet.o [1]
  .rodata            const     0x802'd618      0x10  user_app_ethernet.o [1]
  .rodata            const     0x802'd628      0x10  user_app_ethernet.o [1]
  .rodata            const     0x802'd638      0x10  user_app_mem.o [1]
  .rodata            const     0x802'd648      0x10  user_app_sim.o [1]
  .rodata            const     0x802'd658      0x10  user_at_serial.o [1]
  .rodata            const     0x802'd668      0x10  user_at_serial.o [1]
  .rodata            const     0x802'd678      0x10  user_at_serial.o [1]
  .rodata            const     0x802'd688      0x10  user_at_serial.o [1]
  .rodata            const     0x802'd698      0x10  user_at_serial.o [1]
  .rodata            const     0x802'd6a8      0x10  user_at_serial.o [1]
  .rodata            const     0x802'd6b8      0x10  user_at_serial.o [1]
  .rodata            const     0x802'd6c8      0x10  user_at_serial.o [1]
  .rodata            const     0x802'd6d8      0x10  user_at_serial.o [1]
  .rodata            const     0x802'd6e8      0x10  user_at_serial.o [1]
  .rodata            const     0x802'd6f8      0x10  user_at_serial.o [1]
  .rodata            const     0x802'd708      0x10  user_at_serial.o [1]
  .rodata            const     0x802'd718      0x10  user_at_serial.o [1]
  .rodata            const     0x802'd728      0x10  user_at_serial.o [1]
  .rodata            const     0x802'd738      0x10  user_at_serial.o [1]
  .rodata            const     0x802'd748      0x10  user_at_serial.o [1]
  .rodata            const     0x802'd758      0x10  user_at_serial.o [1]
  .rodata            const     0x802'd768      0x10  user_at_serial.o [1]
  .rodata            const     0x802'd778      0x10  user_at_serial.o [1]
  .rodata            const     0x802'd788      0x10  user_at_serial.o [1]
  .rodata            const     0x802'd798      0x10  user_at_serial.o [1]
  .rodata            const     0x802'd7a8      0x10  user_at_serial.o [1]
  .rodata            const     0x802'd7b8      0x10  user_at_serial.o [1]
  .rodata            const     0x802'd7c8      0x10  user_at_serial.o [1]
  .rodata            const     0x802'd7d8      0x10  user_at_serial.o [1]
  .rodata            const     0x802'd7e8      0x10  user_at_serial.o [1]
  .rodata            const     0x802'd7f8      0x10  user_at_serial.o [1]
  .rodata            const     0x802'd808      0x10  user_at_serial.o [1]
  .rodata            const     0x802'd818      0x10  user_at_serial.o [1]
  .rodata            const     0x802'd828      0x10  user_at_serial.o [1]
  .rodata            const     0x802'd838      0x10  user_at_serial.o [1]
  .rodata            const     0x802'd848      0x10  user_at_serial.o [1]
  .rodata            const     0x802'd858      0x10  user_at_serial.o [1]
  .rodata            const     0x802'd868      0x10  user_at_serial.o [1]
  .rodata            const     0x802'd878      0x10  user_at_serial.o [1]
  .rodata            const     0x802'd888      0x10  user_at_serial.o [1]
  .rodata            const     0x802'd898      0x10  user_at_serial.o [1]
  .rodata            const     0x802'd8a8      0x10  user_at_serial.o [1]
  .rodata            const     0x802'd8b8      0x10  user_at_serial.o [1]
  .rodata            const     0x802'd8c8      0x10  user_at_serial.o [1]
  .rodata            const     0x802'd8d8      0x10  user_at_serial.o [1]
  .rodata            const     0x802'd8e8      0x10  user_at_serial.o [1]
  .rodata            const     0x802'd8f8      0x10  user_ec200u.o [1]
  .rodata            const     0x802'd908      0x10  user_ec200u.o [1]
  .rodata            const     0x802'd918      0x10  user_ec200u.o [1]
  .rodata            const     0x802'd928      0x10  user_ec200u.o [1]
  .rodata            const     0x802'd938      0x10  user_ec200u.o [1]
  .rodata            const     0x802'd948      0x10  user_ec200u.o [1]
  .rodata            const     0x802'd958      0x10  user_ec200u.o [1]
  .rodata            const     0x802'd968      0x10  user_ec200u.o [1]
  .rodata            const     0x802'd978      0x10  user_ec200u.o [1]
  .rodata            const     0x802'd988      0x10  user_ec200u.o [1]
  .rodata            const     0x802'd998      0x10  user_ec200u.o [1]
  .rodata            const     0x802'd9a8      0x10  user_ec200u.o [1]
  .rodata            const     0x802'd9b8      0x10  user_ec200u.o [1]
  .rodata            const     0x802'd9c8      0x10  user_ec200u.o [1]
  .rodata            const     0x802'd9d8      0x10  user_ec200u.o [1]
  .rodata            const     0x802'd9e8      0x10  user_ec200u.o [1]
  .rodata            const     0x802'd9f8      0x10  user_ec200u.o [1]
  .rodata            const     0x802'da08      0x10  user_ec200u.o [1]
  .rodata            const     0x802'da18      0x10  user_ec200u.o [1]
  .rodata            const     0x802'da28      0x10  user_ec200u.o [1]
  .rodata            const     0x802'da38      0x10  user_ec200u.o [1]
  .rodata            const     0x802'da48      0x10  user_ec200u.o [1]
  .rodata            const     0x802'da58      0x10  user_ec200u.o [1]
  .rodata            const     0x802'da68      0x10  user_ec200u.o [1]
  .rodata            const     0x802'da78      0x10  user_ec200u.o [1]
  .rodata            const     0x802'da88      0x10  user_modem.o [1]
  .rodata            const     0x802'da98      0x10  user_modem.o [1]
  .rodata            const     0x802'daa8      0x10  user_modem.o [1]
  .rodata            const     0x802'dab8      0x10  user_modem.o [1]
  .rodata            const     0x802'dac8      0x10  user_modem.o [1]
  .rodata            const     0x802'dad8      0x10  user_modem.o [1]
  .rodata            const     0x802'dae8      0x10  user_modem.o [1]
  .rodata            const     0x802'daf8      0x10  user_modem.o [1]
  .rodata            const     0x802'db08      0x10  user_modem.o [1]
  .rodata            const     0x802'db18      0x10  user_modem.o [1]
  .rodata            const     0x802'db28      0x10  user_modem.o [1]
  .rodata            const     0x802'db38      0x10  user_modem.o [1]
  .rodata            const     0x802'db48      0x10  user_mqtt.o [1]
  .rodata            const     0x802'db58      0x10  user_mqtt.o [1]
  .rodata            const     0x802'db68      0x10  user_mqtt.o [1]
  .text              ro code   0x802'db78      0x10  startup_stm32l496xx.o [1]
  .rodata            const     0x802'db88       0xc  lcd_display.o [1]
  .rodata            const     0x802'db94       0xc  lcd_display.o [1]
  .rodata            const     0x802'dba0       0xc  lcd_display.o [1]
  .rodata            const     0x802'dbac       0xc  lcd_display.o [1]
  .rodata            const     0x802'dbb8       0xc  lcd_display.o [1]
  .rodata            const     0x802'dbc4       0xc  lcd_display.o [1]
  .rodata            const     0x802'dbd0       0xc  lcd_display.o [1]
  .rodata            const     0x802'dbdc       0xc  lcd_display.o [1]
  .rodata            const     0x802'dbe8       0xc  lcd_display.o [1]
  .rodata            const     0x802'dbf4       0xc  lcd_display.o [1]
  .rodata            const     0x802'dc00       0xc  lcd_display.o [1]
  .rodata            const     0x802'dc0c       0xc  lcd_display.o [1]
  .rodata            const     0x802'dc18       0xc  lcd_display.o [1]
  .rodata            const     0x802'dc24       0xc  lcd_display.o [1]
  .rodata            const     0x802'dc30       0xc  lcd_display.o [1]
  .rodata            const     0x802'dc3c       0xc  lcd_display.o [1]
  .rodata            const     0x802'dc48       0xc  user_app_comm.o [1]
  .rodata            const     0x802'dc54       0xc  user_app_ethernet.o [1]
  .rodata            const     0x802'dc60       0xc  user_app_ethernet.o [1]
  .rodata            const     0x802'dc6c       0xc  user_app_ethernet.o [1]
  .rodata            const     0x802'dc78       0xc  user_app_ethernet.o [1]
  .rodata            const     0x802'dc84       0xc  user_app_ethernet.o [1]
  .rodata            const     0x802'dc90       0xc  user_app_ethernet.o [1]
  .rodata            const     0x802'dc9c       0xc  user_app_ethernet.o [1]
  .rodata            const     0x802'dca8       0xc  user_app_mem.o [1]
  .rodata            const     0x802'dcb4       0xc  user_app_mem.o [1]
  .rodata            const     0x802'dcc0       0xc  user_app_rs485.o [1]
  .rodata            const     0x802'dccc       0xc  user_app_rs485.o [1]
  .rodata            const     0x802'dcd8       0xc  user_app_rs485.o [1]
  .rodata            const     0x802'dce4       0xc  user_app_sensor.o [1]
  .rodata            const     0x802'dcf0       0xc  user_app_sensor.o [1]
  .rodata            const     0x802'dcfc       0xc  user_app_sensor.o [1]
  .rodata            const     0x802'dd08       0xc  user_app_sensor.o [1]
  .rodata            const     0x802'dd14       0xc  user_app_sim.o [1]
  .rodata            const     0x802'dd20       0xc  user_app_sim.o [1]
  .rodata            const     0x802'dd2c       0xc  user_app_sim.o [1]
  .rodata            const     0x802'dd38       0xc  user_at_serial.o [1]
  .rodata            const     0x802'dd44       0xc  user_at_serial.o [1]
  .rodata            const     0x802'dd50       0xc  user_at_serial.o [1]
  .rodata            const     0x802'dd5c       0xc  user_at_serial.o [1]
  .rodata            const     0x802'dd68       0xc  user_at_serial.o [1]
  .rodata            const     0x802'dd74       0xc  user_at_serial.o [1]
  .rodata            const     0x802'dd80       0xc  user_at_serial.o [1]
  .rodata            const     0x802'dd8c       0xc  user_at_serial.o [1]
  .rodata            const     0x802'dd98       0xc  user_at_serial.o [1]
  .rodata            const     0x802'dda4       0xc  user_at_serial.o [1]
  .rodata            const     0x802'ddb0       0xc  user_at_serial.o [1]
  .rodata            const     0x802'ddbc       0xc  user_at_serial.o [1]
  .rodata            const     0x802'ddc8       0xc  user_at_serial.o [1]
  .rodata            const     0x802'ddd4       0xc  user_at_serial.o [1]
  .rodata            const     0x802'dde0       0xc  user_at_serial.o [1]
  .rodata            const     0x802'ddec       0xc  user_at_serial.o [1]
  .rodata            const     0x802'ddf8       0xc  user_at_serial.o [1]
  .rodata            const     0x802'de04       0xc  user_at_serial.o [1]
  .rodata            const     0x802'de10       0xc  user_at_serial.o [1]
  .rodata            const     0x802'de1c       0xc  user_at_serial.o [1]
  .rodata            const     0x802'de28       0xc  user_at_serial.o [1]
  .rodata            const     0x802'de34       0xc  user_at_serial.o [1]
  .rodata            const     0x802'de40       0xc  user_at_serial.o [1]
  .rodata            const     0x802'de4c       0xc  user_at_serial.o [1]
  .rodata            const     0x802'de58       0xc  user_ec200u.o [1]
  .rodata            const     0x802'de64       0xc  user_ec200u.o [1]
  .rodata            const     0x802'de70       0xc  user_ec200u.o [1]
  .rodata            const     0x802'de7c       0xc  user_ec200u.o [1]
  .rodata            const     0x802'de88       0xc  user_ec200u.o [1]
  .rodata            const     0x802'de94       0xc  user_ec200u.o [1]
  .rodata            const     0x802'dea0       0xc  user_ec200u.o [1]
  .rodata            const     0x802'deac       0xc  user_ec200u.o [1]
  .rodata            const     0x802'deb8       0xc  user_ec200u.o [1]
  .rodata            const     0x802'dec4       0xc  user_ec200u.o [1]
  .rodata            const     0x802'ded0       0xc  user_ec200u.o [1]
  .rodata            const     0x802'dedc       0xc  user_ec200u.o [1]
  .rodata            const     0x802'dee8       0xc  user_ec200u.o [1]
  .rodata            const     0x802'def4       0xc  user_ec200u.o [1]
  .rodata            const     0x802'df00       0xc  user_ec200u.o [1]
  .rodata            const     0x802'df0c       0xc  user_ec200u.o [1]
  .rodata            const     0x802'df18       0xc  user_ec200u.o [1]
  .rodata            const     0x802'df24       0xc  user_ec200u.o [1]
  .rodata            const     0x802'df30       0xc  user_ec200u.o [1]
  .rodata            const     0x802'df3c       0xc  user_ec200u.o [1]
  .rodata            const     0x802'df48       0xc  user_ec200u.o [1]
  .rodata            const     0x802'df54       0xc  user_ec200u.o [1]
  .rodata            const     0x802'df60       0xc  user_ec200u.o [1]
  .rodata            const     0x802'df6c       0xc  user_ec200u.o [1]
  .rodata            const     0x802'df78       0xc  user_ec200u.o [1]
  .rodata            const     0x802'df84       0xc  user_ec200u.o [1]
  .rodata            const     0x802'df90       0xc  user_ec200u.o [1]
  .rodata            const     0x802'df9c       0xc  user_ec200u.o [1]
  .rodata            const     0x802'dfa8       0xc  user_ec200u.o [1]
  .rodata            const     0x802'dfb4       0xc  user_ec200u.o [1]
  .rodata            const     0x802'dfc0       0xc  user_ec200u.o [1]
  .rodata            const     0x802'dfcc       0xc  user_ec200u.o [1]
  .rodata            const     0x802'dfd8       0xc  user_ec200u.o [1]
  .rodata            const     0x802'dfe4       0xc  user_ec200u.o [1]
  .rodata            const     0x802'dff0       0xc  user_ec200u.o [1]
  .rodata            const     0x802'dffc       0xc  user_ec200u.o [1]
  .rodata            const     0x802'e008       0xc  user_ec200u.o [1]
  .rodata            const     0x802'e014       0xc  user_ec200u.o [1]
  .rodata            const     0x802'e020       0xc  user_mqtt.o [1]
  .rodata            const     0x802'e02c       0xc  user_rtc.o [1]
  .rodata            const     0x802'e038       0xc  user_rtc.o [1]
  .rodata            const     0x802'e044       0xc  user_sim_common.o [1]
  .rodata            const     0x802'e050       0xc  user_sim_common.o [1]
  .rodata            const     0x802'e05c       0xc  user_sim_common.o [1]
  .text              ro code   0x802'e068       0xc  cstartup_M.o [4]
  .rodata            const     0x802'e074       0x8  lcd_display.o [1]
  .rodata            const     0x802'e07c       0x8  lcd_display.o [1]
  .rodata            const     0x802'e084       0x8  lcd_display.o [1]
  .rodata            const     0x802'e08c       0x8  lcd_display.o [1]
  .rodata            const     0x802'e094       0x8  lcd_display.o [1]
  .rodata            const     0x802'e09c       0x8  lcd_display.o [1]
  .rodata            const     0x802'e0a4       0x8  lcd_display.o [1]
  .rodata            const     0x802'e0ac       0x8  lcd_display.o [1]
  .rodata            const     0x802'e0b4       0x8  lcd_display.o [1]
  .rodata            const     0x802'e0bc       0x8  lcd_display.o [1]
  .rodata            const     0x802'e0c4       0x8  lcd_display.o [1]
  .rodata            const     0x802'e0cc       0x8  lcd_display.o [1]
  .rodata            const     0x802'e0d4       0x8  lcd_display.o [1]
  .rodata            const     0x802'e0dc       0x8  lcd_display.o [1]
  .rodata            const     0x802'e0e4       0x8  lcd_display.o [1]
  .rodata            const     0x802'e0ec       0x8  lcd_display.o [1]
  .rodata            const     0x802'e0f4       0x8  lcd_display.o [1]
  .rodata            const     0x802'e0fc       0x8  lcd_display.o [1]
  .rodata            const     0x802'e104       0x8  lcd_display.o [1]
  .rodata            const     0x802'e10c       0x8  lcd_display.o [1]
  .rodata            const     0x802'e114       0x8  lcd_display.o [1]
  .rodata            const     0x802'e11c       0x8  lcd_display.o [1]
  .rodata            const     0x802'e124       0x8  lcd_display.o [1]
  .rodata            const     0x802'e12c       0x8  lcd_display.o [1]
  .rodata            const     0x802'e134       0x8  lcd_display.o [1]
  .rodata            const     0x802'e13c       0x8  lcd_display.o [1]
  .rodata            const     0x802'e144       0x8  lcd_display.o [1]
  .rodata            const     0x802'e14c       0x8  lcd_display.o [1]
  .rodata            const     0x802'e154       0x8  lcd_display.o [1]
  .rodata            const     0x802'e15c       0x8  lcd_display.o [1]
  .rodata            const     0x802'e164       0x8  lcd_display.o [1]
  .rodata            const     0x802'e16c       0x8  lcd_display.o [1]
  .rodata            const     0x802'e174       0x8  lcd_display.o [1]
  .rodata            const     0x802'e17c       0x8  lcd_display.o [1]
  .rodata            const     0x802'e184       0x8  lcd_display.o [1]
  .rodata            const     0x802'e18c       0x8  lcd_display.o [1]
  .rodata            const     0x802'e194       0x8  lcd_display.o [1]
  .rodata            const     0x802'e19c       0x8  lcd_display.o [1]
  .rodata            const     0x802'e1a4       0x8  lcd_display.o [1]
  .rodata            const     0x802'e1ac       0x8  lcd_display.o [1]
  .rodata            const     0x802'e1b4       0x8  lcd_display.o [1]
  .rodata            const     0x802'e1bc       0x8  MQTTConnectClient.o [1]
  .rodata            const     0x802'e1c4       0x8  system_stm32l4xx.o [1]
  .rodata            const     0x802'e1cc       0x8  user_app_ethernet.o [1]
  .rodata            const     0x802'e1d4       0x8  user_app_ethernet.o [1]
  .rodata            const     0x802'e1dc       0x8  user_app_ethernet.o [1]
  .rodata            const     0x802'e1e4       0x8  user_app_ethernet.o [1]
  .rodata            const     0x802'e1ec       0x8  user_app_ethernet.o [1]
  .rodata            const     0x802'e1f4       0x8  user_app_ethernet.o [1]
  .rodata            const     0x802'e1fc       0x8  user_app_ethernet.o [1]
  .rodata            const     0x802'e204       0x8  user_app_ethernet.o [1]
  .rodata            const     0x802'e20c       0x8  user_app_mem.o [1]
  .rodata            const     0x802'e214       0x8  user_app_mem.o [1]
  .rodata            const     0x802'e21c       0x8  user_app_rs485.o [1]
  .rodata            const     0x802'e224       0x8  user_app_rs485.o [1]
  .rodata            const     0x802'e22c       0x8  user_app_rs485.o [1]
  .rodata            const     0x802'e234       0x8  user_app_rs485.o [1]
  .rodata            const     0x802'e23c       0x8  user_app_rs485.o [1]
  .rodata            const     0x802'e244       0x8  user_app_rs485.o [1]
  .rodata            const     0x802'e24c       0x8  user_app_sensor.o [1]
  .rodata            const     0x802'e254       0x8  user_app_sensor.o [1]
  .rodata            const     0x802'e25c       0x8  user_app_sensor.o [1]
  .rodata            const     0x802'e264       0x8  user_app_sensor.o [1]
  .rodata            const     0x802'e26c       0x8  user_app_sensor.o [1]
  .rodata            const     0x802'e274       0x8  user_app_sensor.o [1]
  .rodata            const     0x802'e27c       0x8  user_app_sensor.o [1]
  .rodata            const     0x802'e284       0x8  user_app_sensor.o [1]
  .rodata            const     0x802'e28c       0x8  user_app_sensor.o [1]
  .rodata            const     0x802'e294       0x8  user_app_sensor.o [1]
  .rodata            const     0x802'e29c       0x8  user_app_sensor.o [1]
  .rodata            const     0x802'e2a4       0x8  user_app_sensor.o [1]
  .rodata            const     0x802'e2ac       0x8  user_app_wm.o [1]
  .rodata            const     0x802'e2b4       0x8  user_app_wm.o [1]
  .rodata            const     0x802'e2bc       0x8  user_app_wm.o [1]
  .rodata            const     0x802'e2c4       0x8  user_app_wm.o [1]
  .rodata            const     0x802'e2cc       0x8  user_app_wm.o [1]
  .rodata            const     0x802'e2d4       0x8  user_at_serial.o [1]
  .rodata            const     0x802'e2dc       0x8  user_at_serial.o [1]
  .rodata            const     0x802'e2e4       0x8  user_at_serial.o [1]
  .rodata            const     0x802'e2ec       0x8  user_at_serial.o [1]
  .rodata            const     0x802'e2f4       0x8  user_ec200u.o [1]
  .rodata            const     0x802'e2fc       0x8  user_ec200u.o [1]
  .rodata            const     0x802'e304       0x8  user_ec200u.o [1]
  .rodata            const     0x802'e30c       0x8  user_ec200u.o [1]
  .rodata            const     0x802'e314       0x8  user_ec200u.o [1]
  .rodata            const     0x802'e31c       0x8  user_ec200u.o [1]
  .rodata            const     0x802'e324       0x8  user_ec200u.o [1]
  .rodata            const     0x802'e32c       0x8  user_ec200u.o [1]
  .rodata            const     0x802'e334       0x8  user_ec200u.o [1]
  .rodata            const     0x802'e33c       0x8  user_ec200u.o [1]
  .rodata            const     0x802'e344       0x8  user_ec200u.o [1]
  .rodata            const     0x802'e34c       0x8  user_ec200u.o [1]
  .rodata            const     0x802'e354       0x8  user_ec200u.o [1]
  .rodata            const     0x802'e35c       0x8  user_ec200u.o [1]
  .rodata            const     0x802'e364       0x8  user_ec200u.o [1]
  .rodata            const     0x802'e36c       0x8  user_ec200u.o [1]
  .rodata            const     0x802'e374       0x8  user_ec200u.o [1]
  .rodata            const     0x802'e37c       0x8  user_ec200u.o [1]
  .rodata            const     0x802'e384       0x8  user_ec200u.o [1]
  .rodata            const     0x802'e38c       0x8  user_ec200u.o [1]
  .rodata            const     0x802'e394       0x8  user_ec200u.o [1]
  .rodata            const     0x802'e39c       0x8  user_ec200u.o [1]
  .rodata            const     0x802'e3a4       0x8  user_ec200u.o [1]
  .rodata            const     0x802'e3ac       0x8  user_ec200u.o [1]
  .rodata            const     0x802'e3b4       0x8  user_ec200u.o [1]
  .rodata            const     0x802'e3bc       0x8  user_ec200u.o [1]
  .rodata            const     0x802'e3c4       0x8  user_ec200u.o [1]
  .rodata            const     0x802'e3cc       0x8  user_ec200u.o [1]
  .rodata            const     0x802'e3d4       0x8  user_ec200u.o [1]
  .rodata            const     0x802'e3dc       0x8  user_ec200u.o [1]
  .rodata            const     0x802'e3e4       0x8  user_modem.o [1]
  .rodata            const     0x802'e3ec       0x8  user_modem.o [1]
  .rodata            const     0x802'e3f4       0x8  user_modem.o [1]
  .rodata            const     0x802'e3fc       0x8  user_modem.o [1]
  .rodata            const     0x802'e404       0x8  user_modem.o [1]
  .rodata            const     0x802'e40c       0x8  user_modem.o [1]
  .rodata            const     0x802'e414       0x8  user_modem.o [1]
  .rodata            const     0x802'e41c       0x8  user_modem.o [1]
  .rodata            const     0x802'e424       0x8  user_modem.o [1]
  .rodata            const     0x802'e42c       0x8  user_modem.o [1]
  .rodata            const     0x802'e434       0x8  user_modem.o [1]
  .rodata            const     0x802'e43c       0x8  user_modem.o [1]
  .rodata            const     0x802'e444       0x8  user_modem.o [1]
  .rodata            const     0x802'e44c       0x8  user_modem.o [1]
  .rodata            const     0x802'e454       0x8  user_modem.o [1]
  .rodata            const     0x802'e45c       0x8  user_modem.o [1]
  .rodata            const     0x802'e464       0x8  user_modem.o [1]
  .rodata            const     0x802'e46c       0x8  user_modem.o [1]
  .rodata            const     0x802'e474       0x8  user_modem.o [1]
  .rodata            const     0x802'e47c       0x8  user_modem.o [1]
  .rodata            const     0x802'e484       0x8  user_modem.o [1]
  .rodata            const     0x802'e48c       0x8  user_modem.o [1]
  .rodata            const     0x802'e494       0x8  user_modem.o [1]
  .rodata            const     0x802'e49c       0x8  user_modem.o [1]
  .rodata            const     0x802'e4a4       0x8  user_modem.o [1]
  .rodata            const     0x802'e4ac       0x8  user_modem.o [1]
  .rodata            const     0x802'e4b4       0x8  user_modem.o [1]
  .rodata            const     0x802'e4bc       0x8  user_modem.o [1]
  .rodata            const     0x802'e4c4       0x8  user_modem.o [1]
  .rodata            const     0x802'e4cc       0x8  user_modem.o [1]
  .rodata            const     0x802'e4d4       0x8  user_modem.o [1]
  .rodata            const     0x802'e4dc       0x8  user_mqtt.o [1]
  .rodata            const     0x802'e4e4       0x8  user_mqtt.o [1]
  .rodata            const     0x802'e4ec       0x8  user_mqtt.o [1]
  .rodata            const     0x802'e4f4       0x8  user_mqtt.o [1]
  .rodata            const     0x802'e4fc       0x8  user_mqtt.o [1]
  .rodata            const     0x802'e504       0x8  user_mqtt.o [1]
  .rodata            const     0x802'e50c       0x8  user_mqtt.o [1]
  .rodata            const     0x802'e514       0x8  user_mqtt.o [1]
  .rodata            const     0x802'e51c       0x8  user_mqtt.o [1]
  .rodata            const     0x802'e524       0x8  user_mqtt.o [1]
  .rodata            const     0x802'e52c       0x8  user_mqtt.o [1]
  .rodata            const     0x802'e534       0x8  user_mqtt.o [1]
  .rodata            const     0x802'e53c       0x8  user_mqtt.o [1]
  .rodata            const     0x802'e544       0x8  user_mqtt.o [1]
  .rodata            const     0x802'e54c       0x8  user_mqtt.o [1]
  .rodata            const     0x802'e554       0x8  user_mqtt.o [1]
  .rodata            const     0x802'e55c       0x8  user_mqtt.o [1]
  .rodata            const     0x802'e564       0x8  user_mqtt.o [1]
  .rodata            const     0x802'e56c       0x8  user_mqtt.o [1]
  .rodata            const     0x802'e574       0x8  user_mqtt.o [1]
  .rodata            const     0x802'e57c       0x8  user_mqtt.o [1]
  .rodata            const     0x802'e584       0x8  user_mqtt.o [1]
  .rodata            const     0x802'e58c       0x8  user_mqtt.o [1]
  .rodata            const     0x802'e594       0x8  user_mqtt.o [1]
  .rodata            const     0x802'e59c       0x8  user_mqtt.o [1]
  .rodata            const     0x802'e5a4       0x8  user_mqtt.o [1]
  .rodata            const     0x802'e5ac       0x8  user_mqtt.o [1]
  .rodata            const     0x802'e5b4       0x8  user_mqtt.o [1]
  .rodata            const     0x802'e5bc       0x8  user_mqtt.o [1]
  .rodata            const     0x802'e5c4       0x8  user_mqtt.o [1]
  .rodata            const     0x802'e5cc       0x8  user_mqtt.o [1]
  .rodata            const     0x802'e5d4       0x8  user_mqtt.o [1]
  .rodata            const     0x802'e5dc       0x8  user_mqtt.o [1]
  .rodata            const     0x802'e5e4       0x8  user_mqtt.o [1]
  .rodata            const     0x802'e5ec       0x8  user_mqtt.o [1]
  .rodata            const     0x802'e5f4       0x8  user_mqtt.o [1]
  .rodata            const     0x802'e5fc       0x8  user_mqtt.o [1]
  .rodata            const     0x802'e604       0x8  user_mqtt.o [1]
  .rodata            const     0x802'e60c       0x8  user_mqtt.o [1]
  .rodata            const     0x802'e614       0x8  user_mqtt.o [1]
  .rodata            const     0x802'e61c       0x8  user_mqtt.o [1]
  .rodata            const     0x802'e624       0x8  user_mqtt.o [1]
  .rodata            const     0x802'e62c       0x8  user_mqtt.o [1]
  .rodata            const     0x802'e634       0x8  user_mqtt.o [1]
  .rodata            const     0x802'e63c       0x8  user_mqtt.o [1]
  .rodata            const     0x802'e644       0x8  user_mqtt.o [1]
  .rodata            const     0x802'e64c       0x8  user_mqtt.o [1]
  .rodata            const     0x802'e654       0x8  user_mqtt.o [1]
  .rodata            const     0x802'e65c       0x8  user_mqtt.o [1]
  .rodata            const     0x802'e664       0x8  user_mqtt.o [1]
[...]
gDATABUF                0x2000'3aac   0x800  Data  Gb  user_app_ethernet.o [1]
gWIZNETINFO             0x2000'0edc    0x18  Data  Gb  user_app_ethernet.o [1]
get16                    0x801'6229    0x10  Code  Gb  dns.o [1]
getDNSfromDHCP           0x801'61ad    0x14  Code  Gb  dhcp.o [1]
getGWfromDHCP            0x801'6185    0x14  Code  Gb  dhcp.o [1]
getIPfromDHCP            0x801'6171    0x14  Code  Gb  dhcp.o [1]
getSNfromDHCP            0x801'6199    0x14  Code  Gb  dhcp.o [1]
getSn_RX_RSR             0x801'21fb    0x82  Code  Gb  w5500.o [1]
getSn_TX_FSR             0x801'2179    0x82  Code  Gb  w5500.o [1]
glcd_ST7565R_init        0x802'6241    0x34  Code  Gb  ST7565R.o [1]
glcd_bbox               0x2000'8f30     0x4  Data  Gb  glcd.o [1]
glcd_bbox_refresh        0x802'5ad1    0x1c  Code  Gb  glcd.o [1]
glcd_bbox_selected      0x2000'8f38     0x4  Data  Gb  glcd.o [1]
glcd_buffer             0x2000'5d9c   0x400  Data  Gb  glcd.o [1]
glcd_buffer_selected    0x2000'8f34     0x4  Data  Gb  glcd.o [1]
glcd_clear_buffer        0x802'5aed    0x20  Code  Gb  glcd.o [1]
glcd_command             0x802'6125    0x1a  Code  Gb  ST7565R.o [1]
glcd_data                0x802'613f    0x1a  Code  Gb  ST7565R.o [1]
glcd_draw_bitmap         0x802'6103    0x18  Code  Gb  graphics.o [1]
glcd_draw_char_xy        0x802'5b3b   0x322  Code  Gb  text.o [1]
glcd_draw_line           0x802'5f4d   0x106  Code  Gb  graphics.o [1]
glcd_draw_rect           0x802'6053    0xb0  Code  Gb  graphics.o [1]
glcd_draw_string_xy      0x802'5e5d    0x36  Code  Gb  text.o [1]
glcd_enable_backlight    0x802'573f     0x2  Code  Gb  STM32L4.o [1]
glcd_init                0x802'5719    0x26  Code  Gb  STM32L4.o [1]
glcd_reset               0x802'576f    0x3c  Code  Gb  STM32L4.o [1]
glcd_reset_bbox          0x802'5ab5    0x1c  Code  Gb  glcd.o [1]
glcd_select_screen       0x802'5b0d     0xa  Code  Gb  glcd.o [1]
glcd_set_column_lower    0x802'61b7     0xc  Code  Gb  ST7565R.o [1]
glcd_set_column_upper    0x802'61a5    0x12  Code  Gb  ST7565R.o [1]
glcd_set_contrast        0x802'6159    0x24  Code  Gb  ST7565R.o [1]
glcd_set_font            0x802'5b21    0x1a  Code  Gb  text.o [1]
glcd_set_pixel           0x802'5e99    0xb4  Code  Gb  graphics.o [1]
glcd_set_x_address       0x802'618f    0x16  Code  Gb  ST7565R.o [1]
glcd_set_y_address       0x802'617d    0x12  Code  Gb  ST7565R.o [1]
glcd_spi_write           0x802'5741    0x2e  Code  Gb  STM32L4.o [1]
glcd_test_bitmap_128x64
                         0x802'5a31     0xe  Code  Gb  unit_tests.o [1]
glcd_tiny_draw_char      0x802'57df   0x1fa  Code  Gb  text_tiny.o [1]
glcd_tiny_draw_string    0x802'59d9    0x50  Code  Gb  text_tiny.o [1]
glcd_tiny_set_font       0x802'57c5    0x1a  Code  Gb  text_tiny.o [1]
glcd_update_bbox         0x802'5a45    0x70  Code  Gb  glcd.o [1]
glcd_write               0x802'61c3    0x70  Code  Gb  ST7565R.o [1]
hadc1                   0x2000'83e4    0x68  Data  Gb  adc.o [1]
hdma_lpuart_rx          0x2000'8790    0x48  Data  Gb  usart.o [1]
hdma_uart5_rx           0x2000'87d8    0x48  Data  Gb  usart.o [1]
hdma_usart1_rx          0x2000'8820    0x48  Data  Gb  usart.o [1]
hdma_usart3_rx          0x2000'8868    0x48  Data  Gb  usart.o [1]
hi2c1                   0x2000'86a4    0x54  Data  Gb  i2c.o [1]
hlptim1                 0x2000'8934    0x38  Data  Gb  lptim.o [1]
hlptim2                 0x2000'896c    0x38  Data  Gb  lptim.o [1]
hlpuart1                0x2000'80c4    0x88  Data  Gb  usart.o [1]
hrtc                    0x2000'8b20    0x24  Data  Gb  rtc.o [1]
hspi2                   0x2000'844c    0x64  Data  Gb  spi.o [1]
hspi3                   0x2000'84b0    0x64  Data  Gb  spi.o [1]
htim1                   0x2000'86f8    0x4c  Data  Gb  tim.o [1]
htim2                   0x2000'8744    0x4c  Data  Gb  tim.o [1]
huart1                  0x2000'81d4    0x88  Data  Gb  usart.o [1]
huart3                  0x2000'825c    0x88  Data  Gb  usart.o [1]
huart5                  0x2000'814c    0x88  Data  Gb  usart.o [1]
init_mparams             0x800'f9d7    0x2c  Code  Lc  dlmalloc.o [2]
init_top                 0x800'fa03    0x34  Code  Lc  dlmalloc.o [2]
isalpha                  0x802'97eb    0x14  Code  Gb  isalpha.o [2]
isspace                  0x802'39d9    0x14  Code  Gb  isspace.o [2]
ldexp                    0x802'4cd1          Code  Gb  ldexp.o [3]
ldexpl                   0x802'4cd1          Code  Gb  ldexp.o [3]
lnbias                   0x802'a4e8   0x420  Data  Lc  pow64.o [3]
localeconv               0x802'4e75     0x4  Code  Gb  xlocale_c.o [2]
lower_digits            0x2000'22c0     0x4  Data  Lc  user_tiny_vsnprintf.o [1]
mConnect_MQTT            0x801'7fe7    0x3e  Code  Gb  user_mqtt.o [1]
mData_MQTT               0x801'758b    0x76  Code  Gb  user_mqtt.o [1]
mGet_Data_From_Mem       0x801'8041    0x58  Code  Gb  user_mqtt.o [1]
mInit_Header_Subcribe    0x801'7f0d    0xda  Code  Gb  user_mqtt.o [1]
mPayload_Load_MesErr     0x801'7c5b    0x2c  Code  Gb  user_mqtt.o [1]
mSet_default_MQTT        0x801'74f1    0x18  Code  Gb  user_mqtt.o [1]
mSubcribe_MQTT           0x801'8025    0x1c  Code  Gb  user_mqtt.o [1]
mUnmark_Mess             0x801'8099    0x16  Code  Gb  user_mqtt.o [1]
mUnmark_Mess_Share_Buff
                         0x801'8161    0x22  Code  Gb  user_mqtt.o [1]
main                     0x801'd079    0x48  Code  Gb  main.o [1]
makeDHCPMSG              0x801'51e3   0x15a  Code  Gb  dhcp.o [1]
memchr                   0x802'3a01          Code  Gb  memchr.o [4]
memset                   0x802'41bd    0x14  Code  Gb  memset.o [4]
mparams                 0x2000'8da8    0x18  Data  Lc  dlmalloc.o [2]
ndigs                    0x802'b95c    0x28  Data  Lc  iar_Stoulx.o [2]
pDHCPMSG                0x2000'8f24     0x4  Data  Gb  dhcp.o [1]
pDNSMSG                 0x2000'8f28     0x4  Data  Gb  dns.o [1]
pFlash                  0x2000'0e38    0x20  Data  Gb  stm32l4xx_hal_flash.o [1]
pFunc_UTIL_Debug_Send   0x2000'8fb8     0x4  Data  Gb  user_util.o [1]
pFunc_UTIL_Log_To_Mem   0x2000'8fb4     0x4  Data  Gb  user_util.o [1]
pH_Water                0x2000'8f88     0x4  Data  Gb  user_app_wm.o [1]
pModemProcessIRQTimer   0x2000'8fa8     0x4  Data  Gb  user_rtc.o [1]
parseDHCPMSG             0x801'5b93   0x22e  Code  Gb  dhcp.o [1]
parseDNSMSG              0x801'6417    0xf8  Code  Gb  dns.o [1]
parse_name               0x801'6249    0xa4  Code  Gb  dns.o [1]
pow                      0x802'32ed   0x6ec  Code  Gb  pow64.o [3]
powl                     0x802'32ed   0x6ec  Code  Gb  pow64.o [3]
pows                     0x802'b9e8    0x48  Data  Lc  strto64.o [3]
pportc                   0x800'a6a5    0xcc  Code  Gb  user_app_ethernet.o [1]
put16                    0x801'6239    0x10  Code  Gb  dns.o [1]
qCopy_Data_From_Queue    0x801'67c7    0x48  Code  Lc  queue_p.o [1]
qCopy_Data_To_Queue      0x801'6769    0x5e  Code  Lc  queue_p.o [1]
qEthStep                0x2000'8be0    0x18  Data  Gb  user_app_ethernet.o [1]
qGet_Number_Items        0x801'680f     0x4  Code  Gb  queue_p.o [1]
qMemRead                0x2000'8c10    0x18  Data  Gb  user_app_mem.o [1]
qMemWrite               0x2000'8c28    0x18  Data  Gb  user_app_mem.o [1]
qQueue_Back_Item         0x801'6813    0x50  Code  Gb  queue_p.o [1]
qQueue_Clear             0x801'6727     0xe  Code  Gb  queue_p.o [1]
qQueue_Create            0x801'66f9    0x2e  Code  Gb  queue_p.o [1]
qQueue_Receive           0x801'6753    0x16  Code  Gb  queue_p.o [1]
qQueue_Send              0x801'6735    0x1e  Code  Gb  queue_p.o [1]
qSimStep                0x2000'8d48    0x18  Data  Gb  user_sim.o [1]
recv                     0x801'6d21   0x156  Code  Gb  socket.o [1]
recvfrom                 0x801'7099   0x34e  Code  Gb  socket.o [1]
reg_dhcp_cbfunc          0x801'51a7    0x3c  Code  Gb  dhcp.o [1]
reg_wizchip_cs_cbfunc    0x801'8c23    0x28  Code  Gb  wizchip_conf.o [1]
reg_wizchip_spi_cbfunc   0x801'8c4b    0x2a  Code  Gb  wizchip_conf.o [1]
reset_DHCP_timeout       0x801'6145    0x14  Code  Gb  dhcp.o [1]
retry_count             0x2000'8ff9     0x1  Data  Lc  dns.o [1]
sAppEthVar              0x2000'0fe4    0x90  Data  Gb  user_app_ethernet.o [1]
sAppMem                 0x2000'8a40    0x30  Data  Gb  user_app_mem.o [1]
sAppSimCallback         0x2000'1470    0x20  Data  Gb  user_app_sim.o [1]
sAppSimInfor            0x2000'1510    0x20  Data  Gb  user_app_sim.o [1]
sAppSimVar              0x2000'0000   0x2c8  Data  Gb  user_app_sim.o [1]
sBattery                0x2000'8ee4     0x8  Data  Gb  user_app_wm.o [1]
sButton                 0x2000'8b80    0x18  Data  Gb  button.o [1]
sCAT24Var               0x2000'699c   0x238  Data  Gb  cat24mxx.o [1]
sCbSimComm              0x2000'8b44    0x20  Data  Gb  user_sim_common.o [1]
sConfirm                0x2000'02d4    0x14  Data  Lc  button.o [1]
sDataSensorMeasure      0x2000'8a70    0x30  Data  Gb  user_app_rs485.o [1]
sEthCmd                 0x2000'1090    0xe0  Data  Gb  user_app_ethernet.o [1]
sEthResCode             0x2000'1170    0x30  Data  Gb  user_app_ethernet.o [1]
sEventAppComm           0x2000'0e5c    0x70  Data  Gb  user_app_comm.o [1]
sEventAppEth            0x2000'0ef4    0xf0  Data  Gb  user_app_ethernet.o [1]
sEventAppMem            0x2000'1250    0x90  Data  Gb  user_app_mem.o [1]
sEventAppRs485          0x2000'1304    0x60  Data  Gb  user_app_rs485.o [1]
sEventAppSensor         0x2000'1364    0x20  Data  Gb  user_app_sensor.o [1]
sEventAppSim            0x2000'13c0    0xb0  Data  Gb  user_app_sim.o [1]
sEventAppWM             0x2000'1530    0xd0  Data  Gb  user_app_wm.o [1]
sEventCAT24             0x2000'02e8    0x20  Data  Gb  cat24mxx.o [1]
sEventDisplay           0x2000'0324    0x60  Data  Gb  lcd_display.o [1]
sEventOnChipFlash       0x2000'1c70    0x20  Data  Gb  user_internal_mem.o [1]
sEventSim               0x2000'21a8    0x40  Data  Gb  user_sim.o [1]
sFROM_Manager           0x2000'8ef8     0x4  Data  Gb  cat24mxx.o [1]
sFTPvar                 0x2000'8bf8    0x18  Data  Gb  user_app_ethernet.o [1]
sFileSys                0x2000'2264    0x44  Data  Gb  user_sim_common.o [1]
sFirmVersion            0x2000'0ecc     0x8  Data  Gb  user_app_comm.o [1]
sHandleRs485            0x2000'8f74     0x4  Data  Gb  user_app_rs485.o [1]
sKindMode485            0x2000'8fe2     0x2  Data  Gb  user_app_rs485.o [1]
sLCD                    0x2000'8e20    0x10  Data  Gb  lcd_display.o [1]
sLCDObject              0x2000'0420   0x9c0  Data  Gb  lcd_display.o [1]
sLPMFeatureHandler      0x2000'8f9c     0x4  Data  Gb  user_lpm.o [1]
sLastPackInfor          0x2000'8e40    0x10  Data  Gb  user_app_wm.o [1]
sLevelInfor             0x2000'8ebc     0x8  Data  Gb  level_S_YW_01B.o [1]
sLevelSupInfor          0x2000'8ec4     0x8  Data  Gb  level_SUP_PX261_B.o [1]
sLevelUltra             0x2000'8ecc     0x8  Data  Gb  level_ultrasonic.o [1]
sListWmDigital          0x2000'22c8    0xc0  Data  Gb  user_wm_digital.o [1]
sMQTT                   0x2000'203c   0x104  Data  Gb  user_mqtt.o [1]
sMT100                  0x2000'8d90    0x18  Data  Gb  wm_mt100.o [1]
sMT100_REGISTER         0x2000'2584    0x2c  Data  Gb  wm_mt100.o [1]
sMark_MessageRecei_Type
                         0x802'b6c4    0xb0  Data  Gb  user_mqtt.o [1]
sMark_MessageSend_Type   0x802'af1c   0x1d0  Data  Gb  user_mqtt.o [1]
sMeterThreshold         0x2000'1600    0x10  Data  Gb  user_app_wm.o [1]
sModemInfor             0x2000'1f60    0xc4  Data  Gb  user_modem.o [1]
sModemLPMHandle         0x2000'2024    0x10  Data  Gb  user_modem.o [1]
sModemVar               0x2000'1f38    0x28  Data  Gb  user_modem.o [1]
sOffsetMeasure          0x2000'8c40    0x18  Data  Gb  user_app_sensor.o [1]
sOnFlash                0x2000'6bd4   0x238  Data  Gb  user_internal_mem.o [1]
sParaDisplay            0x2000'8b98    0x18  Data  Gb  lcd_display.o [1]
sPressConfig            0x2000'8e10    0x10  Data  Lc  button.o [1]
sPulse                  0x2000'7d1c   0x108  Data  Gb  user_app_wm.o [1]
sPulseConfig            0x2000'8aa0    0x2c  Data  Lc  button.o [1]
sQMemRead               0x2000'8024    0xa0  Data  Lc  user_app_mem.o [1]
sQMemWrite              0x2000'265c  0x1450  Data  Lc  user_app_mem.o [1]
sRTC                    0x2000'8ea8     0xc  Data  Gb  user_util.o [1]
sRecEvent               0x2000'11cc    0x2c  Data  Gb  user_app_mem.o [1]
sRecGPS                 0x2000'1224    0x2c  Data  Gb  user_app_mem.o [1]
sRecLog                 0x2000'11f8    0x2c  Data  Gb  user_app_mem.o [1]
sRecTSVH                0x2000'11a0    0x2c  Data  Gb  user_app_mem.o [1]
sRs485_Clo              0x2000'8e78     0xc  Data  Gb  user_app_rs485.o [1]
sRs485_EC               0x2000'8dd4    0x14  Data  Gb  user_app_rs485.o [1]
sRs485_Turb             0x2000'8e84     0xc  Data  Gb  user_app_rs485.o [1]
sRs485_pH               0x2000'8e6c     0xc  Data  Gb  user_app_rs485.o [1]
sSV_Modem                0x802'b774    0x78  Data  Gb  user_modem.o [1]
sSensorWarning          0x2000'1384    0x3c  Data  Gb  user_app_sensor.o [1]
sSimCommInfor           0x2000'2208    0x5c  Data  Gb  user_sim_common.o [1]
sSimCommVar             0x2000'8d78    0x18  Data  Gb  user_sim_common.o [1]
sSimFwUpdate            0x2000'88f8    0x3c  Data  Gb  user_sim_common.o [1]
sSimVar                 0x2000'8dfc    0x14  Data  Gb  user_sim.o [1]
sUart485                0x2000'2198     0x8  Data  Gb  user_rs485.o [1]
sUart485_2              0x2000'21a0     0x8  Data  Gb  user_rs485.o [1]
sUartDebug              0x2000'0ed4     0x8  Data  Gb  user_app_comm.o [1]
sUartSim                0x2000'21e8     0x8  Data  Gb  user_sim.o [1]
sUserSensor             0x2000'8f78     0x4  Data  Gb  user_app_sensor.o [1]
sVout                   0x2000'8eec     0x8  Data  Gb  user_app_wm.o [1]
sWOTECK_REGISTER        0x2000'25b0    0x18  Data  Gb  woteck_wm.o [1]
sWmDigVar               0x2000'2388   0x1d0  Data  Gb  user_wm_digital.o [1]
sWmVar                  0x2000'1610   0x110  Data  Gb  user_app_wm.o [1]
sWoteck                 0x2000'8e50    0x10  Data  Gb  woteck_wm.o [1]
scalbln                  0x802'4cd1          Code  Gb  ldexp.o [3]
scalblnl                 0x802'4cd1          Code  Gb  ldexp.o [3]
scalbn                   0x802'4cd1          Code  Gb  ldexp.o [3]
scalbnl                  0x802'4cd1          Code  Gb  ldexp.o [3]
scale                    0x801'cc3b    0x46  Code  Lc  xprintffull_nomb.o [2]
sec_hand                0x2000'8fc4     0x4  Data  Lc  xfail_s.o [2]
segment_holding          0x800'f9bd    0x1a  Code  Lc  dlmalloc.o [2]
send                     0x801'6bd9   0x148  Code  Gb  socket.o [1]
send_DHCP_DECLINE        0x801'59a5   0x1ee  Code  Gb  dhcp.o [1]
send_DHCP_DISCOVER       0x801'533d   0x2ac  Code  Gb  dhcp.o [1]
send_DHCP_REQUEST        0x801'55e9   0x3bc  Code  Gb  dhcp.o [1]
sendto                   0x801'6e77   0x222  Code  Gb  socket.o [1]
sock_any_port           0x2000'2648     0x2  Data  Lc  socket.o [1]
sock_io_mode            0x2000'8fd2     0x2  Data  Lc  socket.o [1]
sock_is_sending         0x2000'8fd4     0x2  Data  Lc  socket.o [1]
sock_pack_info          0x2000'8ed4     0x8  Data  Gb  socket.o [1]
sock_remained_size      0x2000'8e30    0x10  Data  Lc  socket.o [1]
socket                   0x801'6865   0x184  Code  Gb  socket.o [1]
sprintf                  0x800'bb51    0x40  Code  Gb  sprintf.o [2]
strATcmd                0x2000'2034     0x8  Data  Gb  user_modem.o [1]
strchr                   0x802'4259          Code  Gb  strchr.o [4]
strcpy                   0x802'41d1          Code  Gb  strcpy.o [4]
strcspn                  0x802'479f    0x22  Code  Gb  strcspn.o [2]
strlen                   0x800'ee9d          Code  Gb  strlen.o [4]
strncpy                  0x802'41e9          Code  Gb  strncpy.o [4]
strspn                   0x802'477d    0x22  Code  Gb  strspn.o [2]
strstr                   0x802'47c1    0x2c  Code  Gb  strstr.o [2]
strtok                   0x801'92cd    0x4c  Code  Gb  strtok.o [2]
sztmp                   0x2000'700c   0x200  Data  Lc  user_adv_trace.o [1]
tiny_vsnprintf_like      0x801'1953   0x17e  Code  Gb  user_tiny_vsnprintf.o [1]
tolower                  0x802'39ed    0x14  Code  Gb  tolower.o [2]
topicString             0x2000'8e9c     0xc  Data  Gb  user_mqtt.o [1]
uartSimBuffReceive      0x2000'58ec   0x4b0  Data  Gb  user_sim.o [1]
upper_digits            0x2000'22c4     0x4  Data  Lc  user_tiny_vsnprintf.o [1]
uwTick                  0x2000'8f50     0x4  Data  Gb  stm32l4xx_hal.o [1]
uwTickFreq              0x2000'2658     0x1  Data  Gb  stm32l4xx_hal.o [1]
uwTickPrio              0x2000'0e34     0x4  Data  Gb  stm32l4xx_hal.o [1]
vcom_DeInit              0x800'd26b    0x1e  Code  Gb  user_app_comm.o [1]
vcom_Init                0x800'd263     0x8  Code  Gb  user_app_comm.o [1]
vcom_Trace_DMA           0x800'd289    0x1c  Code  Gb  user_app_comm.o [1]
wiz_recv_data            0x801'2313    0x96  Code  Gb  w5500.o [1]
wiz_recv_ignore          0x801'23a9    0x6c  Code  Gb  w5500.o [1]
wiz_send_data            0x801'227d    0x96  Code  Gb  w5500.o [1]
wizchip_bus_readdata     0x801'8c15     0x4  Code  Gb  wizchip_conf.o [1]
wizchip_bus_writedata    0x801'8c19     0x4  Code  Gb  wizchip_conf.o [1]
wizchip_clrinterrupt     0x801'8f2b    0x44  Code  Gb  wizchip_conf.o [1]
wizchip_cris_enter       0x801'8c0d     0x2  Code  Gb  wizchip_conf.o [1]
wizchip_cris_exit        0x801'8c0f     0x2  Code  Gb  wizchip_conf.o [1]
wizchip_cs_deselect      0x801'8c13     0x2  Code  Gb  wizchip_conf.o [1]
wizchip_cs_select        0x801'8c11     0x2  Code  Gb  wizchip_conf.o [1]
wizchip_deselect         0x800'98cd    0x12  Code  Lc  user_app_ethernet.o [1]
wizchip_getinterrupt     0x801'8f6f    0x2c  Code  Gb  wizchip_conf.o [1]
wizchip_getinterruptmask
                         0x801'8fbd    0x28  Code  Gb  wizchip_conf.o [1]
wizchip_getnetinfo       0x801'91d1    0x52  Code  Gb  wizchip_conf.o [1]
wizchip_getnetmode       0x801'9269     0xa  Code  Gb  wizchip_conf.o [1]
wizchip_gettimeout       0x801'929f    0x2c  Code  Gb  wizchip_conf.o [1]
wizchip_init             0x801'8e7b    0xb0  Code  Gb  wizchip_conf.o [1]
wizchip_read             0x800'98df    0x2a  Code  Lc  user_app_ethernet.o [1]
wizchip_select           0x800'98b7    0x12  Code  Lc  user_app_ethernet.o [1]
wizchip_setinterruptmask
                         0x801'8f9b    0x22  Code  Gb  wizchip_conf.o [1]
wizchip_setnetinfo       0x801'917f    0x52  Code  Gb  wizchip_conf.o [1]
wizchip_setnetmode       0x801'9241    0x28  Code  Gb  wizchip_conf.o [1]
wizchip_settimeout       0x801'9273    0x2c  Code  Gb  wizchip_conf.o [1]
wizchip_spi_readbyte     0x801'8c1d     0x4  Code  Gb  wizchip_conf.o [1]
wizchip_spi_writebyte    0x801'8c21     0x2  Code  Gb  wizchip_conf.o [1]
wizchip_sw_reset         0x801'8e05    0x76  Code  Gb  wizchip_conf.o [1]
wizchip_write            0x800'990d    0x20  Code  Lc  user_app_ethernet.o [1]
wizphy_getphyconf        0x801'90a3    0x76  Code  Gb  wizchip_conf.o [1]
wizphy_getphylink        0x801'8fe5    0x18  Code  Gb  wizchip_conf.o [1]
wizphy_getphypmode       0x801'8ffd    0x1e  Code  Gb  wizchip_conf.o [1]
wizphy_reset             0x801'901b    0x34  Code  Gb  wizchip_conf.o [1]
wizphy_setphyconf        0x801'904f    0x54  Code  Gb  wizchip_conf.o [1]
wizphy_setphypmode       0x801'9119    0x66  Code  Gb  wizchip_conf.o [1]
writeCString             0x802'963b    0x2a  Code  Gb  MQTTPacket.o [1]
writeChar                0x802'9605     0xc  Code  Gb  MQTTPacket.o [1]
writeInt                 0x802'9611    0x2a  Code  Gb  MQTTPacket.o [1]
writeMQTTString          0x802'9665    0x42  Code  Gb  MQTTPacket.o [1]


[1] = D:\Saoviet_Git\Saoviet_EnviroTrack_M_And_S\Project_Master_Clean_Water\1.Source_Code_L496\wm_gsm_ethernet_v3\EWARM\wm_gsm_ethernet_v3\Obj
[2] = dl7M_tlf.a
[3] = m7M_tls.a
[4] = rt7M_tl.a
[5] = shb_l.a

  155'291 bytes of readonly  code memory
   22'456 bytes of readonly  data memory
   39'468 bytes of readwrite data memory

Errors: none
Warnings: none
