###############################################################################
#
# IAR ELF Linker V8.40.2.214/W32 for ARM                  11/Mar/2026  08:55:23
# Copyright 2007-2019 IAR Systems AB.
#
#    Output file  =
#        D:\Saoviet_Git\Saoviet_EnviroTrack_M_And_S\Project_Slave_LanChang_pH\Project_Slave_Sensor_EnviroTrack\EWARM\Project_Slave_Sensor_EnviroTrack\Exe\Project_Slave_Sensor_EnviroTrack.out
#    Map file     =
#        D:\Saoviet_Git\Saoviet_EnviroTrack_M_And_S\Project_Slave_LanChang_pH\Project_Slave_Sensor_EnviroTrack\EWARM\Project_Slave_Sensor_EnviroTrack\List\Project_Slave_Sensor_EnviroTrack.map
#    Command line =
#        -f C:\Users\PC\AppData\Local\Temp\EWA927.tmp
#        (D:\Saoviet_Git\Saoviet_EnviroTrack_M_And_S\Project_Slave_LanChang_pH\Project_Slave_Sensor_EnviroTrack\EWARM\Project_Slave_Sensor_EnviroTrack\Obj\button.o
#        D:\Saoviet_Git\Saoviet_EnviroTrack_M_And_S\Project_Slave_LanChang_pH\Project_Slave_Sensor_EnviroTrack\EWARM\Project_Slave_Sensor_EnviroTrack\Obj\dma.o
#        D:\Saoviet_Git\Saoviet_EnviroTrack_M_And_S\Project_Slave_LanChang_pH\Project_Slave_Sensor_EnviroTrack\EWARM\Project_Slave_Sensor_EnviroTrack\Obj\event_driven.o
#        D:\Saoviet_Git\Saoviet_EnviroTrack_M_And_S\Project_Slave_LanChang_pH\Project_Slave_Sensor_EnviroTrack\EWARM\Project_Slave_Sensor_EnviroTrack\Obj\glcd.o
#        D:\Saoviet_Git\Saoviet_EnviroTrack_M_And_S\Project_Slave_LanChang_pH\Project_Slave_Sensor_EnviroTrack\EWARM\Project_Slave_Sensor_EnviroTrack\Obj\gpio.o
#        D:\Saoviet_Git\Saoviet_EnviroTrack_M_And_S\Project_Slave_LanChang_pH\Project_Slave_Sensor_EnviroTrack\EWARM\Project_Slave_Sensor_EnviroTrack\Obj\graphics.o
#        D:\Saoviet_Git\Saoviet_EnviroTrack_M_And_S\Project_Slave_LanChang_pH\Project_Slave_Sensor_EnviroTrack\EWARM\Project_Slave_Sensor_EnviroTrack\Obj\graphs.o
#        D:\Saoviet_Git\Saoviet_EnviroTrack_M_And_S\Project_Slave_LanChang_pH\Project_Slave_Sensor_EnviroTrack\EWARM\Project_Slave_Sensor_EnviroTrack\Obj\lcd_display.o
#        D:\Saoviet_Git\Saoviet_EnviroTrack_M_And_S\Project_Slave_LanChang_pH\Project_Slave_Sensor_EnviroTrack\EWARM\Project_Slave_Sensor_EnviroTrack\Obj\main.o
#        D:\Saoviet_Git\Saoviet_EnviroTrack_M_And_S\Project_Slave_LanChang_pH\Project_Slave_Sensor_EnviroTrack\EWARM\Project_Slave_Sensor_EnviroTrack\Obj\NT75451.o
#        D:\Saoviet_Git\Saoviet_EnviroTrack_M_And_S\Project_Slave_LanChang_pH\Project_Slave_Sensor_EnviroTrack\EWARM\Project_Slave_Sensor_EnviroTrack\Obj\onchipflash.o
#        D:\Saoviet_Git\Saoviet_EnviroTrack_M_And_S\Project_Slave_LanChang_pH\Project_Slave_Sensor_EnviroTrack\EWARM\Project_Slave_Sensor_EnviroTrack\Obj\PCD8544.o
#        D:\Saoviet_Git\Saoviet_EnviroTrack_M_And_S\Project_Slave_LanChang_pH\Project_Slave_Sensor_EnviroTrack\EWARM\Project_Slave_Sensor_EnviroTrack\Obj\queue_p.o
#        D:\Saoviet_Git\Saoviet_EnviroTrack_M_And_S\Project_Slave_LanChang_pH\Project_Slave_Sensor_EnviroTrack\EWARM\Project_Slave_Sensor_EnviroTrack\Obj\rtc.o
#        D:\Saoviet_Git\Saoviet_EnviroTrack_M_And_S\Project_Slave_LanChang_pH\Project_Slave_Sensor_EnviroTrack\EWARM\Project_Slave_Sensor_EnviroTrack\Obj\spi.o
#        D:\Saoviet_Git\Saoviet_EnviroTrack_M_And_S\Project_Slave_LanChang_pH\Project_Slave_Sensor_EnviroTrack\EWARM\Project_Slave_Sensor_EnviroTrack\Obj\ST7565R.o
#        D:\Saoviet_Git\Saoviet_EnviroTrack_M_And_S\Project_Slave_LanChang_pH\Project_Slave_Sensor_EnviroTrack\EWARM\Project_Slave_Sensor_EnviroTrack\Obj\startup_stm32l433xx.o
#        D:\Saoviet_Git\Saoviet_EnviroTrack_M_And_S\Project_Slave_LanChang_pH\Project_Slave_Sensor_EnviroTrack\EWARM\Project_Slave_Sensor_EnviroTrack\Obj\STM32F0xx.o
#        D:\Saoviet_Git\Saoviet_EnviroTrack_M_And_S\Project_Slave_LanChang_pH\Project_Slave_Sensor_EnviroTrack\EWARM\Project_Slave_Sensor_EnviroTrack\Obj\STM32F10x.o
#        D:\Saoviet_Git\Saoviet_EnviroTrack_M_And_S\Project_Slave_LanChang_pH\Project_Slave_Sensor_EnviroTrack\EWARM\Project_Slave_Sensor_EnviroTrack\Obj\STM32F4.o
#        D:\Saoviet_Git\Saoviet_EnviroTrack_M_And_S\Project_Slave_LanChang_pH\Project_Slave_Sensor_EnviroTrack\EWARM\Project_Slave_Sensor_EnviroTrack\Obj\STM32L4.o
#        D:\Saoviet_Git\Saoviet_EnviroTrack_M_And_S\Project_Slave_LanChang_pH\Project_Slave_Sensor_EnviroTrack\EWARM\Project_Slave_Sensor_EnviroTrack\Obj\stm32l4xx_hal.o
#        D:\Saoviet_Git\Saoviet_EnviroTrack_M_And_S\Project_Slave_LanChang_pH\Project_Slave_Sensor_EnviroTrack\EWARM\Project_Slave_Sensor_EnviroTrack\Obj\stm32l4xx_hal_cortex.o
#        D:\Saoviet_Git\Saoviet_EnviroTrack_M_And_S\Project_Slave_LanChang_pH\Project_Slave_Sensor_EnviroTrack\EWARM\Project_Slave_Sensor_EnviroTrack\Obj\stm32l4xx_hal_dma.o
#        D:\Saoviet_Git\Saoviet_EnviroTrack_M_And_S\Project_Slave_LanChang_pH\Project_Slave_Sensor_EnviroTrack\EWARM\Project_Slave_Sensor_EnviroTrack\Obj\stm32l4xx_hal_dma_ex.o
#        D:\Saoviet_Git\Saoviet_EnviroTrack_M_And_S\Project_Slave_LanChang_pH\Project_Slave_Sensor_EnviroTrack\EWARM\Project_Slave_Sensor_EnviroTrack\Obj\stm32l4xx_hal_exti.o
#        D:\Saoviet_Git\Saoviet_EnviroTrack_M_And_S\Project_Slave_LanChang_pH\Project_Slave_Sensor_EnviroTrack\EWARM\Project_Slave_Sensor_EnviroTrack\Obj\stm32l4xx_hal_flash.o
#        D:\Saoviet_Git\Saoviet_EnviroTrack_M_And_S\Project_Slave_LanChang_pH\Project_Slave_Sensor_EnviroTrack\EWARM\Project_Slave_Sensor_EnviroTrack\Obj\stm32l4xx_hal_flash_ex.o
#        D:\Saoviet_Git\Saoviet_EnviroTrack_M_And_S\Project_Slave_LanChang_pH\Project_Slave_Sensor_EnviroTrack\EWARM\Project_Slave_Sensor_EnviroTrack\Obj\stm32l4xx_hal_flash_ramfunc.o
#        D:\Saoviet_Git\Saoviet_EnviroTrack_M_And_S\Project_Slave_LanChang_pH\Project_Slave_Sensor_EnviroTrack\EWARM\Project_Slave_Sensor_EnviroTrack\Obj\stm32l4xx_hal_gpio.o
#        D:\Saoviet_Git\Saoviet_EnviroTrack_M_And_S\Project_Slave_LanChang_pH\Project_Slave_Sensor_EnviroTrack\EWARM\Project_Slave_Sensor_EnviroTrack\Obj\stm32l4xx_hal_i2c.o
#        D:\Saoviet_Git\Saoviet_EnviroTrack_M_And_S\Project_Slave_LanChang_pH\Project_Slave_Sensor_EnviroTrack\EWARM\Project_Slave_Sensor_EnviroTrack\Obj\stm32l4xx_hal_i2c_ex.o
#        D:\Saoviet_Git\Saoviet_EnviroTrack_M_And_S\Project_Slave_LanChang_pH\Project_Slave_Sensor_EnviroTrack\EWARM\Project_Slave_Sensor_EnviroTrack\Obj\stm32l4xx_hal_msp.o
#        D:\Saoviet_Git\Saoviet_EnviroTrack_M_And_S\Project_Slave_LanChang_pH\Project_Slave_Sensor_EnviroTrack\EWARM\Project_Slave_Sensor_EnviroTrack\Obj\stm32l4xx_hal_pwr.o
#        D:\Saoviet_Git\Saoviet_EnviroTrack_M_And_S\Project_Slave_LanChang_pH\Project_Slave_Sensor_EnviroTrack\EWARM\Project_Slave_Sensor_EnviroTrack\Obj\stm32l4xx_hal_pwr_ex.o
#        D:\Saoviet_Git\Saoviet_EnviroTrack_M_And_S\Project_Slave_LanChang_pH\Project_Slave_Sensor_EnviroTrack\EWARM\Project_Slave_Sensor_EnviroTrack\Obj\stm32l4xx_hal_rcc.o
#        D:\Saoviet_Git\Saoviet_EnviroTrack_M_And_S\Project_Slave_LanChang_pH\Project_Slave_Sensor_EnviroTrack\EWARM\Project_Slave_Sensor_EnviroTrack\Obj\stm32l4xx_hal_rcc_ex.o
#        D:\Saoviet_Git\Saoviet_EnviroTrack_M_And_S\Project_Slave_LanChang_pH\Project_Slave_Sensor_EnviroTrack\EWARM\Project_Slave_Sensor_EnviroTrack\Obj\stm32l4xx_hal_rtc.o
#        D:\Saoviet_Git\Saoviet_EnviroTrack_M_And_S\Project_Slave_LanChang_pH\Project_Slave_Sensor_EnviroTrack\EWARM\Project_Slave_Sensor_EnviroTrack\Obj\stm32l4xx_hal_rtc_ex.o
#        D:\Saoviet_Git\Saoviet_EnviroTrack_M_And_S\Project_Slave_LanChang_pH\Project_Slave_Sensor_EnviroTrack\EWARM\Project_Slave_Sensor_EnviroTrack\Obj\stm32l4xx_hal_spi.o
#        D:\Saoviet_Git\Saoviet_EnviroTrack_M_And_S\Project_Slave_LanChang_pH\Project_Slave_Sensor_EnviroTrack\EWARM\Project_Slave_Sensor_EnviroTrack\Obj\stm32l4xx_hal_spi_ex.o
#        D:\Saoviet_Git\Saoviet_EnviroTrack_M_And_S\Project_Slave_LanChang_pH\Project_Slave_Sensor_EnviroTrack\EWARM\Project_Slave_Sensor_EnviroTrack\Obj\stm32l4xx_hal_uart.o
#        D:\Saoviet_Git\Saoviet_EnviroTrack_M_And_S\Project_Slave_LanChang_pH\Project_Slave_Sensor_EnviroTrack\EWARM\Project_Slave_Sensor_EnviroTrack\Obj\stm32l4xx_hal_uart_ex.o
#        D:\Saoviet_Git\Saoviet_EnviroTrack_M_And_S\Project_Slave_LanChang_pH\Project_Slave_Sensor_EnviroTrack\EWARM\Project_Slave_Sensor_EnviroTrack\Obj\stm32l4xx_it.o
#        D:\Saoviet_Git\Saoviet_EnviroTrack_M_And_S\Project_Slave_LanChang_pH\Project_Slave_Sensor_EnviroTrack\EWARM\Project_Slave_Sensor_EnviroTrack\Obj\system_stm32l4xx.o
#        D:\Saoviet_Git\Saoviet_EnviroTrack_M_And_S\Project_Slave_LanChang_pH\Project_Slave_Sensor_EnviroTrack\EWARM\Project_Slave_Sensor_EnviroTrack\Obj\text.o
#        D:\Saoviet_Git\Saoviet_EnviroTrack_M_And_S\Project_Slave_LanChang_pH\Project_Slave_Sensor_EnviroTrack\EWARM\Project_Slave_Sensor_EnviroTrack\Obj\text_tiny.o
#        D:\Saoviet_Git\Saoviet_EnviroTrack_M_And_S\Project_Slave_LanChang_pH\Project_Slave_Sensor_EnviroTrack\EWARM\Project_Slave_Sensor_EnviroTrack\Obj\unit_tests.o
#        D:\Saoviet_Git\Saoviet_EnviroTrack_M_And_S\Project_Slave_LanChang_pH\Project_Slave_Sensor_EnviroTrack\EWARM\Project_Slave_Sensor_EnviroTrack\Obj\usart.o
#        D:\Saoviet_Git\Saoviet_EnviroTrack_M_And_S\Project_Slave_LanChang_pH\Project_Slave_Sensor_EnviroTrack\EWARM\Project_Slave_Sensor_EnviroTrack\Obj\user_adv_trace.o
#        D:\Saoviet_Git\Saoviet_EnviroTrack_M_And_S\Project_Slave_LanChang_pH\Project_Slave_Sensor_EnviroTrack\EWARM\Project_Slave_Sensor_EnviroTrack\Obj\user_app_comm.o
#        D:\Saoviet_Git\Saoviet_EnviroTrack_M_And_S\Project_Slave_LanChang_pH\Project_Slave_Sensor_EnviroTrack\EWARM\Project_Slave_Sensor_EnviroTrack\Obj\user_app_modbus_rtu.o
#        D:\Saoviet_Git\Saoviet_EnviroTrack_M_And_S\Project_Slave_LanChang_pH\Project_Slave_Sensor_EnviroTrack\EWARM\Project_Slave_Sensor_EnviroTrack\Obj\user_app_rs485.o
#        D:\Saoviet_Git\Saoviet_EnviroTrack_M_And_S\Project_Slave_LanChang_pH\Project_Slave_Sensor_EnviroTrack\EWARM\Project_Slave_Sensor_EnviroTrack\Obj\user_app_sensor.o
#        D:\Saoviet_Git\Saoviet_EnviroTrack_M_And_S\Project_Slave_LanChang_pH\Project_Slave_Sensor_EnviroTrack\EWARM\Project_Slave_Sensor_EnviroTrack\Obj\user_at_serial.o
#        D:\Saoviet_Git\Saoviet_EnviroTrack_M_And_S\Project_Slave_LanChang_pH\Project_Slave_Sensor_EnviroTrack\EWARM\Project_Slave_Sensor_EnviroTrack\Obj\user_connect_sensor.o
#        D:\Saoviet_Git\Saoviet_EnviroTrack_M_And_S\Project_Slave_LanChang_pH\Project_Slave_Sensor_EnviroTrack\EWARM\Project_Slave_Sensor_EnviroTrack\Obj\user_convert_variable.o
#        D:\Saoviet_Git\Saoviet_EnviroTrack_M_And_S\Project_Slave_LanChang_pH\Project_Slave_Sensor_EnviroTrack\EWARM\Project_Slave_Sensor_EnviroTrack\Obj\user_internal_mem.o
#        D:\Saoviet_Git\Saoviet_EnviroTrack_M_And_S\Project_Slave_LanChang_pH\Project_Slave_Sensor_EnviroTrack\EWARM\Project_Slave_Sensor_EnviroTrack\Obj\user_mem_comm.o
#        D:\Saoviet_Git\Saoviet_EnviroTrack_M_And_S\Project_Slave_LanChang_pH\Project_Slave_Sensor_EnviroTrack\EWARM\Project_Slave_Sensor_EnviroTrack\Obj\user_modbus_rtu.o
#        D:\Saoviet_Git\Saoviet_EnviroTrack_M_And_S\Project_Slave_LanChang_pH\Project_Slave_Sensor_EnviroTrack\EWARM\Project_Slave_Sensor_EnviroTrack\Obj\user_obis_sv.o
#        D:\Saoviet_Git\Saoviet_EnviroTrack_M_And_S\Project_Slave_LanChang_pH\Project_Slave_Sensor_EnviroTrack\EWARM\Project_Slave_Sensor_EnviroTrack\Obj\user_rs485.o
#        D:\Saoviet_Git\Saoviet_EnviroTrack_M_And_S\Project_Slave_LanChang_pH\Project_Slave_Sensor_EnviroTrack\EWARM\Project_Slave_Sensor_EnviroTrack\Obj\user_rtc.o
#        D:\Saoviet_Git\Saoviet_EnviroTrack_M_And_S\Project_Slave_LanChang_pH\Project_Slave_Sensor_EnviroTrack\EWARM\Project_Slave_Sensor_EnviroTrack\Obj\user_string.o
#        D:\Saoviet_Git\Saoviet_EnviroTrack_M_And_S\Project_Slave_LanChang_pH\Project_Slave_Sensor_EnviroTrack\EWARM\Project_Slave_Sensor_EnviroTrack\Obj\user_time.o
#        D:\Saoviet_Git\Saoviet_EnviroTrack_M_And_S\Project_Slave_LanChang_pH\Project_Slave_Sensor_EnviroTrack\EWARM\Project_Slave_Sensor_EnviroTrack\Obj\user_timer.o
#        D:\Saoviet_Git\Saoviet_EnviroTrack_M_And_S\Project_Slave_LanChang_pH\Project_Slave_Sensor_EnviroTrack\EWARM\Project_Slave_Sensor_EnviroTrack\Obj\user_tiny_vsnprintf.o
#        D:\Saoviet_Git\Saoviet_EnviroTrack_M_And_S\Project_Slave_LanChang_pH\Project_Slave_Sensor_EnviroTrack\EWARM\Project_Slave_Sensor_EnviroTrack\Obj\user_uart.o
#        D:\Saoviet_Git\Saoviet_EnviroTrack_M_And_S\Project_Slave_LanChang_pH\Project_Slave_Sensor_EnviroTrack\EWARM\Project_Slave_Sensor_EnviroTrack\Obj\user_util.o
#        --no_out_extension -o
#        D:\Saoviet_Git\Saoviet_EnviroTrack_M_And_S\Project_Slave_LanChang_pH\Project_Slave_Sensor_EnviroTrack\EWARM\Project_Slave_Sensor_EnviroTrack\Exe\Project_Slave_Sensor_EnviroTrack.out
#        --redirect _Printf=_PrintfFullNoMb --redirect _Scanf=_ScanfFullNoMb
#        --map
#        D:\Saoviet_Git\Saoviet_EnviroTrack_M_And_S\Project_Slave_LanChang_pH\Project_Slave_Sensor_EnviroTrack\EWARM\Project_Slave_Sensor_EnviroTrack\List\Project_Slave_Sensor_EnviroTrack.map
#        --config
#        D:\Saoviet_Git\Saoviet_EnviroTrack_M_And_S\Project_Slave_LanChang_pH\Project_Slave_Sensor_EnviroTrack\EWARM/stm32l433xx_flash.icf
#        --semihosting --entry __iar_program_start --vfe --text_out locale)
#
###############################################################################

*******************************************************************************
*** RUNTIME MODEL ATTRIBUTES
***

CppFlavor       = *
__Heap_Handler  = DLMalloc
__SystemLibrary = DLib
__dlib_version  = 6


*******************************************************************************
*** HEAP SELECTION
***

The advanced heap was selected because the application calls memory
allocation functions outside of system library functions, and there
are calls to deallocation functions in the application.


*******************************************************************************
*** PLACEMENT SUMMARY
***

"A0":  place at address 0x800'0000 { ro section .intvec };
"P1":  place in [from 0x800'0000 to 0x803'ffff] { ro };
define block CSTACK with size = 1K, alignment = 8 { };
define block HEAP with size = 512, alignment = 8 { };
"P2":  place in [from 0x2000'0000 to 0x2000'ffff] {
          rw, block CSTACK, block HEAP };
initialize by copy { rw };

  Section            Kind         Address    Size  Object
  -------            ----         -------    ----  ------
"A0":                                       0x18c
  .intvec            ro code   0x800'0000   0x18c  startup_stm32l433xx.o [1]
                             - 0x800'018c   0x18c

"P1":                                      0xfdcb
  .text              ro code   0x800'018c  0x1b3c  button.o [1]
  .text              ro code   0x800'1cc8   0x380  stm32l4xx_hal_gpio.o [1]
  .text              ro code   0x800'2048   0x21c  user_util.o [1]
  .text              ro code   0x800'2264   0xc30  lcd_display.o [1]
  .text              ro code   0x800'2e94  0x1634  user_app_sensor.o [1]
  .text              ro code   0x800'44c8   0x934  user_app_modbus_rtu.o [1]
  .text              ro code   0x800'4dfc   0x40c  user_convert_variable.o [1]
  .text              ro code   0x800'5208    0x36  strlen.o [4]
  .text              ro code   0x800'523e    0x3a  zero_init3.o [4]
  .text              ro code   0x800'5278    0x22  S32ToDbl.o [3]
  .text              ro code   0x800'529a     0xa  xsprout.o [2]
  .text              ro code   0x800'52a4    0x16  math_wrappers64.o [3]
  .rodata            const     0x800'52ba     0x2  xlocale_c.o [2]
  .text              ro code   0x800'52bc   0x246  DblDiv.o [3]
  .rodata            const     0x800'5502     0x1  xlocale_c.o [2]
  .text              ro code   0x800'5504    0x68  DblToFlt.o [3]
  .text              ro code   0x800'556c    0x1a  U32ToDbl.o [3]
  .text              ro code   0x800'5588    0x48  FltToDbl.o [3]
  .text              ro code   0x800'55d0    0x40  sprintf.o [2]
  .text              ro code   0x800'5610    0xb0  STM32L4.o [1]
  .text              ro code   0x800'56c0     0xc  stm32l4xx_hal.o [1]
  .text              ro code   0x800'56cc   0x290  text_tiny.o [1]
  .text              ro code   0x800'595c    0x54  event_driven.o [1]
  .text              ro code   0x800'59b0    0x14  unit_tests.o [1]
  .text              ro code   0x800'59c4   0x110  glcd.o [1]
  .text              ro code   0x800'5ad4   0x15c  ST7565R.o [1]
  .text              ro code   0x800'5c30    0x66  ABImemset.o [4]
  .text              ro code   0x800'5c98   0x390  text.o [1]
  .text              ro code   0x800'6028   0x200  graphics.o [1]
  .text              ro code   0x800'6228   0x350  user_modbus_rtu.o [1]
  .text              ro code   0x800'6578   0x39c  usart.o [1]
  .text              ro code   0x800'6914    0x74  user_connect_sensor.o [1]
  .text              ro code   0x800'6988    0x28  stm32l4xx_hal.o [1]
  .text              ro code   0x800'69b0   0xfc8  stm32l4xx_hal_uart.o [1]
  .text              ro code   0x800'7978   0x172  onchipflash.o [1]
  .text              ro code   0x800'7aec    0xa6  ABImemcpy.o [4]
  .text              ro code   0x800'7b94   0x230  I64DivMod.o [4]
  .text              ro code   0x800'7dc4   0x1a2  DblMul.o [3]
  .text              ro code   0x800'7f68   0x17a  DblAdd.o [3]
  .text              ro code   0x800'80e4    0x3a  DblToS32.o [3]
  .text              ro code   0x800'8120   0x6ec  pow64.o [3]
  .text              ro code   0x800'880c   0xfc6  xprintffull_nomb.o [2]
  .text              ro code   0x800'97d4   0x52a  stm32l4xx_hal_spi.o [1]
  .text              ro code   0x800'9cfe     0x8  abs.o [2]
  .text              ro code   0x800'9d06    0xc2  main.o [1]
  .text              ro code   0x800'9dc8    0x14  memset.o [4]
  .text              ro code   0x800'9ddc   0x4e8  stm32l4xx_hal_rcc_ex.o [1]
  .text              ro code   0x800'a2c4   0x422  stm32l4xx_hal_dma.o [1]
  .text              ro code   0x800'a6e8   0x194  stm32l4xx_hal_cortex.o [1]
  .text              ro code   0x800'a87c   0x128  user_uart.o [1]
  .text              ro code   0x800'a9a4    0x72  stm32l4xx_hal_uart_ex.o [1]
  .text              ro code   0x800'aa18   0x9fc  stm32l4xx_hal_rcc.o [1]
  .text              ro code   0x800'b414     0x2  stm32l4xx_hal_uart.o [1]
  .text              ro code   0x800'b416     0x2  stm32l4xx_hal_uart.o [1]
  .text              ro code   0x800'b418   0x1b8  stm32l4xx_hal_flash.o [1]
  .text              ro code   0x800'b5d0    0xa0  stm32l4xx_hal_flash_ex.o [1]
  .text              ro code   0x800'b670     0x2  I64DivZer.o [4]
  .text              ro code   0x800'b674    0xe2  DblSub.o [3]
  .text              ro code   0x800'b758    0x20  DblCmpEq.o [3]
  .text              ro code   0x800'b778    0x70  frexp.o [3]
  .text              ro code   0x800'b7e8    0x2e  DblCmpLe.o [3]
  .text              ro code   0x800'b818    0x2e  DblCmpGe.o [3]
  .text              ro code   0x800'b848   0x3e8  iar_Exp64.o [3]
  .text              ro code   0x800'bc30    0x16  strchr.o [4]
  .text              ro code   0x800'bc48    0x40  xfail_s.o [2]
  .text              ro code   0x800'bc88    0x58  memchr.o [4]
  .text              ro code   0x800'bce0   0x13a  ldexp.o [3]
  .text              ro code   0x800'be1c    0x28  DblToU32.o [3]
  .text              ro code   0x800'be44     0x8  xlocale_c.o [2]
  .text              ro code   0x800'be4c    0xc8  spi.o [1]
  .text              ro code   0x800'bf14    0x24  stm32l4xx_hal.o [1]
  .text              ro code   0x800'bf38   0x1d0  gpio.o [1]
  .text              ro code   0x800'c108    0x60  dma.o [1]
  .text              ro code   0x800'c168   0x150  rtc.o [1]
  .text              ro code   0x800'c2b8   0x4b0  user_app_comm.o [1]
  .text              ro code   0x800'c768    0x94  stm32l4xx_hal_pwr_ex.o [1]
  .text              ro code   0x800'c7fc    0x70  user_rs485.o [1]
  .text              ro code   0x800'c86c   0x23a  user_adv_trace.o [1]
  .text              ro code   0x800'caa8    0x60  stm32l4xx_hal.o [1]
  .text              ro code   0x800'cb08     0x6  abort.o [2]
  .text              ro code   0x800'cb10    0x38  stm32l4xx_hal_msp.o [1]
  .text              ro code   0x800'cb48   0x78e  stm32l4xx_hal_rtc.o [1]
  .text              ro code   0x800'd2d8   0x310  user_timer.o [1]
  .text              ro code   0x800'd5e8   0x1dc  user_at_serial.o [1]
  .text              ro code   0x800'd7c4    0x58  user_time.o [1]
  .text              ro code   0x800'd81c   0x180  user_app_rs485.o [1]
  .text              ro code   0x800'd99c   0x350  user_tiny_vsnprintf.o [1]
  .text              ro code   0x800'dcec    0x14  exit.o [5]
  .text              ro code   0x800'dd00   0x3a8  user_rtc.o [1]
  .text              ro code   0x800'e0a8     0x2  stm32l4xx_hal_rtc_ex.o [1]
  .text              ro code   0x800'e0aa   0x1e6  user_string.o [1]
  .text              ro code   0x800'e290    0x48  stm32l4xx_hal_rtc_ex.o [1]
  .rodata            const     0x800'e2d8    0x34  user_app_sensor.o [1]
  .rodata            const     0x800'e310   0x420  pow64.o [3]
  .rodata            const     0x800'e730   0x400  unit_tests.o [1]
  .rodata            const     0x800'eb30   0x228  lcd_display.o [1]
  .rodata            const     0x800'ed58   0x214  lcd_display.o [1]
  .text              ro code   0x800'ef6c    0xd4  stm32l4xx_it.o [1]
  .text              ro code   0x800'f040    0x18  stm32l4xx_hal.o [1]
  .text              ro code   0x800'f058    0x78  lz77_init_single.o [4]
  .rodata            const     0x800'f0d0    0x34  user_app_sensor.o [1]
  .rodata            const     0x800'f104    0x30  system_stm32l4xx.o [1]
  .rodata            const     0x800'f134    0x2c  user_rtc.o [1]
  .rodata            const     0x800'f160    0x28  user_tiny_vsnprintf.o [1]
  .rodata            const     0x800'f188    0x28  user_tiny_vsnprintf.o [1]
  .text              ro code   0x800'f1b0    0x28  data_init.o [4]
  .text              ro code   0x800'f1d8    0x22  fpinit_M.o [3]
  .iar.init_table    const     0x800'f1fc    0x20  - Linker created -
  .rodata            const     0x800'f21c    0x20  user_rtc.o [1]
  .text              ro code   0x800'f23c    0x1e  cmain.o [4]
  .text              ro code   0x800'f25a     0x4  low_level_init.o [2]
  .text              ro code   0x800'f25e     0x4  exit.o [2]
  .text              ro code   0x800'f264     0xa  cexit.o [4]
  .rodata            const     0x800'f270    0x1c  user_app_comm.o [1]
  .rodata            const     0x800'f28c    0x1c  user_uart.o [1]
  .rodata            const     0x800'f2a8    0x18  user_app_comm.o [1]
  .rodata            const     0x800'f2c0    0x14  lcd_display.o [1]
  .rodata            const     0x800'f2d4    0x14  user_app_comm.o [1]
  .rodata            const     0x800'f2e8    0x14  user_at_serial.o [1]
  .rodata            const     0x800'f2fc    0x14  user_at_serial.o [1]
  .rodata            const     0x800'f310    0x14  user_at_serial.o [1]
  .rodata            const     0x800'f324    0x14  user_at_serial.o [1]
  .rodata            const     0x800'f338    0x14  user_at_serial.o [1]
  .rodata            const     0x800'f34c    0x10  lcd_display.o [1]
  .rodata            const     0x800'f35c    0x10  lcd_display.o [1]
  .rodata            const     0x800'f36c    0x10  lcd_display.o [1]
  .rodata            const     0x800'f37c    0x10  lcd_display.o [1]
  .rodata            const     0x800'f38c    0x10  lcd_display.o [1]
  .rodata            const     0x800'f39c    0x10  lcd_display.o [1]
  .rodata            const     0x800'f3ac    0x10  lcd_display.o [1]
  .rodata            const     0x800'f3bc    0x10  lcd_display.o [1]
  .rodata            const     0x800'f3cc    0x10  lcd_display.o [1]
  .rodata            const     0x800'f3dc    0x10  lcd_display.o [1]
  .rodata            const     0x800'f3ec    0x10  lcd_display.o [1]
  .rodata            const     0x800'f3fc    0x10  lcd_display.o [1]
  .rodata            const     0x800'f40c    0x10  system_stm32l4xx.o [1]
  .rodata            const     0x800'f41c    0x10  user_app_sensor.o [1]
  .rodata            const     0x800'f42c    0x10  user_at_serial.o [1]
  .rodata            const     0x800'f43c    0x10  user_at_serial.o [1]
  .rodata            const     0x800'f44c    0x10  user_at_serial.o [1]
  .rodata            const     0x800'f45c    0x10  user_at_serial.o [1]
  .rodata            const     0x800'f46c    0x10  user_at_serial.o [1]
  .rodata            const     0x800'f47c    0x10  user_at_serial.o [1]
  .rodata            const     0x800'f48c    0x10  user_at_serial.o [1]
  .rodata            const     0x800'f49c    0x10  user_at_serial.o [1]
  .rodata            const     0x800'f4ac    0x10  user_at_serial.o [1]
  .rodata            const     0x800'f4bc    0x10  user_at_serial.o [1]
  .rodata            const     0x800'f4cc    0x10  user_at_serial.o [1]
  .rodata            const     0x800'f4dc    0x10  user_at_serial.o [1]
  .rodata            const     0x800'f4ec    0x10  user_at_serial.o [1]
  .rodata            const     0x800'f4fc    0x10  user_at_serial.o [1]
  .rodata            const     0x800'f50c    0x10  user_at_serial.o [1]
  .rodata            const     0x800'f51c    0x10  user_at_serial.o [1]
  .rodata            const     0x800'f52c    0x10  user_at_serial.o [1]
  .rodata            const     0x800'f53c    0x10  user_at_serial.o [1]
  .rodata            const     0x800'f54c    0x10  user_at_serial.o [1]
  .rodata            const     0x800'f55c    0x10  user_at_serial.o [1]
  .rodata            const     0x800'f56c    0x10  user_at_serial.o [1]
  .rodata            const     0x800'f57c    0x10  user_at_serial.o [1]
  .rodata            const     0x800'f58c    0x10  user_at_serial.o [1]
  .rodata            const     0x800'f59c    0x10  user_at_serial.o [1]
  .rodata            const     0x800'f5ac    0x10  user_at_serial.o [1]
  .rodata            const     0x800'f5bc    0x10  user_at_serial.o [1]
  .rodata            const     0x800'f5cc    0x10  user_at_serial.o [1]
  .rodata            const     0x800'f5dc    0x10  user_at_serial.o [1]
  .text              ro code   0x800'f5ec    0x10  startup_stm32l433xx.o [1]
  .text              ro code   0x800'f5fc    0x10  system_stm32l4xx.o [1]
  .rodata            const     0x800'f60c     0xc  lcd_display.o [1]
  .rodata            const     0x800'f618     0xc  lcd_display.o [1]
  .rodata            const     0x800'f624     0xc  lcd_display.o [1]
  .rodata            const     0x800'f630     0xc  lcd_display.o [1]
  .rodata            const     0x800'f63c     0xc  lcd_display.o [1]
  .rodata            const     0x800'f648     0xc  lcd_display.o [1]
  .rodata            const     0x800'f654     0xc  lcd_display.o [1]
  .rodata            const     0x800'f660     0xc  lcd_display.o [1]
  .rodata            const     0x800'f66c     0xc  lcd_display.o [1]
  .rodata            const     0x800'f678     0xc  lcd_display.o [1]
  .rodata            const     0x800'f684     0xc  lcd_display.o [1]
  .rodata            const     0x800'f690     0xc  lcd_display.o [1]
  .rodata            const     0x800'f69c     0xc  lcd_display.o [1]
  .rodata            const     0x800'f6a8     0xc  lcd_display.o [1]
  .rodata            const     0x800'f6b4     0xc  lcd_display.o [1]
  .rodata            const     0x800'f6c0     0xc  user_app_comm.o [1]
  .rodata            const     0x800'f6cc     0xc  user_app_sensor.o [1]
  .rodata            const     0x800'f6d8     0xc  user_at_serial.o [1]
  .rodata            const     0x800'f6e4     0xc  user_at_serial.o [1]
  .rodata            const     0x800'f6f0     0xc  user_at_serial.o [1]
  .rodata            const     0x800'f6fc     0xc  user_at_serial.o [1]
  .rodata            const     0x800'f708     0xc  user_at_serial.o [1]
  .rodata            const     0x800'f714     0xc  user_at_serial.o [1]
  .rodata            const     0x800'f720     0xc  user_at_serial.o [1]
  .rodata            const     0x800'f72c     0xc  user_at_serial.o [1]
  .rodata            const     0x800'f738     0xc  user_at_serial.o [1]
  .rodata            const     0x800'f744     0xc  user_at_serial.o [1]
  .rodata            const     0x800'f750     0xc  user_at_serial.o [1]
  .rodata            const     0x800'f75c     0xc  user_at_serial.o [1]
  .rodata            const     0x800'f768     0xc  user_at_serial.o [1]
  .rodata            const     0x800'f774     0xc  user_at_serial.o [1]
  .rodata            const     0x800'f780     0xc  user_at_serial.o [1]
  .rodata            const     0x800'f78c     0xc  user_at_serial.o [1]
  .rodata            const     0x800'f798     0xc  user_at_serial.o [1]
  .rodata            const     0x800'f7a4     0xc  user_at_serial.o [1]
  .rodata            const     0x800'f7b0     0xc  user_at_serial.o [1]
  .rodata            const     0x800'f7bc     0xc  user_at_serial.o [1]
  .rodata            const     0x800'f7c8     0xc  user_at_serial.o [1]
  .rodata            const     0x800'f7d4     0xc  user_at_serial.o [1]
  .rodata            const     0x800'f7e0     0xc  user_at_serial.o [1]
  .rodata            const     0x800'f7ec     0xc  user_at_serial.o [1]
  .rodata            const     0x800'f7f8     0xc  user_at_serial.o [1]
  .rodata            const     0x800'f804     0xc  user_at_serial.o [1]
  .rodata            const     0x800'f810     0xc  user_at_serial.o [1]
  .rodata            const     0x800'f81c     0xc  user_at_serial.o [1]
  .rodata            const     0x800'f828     0xc  user_rtc.o [1]
  .rodata            const     0x800'f834     0xc  user_rtc.o [1]
  .text              ro code   0x800'f840     0xc  cstartup_M.o [4]
  .rodata            const     0x800'f84c     0x8  lcd_display.o [1]
  .rodata            const     0x800'f854     0x8  lcd_display.o [1]
  .rodata            const     0x800'f85c     0x8  lcd_display.o [1]
  .rodata            const     0x800'f864     0x8  lcd_display.o [1]
  .rodata            const     0x800'f86c     0x8  lcd_display.o [1]
  .rodata            const     0x800'f874     0x8  lcd_display.o [1]
  .rodata            const     0x800'f87c     0x8  lcd_display.o [1]
  .rodata            const     0x800'f884     0x8  lcd_display.o [1]
  .rodata            const     0x800'f88c     0x8  lcd_display.o [1]
  .rodata            const     0x800'f894     0x8  lcd_display.o [1]
  .rodata            const     0x800'f89c     0x8  lcd_display.o [1]
  .rodata            const     0x800'f8a4     0x8  system_stm32l4xx.o [1]
  .rodata            const     0x800'f8ac     0x8  user_app_modbus_rtu.o [1]
  .rodata            const     0x800'f8b4     0x8  user_app_modbus_rtu.o [1]
  .rodata            const     0x800'f8bc     0x8  user_app_sensor.o [1]
  .rodata            const     0x800'f8c4     0x8  user_app_sensor.o [1]
  .rodata            const     0x800'f8cc     0x8  user_app_sensor.o [1]
  .rodata            const     0x800'f8d4     0x8  user_app_sensor.o [1]
  .rodata            const     0x800'f8dc     0x8  user_at_serial.o [1]
  .rodata            const     0x800'f8e4     0x8  user_at_serial.o [1]
  .rodata            const     0x800'f8ec     0x8  user_at_serial.o [1]
  .rodata            const     0x800'f8f4     0x8  user_at_serial.o [1]
  .rodata            const     0x800'f8fc     0x8  user_at_serial.o [1]
  .rodata            const     0x800'f904     0x8  user_tiny_vsnprintf.o [1]
  .rodata            const     0x800'f90c     0x8  user_util.o [1]
  .rodata            const     0x800'f914     0x8  xprintffull_nomb.o [2]
  .rodata            const     0x800'f91c     0x4  lcd_display.o [1]
  .rodata            const     0x800'f920     0x4  lcd_display.o [1]
  .rodata            const     0x800'f924     0x4  lcd_display.o [1]
  .rodata            const     0x800'f928     0x4  lcd_display.o [1]
  .rodata            const     0x800'f92c     0x4  lcd_display.o [1]
  .rodata            const     0x800'f930     0x4  lcd_display.o [1]
  .text              ro code   0x800'f934     0x4  startup_stm32l433xx.o [1]
  .text              ro code   0x800'f938     0x4  startup_stm32l433xx.o [1]
  .text              ro code   0x800'f93c     0x4  startup_stm32l433xx.o [1]
  .text              ro code   0x800'f940     0x4  startup_stm32l433xx.o [1]
  .text              ro code   0x800'f944     0x4  startup_stm32l433xx.o [1]
  .text              ro code   0x800'f948     0x4  startup_stm32l433xx.o [1]
  .text              ro code   0x800'f94c     0x4  startup_stm32l433xx.o [1]
  .text              ro code   0x800'f950     0x4  startup_stm32l433xx.o [1]
  .text              ro code   0x800'f954     0x4  startup_stm32l433xx.o [1]
  .text              ro code   0x800'f958     0x4  startup_stm32l433xx.o [1]
  .text              ro code   0x800'f95c     0x4  startup_stm32l433xx.o [1]
  .text              ro code   0x800'f960     0x4  startup_stm32l433xx.o [1]
  .text              ro code   0x800'f964     0x4  startup_stm32l433xx.o [1]
  .text              ro code   0x800'f968     0x4  startup_stm32l433xx.o [1]
  .text              ro code   0x800'f96c     0x4  startup_stm32l433xx.o [1]
  .text              ro code   0x800'f970     0x4  startup_stm32l433xx.o [1]
  .text              ro code   0x800'f974     0x4  startup_stm32l433xx.o [1]
  .text              ro code   0x800'f978     0x4  startup_stm32l433xx.o [1]
  .text              ro code   0x800'f97c     0x4  startup_stm32l433xx.o [1]
  .text              ro code   0x800'f980     0x4  startup_stm32l433xx.o [1]
  .text              ro code   0x800'f984     0x4  startup_stm32l433xx.o [1]
  .text              ro code   0x800'f988     0x4  startup_stm32l433xx.o [1]
  .text              ro code   0x800'f98c     0x4  startup_stm32l433xx.o [1]
  .text              ro code   0x800'f990     0x4  startup_stm32l433xx.o [1]
  .text              ro code   0x800'f994     0x4  startup_stm32l433xx.o [1]
  .text              ro code   0x800'f998     0x4  startup_stm32l433xx.o [1]
  .text              ro code   0x800'f99c     0x4  startup_stm32l433xx.o [1]
  .text              ro code   0x800'f9a0     0x4  startup_stm32l433xx.o [1]
  .text              ro code   0x800'f9a4     0x4  startup_stm32l433xx.o [1]
  .text              ro code   0x800'f9a8     0x4  startup_stm32l433xx.o [1]
  .text              ro code   0x800'f9ac     0x4  startup_stm32l433xx.o [1]
  .text              ro code   0x800'f9b0     0x4  startup_stm32l433xx.o [1]
  .text              ro code   0x800'f9b4     0x4  startup_stm32l433xx.o [1]
  .text              ro code   0x800'f9b8     0x4  startup_stm32l433xx.o [1]
  .text              ro code   0x800'f9bc     0x4  startup_stm32l433xx.o [1]
  .text              ro code   0x800'f9c0     0x4  startup_stm32l433xx.o [1]
  .text              ro code   0x800'f9c4     0x4  startup_stm32l433xx.o [1]
  .text              ro code   0x800'f9c8     0x4  startup_stm32l433xx.o [1]
  .text              ro code   0x800'f9cc     0x4  startup_stm32l433xx.o [1]
  .text              ro code   0x800'f9d0     0x4  startup_stm32l433xx.o [1]
  .text              ro code   0x800'f9d4     0x4  startup_stm32l433xx.o [1]
  .text              ro code   0x800'f9d8     0x4  startup_stm32l433xx.o [1]
  .text              ro code   0x800'f9dc     0x4  startup_stm32l433xx.o [1]
  .text              ro code   0x800'f9e0     0x4  startup_stm32l433xx.o [1]
  .text              ro code   0x800'f9e4     0x4  startup_stm32l433xx.o [1]
  .text              ro code   0x800'f9e8     0x4  startup_stm32l433xx.o [1]
  .text              ro code   0x800'f9ec     0x4  startup_stm32l433xx.o [1]
  .text              ro code   0x800'f9f0     0x4  startup_stm32l433xx.o [1]
  .text              ro code   0x800'f9f4     0x4  startup_stm32l433xx.o [1]
  .text              ro code   0x800'f9f8     0x4  startup_stm32l433xx.o [1]
  .text              ro code   0x800'f9fc     0x4  startup_stm32l433xx.o [1]
  .text              ro code   0x800'fa00     0x4  startup_stm32l433xx.o [1]
  .text              ro code   0x800'fa04     0x4  startup_stm32l433xx.o [1]
  .text              ro code   0x800'fa08     0x4  startup_stm32l433xx.o [1]
  .text              ro code   0x800'fa0c     0x4  startup_stm32l433xx.o [1]
  .text              ro code   0x800'fa10     0x4  startup_stm32l433xx.o [1]
  .text              ro code   0x800'fa14     0x4  startup_stm32l433xx.o [1]
  .text              ro code   0x800'fa18     0x4  startup_stm32l433xx.o [1]
  .text              ro code   0x800'fa1c     0x4  startup_stm32l433xx.o [1]
  .rodata            const     0x800'fa20     0x0  zero_init3.o [4]
  .rodata            const     0x800'fa20     0x0  lz77_init_single.o [4]
  Initializer bytes  const     0x800'fa20   0x537  <for P2-1>
                             - 0x800'ff57  0xfdcb

"P2", part 1 of 3:                          0xbd5
  P2-1                        0x2000'0000   0xbd5  <Init block>
    .data            inited   0x2000'0000     0xc  button.o [1]
    .data            inited   0x2000'000c    0x70  lcd_display.o [1]
    .data            inited   0x2000'007c    0x40  lcd_display.o [1]
    .data            inited   0x2000'00bc     0x8  lcd_display.o [1]
    .data            inited   0x2000'00c4     0x4  lcd_display.o [1]
    .data            inited   0x2000'00c8    0x10  lcd_display.o [1]
    .data            inited   0x2000'00d8    0x10  lcd_display.o [1]
    .data            inited   0x2000'00e8    0x10  lcd_display.o [1]
    .data            inited   0x2000'00f8    0x10  lcd_display.o [1]
    .data            inited   0x2000'0108    0x10  lcd_display.o [1]
    .data            inited   0x2000'0118     0x8  lcd_display.o [1]
    .data            inited   0x2000'0120   0x3f0  lcd_display.o [1]
    .data            inited   0x2000'0510     0x4  stm32l4xx_hal.o [1]
    .data            inited   0x2000'0514    0x20  stm32l4xx_hal_flash.o [1]
    .data            inited   0x2000'0534     0x4  system_stm32l4xx.o [1]
    .data            inited   0x2000'0538    0x70  user_app_comm.o [1]
    .data            inited   0x2000'05a8     0x8  user_app_comm.o [1]
    .data            inited   0x2000'05b0     0x8  user_app_comm.o [1]
    .data            inited   0x2000'05b8    0xa0  user_app_modbus_rtu.o [1]
    .data            inited   0x2000'0658    0x2c  user_app_modbus_rtu.o [1]
    .data            inited   0x2000'0684     0x8  user_app_modbus_rtu.o [1]
    .data            inited   0x2000'068c    0x40  user_app_rs485.o [1]
    .data            inited   0x2000'06cc    0x80  user_app_sensor.o [1]
    .data            inited   0x2000'074c     0x8  user_app_sensor.o [1]
    .data            inited   0x2000'0754     0x4  user_app_sensor.o [1]
    .data            inited   0x2000'0758     0xc  user_app_sensor.o [1]
    .data            inited   0x2000'0764     0x4  user_app_sensor.o [1]
    .data            inited   0x2000'0768     0x8  user_at_serial.o [1]
    .data            inited   0x2000'0770   0x410  user_at_serial.o [1]
    .data            inited   0x2000'0b80     0x8  user_connect_sensor.o [1]
    .data            inited   0x2000'0b88     0x8  user_rs485.o [1]
    .data            inited   0x2000'0b90     0x4  user_tiny_vsnprintf.o [1]
    .data            inited   0x2000'0b94     0x4  user_tiny_vsnprintf.o [1]
    .data            inited   0x2000'0b98    0x38  xlocale_c.o [2]
    .data            inited   0x2000'0bd0     0x2  user_app_modbus_rtu.o [1]
    .data            inited   0x2000'0bd2     0x1  lcd_display.o [1]
    .data            inited   0x2000'0bd3     0x1  stm32l4xx_hal.o [1]
    .data            inited   0x2000'0bd4     0x1  user_util.o [1]
                            - 0x2000'0bd5   0xbd5

"P2", part 2 of 3:                         0x1cbc
  .bss               zero     0x2000'0bd8   0x4b0  user_app_comm.o [1]
  .bss               zero     0x2000'1088   0x400  glcd.o [1]
  .bss               zero     0x2000'1488   0x400  user_adv_trace.o [1]
  .bss               zero     0x2000'1888   0x200  user_adv_trace.o [1]
  .bss               zero     0x2000'1a88   0x200  user_connect_sensor.o [1]
  .bss               zero     0x2000'1c88   0x200  user_rs485.o [1]
  .bss               zero     0x2000'1e88   0x1f8  lcd_display.o [1]
  .bss               zero     0x2000'2080    0x88  usart.o [1]
  .bss               zero     0x2000'2108    0x88  usart.o [1]
  .bss               zero     0x2000'2190    0x88  usart.o [1]
  .bss               zero     0x2000'2218    0x80  lcd_display.o [1]
  .bss               zero     0x2000'2298    0x80  user_app_modbus_rtu.o [1]
  .bss               zero     0x2000'2318    0x80  user_app_modbus_rtu.o [1]
  .bss               zero     0x2000'2398    0x80  user_app_modbus_rtu.o [1]
  .bss               zero     0x2000'2418    0x80  user_at_serial.o [1]
  .bss               zero     0x2000'2498    0x80  user_at_serial.o [1]
  .bss               zero     0x2000'2518    0x64  spi.o [1]
  .bss               zero     0x2000'257c    0x64  user_app_comm.o [1]
  .bss               zero     0x2000'25e0    0x48  usart.o [1]
  .bss               zero     0x2000'2628    0x48  usart.o [1]
  .bss               zero     0x2000'2670    0x48  usart.o [1]
  .bss               zero     0x2000'26b8    0x2c  user_rtc.o [1]
  .bss               zero     0x2000'26e4    0x28  user_app_sensor.o [1]
  .bss               zero     0x2000'270c    0x28  user_app_sensor.o [1]
  .bss               zero     0x2000'2734    0x28  user_app_sensor.o [1]
  .bss               zero     0x2000'275c    0x24  rtc.o [1]
  .bss               zero     0x2000'2780    0x1c  user_rtc.o [1]
  .bss               zero     0x2000'279c    0x18  button.o [1]
  .bss               zero     0x2000'27b4    0x18  user_adv_trace.o [1]
  .bss               zero     0x2000'27cc    0x18  user_app_comm.o [1]
  .bss               zero     0x2000'27e4    0x10  lcd_display.o [1]
  .bss               zero     0x2000'27f4    0x10  user_app_sensor.o [1]
  .bss               zero     0x2000'2804     0xc  text.o [1]
  .bss               zero     0x2000'2810     0xc  user_app_sensor.o [1]
  .bss               zero     0x2000'281c     0xc  user_util.o [1]
  .bss               zero     0x2000'2828     0x4  button.o [1]
  .bss               zero     0x2000'282c     0x4  glcd.o [1]
  .bss               zero     0x2000'2830     0x4  glcd.o [1]
  .bss               zero     0x2000'2834     0x4  glcd.o [1]
  .bss               zero     0x2000'2838     0x4  lcd_display.o [1]
  .bss               zero     0x2000'283c     0x4  stm32l4xx_hal.o [1]
  .bss               zero     0x2000'2840     0x4  stm32l4xx_it.o [1]
  .bss               zero     0x2000'2844     0x4  user_app_comm.o [1]
  .bss               zero     0x2000'2848     0x4  user_app_sensor.o [1]
  .bss               zero     0x2000'284c     0x4  user_app_sensor.o [1]
  .bss               zero     0x2000'2850     0x4  user_app_sensor.o [1]
  .bss               zero     0x2000'2854     0x4  user_app_sensor.o [1]
  .bss               zero     0x2000'2858     0x4  user_rtc.o [1]
  .bss               zero     0x2000'285c     0x4  user_timer.o [1]
  .bss               zero     0x2000'2860     0x4  user_util.o [1]
  .bss               zero     0x2000'2864     0x4  user_util.o [1]
  .bss               zero     0x2000'2868     0x4  user_util.o [1]
  .bss               zero     0x2000'286c     0x4  xfail_s.o [2]
  .bss               zero     0x2000'2870     0x2  button.o [1]
  .bss               zero     0x2000'2872     0x2  button.o [1]
  .bss               zero     0x2000'2874     0x2  lcd_display.o [1]
  .bss               zero     0x2000'2876     0x2  user_app_comm.o [1]
  .bss               zero     0x2000'2878     0x2  user_app_comm.o [1]
  .bss               zero     0x2000'287a     0x2  user_app_sensor.o [1]
  .bss               zero     0x2000'287c     0x2  user_app_sensor.o [1]
  .bss               zero     0x2000'287e     0x2  user_uart.o [1]
  .bss               zero     0x2000'2880     0x1  button.o [1]
  .bss               zero     0x2000'2881     0x1  lcd_display.o [1]
  .bss               zero     0x2000'2882     0x1  lcd_display.o [1]
  .bss               zero     0x2000'2883     0x1  lcd_display.o [1]
  .bss               zero     0x2000'2884     0x1  stm32l4xx_it.o [1]
  .bss               zero     0x2000'2885     0x1  user_app_comm.o [1]
  .bss               zero     0x2000'2886     0x1  user_app_comm.o [1]
  .bss               zero     0x2000'2887     0x1  user_app_rs485.o [1]
  .bss               zero     0x2000'2888     0x1  user_app_sensor.o [1]
  .bss               zero     0x2000'2889     0x1  user_app_sensor.o [1]
  .bss               zero     0x2000'288a     0x1  user_app_sensor.o [1]
  .bss               zero     0x2000'288b     0x1  user_at_serial.o [1]
  .bss               zero     0x2000'288c     0x1  user_connect_sensor.o [1]
  .bss               zero     0x2000'288d     0x1  user_connect_sensor.o [1]
  .bss               zero     0x2000'288e     0x1  user_rs485.o [1]
  .bss               zero     0x2000'288f     0x1  user_rs485.o [1]
  .bss               zero     0x2000'2890     0x1  user_rtc.o [1]
  .bss               zero     0x2000'2891     0x1  user_uart.o [1]
                            - 0x2000'2892  0x1cba

"P2", part 3 of 3:                          0x400
  CSTACK                      0x2000'2898   0x400  <Block>
    CSTACK           uninit   0x2000'2898   0x400  <Block tail>
                            - 0x2000'2c98   0x400

Unused ranges:

         From           To      Size
         ----           --      ----
   0x800'ff57   0x803'ffff  0x3'00a9
  0x2000'0bd5  0x2000'0bd7       0x3
  0x2000'2894  0x2000'2897       0x4
  0x2000'2c98  0x2000'ffff    0xd368


*******************************************************************************
*** INIT TABLE
***

          Address      Size
          -------      ----
Zero (__iar_zero_init3)
    1 destination range, total size 0x1cba:
          0x2000'0bd8  0x1cba

Copy/lz77 (__iar_lz77_init_single3)
    1 source range, total size 0x537 (44% of destination):
           0x800'fa20   0x537
    1 destination range, total size 0xbd5:
          0x2000'0000   0xbd5



*******************************************************************************
*** MODULE SUMMARY
***

    Module                    ro code  ro data  rw data
    ------                    -------  -------  -------
command line/config:
    ---------------------------------------------------
    Total:

D:\Saoviet_Git\Saoviet_EnviroTrack_M_And_S\Project_Slave_LanChang_pH\Project_Slave_Sensor_EnviroTrack\EWARM\Project_Slave_Sensor_EnviroTrack\Obj: [1]
    ST7565R.o                     348
    STM32L4.o                     176
    button.o                    6'972        5       45
    dma.o                          96
    event_driven.o                 84
    glcd.o                        272             1'036
    gpio.o                        464
    graphics.o                    512
    lcd_display.o               3'120    2'155    1'942
    main.o                        194
    onchipflash.o                 370
    rtc.o                         336                36
    spi.o                         200               100
    startup_stm32l433xx.o         648
    stm32l4xx_hal.o               208        1        9
    stm32l4xx_hal_cortex.o        404
    stm32l4xx_hal_dma.o         1'058
    stm32l4xx_hal_flash.o         440       15       32
    stm32l4xx_hal_flash_ex.o      160
    stm32l4xx_hal_gpio.o          896
    stm32l4xx_hal_msp.o            56
    stm32l4xx_hal_pwr_ex.o        148
    stm32l4xx_hal_rcc.o         2'556
    stm32l4xx_hal_rcc_ex.o      1'256
    stm32l4xx_hal_rtc.o         1'934
    stm32l4xx_hal_rtc_ex.o         74
    stm32l4xx_hal_spi.o         1'322
    stm32l4xx_hal_uart.o        4'044
    stm32l4xx_hal_uart_ex.o       114
    stm32l4xx_it.o                212                 5
    system_stm32l4xx.o             16       73        4
    text.o                        912                12
    text_tiny.o                   656
    unit_tests.o                   20    1'024
    usart.o                       924               624
    user_adv_trace.o              570             1'560
    user_app_comm.o             1'200      141    1'462
    user_app_modbus_rtu.o       2'356      110      598
    user_app_rs485.o              384       28       65
    user_app_sensor.o           5'684      233      327
    user_at_serial.o              476    1'386    1'305
    user_connect_sensor.o         116        4      522
    user_convert_variable.o     1'036
    user_modbus_rtu.o             848
    user_rs485.o                  112        3      522
    user_rtc.o                    936      100       77
    user_string.o                 486
    user_time.o                    88
    user_timer.o                  784                 4
    user_tiny_vsnprintf.o         848       92        8
    user_uart.o                   296       28        3
    user_util.o                   540        9       25
    ---------------------------------------------------
    Total:                     47'962    5'407   10'323

dl7M_tlf.a: [2]
    abort.o                         6
    abs.o                           8
    exit.o                          4
    low_level_init.o                4
    sprintf.o                      64
    xfail_s.o                      64                 4
    xlocale_c.o                     8       27       56
    xprintffull_nomb.o          4'038        8
    xsprout.o                      10
    ---------------------------------------------------
    Total:                      4'206       35       60

m7M_tls.a: [3]
    DblAdd.o                      378
    DblCmpEq.o                     32
    DblCmpGe.o                     46
    DblCmpLe.o                     46
    DblDiv.o                      582
    DblMul.o                      418
    DblSub.o                      226
    DblToFlt.o                    104
    DblToS32.o                     58
    DblToU32.o                     40
    FltToDbl.o                     72
    S32ToDbl.o                     34
    U32ToDbl.o                     26
    fpinit_M.o                     34
    frexp.o                       112
    iar_Exp64.o                 1'000
    ldexp.o                       314
    math_wrappers64.o              22
    pow64.o                     1'772    1'056
    ---------------------------------------------------
    Total:                      5'316    1'056

rt7M_tl.a: [4]
    ABImemcpy.o                   166
    ABImemset.o                   102
    I64DivMod.o                   560
    I64DivZer.o                     2
    cexit.o                        10
    cmain.o                        30
    cstartup_M.o                   12
    data_init.o                    40
    lz77_init_single.o            120
    memchr.o                       88
    memset.o                       20
    strchr.o                       22
    strlen.o                       54
    zero_init3.o                   58
    ---------------------------------------------------
    Total:                      1'284

shb_l.a: [5]
    exit.o                         20
    ---------------------------------------------------
    Total:                         20

    Gaps                           41        8
    Linker created                          32    1'024
-------------------------------------------------------
    Grand Total:               58'829    6'538   11'407


*******************************************************************************
*** ENTRY LIST
***

Entry                       Address   Size  Type      Object
-----                       -------   ----  ----      ------
.iar.init_table$$Base    0x800'f1fc          --   Gb  - Linker created -
.iar.init_table$$Limit   0x800'f21c          --   Gb  - Linker created -
?main                    0x800'f23d         Code  Gb  cmain.o [4]
ADV_TRACE_Buffer        0x2000'1488  0x400  Data  Lc  user_adv_trace.o [1]
ADV_TRACE_Ctx           0x2000'27b4   0x18  Data  Lc  user_adv_trace.o [1]
AHBPrescTable            0x800'f40c   0x10  Data  Gb  system_stm32l4xx.o [1]
APBPrescTable            0x800'f8a4    0x8  Data  Gb  system_stm32l4xx.o [1]
AT_CMD_Get_BR_Slave      0x800'4215   0x52  Code  Gb  user_app_sensor.o [1]
AT_CMD_Get_ID_Slave      0x800'4121   0x54  Code  Gb  user_app_sensor.o [1]
AT_CMD_Reset_Slave       0x800'4069   0x4a  Code  Gb  user_app_sensor.o [1]
AT_CMD_Restore_Slave     0x800'40b9   0x5c  Code  Gb  user_app_sensor.o [1]
AT_CMD_Set_BR_Slave      0x800'4271   0x94  Code  Gb  user_app_sensor.o [1]
AT_CMD_Set_ID_Slave      0x800'4175   0x96  Code  Gb  user_app_sensor.o [1]
AppComm_DBG_Init_RX_Mode
                         0x800'c539   0x1e  Code  Gb  user_app_comm.o [1]
AppComm_DBG_Init_Uart    0x800'c531    0x8  Code  Gb  user_app_comm.o [1]
AppComm_DBG_Rx_Callback
                         0x800'c55f  0x176  Code  Gb  user_app_comm.o [1]
AppComm_DBG_Stop_RX_Mode
                         0x800'c55d    0x2  Code  Gb  user_app_comm.o [1]
AppComm_Get_Reset_Source
                         0x800'c4f9   0x38  Code  Gb  user_app_comm.o [1]
AppComm_IRQ_Timer_CallBack
                         0x800'c4b9    0xc  Code  Gb  user_app_comm.o [1]
AppComm_Init             0x800'c3f9   0x20  Code  Gb  user_app_comm.o [1]
AppComm_Set_Next_TxTimer
                         0x800'c4df    0x2  Code  Gb  user_app_comm.o [1]
AppComm_Task             0x800'c419   0x9e  Code  Gb  user_app_comm.o [1]
AppComm_Uart_Debug_Send
                         0x800'c4e1   0x18  Code  Lc  user_app_comm.o [1]
AppRs485_Task            0x800'd8f5   0x84  Code  Gb  user_app_rs485.o [1]
AppSensor_Task           0x800'434d   0x84  Code  Gb  user_app_sensor.o [1]
BUTTON_Down_Process      0x800'1299  0x36c  Code  Gb  button.o [1]
BUTTON_ESC_Process       0x800'161d  0x66e  Code  Gb  button.o [1]
BUTTON_Enter_Process     0x800'02ed  0xc08  Code  Gb  button.o [1]
BUTTON_Process           0x800'018d   0x32  Code  Gb  button.o [1]
BUTTON_Up_Process        0x800'0f11  0x37e  Code  Gb  button.o [1]
BUTTON_scan              0x800'01bf  0x11e  Code  Gb  button.o [1]
BUTTON_scan::block_time
                        0x2000'2870    0x2  Data  Lc  button.o [1]
BUTTON_scan::hold       0x2000'2828    0x4  Data  Lc  button.o [1]
BUTTON_scan::last_value
                        0x2000'2880    0x1  Data  Lc  button.o [1]
BusFault_Handler         0x800'ef73    0x2  Code  Gb  stm32l4xx_it.o [1]
CSTACK$$Base            0x2000'2898          --   Gb  - Linker created -
CSTACK$$Limit           0x2000'2c98          --   Gb  - Linker created -
Cal_Time                 0x800'2067   0x12  Code  Gb  user_util.o [1]
Calculator_Scale         0x800'4dfd   0x54  Code  Gb  user_convert_variable.o [1]
CheckList_AT_CONFIG     0x2000'0770  0x410  Data  Gb  user_at_serial.o [1]
Check_Time_Out           0x800'2049   0x1e  Code  Gb  user_util.o [1]
Convert_Point_Int_To_String
                         0x800'4e51   0xce  Code  Gb  user_convert_variable.o [1]
Convert_Point_Int_To_String_Scale
                         0x800'4f1f   0xea  Code  Gb  user_convert_variable.o [1]
Convert_Scale            0x800'21b9   0x5c  Code  Gb  user_util.o [1]
Convert_String_To_Dec    0x800'5179   0x5c  Code  Gb  user_convert_variable.o [1]
Convert_uint32Hex_To_Float
                         0x800'5035  0x144  Code  Gb  user_convert_variable.o [1]
CountBufferHandleRecvSS
                        0x2000'287a    0x2  Data  Gb  user_app_sensor.o [1]
DMA1_Channel3_IRQHandler
                         0x800'efcd    0xa  Code  Gb  stm32l4xx_it.o [1]
DMA1_Channel5_IRQHandler
                         0x800'efd7    0xa  Code  Gb  stm32l4xx_it.o [1]
DMA2_Channel7_IRQHandler
                         0x800'efff    0xa  Code  Gb  stm32l4xx_it.o [1]
DMA_SetConfig            0x800'a6b5   0x32  Code  Lc  stm32l4xx_hal_dma.o [1]
DaysInMonth              0x800'f828    0xc  Data  Lc  user_rtc.o [1]
DaysInMonthLeapYear      0x800'f834    0xc  Data  Lc  user_rtc.o [1]
DebugMon_Handler         0x800'ef79    0x2  Code  Gb  stm32l4xx_it.o [1]
Display_Check_Password   0x800'2d2d   0x2e  Code  Gb  lcd_display.o [1]
Display_Check_Toggle     0x800'2bb3   0xac  Code  Gb  lcd_display.o [1]
Display_Check_Toggle::Hide
                        0x2000'2218   0x80  Data  Lc  lcd_display.o [1]
Display_Check_Toggle::LandMarkToggle_u32
                        0x2000'1e88  0x1f8  Data  Lc  lcd_display.o [1]
Display_Init             0x800'2265  0x112  Code  Gb  lcd_display.o [1]
Display_Set_Screen       0x800'2cf7   0x36  Code  Gb  lcd_display.o [1]
Display_Set_Screen_Flag
                         0x800'2cb1   0x46  Code  Gb  lcd_display.o [1]
Display_Show_Oject       0x800'2813  0x3a0  Code  Gb  lcd_display.o [1]
Display_Show_Screen      0x800'2c5f   0x52  Code  Gb  lcd_display.o [1]
Display_Show_State_Sensor_Network
                         0x800'2d6f   0x34  Code  Gb  lcd_display.o [1]
Display_Show_State_Setting
                         0x800'2da3   0x5c  Code  Gb  lcd_display.o [1]
Display_Show_Static_Param
                         0x800'2d5b   0x14  Code  Gb  lcd_display.o [1]
Display_Task             0x800'2377   0x7e  Code  Gb  lcd_display.o [1]
Error_Handler            0x800'9dc5    0x4  Code  Gb  main.o [1]
FLASH_FlushCaches        0x800'b5fb   0x6a  Code  Gb  stm32l4xx_hal_flash_ex.o [1]
FLASH_PageErase          0x800'b5d1   0x2a  Code  Gb  stm32l4xx_hal_flash_ex.o [1]
FLASH_Program_DoubleWord
                         0x800'b55f   0x1a  Code  Lc  stm32l4xx_hal_flash.o [1]
FLASH_Program_Fast       0x800'b579   0x32  Code  Lc  stm32l4xx_hal_flash.o [1]
FLASH_WaitForLastOperation
                         0x800'b4f9   0x66  Code  Gb  stm32l4xx_hal_flash.o [1]
Filter_Temp              0x800'3731    0x2  Code  Gb  user_app_sensor.o [1]
Filter_pH                0x800'3671   0xc0  Code  Gb  user_app_sensor.o [1]
Filter_pH::P            0x2000'0764    0x4  Data  Lc  user_app_sensor.o [1]
Filter_pH::x_est        0x2000'2850    0x4  Data  Lc  user_app_sensor.o [1]
Filter_pH::x_est_last   0x2000'2854    0x4  Data  Lc  user_app_sensor.o [1]
Find_String_V2           0x800'e0ab  0x130  Code  Gb  user_string.o [1]
Find_str_fix             0x800'e1fd   0x94  Code  Gb  user_string.o [1]
Flag_gettick            0x2000'2884    0x1  Data  Gb  stm32l4xx_it.o [1]
Font5x7                  0x800'ed58  0x214  Data  Lc  lcd_display.o [1]
Get_RTC                  0x800'd7c5   0x4e  Code  Gb  user_time.o [1]
HAL_DMA_Abort            0x800'a511   0x54  Code  Gb  stm32l4xx_hal_dma.o [1]
HAL_DMA_Abort_IT         0x800'a565   0x5e  Code  Gb  stm32l4xx_hal_dma.o [1]
HAL_DMA_DeInit           0x800'a3a5   0xb8  Code  Gb  stm32l4xx_hal_dma.o [1]
HAL_DMA_IRQHandler       0x800'a5c3   0xf2  Code  Gb  stm32l4xx_hal_dma.o [1]
HAL_DMA_Init             0x800'a2c5   0xe0  Code  Gb  stm32l4xx_hal_dma.o [1]
HAL_DMA_Start_IT         0x800'a479   0x98  Code  Gb  stm32l4xx_hal_dma.o [1]
HAL_Delay                0x800'6989   0x28  Code  Wk  stm32l4xx_hal.o [1]
HAL_FLASH_Lock           0x800'b4eb    0xe  Code  Gb  stm32l4xx_hal_flash.o [1]
HAL_FLASH_Program        0x800'b419   0xb0  Code  Gb  stm32l4xx_hal_flash.o [1]
HAL_FLASH_Unlock         0x800'b4c9   0x22  Code  Gb  stm32l4xx_hal_flash.o [1]
HAL_GPIO_DeInit          0x800'1e8b  0x166  Code  Gb  stm32l4xx_hal_gpio.o [1]
HAL_GPIO_Init            0x800'1cc9  0x1c2  Code  Gb  stm32l4xx_hal_gpio.o [1]
HAL_GPIO_ReadPin         0x800'1ff1   0x16  Code  Gb  stm32l4xx_hal_gpio.o [1]
HAL_GPIO_WritePin        0x800'2007   0x18  Code  Gb  stm32l4xx_hal_gpio.o [1]
HAL_GetTick              0x800'56c1    0xc  Code  Wk  stm32l4xx_hal.o [1]
HAL_IncTick              0x800'f041   0x18  Code  Wk  stm32l4xx_hal.o [1]
HAL_Init                 0x800'bf15   0x24  Code  Gb  stm32l4xx_hal.o [1]
HAL_InitTick             0x800'caa9   0x60  Code  Wk  stm32l4xx_hal.o [1]
HAL_MspInit              0x800'cb11   0x38  Code  Gb  stm32l4xx_hal_msp.o [1]
HAL_NVIC_DisableIRQ      0x800'a83f    0xe  Code  Gb  stm32l4xx_hal_cortex.o [1]
HAL_NVIC_EnableIRQ       0x800'a831    0xe  Code  Gb  stm32l4xx_hal_cortex.o [1]
HAL_NVIC_SetPriority     0x800'a807   0x2a  Code  Gb  stm32l4xx_hal_cortex.o [1]
HAL_NVIC_SetPriorityGrouping
                         0x800'a7fb    0xc  Code  Gb  stm32l4xx_hal_cortex.o [1]
HAL_PWREx_ControlVoltageScaling
                         0x800'c775   0x76  Code  Gb  stm32l4xx_hal_pwr_ex.o [1]
HAL_PWREx_GetVoltageRange
                         0x800'c769    0xc  Code  Gb  stm32l4xx_hal_pwr_ex.o [1]
HAL_RCCEx_PeriphCLKConfig
                         0x800'9ddd  0x34c  Code  Gb  stm32l4xx_hal_rcc_ex.o [1]
HAL_RCC_ClockConfig      0x800'b0a1  0x17a  Code  Gb  stm32l4xx_hal_rcc.o [1]
HAL_RCC_GetHCLKFreq      0x800'b2ef    0x6  Code  Gb  stm32l4xx_hal_rcc.o [1]
HAL_RCC_GetPCLK1Freq     0x800'b2f5   0x1a  Code  Gb  stm32l4xx_hal_rcc.o [1]
HAL_RCC_GetPCLK2Freq     0x800'b30f   0x1a  Code  Gb  stm32l4xx_hal_rcc.o [1]
HAL_RCC_GetResetSource   0x800'b339   0x12  Code  Gb  stm32l4xx_hal_rcc.o [1]
HAL_RCC_GetSysClockFreq
                         0x800'b21b   0xd4  Code  Gb  stm32l4xx_hal_rcc.o [1]
HAL_RCC_OscConfig        0x800'aa19  0x688  Code  Gb  stm32l4xx_hal_rcc.o [1]
HAL_RTCEx_AlarmBEventCallback
                         0x800'e0a9    0x2  Code  Wk  stm32l4xx_hal_rtc_ex.o [1]
HAL_RTCEx_EnableBypassShadow
                         0x800'e291   0x48  Code  Gb  stm32l4xx_hal_rtc_ex.o [1]
HAL_RTC_AlarmAEventCallback
                         0x800'de11    0xc  Code  Gb  user_rtc.o [1]
HAL_RTC_AlarmIRQHandler
                         0x800'd14d   0x60  Code  Gb  stm32l4xx_hal_rtc.o [1]
HAL_RTC_DeactivateAlarm
                         0x800'd073   0xda  Code  Gb  stm32l4xx_hal_rtc.o [1]
HAL_RTC_GetDate          0x800'ce3b   0x52  Code  Gb  stm32l4xx_hal_rtc.o [1]
HAL_RTC_GetTime          0x800'cd09   0x66  Code  Gb  stm32l4xx_hal_rtc.o [1]
HAL_RTC_Init             0x800'cb49   0xca  Code  Gb  stm32l4xx_hal_rtc.o [1]
HAL_RTC_MspInit          0x800'c25d   0x50  Code  Gb  rtc.o [1]
HAL_RTC_SetAlarm_IT      0x800'ce8d  0x1e6  Code  Gb  stm32l4xx_hal_rtc.o [1]
HAL_RTC_SetDate          0x800'cd6f   0xcc  Code  Gb  stm32l4xx_hal_rtc.o [1]
HAL_RTC_SetTime          0x800'cc13   0xf6  Code  Gb  stm32l4xx_hal_rtc.o [1]
HAL_RTC_WaitForSynchro   0x800'd1ad   0x2e  Code  Gb  stm32l4xx_hal_rtc.o [1]
HAL_SPI_Init             0x800'97d5   0xf8  Code  Gb  stm32l4xx_hal_spi.o [1]
HAL_SPI_MspInit          0x800'be9d   0x62  Code  Gb  spi.o [1]
HAL_SPI_Transmit         0x800'98cd  0x1fe  Code  Gb  stm32l4xx_hal_spi.o [1]
HAL_SYSTICK_Config       0x800'a84d    0xc  Code  Gb  stm32l4xx_hal_cortex.o [1]
HAL_UARTEx_ReceiveToIdle_DMA
                         0x800'a9a5   0x70  Code  Gb  stm32l4xx_hal_uart_ex.o [1]
HAL_UARTEx_RxEventCallback
                         0x800'a8b3   0x3e  Code  Gb  user_uart.o [1]
HAL_UARTEx_WakeupCallback
                         0x800'aa15    0x2  Code  Wk  stm32l4xx_hal_uart_ex.o [1]
HAL_UART_ErrorCallback   0x800'a8f1   0x3e  Code  Gb  user_uart.o [1]
HAL_UART_IRQHandler      0x800'6b55  0x35c  Code  Gb  stm32l4xx_hal_uart.o [1]
HAL_UART_Init            0x800'69b1   0x7a  Code  Gb  stm32l4xx_hal_uart.o [1]
HAL_UART_MspDeInit       0x800'684d   0x80  Code  Gb  usart.o [1]
HAL_UART_MspInit         0x800'6629  0x224  Code  Gb  usart.o [1]
HAL_UART_Receive_IT      0x800'6af7   0x5e  Code  Gb  stm32l4xx_hal_uart.o [1]
HAL_UART_RxCpltCallback
                         0x800'a87d   0x36  Code  Gb  user_uart.o [1]
HAL_UART_Transmit        0x800'6a2b   0xcc  Code  Gb  stm32l4xx_hal_uart.o [1]
Handle_Data_Measure      0x800'3179  0x100  Code  Gb  user_app_sensor.o [1]
Handle_Data_Recv_SS_pH   0x800'33b9   0xc2  Code  Gb  user_app_sensor.o [1]
Handle_Data_Recv_Sensor
                         0x800'328b   0x20  Code  Gb  user_app_sensor.o [1]
Handle_Data_Trans_SS_pH
                         0x800'32bf   0xfa  Code  Gb  user_app_sensor.o [1]
Handle_Data_Trans_Sensor
                         0x800'3279   0x12  Code  Gb  user_app_sensor.o [1]
Handle_Float_To_hexUint32
                         0x800'51e5   0x24  Code  Gb  user_convert_variable.o [1]
Handle_State_SS_pH       0x800'3485   0x74  Code  Gb  user_app_sensor.o [1]
Handle_State_Sensor      0x800'32ab   0x14  Code  Gb  user_app_sensor.o [1]
HardFault_Handler        0x800'ef6f    0x2  Code  Gb  stm32l4xx_it.o [1]
IndexUartError          0x2000'2891    0x1  Data  Lc  user_uart.o [1]
Init_AppRs485            0x800'd8df   0x16  Code  Gb  user_app_rs485.o [1]
Init_AppSensor           0x800'4305   0x3e  Code  Gb  user_app_sensor.o [1]
Init_InforSlaveModbusRTU
                         0x800'4a1f   0x30  Code  Gb  user_app_modbus_rtu.o [1]
Init_MeasureRange        0x800'3f51  0x118  Code  Gb  user_app_sensor.o [1]
Init_ParamCalib          0x800'3bcd   0x92  Code  Gb  user_app_sensor.o [1]
Init_TempAlarm           0x800'3d4d   0xa2  Code  Gb  user_app_sensor.o [1]
Init_UartRs485           0x800'd8a1   0x3e  Code  Gb  user_app_rs485.o [1]
Insert_String_To_String
                         0x800'5009   0x2a  Code  Gb  user_convert_variable.o [1]
Kind_Trans_Calib        0x2000'2888    0x1  Data  Gb  user_app_sensor.o [1]
LPUART1_IRQHandler       0x800'f009    0xa  Code  Gb  stm32l4xx_it.o [1]
Liberation_Sans15x21_Numbers
                         0x800'eb30  0x228  Data  Lc  lcd_display.o [1]
MSIRangeTable            0x800'f104   0x30  Data  Gb  system_stm32l4xx.o [1]
MX_DMA_Init              0x800'c109   0x60  Code  Gb  dma.o [1]
MX_GPIO_Init             0x800'bf39  0x1d0  Code  Gb  gpio.o [1]
MX_LPUART1_UART_Init     0x800'6579   0x38  Code  Gb  usart.o [1]
MX_RTC_Init              0x800'c169   0xf4  Code  Gb  rtc.o [1]
MX_SPI2_Init             0x800'be4d   0x50  Code  Gb  spi.o [1]
MX_USART1_UART_Init      0x800'65b1   0x3c  Code  Gb  usart.o [1]
MX_USART3_UART_Init      0x800'65ed   0x3c  Code  Gb  usart.o [1]
Main_Task                0x800'c3bd   0x3c  Code  Gb  user_app_comm.o [1]
MemManage_Handler        0x800'ef71    0x2  Code  Gb  stm32l4xx_it.o [1]
ModRTU_CRC               0x800'6229   0x3c  Code  Gb  user_modbus_rtu.o [1]
ModRTU_Master_Read_Frame
                         0x800'6265   0x9c  Code  Gb  user_modbus_rtu.o [1]
ModRTU_Master_Write_Frame
                         0x800'6301   0xe8  Code  Gb  user_modbus_rtu.o [1]
ModRTU_Slave_ACK_Read_Frame
                         0x800'63e9   0xa2  Code  Gb  user_modbus_rtu.o [1]
ModRTU_Slave_ACK_Write_Frame
                         0x800'648b   0xee  Code  Gb  user_modbus_rtu.o [1]
Modem_Check_AT           0x800'd5e9  0x1dc  Code  Gb  user_at_serial.o [1]
Modem_Check_RTU          0x800'4a4f  0x37e  Code  Gb  user_app_modbus_rtu.o [1]
NMI_Handler              0x800'ef6d    0x2  Code  Gb  stm32l4xx_it.o [1]
NONE_Register_CallBack   0x800'44c9    0x6  Code  Gb  user_app_modbus_rtu.o [1]
NVIC_EncodePriority      0x800'a78b   0x40  Code  Lc  stm32l4xx_hal_cortex.o [1]
OldPosDMADebug          0x2000'2876    0x2  Data  Lc  user_app_comm.o [1]
Old_Value_i16           0x2000'2872    0x2  Data  Gb  button.o [1]
On_Speaker               0x800'264b   0x24  Code  Gb  lcd_display.o [1]
OnchipFlashPageErase     0x800'7a05   0x5a  Code  Gb  onchipflash.o [1]
OnchipFlashWriteData     0x800'7979   0x8c  Code  Gb  onchipflash.o [1]
PendSV_Handler           0x800'ef7b    0x2  Code  Gb  stm32l4xx_it.o [1]
PortConfig              0x2000'288b    0x1  Data  Gb  user_at_serial.o [1]
RC                       0x800'e1db   0x22  Code  Gb  user_string.o [1]
RCCEx_PLLSAI1_Config     0x800'a13d  0x16e  Code  Lc  stm32l4xx_hal_rcc_ex.o [1]
RCC_SetFlashLatencyFromMSIRange
                         0x800'b351   0x8a  Code  Lc  stm32l4xx_hal_rcc.o [1]
RS485SS_Init_Data        0x800'6915   0x10  Code  Gb  user_connect_sensor.o [1]
RS485SS_Init_RX_Mode     0x800'6925   0x1e  Code  Gb  user_connect_sensor.o [1]
RS485SS_Rx_Callback      0x800'6945   0x34  Code  Gb  user_connect_sensor.o [1]
RS485SS_Stop_RX_Mode     0x800'6943    0x2  Code  Gb  user_connect_sensor.o [1]
RS485_Done_Calib         0x800'3733   0x1c  Code  Gb  user_app_sensor.o [1]
RS485_Enter_Calib        0x800'374f   0x20  Code  Gb  user_app_sensor.o [1]
RS485_Init_RX_Mode       0x800'c7fd   0x1e  Code  Gb  user_rs485.o [1]
RS485_LogData_Calib      0x800'376f   0x78  Code  Gb  user_app_sensor.o [1]
RS485_Rx_Callback        0x800'c81d   0x3c  Code  Gb  user_rs485.o [1]
RS485_Stop_RX_Mode       0x800'c81b    0x2  Code  Gb  user_rs485.o [1]
RTC_AlarmStructure      0x2000'26b8   0x2c  Data  Lc  user_rtc.o [1]
RTC_Alarm_IRQHandler     0x800'eff5    0xa  Code  Gb  stm32l4xx_it.o [1]
RTC_Bcd2ToByte           0x800'd2c1   0x16  Code  Gb  stm32l4xx_hal_rtc.o [1]
RTC_ByteToBcd2           0x800'd2a5   0x1c  Code  Gb  stm32l4xx_hal_rtc.o [1]
RTC_EnterInitMode        0x800'd1db   0x4c  Code  Gb  stm32l4xx_hal_rtc.o [1]
RTC_ExitInitMode         0x800'd227   0x58  Code  Gb  stm32l4xx_hal_rtc.o [1]
RTC_GetCalendarValue     0x800'dfe3   0x90  Code  Lc  user_rtc.o [1]
RTC_IF_Convert_Tick2ms   0x800'de01   0x10  Code  Gb  user_rtc.o [1]
RTC_IF_Convert_ms2Tick   0x800'ddef   0x12  Code  Gb  user_rtc.o [1]
RTC_IF_GetMinimumTimeout
                         0x800'ddeb    0x4  Code  Gb  user_rtc.o [1]
RTC_IF_GetTimerContext   0x800'ddaf    0x8  Code  Gb  user_rtc.o [1]
RTC_IF_GetTimerElapsedTime
                         0x800'ddb7   0x16  Code  Gb  user_rtc.o [1]
RTC_IF_GetTimerValue     0x800'ddcd   0x1e  Code  Gb  user_rtc.o [1]
RTC_IF_Init              0x800'dd39   0x30  Code  Gb  user_rtc.o [1]
RTC_IF_SetTimerContext   0x800'dd99   0x16  Code  Gb  user_rtc.o [1]
RTC_IF_StartTimer        0x800'dd69    0xe  Code  Gb  user_rtc.o [1]
RTC_IF_StopTimer         0x800'dd77   0x22  Code  Gb  user_rtc.o [1]
RTC_Initalized          0x2000'2890    0x1  Data  Lc  user_rtc.o [1]
RTC_StartWakeUpAlarm     0x800'de1d  0x1c6  Code  Lc  user_rtc.o [1]
ReInit_Rx_Mode_Uart_Error
                         0x800'a92f   0x5a  Code  Gb  user_uart.o [1]
Read_Register_Rs485      0x800'3a59   0x66  Code  Gb  user_app_sensor.o [1]
Region$$Table$$Base      0x800'f1fc          --   Gb  - Linker created -
Region$$Table$$Limit     0x800'f21c          --   Gb  - Linker created -
Reset_Buff               0x800'20d9   0x24  Code  Gb  user_util.o [1]
Rs485SSStatus_u8        0x2000'288d    0x1  Data  Gb  user_connect_sensor.o [1]
Rs485Status_u8          0x2000'288f    0x1  Data  Gb  user_rs485.o [1]
RtCountSystick_u32      0x2000'2860    0x4  Data  Gb  user_util.o [1]
RtcTimerContext         0x2000'2780   0x1c  Data  Lc  user_rtc.o [1]
SPI_EndRxTxTransaction   0x800'9c95   0x6a  Code  Lc  stm32l4xx_hal_spi.o [1]
SPI_WaitFifoStateUntilTimeout
                         0x800'9ba3   0xee  Code  Lc  stm32l4xx_hal_spi.o [1]
SPI_WaitFlagStateUntilTimeout
                         0x800'9acb   0xd8  Code  Lc  stm32l4xx_hal_spi.o [1]
SVC_Handler              0x800'ef77    0x2  Code  Gb  stm32l4xx_it.o [1]
Save_Array               0x800'7a65   0x86  Code  Gb  onchipflash.o [1]
Save_InforSlaveModbusRTU
                         0x800'49db   0x44  Code  Gb  user_app_modbus_rtu.o [1]
Save_MeasureRange        0x800'3def  0x162  Code  Gb  user_app_sensor.o [1]
Save_ParamCalib          0x800'3b0d   0xba  Code  Gb  user_app_sensor.o [1]
Save_TempAlarm           0x800'3c6d   0xce  Code  Gb  user_app_sensor.o [1]
Send_RS458_Master        0x800'49a3   0x38  Code  Gb  user_app_modbus_rtu.o [1]
Send_RS458_Sensor        0x800'3abf   0x40  Code  Gb  user_app_sensor.o [1]
SysApp_Init              0x800'c375    0xc  Code  Gb  user_app_comm.o [1]
SysApp_Setting           0x800'c381   0x3c  Code  Gb  user_app_comm.o [1]
SysTick_Config           0x800'a7cb   0x30  Code  Lc  stm32l4xx_hal_cortex.o [1]
SysTick_Handler          0x800'ef7d   0x50  Code  Gb  stm32l4xx_it.o [1]
SystemClock_Config       0x800'9d33   0x92  Code  Gb  main.o [1]
SystemCoreClock         0x2000'0534    0x4  Data  Gb  system_stm32l4xx.o [1]
SystemInit               0x800'f5fd    0xc  Code  Gb  system_stm32l4xx.o [1]
TRACE_AllocateBufer      0x800'c9cd   0xa2  Code  Lc  user_adv_trace.o [1]
TRACE_IsLocked           0x800'ca83   0x10  Code  Lc  user_adv_trace.o [1]
TRACE_Lock               0x800'ca6f    0xa  Code  Lc  user_adv_trace.o [1]
TRACE_Send               0x800'c947   0x84  Code  Lc  user_adv_trace.o [1]
TRACE_UnLock             0x800'ca79    0xa  Code  Lc  user_adv_trace.o [1]
TimerExists              0x800'd551   0x1a  Code  Gb  user_timer.o [1]
TimerInsertNewHeadTimer
                         0x800'd5c5   0x1c  Code  Gb  user_timer.o [1]
TimerInsertTimer         0x800'd597   0x2e  Code  Gb  user_timer.o [1]
TimerListHead           0x2000'285c    0x4  Data  Lc  user_timer.o [1]
TimerSetTimeout          0x800'd56b   0x2c  Code  Gb  user_timer.o [1]
TimerTx                 0x2000'27cc   0x18  Data  Lc  user_app_comm.o [1]
TxCpltCallback          0x2000'2844    0x4  Data  Lc  user_app_comm.o [1]
UART_AdvFeatureConfig    0x800'71ad   0xda  Code  Gb  stm32l4xx_hal_uart.o [1]
UART_CheckIdleState      0x800'7287   0xd2  Code  Gb  stm32l4xx_hal_uart.o [1]
UART_DMAAbortOnError     0x800'7739   0x1a  Code  Lc  stm32l4xx_hal_uart.o [1]
UART_DMAError            0x800'76e9   0x50  Code  Lc  stm32l4xx_hal_uart.o [1]
UART_DMAReceiveCplt      0x800'761d   0xa2  Code  Lc  stm32l4xx_hal_uart.o [1]
UART_DMARxHalfCplt       0x800'76c1   0x28  Code  Lc  stm32l4xx_hal_uart.o [1]
UART_EndRxTransfer       0x800'75bf   0x5e  Code  Lc  stm32l4xx_hal_uart.o [1]
UART_EndTransmit_IT      0x800'7753   0x2a  Code  Lc  stm32l4xx_hal_uart.o [1]
UART_EndTxTransfer       0x800'75a3   0x1c  Code  Lc  stm32l4xx_hal_uart.o [1]
UART_RxISR_16BIT         0x800'7871   0xee  Code  Lc  stm32l4xx_hal_uart.o [1]
UART_RxISR_8BIT          0x800'777d   0xec  Code  Lc  stm32l4xx_hal_uart.o [1]
UART_SetConfig           0x800'6eb5  0x2ec  Code  Gb  stm32l4xx_hal_uart.o [1]
UART_Start_Receive_DMA   0x800'74e7   0xbc  Code  Gb  stm32l4xx_hal_uart.o [1]
UART_Start_Receive_IT    0x800'73f7   0xf0  Code  Gb  stm32l4xx_hal_uart.o [1]
UART_WaitOnFlagUntilTimeout
                         0x800'7359   0x9e  Code  Gb  stm32l4xx_hal_uart.o [1]
USART1_IRQHandler        0x800'efe1    0xa  Code  Gb  stm32l4xx_it.o [1]
USART3_IRQHandler        0x800'efeb    0xa  Code  Gb  stm32l4xx_it.o [1]
UTIL_ADV_TRACE_COND_FSend
                         0x800'c86d   0xda  Code  Gb  user_adv_trace.o [1]
UTIL_Log_Str             0x800'215d   0x36  Code  Gb  user_util.o [1]
UTIL_MEM_cpy             0x800'2199   0x1e  Code  Gb  user_util.o [1]
UTIL_MEM_set             0x800'20fd   0x18  Code  Gb  user_util.o [1]
UTIL_Printf              0x800'2115   0x2c  Code  Gb  user_util.o [1]
UTIL_Printf_Str          0x800'2141   0x1c  Code  Gb  user_util.o [1]
UTIL_TIMER_Create        0x800'd2ed   0x4c  Code  Gb  user_timer.o [1]
UTIL_TIMER_IRQ_Handler   0x800'd49f   0xb2  Code  Gb  user_timer.o [1]
UTIL_TIMER_Init          0x800'd2d9   0x14  Code  Gb  user_timer.o [1]
UTIL_TIMER_SetPeriod     0x800'd465   0x3a  Code  Gb  user_timer.o [1]
UTIL_TIMER_Start         0x800'd339   0x92  Code  Gb  user_timer.o [1]
UTIL_TIMER_Stop          0x800'd3cb   0x9a  Code  Gb  user_timer.o [1]
UTIL_TimerDriver         0x800'f134   0x2c  Data  Gb  user_rtc.o [1]
UTIL_TraceDriver         0x800'f6c0    0xc  Data  Gb  user_app_comm.o [1]
Uart485RxByte           0x2000'288e    0x1  Data  Lc  user_rs485.o [1]
Uart485SSRxByte         0x2000'288c    0x1  Data  Lc  user_connect_sensor.o [1]
UartDebugBuff           0x2000'0bd8  0x4b0  Data  Gb  user_app_comm.o [1]
UartDebugCountFail      0x2000'287e    0x2  Data  Lc  user_uart.o [1]
UartDebugRxByte         0x2000'2885    0x1  Data  Gb  user_app_comm.o [1]
Update_ParaDisplay       0x800'266f  0x1a4  Code  Gb  lcd_display.o [1]
UsageFault_Handler       0x800'ef75    0x2  Code  Gb  stm32l4xx_it.o [1]
User_RTC_Init            0x800'dd01   0x38  Code  Lc  user_rtc.o [1]
UtilFloatToString        0x800'2215   0x2e  Code  Gb  user_util.o [1]
UtilIntToStringWithScale
                         0x800'2079   0x60  Code  Gb  user_util.o [1]
VLevelDebug             0x2000'0bd4    0x1  Data  Gb  user_util.o [1]
_Cb_Display_Auto_SW      0x800'256b   0x7e  Code  Lc  lcd_display.o [1]
_Cb_Display_Auto_SW::MarkButtPressed
                        0x2000'2883    0x1  Data  Lc  lcd_display.o [1]
_Cb_Display_Auto_SW::cNext
                        0x2000'2874    0x2  Data  Lc  lcd_display.o [1]
_Cb_Display_Init         0x800'23f5   0x52  Code  Lc  lcd_display.o [1]
_Cb_Display_Logo         0x800'2447   0xa8  Code  Lc  lcd_display.o [1]
_Cb_Display_Logo::step_u8
                        0x2000'2881    0x1  Data  Lc  lcd_display.o [1]
_Cb_Display_Show         0x800'24ef   0x7c  Code  Lc  lcd_display.o [1]
_Cb_Display_Show::LandMarkChange_u32
                        0x2000'2838    0x4  Data  Lc  lcd_display.o [1]
_Cb_Display_Show::ScreenLast
                        0x2000'2882    0x1  Data  Lc  lcd_display.o [1]
_Cb_HandLer_IDLE         0x800'c363    0x6  Code  Lc  user_app_comm.o [1]
_Cb_Off_Speaker          0x800'2635   0x16  Code  Lc  lcd_display.o [1]
_Cb_R_ModbusRTU_REG_Alarm_Lower
                         0x800'4889   0x5a  Code  Gb  user_app_modbus_rtu.o [1]
_Cb_R_ModbusRTU_REG_Alarm_State
                         0x800'46c5   0x2e  Code  Gb  user_app_modbus_rtu.o [1]
_Cb_R_ModbusRTU_REG_Alarm_Upper
                         0x800'476f   0x5a  Code  Gb  user_app_modbus_rtu.o [1]
_Cb_R_ModbusRTU_REG_Baudrate
                         0x800'4575   0x2e  Code  Gb  user_app_modbus_rtu.o [1]
_Cb_R_ModbusRTU_REG_ID   0x800'44cf   0x2e  Code  Gb  user_app_modbus_rtu.o [1]
_Cb_R_ModbusRTU_REG_Temp_Measure
                         0x800'466b   0x5a  Code  Gb  user_app_modbus_rtu.o [1]
_Cb_R_ModbusRTU_REG_pH_Measure
                         0x800'4611   0x5a  Code  Gb  user_app_modbus_rtu.o [1]
_Cb_Save_Box             0x800'c36f    0x6  Code  Lc  user_app_comm.o [1]
_Cb_Set_RTC              0x800'c347   0x1c  Code  Lc  user_app_comm.o [1]
_Cb_TX_Timer_Event       0x800'c4c5   0x1a  Code  Lc  user_app_comm.o [1]
_Cb_Timer_IRQ            0x800'c2b9    0xc  Code  Lc  user_app_comm.o [1]
_Cb_Tx_Timer             0x800'c369    0x6  Code  Lc  user_app_comm.o [1]
_Cb_Uart_Error           0x800'c33b    0xc  Code  Lc  user_app_comm.o [1]
_Cb_Uart_Rx_Debug        0x800'c2c5   0x76  Code  Lc  user_app_comm.o [1]
_Cb_Uart_Rx_Debug::LastLengthRecv
                        0x2000'2878    0x2  Data  Lc  user_app_comm.o [1]
_Cb_Uart_Rx_Debug::MarkFirstRecvUart
                        0x2000'2886    0x1  Data  Lc  user_app_comm.o [1]
_Cb_W_ModbusRTU_REG_Alarm_Lower
                         0x800'48e3   0xc0  Code  Gb  user_app_modbus_rtu.o [1]
_Cb_W_ModbusRTU_REG_Alarm_State
                         0x800'46f3   0x7c  Code  Gb  user_app_modbus_rtu.o [1]
_Cb_W_ModbusRTU_REG_Alarm_Upper
                         0x800'47c9   0xc0  Code  Gb  user_app_modbus_rtu.o [1]
_Cb_W_ModbusRTU_REG_Baudrate
                         0x800'45a3   0x6e  Code  Gb  user_app_modbus_rtu.o [1]
_Cb_W_ModbusRTU_REG_ID   0x800'44fd   0x78  Code  Gb  user_app_modbus_rtu.o [1]
_Cb_button_detect        0x800'261d   0x18  Code  Lc  lcd_display.o [1]
_Cb_button_scan          0x800'25e9   0x34  Code  Lc  lcd_display.o [1]
_LitobFullNoMb           0x800'95cd  0x10a  Code  Lc  xprintffull_nomb.o [2]
_Locale_lconv           0x2000'0b98   0x38  Data  Lc  xlocale_c.o [2]
_PrintfFullNoMb          0x800'880d  0xd9c  Code  Gb  xprintffull_nomb.o [2]
_PutcharFullNoMb         0x800'973d   0x20  Code  Lc  xprintffull_nomb.o [2]
_PutcharsFullNoMb        0x800'975d   0x2e  Code  Lc  xprintffull_nomb.o [2]
_SProut                  0x800'529b    0xa  Code  Gb  xsprout.o [2]
__NVIC_DisableIRQ        0x800'a739   0x26  Code  Lc  stm32l4xx_hal_cortex.o [1]
__NVIC_EnableIRQ         0x800'a719   0x20  Code  Lc  stm32l4xx_hal_cortex.o [1]
__NVIC_GetPriorityGrouping
                         0x800'a70b    0xc  Code  Lc  stm32l4xx_hal_cortex.o [1]
__NVIC_SetPriority       0x800'a75f   0x2c  Code  Lc  stm32l4xx_hal_cortex.o [1]
__NVIC_SetPriorityGrouping
                         0x800'a6e9   0x22  Code  Lc  stm32l4xx_hal_cortex.o [1]
__aeabi_cdcmpeq          0x800'b759         Code  Gb  DblCmpEq.o [3]
__aeabi_cdcmple          0x800'b7e9         Code  Gb  DblCmpLe.o [3]
__aeabi_cdrcmple         0x800'b819         Code  Gb  DblCmpGe.o [3]
__aeabi_d2f              0x800'5505         Code  Gb  DblToFlt.o [3]
__aeabi_d2iz             0x800'80e5         Code  Gb  DblToS32.o [3]
__aeabi_d2uiz            0x800'be1d         Code  Gb  DblToU32.o [3]
__aeabi_dadd             0x800'7f69         Code  Gb  DblAdd.o [3]
__aeabi_ddiv             0x800'52bd         Code  Gb  DblDiv.o [3]
__aeabi_dmul             0x800'7dc5         Code  Gb  DblMul.o [3]
__aeabi_dsub             0x800'b675         Code  Gb  DblSub.o [3]
__aeabi_f2d              0x800'5589         Code  Gb  FltToDbl.o [3]
__aeabi_i2d              0x800'5279         Code  Gb  S32ToDbl.o [3]
__aeabi_ldiv0            0x800'b671         Code  Gb  I64DivZer.o [4]
__aeabi_memcpy           0x800'7aed         Code  Gb  ABImemcpy.o [4]
__aeabi_memcpy4          0x800'7b0d         Code  Gb  ABImemcpy.o [4]
__aeabi_memcpy8          0x800'7b0d         Code  Gb  ABImemcpy.o [4]
__aeabi_memset           0x800'5c31         Code  Gb  ABImemset.o [4]
__aeabi_ui2d             0x800'556d         Code  Gb  U32ToDbl.o [3]
__aeabi_uldivmod         0x800'7b95         Code  Gb  I64DivMod.o [4]
__cmain                  0x800'f23d         Code  Gb  cmain.o [4]
__exit                   0x800'dced   0x14  Code  Gb  exit.o [5]
__iar_Exp64              0x800'b849  0x388  Code  Gb  iar_Exp64.o [3]
__iar_Fail_s             0x800'bc49   0x1c  Code  Gb  xfail_s.o [2]
__iar_Memchr             0x800'bc89         Code  Gb  memchr.o [4]
__iar_Memset             0x800'5c31         Code  Gb  ABImemset.o [4]
__iar_Memset_word        0x800'5c39         Code  Gb  ABImemset.o [4]
__iar_Strchr             0x800'bc31         Code  Gb  strchr.o [4]
__iar_dadd               0x800'b685         Code  Gb  DblSub.o [3]
__iar_data_init3         0x800'f1b1   0x28  Code  Gb  data_init.o [4]
__iar_dsub               0x800'7f79         Code  Gb  DblAdd.o [3]
__iar_dsubStart          0x800'7f8b         Code  Gb  DblAdd.o [3]
__iar_frexp              0x800'b785         Code  Gb  frexp.o [3]
__iar_frexpl             0x800'b785         Code  Gb  frexp.o [3]
__iar_init_vfp           0x800'f1d9         Code  Gb  fpinit_M.o [3]
__iar_ldexp64            0x800'bce1         Code  Gb  ldexp.o [3]
__iar_lz77_init_single3
                         0x800'f059   0x78  Code  Gb  lz77_init_single.o [4]
__iar_pow64              0x800'8121  0x6ec  Code  Gb  pow64.o [3]
__iar_pow_medium         0x800'8121  0x6ec  Code  Gb  pow64.o [3]
__iar_pow_medium64       0x800'8121  0x6ec  Code  Gb  pow64.o [3]
__iar_pow_mediuml        0x800'8121  0x6ec  Code  Gb  pow64.o [3]
__iar_program_start      0x800'f841         Code  Gb  cstartup_M.o [4]
__iar_scalbln64          0x800'bce1         Code  Gb  ldexp.o [3]
__iar_scalbn64           0x800'bce1         Code  Gb  ldexp.o [3]
__iar_softfp___iar_frexp64
                         0x800'b779         Code  Gb  frexp.o [3]
__iar_softfp_frexp       0x800'b779         Code  Gb  frexp.o [3]
__iar_softfp_frexpl      0x800'b779         Code  Gb  frexp.o [3]
__iar_vfp_pow            0x800'52ab   0x10  Code  Gb  math_wrappers64.o [3]
__iar_zero_init3         0x800'523f   0x3a  Code  Gb  zero_init3.o [4]
__low_level_init         0x800'f25b    0x4  Code  Gb  low_level_init.o [2]
__vector_table           0x800'0000         Data  Gb  startup_stm32l433xx.o [1]
_call_main               0x800'f249         Code  Gb  cmain.o [4]
_exit                    0x800'f265         Code  Gb  cexit.o [4]
_fRead_pH_Slope_Calib    0x800'3a23   0x2a  Code  Gb  user_app_sensor.o [1]
_fRead_pH_Slope_Point    0x800'39c1   0x38  Code  Gb  user_app_sensor.o [1]
_fRead_pH_Zero_Calib     0x800'39f9   0x2a  Code  Gb  user_app_sensor.o [1]
_fRead_pH_Zero_Point     0x800'3989   0x38  Code  Gb  user_app_sensor.o [1]
_fSet_pH_Slope_Calib_UpDown
                         0x800'38bd   0xc2  Code  Gb  user_app_sensor.o [1]
_fSet_pH_Zero_Calib_UpDown
                         0x800'37ed   0xc2  Code  Gb  user_app_sensor.o [1]
_main                    0x800'f257         Code  Gb  cmain.o [4]
aAT_CMD                 0x2000'2498   0x80  Data  Lc  user_at_serial.o [1]
aBaudrate_value         0x2000'0658   0x2c  Data  Gb  user_app_modbus_rtu.o [1]
aDATA_CALIB             0x2000'2848    0x4  Data  Gb  user_app_sensor.o [1]
aDATA_CONFIG            0x2000'2298   0x80  Data  Lc  user_app_modbus_rtu.o [1]
aDATA_CONFIG            0x2000'2418   0x80  Data  Lc  user_at_serial.o [1]
aDATA_LOG_REGISTER      0x2000'2318   0x80  Data  Lc  user_app_modbus_rtu.o [1]
aModeSelectONOFF        0x2000'0118    0x8  Data  Gb  lcd_display.o [1]
aPASSWORD               0x2000'00c4    0x4  Data  Gb  lcd_display.o [1]
aPH_SLOPE_CALIB         0x2000'0758    0xc  Data  Gb  user_app_sensor.o [1]
aPH_ZERO_CALIB          0x2000'0754    0x4  Data  Gb  user_app_sensor.o [1]
aSTT_SETTING_DONE       0x2000'00f8   0x10  Data  Gb  lcd_display.o [1]
aSTT_SETTING_ENTER      0x2000'00d8   0x10  Data  Gb  lcd_display.o [1]
aSTT_SETTING_ERROR      0x2000'0108   0x10  Data  Gb  lcd_display.o [1]
aSTT_SETTING_FREE       0x2000'00c8   0x10  Data  Gb  lcd_display.o [1]
aSTT_SETTING_WAIT       0x2000'00e8   0x10  Data  Gb  lcd_display.o [1]
aSampling_STT           0x2000'26e4   0x28  Data  Gb  user_app_sensor.o [1]
aSampling_VALUE         0x2000'270c   0x28  Data  Gb  user_app_sensor.o [1]
aTEST                   0x2000'0000    0xc  Data  Lc  button.o [1]
aUART_485SS_DATA        0x2000'1a88  0x200  Data  Lc  user_connect_sensor.o [1]
aUART_485_DATA          0x2000'1c88  0x200  Data  Lc  user_rs485.o [1]
aUART_DBG_DMA_RX        0x2000'257c   0x64  Data  Lc  user_app_comm.o [1]
abort                    0x800'cb09    0x6  Code  Gb  abort.o [2]
abs                      0x800'9cff    0x8  Code  Gb  abs.o [2]
aframe                  0x2000'2398   0x80  Data  Gb  user_app_modbus_rtu.o [1]
bmp_SV_logo_12864        0x800'e730  0x400  Data  Gb  unit_tests.o [1]
charNotDetectPress      0x2000'0bd2    0x1  Data  Lc  lcd_display.o [1]
count_gettick           0x2000'2840    0x4  Data  Gb  stm32l4xx_it.o [1]
delay_ms                 0x800'56b5    0xc  Code  Gb  STM32L4.o [1]
ee_number                0x800'd9c5  0x146  Code  Lc  user_tiny_vsnprintf.o [1]
ee_skip_atoi             0x800'd99d   0x28  Code  Lc  user_tiny_vsnprintf.o [1]
exit                     0x800'f25f    0x4  Code  Gb  exit.o [2]
fevent_active            0x800'595d   0x1e  Code  Gb  event_driven.o [1]
fevent_detect_connect    0x800'3033   0x14  Code  Lc  user_app_sensor.o [1]
fevent_disable           0x800'599f   0x12  Code  Gb  event_driven.o [1]
fevent_enable            0x800'597b   0x24  Code  Gb  event_driven.o [1]
fevent_rs485_entry       0x800'd81d   0x12  Code  Lc  user_app_rs485.o [1]
fevent_rs485_init_uart   0x800'd82f   0x2e  Code  Lc  user_app_rs485.o [1]
fevent_rs485_init_uart::stamp
                        0x2000'2887    0x1  Data  Lc  user_app_rs485.o [1]
fevent_rs485_receive_complete
                         0x800'd85d   0x24  Code  Lc  user_app_rs485.o [1]
fevent_rs485_refresh     0x800'd881   0x20  Code  Lc  user_app_rs485.o [1]
fevent_sensor_entry      0x800'2e95   0x12  Code  Lc  user_app_sensor.o [1]
fevent_sensor_receive_complete
                         0x800'2f69   0xb6  Code  Lc  user_app_sensor.o [1]
fevent_sensor_receive_handle
                         0x800'2f29   0x40  Code  Lc  user_app_sensor.o [1]
fevent_sensor_reset      0x800'30f5   0x84  Code  Lc  user_app_sensor.o [1]
fevent_sensor_reset::state
                        0x2000'2889    0x1  Data  Lc  user_app_sensor.o [1]
fevent_sensor_transmit   0x800'2ea7   0x82  Code  Lc  user_app_sensor.o [1]
fevent_sensor_wait_calib
                         0x800'301f   0x14  Code  Lc  user_app_sensor.o [1]
fevent_temp_alarm        0x800'3047   0xae  Code  Lc  user_app_sensor.o [1]
font_current            0x2000'2804    0xc  Data  Gb  text.o [1]
glcd_ST7565R_init        0x800'5bd5   0x5c  Code  Gb  ST7565R.o [1]
glcd_bbox               0x2000'282c    0x4  Data  Gb  glcd.o [1]
glcd_bbox_refresh        0x800'5a59   0x1c  Code  Gb  glcd.o [1]
glcd_bbox_selected      0x2000'2834    0x4  Data  Gb  glcd.o [1]
glcd_buffer             0x2000'1088  0x400  Data  Gb  glcd.o [1]
glcd_buffer_selected    0x2000'2830    0x4  Data  Gb  glcd.o [1]
glcd_clear               0x800'5a75   0x28  Code  Gb  glcd.o [1]
glcd_clear_buffer        0x800'5a9d   0x24  Code  Gb  glcd.o [1]
glcd_command             0x800'5ad5   0x1a  Code  Gb  ST7565R.o [1]
glcd_data                0x800'5aef   0x1a  Code  Gb  ST7565R.o [1]
glcd_draw_bitmap         0x800'6201   0x1e  Code  Gb  graphics.o [1]
glcd_draw_char_xy        0x800'5cb3  0x33a  Code  Gb  text.o [1]
glcd_draw_line           0x800'60f5  0x10c  Code  Gb  graphics.o [1]
glcd_draw_string_xy      0x800'5fed   0x38  Code  Gb  text.o [1]
glcd_enable_backlight    0x800'5639    0x2  Code  Gb  STM32L4.o [1]
glcd_init                0x800'5611   0x28  Code  Gb  STM32L4.o [1]
glcd_reset               0x800'5665   0x40  Code  Gb  STM32L4.o [1]
glcd_reset_bbox          0x800'5a3d   0x1c  Code  Gb  glcd.o [1]
glcd_select_screen       0x800'5ac1    0xa  Code  Gb  glcd.o [1]
glcd_set_column_lower    0x800'5b49    0xe  Code  Gb  ST7565R.o [1]
glcd_set_column_upper    0x800'5b33   0x16  Code  Gb  ST7565R.o [1]
glcd_set_font            0x800'5c99   0x1a  Code  Gb  text.o [1]
glcd_set_pixel           0x800'6029   0xcc  Code  Gb  graphics.o [1]
glcd_set_x_address       0x800'5b1d   0x16  Code  Gb  ST7565R.o [1]
glcd_set_y_address       0x800'5b09   0x14  Code  Gb  ST7565R.o [1]
glcd_spi_write           0x800'563b   0x2a  Code  Gb  STM32L4.o [1]
glcd_test_bitmap_128x64
                         0x800'59b1    0xe  Code  Gb  unit_tests.o [1]
glcd_tiny_draw_char      0x800'56e7  0x21a  Code  Gb  text_tiny.o [1]
glcd_tiny_draw_string    0x800'5901   0x54  Code  Gb  text_tiny.o [1]
glcd_tiny_set_font       0x800'56cd   0x1a  Code  Gb  text_tiny.o [1]
glcd_update_bbox         0x800'59c5   0x78  Code  Gb  glcd.o [1]
glcd_write               0x800'5b57   0x70  Code  Gb  ST7565R.o [1]
hdma_lpuart_rx          0x2000'25e0   0x48  Data  Gb  usart.o [1]
hdma_usart1_rx          0x2000'2628   0x48  Data  Gb  usart.o [1]
hdma_usart3_rx          0x2000'2670   0x48  Data  Gb  usart.o [1]
hlpuart1                0x2000'2080   0x88  Data  Gb  usart.o [1]
hrtc                    0x2000'275c   0x24  Data  Gb  rtc.o [1]
hspi2                   0x2000'2518   0x64  Data  Gb  spi.o [1]
huart1                  0x2000'2108   0x88  Data  Gb  usart.o [1]
huart3                  0x2000'2190   0x88  Data  Gb  usart.o [1]
ldexp                    0x800'bce1         Code  Gb  ldexp.o [3]
ldexpl                   0x800'bce1         Code  Gb  ldexp.o [3]
lnbias                   0x800'e310  0x420  Data  Lc  pow64.o [3]
localeconv               0x800'be45    0x4  Code  Gb  xlocale_c.o [2]
lower_digits            0x2000'0b90    0x4  Data  Lc  user_tiny_vsnprintf.o [1]
main                     0x800'9d07   0x2c  Code  Gb  main.o [1]
memchr                   0x800'bc89         Code  Gb  memchr.o [4]
memset                   0x800'9dc9   0x14  Code  Gb  memset.o [4]
pFlash                  0x2000'0514   0x20  Data  Gb  stm32l4xx_hal_flash.o [1]
pFunc_UTIL_Debug_Send   0x2000'2868    0x4  Data  Gb  user_util.o [1]
pFunc_UTIL_Log_To_Mem   0x2000'2864    0x4  Data  Gb  user_util.o [1]
pModemProcessIRQTimer   0x2000'2858    0x4  Data  Gb  user_rtc.o [1]
pow                      0x800'8121  0x6ec  Code  Gb  pow64.o [3]
powl                     0x800'8121  0x6ec  Code  Gb  pow64.o [3]
quickSort_Sampling       0x800'34f9   0x9a  Code  Gb  user_app_sensor.o [1]
quickSort_Sampling_Value
                         0x800'3595   0xdc  Code  Gb  user_app_sensor.o [1]
quickSort_Sampling_Value::Handle_Once
                        0x2000'288a    0x1  Data  Lc  user_app_sensor.o [1]
sButton                 0x2000'279c   0x18  Data  Gb  button.o [1]
sCheckList_Reg_Modbus_RTU
                        0x2000'05b8   0xa0  Data  Gb  user_app_modbus_rtu.o [1]
sData_Calib             0x2000'074c    0x8  Data  Gb  user_app_sensor.o [1]
sEventAppComm           0x2000'0538   0x70  Data  Gb  user_app_comm.o [1]
sEventAppRs485          0x2000'068c   0x40  Data  Gb  user_app_rs485.o [1]
sEventAppSensor         0x2000'06cc   0x80  Data  Gb  user_app_sensor.o [1]
sEventDisplay           0x2000'000c   0x70  Data  Gb  lcd_display.o [1]
sFirmVersion            0x2000'05a8    0x8  Data  Gb  user_app_comm.o [1]
sHandleRs485            0x2000'284c    0x4  Data  Gb  user_app_sensor.o [1]
sKindMode485            0x2000'287c    0x2  Data  Gb  user_app_sensor.o [1]
sLCD                    0x2000'27e4   0x10  Data  Gb  lcd_display.o [1]
sLCDObject              0x2000'0120  0x3f0  Data  Gb  lcd_display.o [1]
sLogData_ModbusRTU      0x2000'0684    0x8  Data  Gb  user_app_modbus_rtu.o [1]
sMeasureRange           0x2000'27f4   0x10  Data  Gb  user_app_sensor.o [1]
sModelVersion           0x2000'00bc    0x8  Data  Gb  lcd_display.o [1]
sParaDisplay            0x2000'007c   0x40  Data  Gb  lcd_display.o [1]
sRTC                    0x2000'281c    0xc  Data  Gb  user_util.o [1]
sSensor_pH              0x2000'2734   0x28  Data  Gb  user_app_sensor.o [1]
sSlave_ModbusRTU        0x2000'0bd0    0x2  Data  Gb  user_app_modbus_rtu.o [1]
sTempAlarm              0x2000'2810    0xc  Data  Gb  user_app_sensor.o [1]
sUart485                0x2000'0b88    0x8  Data  Gb  user_rs485.o [1]
sUart485SS              0x2000'0b80    0x8  Data  Gb  user_connect_sensor.o [1]
sUartDebug              0x2000'05b0    0x8  Data  Gb  user_app_comm.o [1]
scalbln                  0x800'bce1         Code  Gb  ldexp.o [3]
scalblnl                 0x800'bce1         Code  Gb  ldexp.o [3]
scalbn                   0x800'bce1         Code  Gb  ldexp.o [3]
scalbnl                  0x800'bce1         Code  Gb  ldexp.o [3]
scale                    0x800'96d7   0x46  Code  Lc  xprintffull_nomb.o [2]
sec_hand                0x2000'286c    0x4  Data  Lc  xfail_s.o [2]
sprintf                  0x800'55d1   0x40  Code  Gb  sprintf.o [2]
strATcmd                0x2000'0768    0x8  Data  Gb  user_at_serial.o [1]
strchr                   0x800'bc31         Code  Gb  strchr.o [4]
strlen                   0x800'5209         Code  Gb  strlen.o [4]
sztmp                   0x2000'1888  0x200  Data  Lc  user_adv_trace.o [1]
tiny_vsnprintf_like      0x800'db0b  0x1d6  Code  Gb  user_tiny_vsnprintf.o [1]
upper_digits            0x2000'0b94    0x4  Data  Lc  user_tiny_vsnprintf.o [1]
uwTick                  0x2000'283c    0x4  Data  Gb  stm32l4xx_hal.o [1]
uwTickFreq              0x2000'0bd3    0x1  Data  Gb  stm32l4xx_hal.o [1]
uwTickPrio              0x2000'0510    0x4  Data  Gb  stm32l4xx_hal.o [1]
vcom_DeInit              0x800'c6df   0x1e  Code  Gb  user_app_comm.o [1]
vcom_Init                0x800'c6d5    0xa  Code  Gb  user_app_comm.o [1]
vcom_Trace_DMA           0x800'c6fd   0x24  Code  Gb  user_app_comm.o [1]


[1] = D:\Saoviet_Git\Saoviet_EnviroTrack_M_And_S\Project_Slave_LanChang_pH\Project_Slave_Sensor_EnviroTrack\EWARM\Project_Slave_Sensor_EnviroTrack\Obj
[2] = dl7M_tlf.a
[3] = m7M_tls.a
[4] = rt7M_tl.a
[5] = shb_l.a

  58'829 bytes of readonly  code memory
   6'538 bytes of readonly  data memory
  11'407 bytes of readwrite data memory

Errors: none
Warnings: none
