###############################################################################
#
# IAR ELF Linker V8.40.2.214/W32 for ARM                  28/Oct/2025  09:55:17
# Copyright 2007-2019 IAR Systems AB.
#
#    Output file  =
#        D:\Saoviet_Git\Saoviet_EnviroTrack_M_And_S\Project_Slave_LanChang_pH\Project_Slave_Sensor_EnviroTrack\EWARM\Project_Slave_Sensor_EnviroTrack\Exe\Project_Slave_Sensor_EnviroTrack.out
#    Map file     =
#        D:\Saoviet_Git\Saoviet_EnviroTrack_M_And_S\Project_Slave_LanChang_pH\Project_Slave_Sensor_EnviroTrack\EWARM\Project_Slave_Sensor_EnviroTrack\List\Project_Slave_Sensor_EnviroTrack.map
#    Command line =
#        -f C:\Users\PC\AppData\Local\Temp\EWD0FB.tmp
#        (D:\Saoviet_Git\Saoviet_EnviroTrack_M_And_S\Project_Slave_LanChang_pH\Project_Slave_Sensor_EnviroTrack\EWARM\Project_Slave_Sensor_EnviroTrack\Obj\button.o
#        D:\Saoviet_Git\Saoviet_EnviroTrack_M_And_S\Project_Slave_LanChang_pH\Project_Slave_Sensor_EnviroTrack\EWARM\Project_Slave_Sensor_EnviroTrack\Obj\dma.o
#        D:\Saoviet_Git\Saoviet_EnviroTrack_M_And_S\Project_Slave_LanChang_pH\Project_Slave_Sensor_EnviroTrack\EWARM\Project_Slave_Sensor_EnviroTrack\Obj\event_driven.o
#        D:\Saoviet_Git\Saoviet_EnviroTrack_M_And_S\Project_Slave_LanChang_pH\Project_Slave_Sensor_EnviroTrack\EWARM\Project_Slave_Sensor_EnviroTrack\Obj\glcd.o
#        D:\Saoviet_Git\Saoviet_EnviroTrack_M_And_S\Project_Slave_LanChang_pH\Project_Slave_Sensor_EnviroTrack\EWARM\Project_Slave_Sensor_EnviroTrack\Obj\gpio.o
#        D:\Saoviet_Git\Saoviet_EnviroTrack_M_And_S\Project_Slave_LanChang_pH\Project_Slave_Sensor_EnviroTrack\EWARM\Project_Slave_Sensor_EnviroTrack\Obj\graphics.o
#        D:\Saoviet_Git\Saoviet_EnviroTrack_M_And_S\Project_Slave_LanChang_pH\Project_Slave_Sensor_EnviroTrack\EWARM\Project_Slave_Sensor_EnviroTrack\Obj\graphs.o
#        D:\Saoviet_Git\Saoviet_EnviroTrack_M_And_S\Project_Slave_LanChang_pH\Project_Slave_Sensor_EnviroTrack\EWARM\Project_Slave_Sensor_EnviroTrack\Obj\iwdg.o
#        D:\Saoviet_Git\Saoviet_EnviroTrack_M_And_S\Project_Slave_LanChang_pH\Project_Slave_Sensor_EnviroTrack\EWARM\Project_Slave_Sensor_EnviroTrack\Obj\lcd_display.o
#        D:\Saoviet_Git\Saoviet_EnviroTrack_M_And_S\Project_Slave_LanChang_pH\Project_Slave_Sensor_EnviroTrack\EWARM\Project_Slave_Sensor_EnviroTrack\Obj\main.o
#        D:\Saoviet_Git\Saoviet_EnviroTrack_M_And_S\Project_Slave_LanChang_pH\Project_Slave_Sensor_EnviroTrack\EWARM\Project_Slave_Sensor_EnviroTrack\Obj\NT75451.o
#        D:\Saoviet_Git\Saoviet_EnviroTrack_M_And_S\Project_Slave_LanChang_pH\Project_Slave_Sensor_EnviroTrack\EWARM\Project_Slave_Sensor_EnviroTrack\Obj\onchipflash.o
#        D:\Saoviet_Git\Saoviet_EnviroTrack_M_And_S\Project_Slave_LanChang_pH\Project_Slave_Sensor_EnviroTrack\EWARM\Project_Slave_Sensor_EnviroTrack\Obj\PCD8544.o
#        D:\Saoviet_Git\Saoviet_EnviroTrack_M_And_S\Project_Slave_LanChang_pH\Project_Slave_Sensor_EnviroTrack\EWARM\Project_Slave_Sensor_EnviroTrack\Obj\queue_p.o
#        D:\Saoviet_Git\Saoviet_EnviroTrack_M_And_S\Project_Slave_LanChang_pH\Project_Slave_Sensor_EnviroTrack\EWARM\Project_Slave_Sensor_EnviroTrack\Obj\rtc.o
#        D:\Saoviet_Git\Saoviet_EnviroTrack_M_And_S\Project_Slave_LanChang_pH\Project_Slave_Sensor_EnviroTrack\EWARM\Project_Slave_Sensor_EnviroTrack\Obj\spi.o
#        D:\Saoviet_Git\Saoviet_EnviroTrack_M_And_S\Project_Slave_LanChang_pH\Project_Slave_Sensor_EnviroTrack\EWARM\Project_Slave_Sensor_EnviroTrack\Obj\ST7565R.o
#        D:\Saoviet_Git\Saoviet_EnviroTrack_M_And_S\Project_Slave_LanChang_pH\Project_Slave_Sensor_EnviroTrack\EWARM\Project_Slave_Sensor_EnviroTrack\Obj\startup_stm32l433xx.o
#        D:\Saoviet_Git\Saoviet_EnviroTrack_M_And_S\Project_Slave_LanChang_pH\Project_Slave_Sensor_EnviroTrack\EWARM\Project_Slave_Sensor_EnviroTrack\Obj\STM32F0xx.o
#        D:\Saoviet_Git\Saoviet_EnviroTrack_M_And_S\Project_Slave_LanChang_pH\Project_Slave_Sensor_EnviroTrack\EWARM\Project_Slave_Sensor_EnviroTrack\Obj\STM32F10x.o
#        D:\Saoviet_Git\Saoviet_EnviroTrack_M_And_S\Project_Slave_LanChang_pH\Project_Slave_Sensor_EnviroTrack\EWARM\Project_Slave_Sensor_EnviroTrack\Obj\STM32F4.o
#        D:\Saoviet_Git\Saoviet_EnviroTrack_M_And_S\Project_Slave_LanChang_pH\Project_Slave_Sensor_EnviroTrack\EWARM\Project_Slave_Sensor_EnviroTrack\Obj\STM32L4.o
#        D:\Saoviet_Git\Saoviet_EnviroTrack_M_And_S\Project_Slave_LanChang_pH\Project_Slave_Sensor_EnviroTrack\EWARM\Project_Slave_Sensor_EnviroTrack\Obj\stm32l4xx_hal.o
#        D:\Saoviet_Git\Saoviet_EnviroTrack_M_And_S\Project_Slave_LanChang_pH\Project_Slave_Sensor_EnviroTrack\EWARM\Project_Slave_Sensor_EnviroTrack\Obj\stm32l4xx_hal_cortex.o
#        D:\Saoviet_Git\Saoviet_EnviroTrack_M_And_S\Project_Slave_LanChang_pH\Project_Slave_Sensor_EnviroTrack\EWARM\Project_Slave_Sensor_EnviroTrack\Obj\stm32l4xx_hal_dma.o
#        D:\Saoviet_Git\Saoviet_EnviroTrack_M_And_S\Project_Slave_LanChang_pH\Project_Slave_Sensor_EnviroTrack\EWARM\Project_Slave_Sensor_EnviroTrack\Obj\stm32l4xx_hal_dma_ex.o
#        D:\Saoviet_Git\Saoviet_EnviroTrack_M_And_S\Project_Slave_LanChang_pH\Project_Slave_Sensor_EnviroTrack\EWARM\Project_Slave_Sensor_EnviroTrack\Obj\stm32l4xx_hal_exti.o
#        D:\Saoviet_Git\Saoviet_EnviroTrack_M_And_S\Project_Slave_LanChang_pH\Project_Slave_Sensor_EnviroTrack\EWARM\Project_Slave_Sensor_EnviroTrack\Obj\stm32l4xx_hal_flash.o
#        D:\Saoviet_Git\Saoviet_EnviroTrack_M_And_S\Project_Slave_LanChang_pH\Project_Slave_Sensor_EnviroTrack\EWARM\Project_Slave_Sensor_EnviroTrack\Obj\stm32l4xx_hal_flash_ex.o
#        D:\Saoviet_Git\Saoviet_EnviroTrack_M_And_S\Project_Slave_LanChang_pH\Project_Slave_Sensor_EnviroTrack\EWARM\Project_Slave_Sensor_EnviroTrack\Obj\stm32l4xx_hal_flash_ramfunc.o
#        D:\Saoviet_Git\Saoviet_EnviroTrack_M_And_S\Project_Slave_LanChang_pH\Project_Slave_Sensor_EnviroTrack\EWARM\Project_Slave_Sensor_EnviroTrack\Obj\stm32l4xx_hal_gpio.o
#        D:\Saoviet_Git\Saoviet_EnviroTrack_M_And_S\Project_Slave_LanChang_pH\Project_Slave_Sensor_EnviroTrack\EWARM\Project_Slave_Sensor_EnviroTrack\Obj\stm32l4xx_hal_i2c.o
#        D:\Saoviet_Git\Saoviet_EnviroTrack_M_And_S\Project_Slave_LanChang_pH\Project_Slave_Sensor_EnviroTrack\EWARM\Project_Slave_Sensor_EnviroTrack\Obj\stm32l4xx_hal_i2c_ex.o
#        D:\Saoviet_Git\Saoviet_EnviroTrack_M_And_S\Project_Slave_LanChang_pH\Project_Slave_Sensor_EnviroTrack\EWARM\Project_Slave_Sensor_EnviroTrack\Obj\stm32l4xx_hal_iwdg.o
#        D:\Saoviet_Git\Saoviet_EnviroTrack_M_And_S\Project_Slave_LanChang_pH\Project_Slave_Sensor_EnviroTrack\EWARM\Project_Slave_Sensor_EnviroTrack\Obj\stm32l4xx_hal_msp.o
#        D:\Saoviet_Git\Saoviet_EnviroTrack_M_And_S\Project_Slave_LanChang_pH\Project_Slave_Sensor_EnviroTrack\EWARM\Project_Slave_Sensor_EnviroTrack\Obj\stm32l4xx_hal_pwr.o
#        D:\Saoviet_Git\Saoviet_EnviroTrack_M_And_S\Project_Slave_LanChang_pH\Project_Slave_Sensor_EnviroTrack\EWARM\Project_Slave_Sensor_EnviroTrack\Obj\stm32l4xx_hal_pwr_ex.o
#        D:\Saoviet_Git\Saoviet_EnviroTrack_M_And_S\Project_Slave_LanChang_pH\Project_Slave_Sensor_EnviroTrack\EWARM\Project_Slave_Sensor_EnviroTrack\Obj\stm32l4xx_hal_rcc.o
#        D:\Saoviet_Git\Saoviet_EnviroTrack_M_And_S\Project_Slave_LanChang_pH\Project_Slave_Sensor_EnviroTrack\EWARM\Project_Slave_Sensor_EnviroTrack\Obj\stm32l4xx_hal_rcc_ex.o
#        D:\Saoviet_Git\Saoviet_EnviroTrack_M_And_S\Project_Slave_LanChang_pH\Project_Slave_Sensor_EnviroTrack\EWARM\Project_Slave_Sensor_EnviroTrack\Obj\stm32l4xx_hal_rtc.o
#        D:\Saoviet_Git\Saoviet_EnviroTrack_M_And_S\Project_Slave_LanChang_pH\Project_Slave_Sensor_EnviroTrack\EWARM\Project_Slave_Sensor_EnviroTrack\Obj\stm32l4xx_hal_rtc_ex.o
#        D:\Saoviet_Git\Saoviet_EnviroTrack_M_And_S\Project_Slave_LanChang_pH\Project_Slave_Sensor_EnviroTrack\EWARM\Project_Slave_Sensor_EnviroTrack\Obj\stm32l4xx_hal_spi.o
#        D:\Saoviet_Git\Saoviet_EnviroTrack_M_And_S\Project_Slave_LanChang_pH\Project_Slave_Sensor_EnviroTrack\EWARM\Project_Slave_Sensor_EnviroTrack\Obj\stm32l4xx_hal_spi_ex.o
#        D:\Saoviet_Git\Saoviet_EnviroTrack_M_And_S\Project_Slave_LanChang_pH\Project_Slave_Sensor_EnviroTrack\EWARM\Project_Slave_Sensor_EnviroTrack\Obj\stm32l4xx_hal_uart.o
#        D:\Saoviet_Git\Saoviet_EnviroTrack_M_And_S\Project_Slave_LanChang_pH\Project_Slave_Sensor_EnviroTrack\EWARM\Project_Slave_Sensor_EnviroTrack\Obj\stm32l4xx_hal_uart_ex.o
#        D:\Saoviet_Git\Saoviet_EnviroTrack_M_And_S\Project_Slave_LanChang_pH\Project_Slave_Sensor_EnviroTrack\EWARM\Project_Slave_Sensor_EnviroTrack\Obj\stm32l4xx_it.o
#        D:\Saoviet_Git\Saoviet_EnviroTrack_M_And_S\Project_Slave_LanChang_pH\Project_Slave_Sensor_EnviroTrack\EWARM\Project_Slave_Sensor_EnviroTrack\Obj\system_stm32l4xx.o
#        D:\Saoviet_Git\Saoviet_EnviroTrack_M_And_S\Project_Slave_LanChang_pH\Project_Slave_Sensor_EnviroTrack\EWARM\Project_Slave_Sensor_EnviroTrack\Obj\text.o
#        D:\Saoviet_Git\Saoviet_EnviroTrack_M_And_S\Project_Slave_LanChang_pH\Project_Slave_Sensor_EnviroTrack\EWARM\Project_Slave_Sensor_EnviroTrack\Obj\text_tiny.o
#        D:\Saoviet_Git\Saoviet_EnviroTrack_M_And_S\Project_Slave_LanChang_pH\Project_Slave_Sensor_EnviroTrack\EWARM\Project_Slave_Sensor_EnviroTrack\Obj\unit_tests.o
#        D:\Saoviet_Git\Saoviet_EnviroTrack_M_And_S\Project_Slave_LanChang_pH\Project_Slave_Sensor_EnviroTrack\EWARM\Project_Slave_Sensor_EnviroTrack\Obj\usart.o
#        D:\Saoviet_Git\Saoviet_EnviroTrack_M_And_S\Project_Slave_LanChang_pH\Project_Slave_Sensor_EnviroTrack\EWARM\Project_Slave_Sensor_EnviroTrack\Obj\user_adv_trace.o
#        D:\Saoviet_Git\Saoviet_EnviroTrack_M_And_S\Project_Slave_LanChang_pH\Project_Slave_Sensor_EnviroTrack\EWARM\Project_Slave_Sensor_EnviroTrack\Obj\user_app_comm.o
#        D:\Saoviet_Git\Saoviet_EnviroTrack_M_And_S\Project_Slave_LanChang_pH\Project_Slave_Sensor_EnviroTrack\EWARM\Project_Slave_Sensor_EnviroTrack\Obj\user_app_modbus_rtu.o
#        D:\Saoviet_Git\Saoviet_EnviroTrack_M_And_S\Project_Slave_LanChang_pH\Project_Slave_Sensor_EnviroTrack\EWARM\Project_Slave_Sensor_EnviroTrack\Obj\user_app_rs485.o
#        D:\Saoviet_Git\Saoviet_EnviroTrack_M_And_S\Project_Slave_LanChang_pH\Project_Slave_Sensor_EnviroTrack\EWARM\Project_Slave_Sensor_EnviroTrack\Obj\user_app_sensor.o
#        D:\Saoviet_Git\Saoviet_EnviroTrack_M_And_S\Project_Slave_LanChang_pH\Project_Slave_Sensor_EnviroTrack\EWARM\Project_Slave_Sensor_EnviroTrack\Obj\user_at_serial.o
#        D:\Saoviet_Git\Saoviet_EnviroTrack_M_And_S\Project_Slave_LanChang_pH\Project_Slave_Sensor_EnviroTrack\EWARM\Project_Slave_Sensor_EnviroTrack\Obj\user_connect_sensor.o
#        D:\Saoviet_Git\Saoviet_EnviroTrack_M_And_S\Project_Slave_LanChang_pH\Project_Slave_Sensor_EnviroTrack\EWARM\Project_Slave_Sensor_EnviroTrack\Obj\user_convert_variable.o
#        D:\Saoviet_Git\Saoviet_EnviroTrack_M_And_S\Project_Slave_LanChang_pH\Project_Slave_Sensor_EnviroTrack\EWARM\Project_Slave_Sensor_EnviroTrack\Obj\user_internal_mem.o
#        D:\Saoviet_Git\Saoviet_EnviroTrack_M_And_S\Project_Slave_LanChang_pH\Project_Slave_Sensor_EnviroTrack\EWARM\Project_Slave_Sensor_EnviroTrack\Obj\user_mem_comm.o
#        D:\Saoviet_Git\Saoviet_EnviroTrack_M_And_S\Project_Slave_LanChang_pH\Project_Slave_Sensor_EnviroTrack\EWARM\Project_Slave_Sensor_EnviroTrack\Obj\user_modbus_rtu.o
#        D:\Saoviet_Git\Saoviet_EnviroTrack_M_And_S\Project_Slave_LanChang_pH\Project_Slave_Sensor_EnviroTrack\EWARM\Project_Slave_Sensor_EnviroTrack\Obj\user_obis_sv.o
#        D:\Saoviet_Git\Saoviet_EnviroTrack_M_And_S\Project_Slave_LanChang_pH\Project_Slave_Sensor_EnviroTrack\EWARM\Project_Slave_Sensor_EnviroTrack\Obj\user_rs485.o
#        D:\Saoviet_Git\Saoviet_EnviroTrack_M_And_S\Project_Slave_LanChang_pH\Project_Slave_Sensor_EnviroTrack\EWARM\Project_Slave_Sensor_EnviroTrack\Obj\user_rtc.o
#        D:\Saoviet_Git\Saoviet_EnviroTrack_M_And_S\Project_Slave_LanChang_pH\Project_Slave_Sensor_EnviroTrack\EWARM\Project_Slave_Sensor_EnviroTrack\Obj\user_string.o
#        D:\Saoviet_Git\Saoviet_EnviroTrack_M_And_S\Project_Slave_LanChang_pH\Project_Slave_Sensor_EnviroTrack\EWARM\Project_Slave_Sensor_EnviroTrack\Obj\user_time.o
#        D:\Saoviet_Git\Saoviet_EnviroTrack_M_And_S\Project_Slave_LanChang_pH\Project_Slave_Sensor_EnviroTrack\EWARM\Project_Slave_Sensor_EnviroTrack\Obj\user_timer.o
#        D:\Saoviet_Git\Saoviet_EnviroTrack_M_And_S\Project_Slave_LanChang_pH\Project_Slave_Sensor_EnviroTrack\EWARM\Project_Slave_Sensor_EnviroTrack\Obj\user_tiny_vsnprintf.o
#        D:\Saoviet_Git\Saoviet_EnviroTrack_M_And_S\Project_Slave_LanChang_pH\Project_Slave_Sensor_EnviroTrack\EWARM\Project_Slave_Sensor_EnviroTrack\Obj\user_uart.o
#        D:\Saoviet_Git\Saoviet_EnviroTrack_M_And_S\Project_Slave_LanChang_pH\Project_Slave_Sensor_EnviroTrack\EWARM\Project_Slave_Sensor_EnviroTrack\Obj\user_util.o
#        --no_out_extension -o
#        D:\Saoviet_Git\Saoviet_EnviroTrack_M_And_S\Project_Slave_LanChang_pH\Project_Slave_Sensor_EnviroTrack\EWARM\Project_Slave_Sensor_EnviroTrack\Exe\Project_Slave_Sensor_EnviroTrack.out
#        --redirect _Printf=_PrintfFullNoMb --redirect _Scanf=_ScanfFullNoMb
#        --map
#        D:\Saoviet_Git\Saoviet_EnviroTrack_M_And_S\Project_Slave_LanChang_pH\Project_Slave_Sensor_EnviroTrack\EWARM\Project_Slave_Sensor_EnviroTrack\List\Project_Slave_Sensor_EnviroTrack.map
#        --config
#        D:\Saoviet_Git\Saoviet_EnviroTrack_M_And_S\Project_Slave_LanChang_pH\Project_Slave_Sensor_EnviroTrack\EWARM/stm32l433xx_flash.icf
#        --semihosting --entry __iar_program_start --vfe --text_out locale)
#
###############################################################################

*******************************************************************************
*** RUNTIME MODEL ATTRIBUTES
***

CppFlavor       = *
__Heap_Handler  = DLMalloc
__SystemLibrary = DLib
__dlib_version  = 6


*******************************************************************************
*** HEAP SELECTION
***

The advanced heap was selected because the application calls memory
allocation functions outside of system library functions, and there
are calls to deallocation functions in the application.


*******************************************************************************
*** PLACEMENT SUMMARY
***

"A0":  place at address 0x800'0000 { ro section .intvec };
"P1":  place in [from 0x800'0000 to 0x803'ffff] { ro };
define block CSTACK with size = 1K, alignment = 8 { };
define block HEAP with size = 512, alignment = 8 { };
"P2":  place in [from 0x2000'0000 to 0x2000'ffff] {
          rw, block CSTACK, block HEAP };
initialize by copy { rw };

  Section            Kind         Address    Size  Object
  -------            ----         -------    ----  ------
"A0":                                       0x18c
  .intvec            ro code   0x800'0000   0x18c  startup_stm32l433xx.o [1]
                             - 0x800'018c   0x18c

"P1":                                      0xe92e
  .text              ro code   0x800'018c  0x1134  user_app_sensor.o [1]
  .text              ro code   0x800'12c0    0x66  ABImemset.o [4]
  .text              ro code   0x800'1326    0x54  event_driven.o [1]
  .text              ro code   0x800'137a   0x350  user_modbus_rtu.o [1]
  .text              ro code   0x800'16ca    0x80  stm32l4xx_hal_iwdg.o [1]
  .text              ro code   0x800'174a    0x3a  zero_init3.o [4]
  .text              ro code   0x800'1784   0x40c  user_convert_variable.o [1]
  .text              ro code   0x800'1b90   0x21c  user_util.o [1]
  .text              ro code   0x800'1dac   0x380  stm32l4xx_hal_gpio.o [1]
  .text              ro code   0x800'212c    0x28  stm32l4xx_hal.o [1]
  .text              ro code   0x800'2154  0x107c  stm32l4xx_hal_uart.o [1]
  .text              ro code   0x800'31d0   0x172  onchipflash.o [1]
  .text              ro code   0x800'3342     0xa  xsprout.o [2]
  .text              ro code   0x800'334c   0x654  user_app_modbus_rtu.o [1]
  .text              ro code   0x800'39a0    0xa6  ABImemcpy.o [4]
  .rodata            const     0x800'3a46     0x2  xlocale_c.o [2]
  .text              ro code   0x800'3a48    0x64  user_connect_sensor.o [1]
  .text              ro code   0x800'3aac     0xc  stm32l4xx_hal.o [1]
  .text              ro code   0x800'3ab8   0x230  I64DivMod.o [4]
  .text              ro code   0x800'3ce8    0x48  FltToDbl.o [3]
  .text              ro code   0x800'3d30    0x1a  U32ToDbl.o [3]
  .rodata            const     0x800'3d4a     0x1  xlocale_c.o [2]
  .text              ro code   0x800'3d4c    0x22  S32ToDbl.o [3]
  .text              ro code   0x800'3d70    0x16  math_wrappers64.o [3]
  .text              ro code   0x800'3d88   0x1a2  DblMul.o [3]
  .text              ro code   0x800'3f2c   0x17a  DblAdd.o [3]
  .text              ro code   0x800'40a8    0x68  DblToFlt.o [3]
  .text              ro code   0x800'4110    0x3a  DblToS32.o [3]
  .text              ro code   0x800'414c    0x36  strlen.o [4]
  .text              ro code   0x800'4184   0x246  DblDiv.o [3]
  .text              ro code   0x800'43cc    0x40  sprintf.o [2]
  .text              ro code   0x800'440c   0x39c  usart.o [1]
  .text              ro code   0x800'47a8   0x426  stm32l4xx_hal_dma.o [1]
  .text              ro code   0x800'4bd0   0x120  user_uart.o [1]
  .text              ro code   0x800'4cf0    0x72  stm32l4xx_hal_uart_ex.o [1]
  .text              ro code   0x800'4d64   0x9fc  stm32l4xx_hal_rcc.o [1]
  .text              ro code   0x800'5760     0x2  stm32l4xx_hal_uart.o [1]
  .text              ro code   0x800'5762     0x2  stm32l4xx_hal_uart.o [1]
  .text              ro code   0x800'5764   0x1b8  stm32l4xx_hal_flash.o [1]
  .text              ro code   0x800'591c    0xa0  stm32l4xx_hal_flash_ex.o [1]
  .text              ro code   0x800'59bc   0x194  stm32l4xx_hal_cortex.o [1]
  .text              ro code   0x800'5b50     0x2  I64DivZer.o [4]
  .text              ro code   0x800'5b54   0x6ec  pow64.o [3]
  .text              ro code   0x800'6240    0xe2  DblSub.o [3]
  .text              ro code   0x800'6324   0xfc6  xprintffull_nomb.o [2]
  .text              ro code   0x800'72ea    0xc6  main.o [1]
  .text              ro code   0x800'73b0    0x14  memset.o [4]
  .text              ro code   0x800'73c4   0x4e8  stm32l4xx_hal_rcc_ex.o [1]
  .text              ro code   0x800'78ac   0x4f4  user_app_comm.o [1]
  .text              ro code   0x800'7da0    0x70  user_rs485.o [1]
  .text              ro code   0x800'7e10   0x23a  user_adv_trace.o [1]
  .text              ro code   0x800'804c    0x60  stm32l4xx_hal.o [1]
  .text              ro code   0x800'80ac    0x94  stm32l4xx_hal_pwr_ex.o [1]
  .text              ro code   0x800'8140    0x20  DblCmpEq.o [3]
  .text              ro code   0x800'8160    0x70  frexp.o [3]
  .text              ro code   0x800'81d0    0x2e  DblCmpLe.o [3]
  .text              ro code   0x800'8200    0x2e  DblCmpGe.o [3]
  .text              ro code   0x800'8230   0x3e8  iar_Exp64.o [3]
  .text              ro code   0x800'8618    0x16  strchr.o [4]
  .text              ro code   0x800'8630    0x40  xfail_s.o [2]
  .text              ro code   0x800'8670    0x58  memchr.o [4]
  .text              ro code   0x800'86c8   0x13a  ldexp.o [3]
  .text              ro code   0x800'8804    0x28  DblToU32.o [3]
  .text              ro code   0x800'882c     0x8  xlocale_c.o [2]
  .text              ro code   0x800'8834    0x24  stm32l4xx_hal.o [1]
  .text              ro code   0x800'8858   0x1d0  gpio.o [1]
  .text              ro code   0x800'8a28    0x60  dma.o [1]
  .text              ro code   0x800'8a88    0x2c  iwdg.o [1]
  .text              ro code   0x800'8ab4   0x150  rtc.o [1]
  .text              ro code   0x800'8c04    0xc8  spi.o [1]
  .text              ro code   0x800'8ccc   0x310  user_timer.o [1]
  .text              ro code   0x800'8fdc   0x1dc  user_at_serial.o [1]
  .text              ro code   0x800'91b8    0x58  user_time.o [1]
  .text              ro code   0x800'9210   0x144  user_app_rs485.o [1]
  .text              ro code   0x800'9354   0x9f2  lcd_display.o [1]
  .text              ro code   0x800'9d48   0x350  user_tiny_vsnprintf.o [1]
  .text              ro code   0x800'a098     0x6  abort.o [2]
  .text              ro code   0x800'a0a0    0x38  stm32l4xx_hal_msp.o [1]
  .text              ro code   0x800'a0d8   0x78e  stm32l4xx_hal_rtc.o [1]
  .text              ro code   0x800'a868   0x52a  stm32l4xx_hal_spi.o [1]
  .text              ro code   0x800'ad92   0x1e6  user_string.o [1]
  .text              ro code   0x800'af78    0xa0  STM32L4.o [1]
  .text              ro code   0x800'b018    0xe8  glcd.o [1]
  .text              ro code   0x800'b100   0x158  ST7565R.o [1]
  .text              ro code   0x800'b258   0x290  text_tiny.o [1]
  .text              ro code   0x800'b4e8    0x14  unit_tests.o [1]
  .text              ro code   0x800'b4fc   0xeac  button.o [1]
  .text              ro code   0x800'c3a8   0x390  text.o [1]
  .text              ro code   0x800'c738    0x14  exit.o [5]
  .text              ro code   0x800'c74c   0x3a8  user_rtc.o [1]
  .text              ro code   0x800'caf4     0x2  stm32l4xx_hal_rtc_ex.o [1]
  .text              ro code   0x800'caf8    0xf4  graphics.o [1]
  .text              ro code   0x800'cbec    0x48  stm32l4xx_hal_rtc_ex.o [1]
  .rodata            const     0x800'cc34   0x548  lcd_display.o [1]
  .rodata            const     0x800'd180   0x420  pow64.o [3]
  .rodata            const     0x800'd5a0   0x228  lcd_display.o [1]
  .rodata            const     0x800'd7c8   0x214  lcd_display.o [1]
  .rodata            const     0x800'd9dc   0x200  unit_tests.o [1]
  .text              ro code   0x800'dbdc    0x88  stm32l4xx_it.o [1]
  .text              ro code   0x800'dc64    0x18  stm32l4xx_hal.o [1]
  .text              ro code   0x800'dc7c    0x78  lz77_init_single.o [4]
  .rodata            const     0x800'dcf4    0x34  user_app_sensor.o [1]
  .rodata            const     0x800'dd28    0x34  user_app_sensor.o [1]
  .rodata            const     0x800'dd5c    0x30  system_stm32l4xx.o [1]
  .rodata            const     0x800'dd8c    0x2c  user_rtc.o [1]
  .rodata            const     0x800'ddb8    0x28  user_tiny_vsnprintf.o [1]
  .rodata            const     0x800'dde0    0x28  user_tiny_vsnprintf.o [1]
  .text              ro code   0x800'de08    0x28  data_init.o [4]
  .text              ro code   0x800'de30    0x22  fpinit_M.o [3]
  .iar.init_table    const     0x800'de54    0x20  - Linker created -
  .rodata            const     0x800'de74    0x20  user_app_comm.o [1]
  .rodata            const     0x800'de94    0x20  user_rtc.o [1]
  .text              ro code   0x800'deb4    0x1e  cmain.o [4]
  .text              ro code   0x800'ded2     0x4  low_level_init.o [2]
  .text              ro code   0x800'ded6     0x4  exit.o [2]
  .text              ro code   0x800'dedc     0xa  cexit.o [4]
  .rodata            const     0x800'dee8    0x1c  user_app_comm.o [1]
  .rodata            const     0x800'df04    0x1c  user_app_comm.o [1]
  .rodata            const     0x800'df20    0x1c  user_app_comm.o [1]
  .rodata            const     0x800'df3c    0x1c  user_uart.o [1]
  .rodata            const     0x800'df58    0x18  user_app_comm.o [1]
  .rodata            const     0x800'df70    0x14  lcd_display.o [1]
  .rodata            const     0x800'df84    0x14  lcd_display.o [1]
  .rodata            const     0x800'df98    0x14  user_app_comm.o [1]
  .rodata            const     0x800'dfac    0x14  user_at_serial.o [1]
  .rodata            const     0x800'dfc0    0x14  user_at_serial.o [1]
  .rodata            const     0x800'dfd4    0x14  user_at_serial.o [1]
  .rodata            const     0x800'dfe8    0x14  user_at_serial.o [1]
  .rodata            const     0x800'dffc    0x14  user_at_serial.o [1]
  .rodata            const     0x800'e010    0x10  lcd_display.o [1]
  .rodata            const     0x800'e020    0x10  lcd_display.o [1]
  .rodata            const     0x800'e030    0x10  lcd_display.o [1]
  .rodata            const     0x800'e040    0x10  lcd_display.o [1]
  .rodata            const     0x800'e050    0x10  lcd_display.o [1]
  .rodata            const     0x800'e060    0x10  lcd_display.o [1]
  .rodata            const     0x800'e070    0x10  lcd_display.o [1]
  .rodata            const     0x800'e080    0x10  lcd_display.o [1]
  .rodata            const     0x800'e090    0x10  lcd_display.o [1]
  .rodata            const     0x800'e0a0    0x10  lcd_display.o [1]
  .rodata            const     0x800'e0b0    0x10  lcd_display.o [1]
  .rodata            const     0x800'e0c0    0x10  system_stm32l4xx.o [1]
  .rodata            const     0x800'e0d0    0x10  user_app_sensor.o [1]
  .rodata            const     0x800'e0e0    0x10  user_at_serial.o [1]
  .rodata            const     0x800'e0f0    0x10  user_at_serial.o [1]
  .rodata            const     0x800'e100    0x10  user_at_serial.o [1]
  .rodata            const     0x800'e110    0x10  user_at_serial.o [1]
  .rodata            const     0x800'e120    0x10  user_at_serial.o [1]
  .rodata            const     0x800'e130    0x10  user_at_serial.o [1]
  .rodata            const     0x800'e140    0x10  user_at_serial.o [1]
  .rodata            const     0x800'e150    0x10  user_at_serial.o [1]
  .rodata            const     0x800'e160    0x10  user_at_serial.o [1]
  .rodata            const     0x800'e170    0x10  user_at_serial.o [1]
  .rodata            const     0x800'e180    0x10  user_at_serial.o [1]
  .rodata            const     0x800'e190    0x10  user_at_serial.o [1]
  .rodata            const     0x800'e1a0    0x10  user_at_serial.o [1]
  .rodata            const     0x800'e1b0    0x10  user_at_serial.o [1]
  .rodata            const     0x800'e1c0    0x10  user_at_serial.o [1]
  .rodata            const     0x800'e1d0    0x10  user_at_serial.o [1]
  .rodata            const     0x800'e1e0    0x10  user_at_serial.o [1]
  .rodata            const     0x800'e1f0    0x10  user_at_serial.o [1]
  .rodata            const     0x800'e200    0x10  user_at_serial.o [1]
  .rodata            const     0x800'e210    0x10  user_at_serial.o [1]
  .rodata            const     0x800'e220    0x10  user_at_serial.o [1]
  .rodata            const     0x800'e230    0x10  user_at_serial.o [1]
  .rodata            const     0x800'e240    0x10  user_at_serial.o [1]
  .rodata            const     0x800'e250    0x10  user_at_serial.o [1]
  .rodata            const     0x800'e260    0x10  user_at_serial.o [1]
  .rodata            const     0x800'e270    0x10  user_at_serial.o [1]
  .rodata            const     0x800'e280    0x10  user_at_serial.o [1]
  .rodata            const     0x800'e290    0x10  user_at_serial.o [1]
  .text              ro code   0x800'e2a0    0x10  startup_stm32l433xx.o [1]
  .text              ro code   0x800'e2b0    0x10  system_stm32l4xx.o [1]
  .rodata            const     0x800'e2c0     0xc  lcd_display.o [1]
  .rodata            const     0x800'e2cc     0xc  lcd_display.o [1]
  .rodata            const     0x800'e2d8     0xc  lcd_display.o [1]
  .rodata            const     0x800'e2e4     0xc  lcd_display.o [1]
  .rodata            const     0x800'e2f0     0xc  lcd_display.o [1]
  .rodata            const     0x800'e2fc     0xc  lcd_display.o [1]
  .rodata            const     0x800'e308     0xc  lcd_display.o [1]
  .rodata            const     0x800'e314     0xc  user_app_comm.o [1]
  .rodata            const     0x800'e320     0xc  user_app_sensor.o [1]
  .rodata            const     0x800'e32c     0xc  user_at_serial.o [1]
  .rodata            const     0x800'e338     0xc  user_at_serial.o [1]
  .rodata            const     0x800'e344     0xc  user_at_serial.o [1]
  .rodata            const     0x800'e350     0xc  user_at_serial.o [1]
  .rodata            const     0x800'e35c     0xc  user_at_serial.o [1]
  .rodata            const     0x800'e368     0xc  user_at_serial.o [1]
  .rodata            const     0x800'e374     0xc  user_at_serial.o [1]
  .rodata            const     0x800'e380     0xc  user_at_serial.o [1]
  .rodata            const     0x800'e38c     0xc  user_at_serial.o [1]
  .rodata            const     0x800'e398     0xc  user_at_serial.o [1]
  .rodata            const     0x800'e3a4     0xc  user_at_serial.o [1]
  .rodata            const     0x800'e3b0     0xc  user_at_serial.o [1]
  .rodata            const     0x800'e3bc     0xc  user_at_serial.o [1]
  .rodata            const     0x800'e3c8     0xc  user_at_serial.o [1]
  .rodata            const     0x800'e3d4     0xc  user_at_serial.o [1]
  .rodata            const     0x800'e3e0     0xc  user_at_serial.o [1]
  .rodata            const     0x800'e3ec     0xc  user_at_serial.o [1]
  .rodata            const     0x800'e3f8     0xc  user_at_serial.o [1]
  .rodata            const     0x800'e404     0xc  user_at_serial.o [1]
  .rodata            const     0x800'e410     0xc  user_at_serial.o [1]
  .rodata            const     0x800'e41c     0xc  user_at_serial.o [1]
  .rodata            const     0x800'e428     0xc  user_at_serial.o [1]
  .rodata            const     0x800'e434     0xc  user_at_serial.o [1]
  .rodata            const     0x800'e440     0xc  user_at_serial.o [1]
  .rodata            const     0x800'e44c     0xc  user_at_serial.o [1]
  .rodata            const     0x800'e458     0xc  user_at_serial.o [1]
  .rodata            const     0x800'e464     0xc  user_at_serial.o [1]
  .rodata            const     0x800'e470     0xc  user_at_serial.o [1]
  .rodata            const     0x800'e47c     0xc  user_rtc.o [1]
  .rodata            const     0x800'e488     0xc  user_rtc.o [1]
  .text              ro code   0x800'e494     0xc  cstartup_M.o [4]
  .rodata            const     0x800'e4a0     0x8  lcd_display.o [1]
  .rodata            const     0x800'e4a8     0x8  lcd_display.o [1]
  .rodata            const     0x800'e4b0     0x8  lcd_display.o [1]
  .rodata            const     0x800'e4b8     0x8  lcd_display.o [1]
  .rodata            const     0x800'e4c0     0x8  lcd_display.o [1]
  .rodata            const     0x800'e4c8     0x8  lcd_display.o [1]
  .rodata            const     0x800'e4d0     0x8  lcd_display.o [1]
  .rodata            const     0x800'e4d8     0x8  system_stm32l4xx.o [1]
  .rodata            const     0x800'e4e0     0x8  user_app_modbus_rtu.o [1]
  .rodata            const     0x800'e4e8     0x8  user_app_modbus_rtu.o [1]
  .rodata            const     0x800'e4f0     0x8  user_app_sensor.o [1]
  .rodata            const     0x800'e4f8     0x8  user_app_sensor.o [1]
  .rodata            const     0x800'e500     0x8  user_app_sensor.o [1]
  .rodata            const     0x800'e508     0x8  user_app_sensor.o [1]
  .rodata            const     0x800'e510     0x8  user_at_serial.o [1]
  .rodata            const     0x800'e518     0x8  user_at_serial.o [1]
  .rodata            const     0x800'e520     0x8  user_at_serial.o [1]
  .rodata            const     0x800'e528     0x8  user_at_serial.o [1]
  .rodata            const     0x800'e530     0x8  user_at_serial.o [1]
  .rodata            const     0x800'e538     0x8  user_tiny_vsnprintf.o [1]
  .rodata            const     0x800'e540     0x8  user_util.o [1]
  .rodata            const     0x800'e548     0x8  xprintffull_nomb.o [2]
  .text              ro code   0x800'e550     0x4  startup_stm32l433xx.o [1]
  .text              ro code   0x800'e554     0x4  startup_stm32l433xx.o [1]
  .text              ro code   0x800'e558     0x4  startup_stm32l433xx.o [1]
  .text              ro code   0x800'e55c     0x4  startup_stm32l433xx.o [1]
  .text              ro code   0x800'e560     0x4  startup_stm32l433xx.o [1]
  .text              ro code   0x800'e564     0x4  startup_stm32l433xx.o [1]
  .text              ro code   0x800'e568     0x4  startup_stm32l433xx.o [1]
  .text              ro code   0x800'e56c     0x4  startup_stm32l433xx.o [1]
  .text              ro code   0x800'e570     0x4  startup_stm32l433xx.o [1]
  .text              ro code   0x800'e574     0x4  startup_stm32l433xx.o [1]
  .text              ro code   0x800'e578     0x4  startup_stm32l433xx.o [1]
  .text              ro code   0x800'e57c     0x4  startup_stm32l433xx.o [1]
  .text              ro code   0x800'e580     0x4  startup_stm32l433xx.o [1]
  .text              ro code   0x800'e584     0x4  startup_stm32l433xx.o [1]
  .text              ro code   0x800'e588     0x4  startup_stm32l433xx.o [1]
  .text              ro code   0x800'e58c     0x4  startup_stm32l433xx.o [1]
  .text              ro code   0x800'e590     0x4  startup_stm32l433xx.o [1]
  .text              ro code   0x800'e594     0x4  startup_stm32l433xx.o [1]
  .text              ro code   0x800'e598     0x4  startup_stm32l433xx.o [1]
  .text              ro code   0x800'e59c     0x4  startup_stm32l433xx.o [1]
  .text              ro code   0x800'e5a0     0x4  startup_stm32l433xx.o [1]
  .text              ro code   0x800'e5a4     0x4  startup_stm32l433xx.o [1]
  .text              ro code   0x800'e5a8     0x4  startup_stm32l433xx.o [1]
  .text              ro code   0x800'e5ac     0x4  startup_stm32l433xx.o [1]
  .text              ro code   0x800'e5b0     0x4  startup_stm32l433xx.o [1]
  .text              ro code   0x800'e5b4     0x4  startup_stm32l433xx.o [1]
  .text              ro code   0x800'e5b8     0x4  startup_stm32l433xx.o [1]
  .text              ro code   0x800'e5bc     0x4  startup_stm32l433xx.o [1]
  .text              ro code   0x800'e5c0     0x4  startup_stm32l433xx.o [1]
  .text              ro code   0x800'e5c4     0x4  startup_stm32l433xx.o [1]
  .text              ro code   0x800'e5c8     0x4  startup_stm32l433xx.o [1]
  .text              ro code   0x800'e5cc     0x4  startup_stm32l433xx.o [1]
  .text              ro code   0x800'e5d0     0x4  startup_stm32l433xx.o [1]
  .text              ro code   0x800'e5d4     0x4  startup_stm32l433xx.o [1]
  .text              ro code   0x800'e5d8     0x4  startup_stm32l433xx.o [1]
  .text              ro code   0x800'e5dc     0x4  startup_stm32l433xx.o [1]
  .text              ro code   0x800'e5e0     0x4  startup_stm32l433xx.o [1]
  .text              ro code   0x800'e5e4     0x4  startup_stm32l433xx.o [1]
  .text              ro code   0x800'e5e8     0x4  startup_stm32l433xx.o [1]
  .text              ro code   0x800'e5ec     0x4  startup_stm32l433xx.o [1]
  .text              ro code   0x800'e5f0     0x4  startup_stm32l433xx.o [1]
  .text              ro code   0x800'e5f4     0x4  startup_stm32l433xx.o [1]
  .text              ro code   0x800'e5f8     0x4  startup_stm32l433xx.o [1]
  .text              ro code   0x800'e5fc     0x4  startup_stm32l433xx.o [1]
  .text              ro code   0x800'e600     0x4  startup_stm32l433xx.o [1]
  .text              ro code   0x800'e604     0x4  startup_stm32l433xx.o [1]
  .text              ro code   0x800'e608     0x4  startup_stm32l433xx.o [1]
  .text              ro code   0x800'e60c     0x4  startup_stm32l433xx.o [1]
  .text              ro code   0x800'e610     0x4  startup_stm32l433xx.o [1]
  .text              ro code   0x800'e614     0x4  startup_stm32l433xx.o [1]
  .text              ro code   0x800'e618     0x4  startup_stm32l433xx.o [1]
  .text              ro code   0x800'e61c     0x4  startup_stm32l433xx.o [1]
  .text              ro code   0x800'e620     0x4  startup_stm32l433xx.o [1]
  .text              ro code   0x800'e624     0x4  startup_stm32l433xx.o [1]
  .text              ro code   0x800'e628     0x4  startup_stm32l433xx.o [1]
  .text              ro code   0x800'e62c     0x4  startup_stm32l433xx.o [1]
  .text              ro code   0x800'e630     0x4  startup_stm32l433xx.o [1]
  .text              ro code   0x800'e634     0x4  startup_stm32l433xx.o [1]
  .text              ro code   0x800'e638     0x4  startup_stm32l433xx.o [1]
  .rodata            const     0x800'e63c     0x0  zero_init3.o [4]
  .rodata            const     0x800'e63c     0x0  lz77_init_single.o [4]
  Initializer bytes  const     0x800'e63c   0x47e  <for P2-1>
                             - 0x800'eaba  0xe92e

"P2", part 1 of 3:                          0x9f1
  P2-1                        0x2000'0000   0x9f1  <Init block>
    .data            inited   0x2000'0000     0xc  button.o [1]
    .data            inited   0x2000'000c    0x60  lcd_display.o [1]
    .data            inited   0x2000'006c     0x8  lcd_display.o [1]
    .data            inited   0x2000'0074     0x4  lcd_display.o [1]
    .data            inited   0x2000'0078    0x10  lcd_display.o [1]
    .data            inited   0x2000'0088    0x10  lcd_display.o [1]
    .data            inited   0x2000'0098    0x10  lcd_display.o [1]
    .data            inited   0x2000'00a8    0x10  lcd_display.o [1]
    .data            inited   0x2000'00b8    0x10  lcd_display.o [1]
    .data            inited   0x2000'00c8   0x2a0  lcd_display.o [1]
    .data            inited   0x2000'0368     0x4  stm32l4xx_hal.o [1]
    .data            inited   0x2000'036c    0x20  stm32l4xx_hal_flash.o [1]
    .data            inited   0x2000'038c     0x4  system_stm32l4xx.o [1]
    .data            inited   0x2000'0390    0x70  user_app_comm.o [1]
    .data            inited   0x2000'0400     0x8  user_app_comm.o [1]
    .data            inited   0x2000'0408     0x8  user_app_comm.o [1]
    .data            inited   0x2000'0410    0x64  user_app_modbus_rtu.o [1]
    .data            inited   0x2000'0474    0x2c  user_app_modbus_rtu.o [1]
    .data            inited   0x2000'04a0     0x8  user_app_modbus_rtu.o [1]
    .data            inited   0x2000'04a8    0x40  user_app_rs485.o [1]
    .data            inited   0x2000'04e8    0x80  user_app_sensor.o [1]
    .data            inited   0x2000'0568     0x8  user_app_sensor.o [1]
    .data            inited   0x2000'0570     0x4  user_app_sensor.o [1]
    .data            inited   0x2000'0574     0xc  user_app_sensor.o [1]
    .data            inited   0x2000'0580     0x4  user_app_sensor.o [1]
    .data            inited   0x2000'0584     0x8  user_at_serial.o [1]
    .data            inited   0x2000'058c   0x410  user_at_serial.o [1]
    .data            inited   0x2000'099c     0x8  user_connect_sensor.o [1]
    .data            inited   0x2000'09a4     0x8  user_rs485.o [1]
    .data            inited   0x2000'09ac     0x4  user_tiny_vsnprintf.o [1]
    .data            inited   0x2000'09b0     0x4  user_tiny_vsnprintf.o [1]
    .data            inited   0x2000'09b4    0x38  xlocale_c.o [2]
    .data            inited   0x2000'09ec     0x2  user_app_modbus_rtu.o [1]
    .data            inited   0x2000'09ee     0x1  lcd_display.o [1]
    .data            inited   0x2000'09ef     0x1  stm32l4xx_hal.o [1]
    .data            inited   0x2000'09f0     0x1  user_util.o [1]
                            - 0x2000'09f1   0x9f1

"P2", part 2 of 3:                         0x1c00
  .bss               zero     0x2000'09f4   0x4b0  user_app_comm.o [1]
  .bss               zero     0x2000'0ea4   0x400  glcd.o [1]
  .bss               zero     0x2000'12a4   0x400  user_adv_trace.o [1]
  .bss               zero     0x2000'16a4   0x200  user_adv_trace.o [1]
  .bss               zero     0x2000'18a4   0x200  user_connect_sensor.o [1]
  .bss               zero     0x2000'1aa4   0x200  user_rs485.o [1]
  .bss               zero     0x2000'1ca4   0x150  lcd_display.o [1]
  .bss               zero     0x2000'1df4    0x88  usart.o [1]
  .bss               zero     0x2000'1e7c    0x88  usart.o [1]
  .bss               zero     0x2000'1f04    0x88  usart.o [1]
  .bss               zero     0x2000'1f8c    0x80  user_app_modbus_rtu.o [1]
  .bss               zero     0x2000'200c    0x80  user_app_modbus_rtu.o [1]
  .bss               zero     0x2000'208c    0x80  user_app_modbus_rtu.o [1]
  .bss               zero     0x2000'210c    0x80  user_at_serial.o [1]
  .bss               zero     0x2000'218c    0x80  user_at_serial.o [1]
  .bss               zero     0x2000'220c    0x64  spi.o [1]
  .bss               zero     0x2000'2270    0x64  user_app_comm.o [1]
  .bss               zero     0x2000'22d4    0x54  lcd_display.o [1]
  .bss               zero     0x2000'2328    0x48  usart.o [1]
  .bss               zero     0x2000'2370    0x48  usart.o [1]
  .bss               zero     0x2000'23b8    0x48  usart.o [1]
  .bss               zero     0x2000'2400    0x2c  user_rtc.o [1]
  .bss               zero     0x2000'242c    0x28  user_app_sensor.o [1]
  .bss               zero     0x2000'2454    0x28  user_app_sensor.o [1]
  .bss               zero     0x2000'247c    0x28  user_app_sensor.o [1]
  .bss               zero     0x2000'24a4    0x24  rtc.o [1]
  .bss               zero     0x2000'24c8    0x20  lcd_display.o [1]
  .bss               zero     0x2000'24e8    0x1c  user_rtc.o [1]
  .bss               zero     0x2000'2504    0x18  button.o [1]
  .bss               zero     0x2000'251c    0x18  user_adv_trace.o [1]
  .bss               zero     0x2000'2534    0x18  user_app_comm.o [1]
  .bss               zero     0x2000'254c    0x10  iwdg.o [1]
  .bss               zero     0x2000'255c    0x10  lcd_display.o [1]
  .bss               zero     0x2000'256c     0xc  text.o [1]
  .bss               zero     0x2000'2578     0xc  user_app_sensor.o [1]
  .bss               zero     0x2000'2584     0xc  user_util.o [1]
  .bss               zero     0x2000'2590     0x4  button.o [1]
  .bss               zero     0x2000'2594     0x4  glcd.o [1]
  .bss               zero     0x2000'2598     0x4  glcd.o [1]
  .bss               zero     0x2000'259c     0x4  glcd.o [1]
  .bss               zero     0x2000'25a0     0x4  lcd_display.o [1]
  .bss               zero     0x2000'25a4     0x4  stm32l4xx_hal.o [1]
  .bss               zero     0x2000'25a8     0x4  user_app_comm.o [1]
  .bss               zero     0x2000'25ac     0x4  user_app_sensor.o [1]
  .bss               zero     0x2000'25b0     0x4  user_app_sensor.o [1]
  .bss               zero     0x2000'25b4     0x4  user_app_sensor.o [1]
  .bss               zero     0x2000'25b8     0x4  user_app_sensor.o [1]
  .bss               zero     0x2000'25bc     0x4  user_rtc.o [1]
  .bss               zero     0x2000'25c0     0x4  user_timer.o [1]
  .bss               zero     0x2000'25c4     0x4  user_util.o [1]
  .bss               zero     0x2000'25c8     0x4  user_util.o [1]
  .bss               zero     0x2000'25cc     0x4  user_util.o [1]
  .bss               zero     0x2000'25d0     0x4  xfail_s.o [2]
  .bss               zero     0x2000'25d4     0x2  button.o [1]
  .bss               zero     0x2000'25d6     0x2  lcd_display.o [1]
  .bss               zero     0x2000'25d8     0x2  user_app_comm.o [1]
  .bss               zero     0x2000'25da     0x2  user_app_comm.o [1]
  .bss               zero     0x2000'25dc     0x2  user_app_sensor.o [1]
  .bss               zero     0x2000'25de     0x2  user_app_sensor.o [1]
  .bss               zero     0x2000'25e0     0x2  user_uart.o [1]
  .bss               zero     0x2000'25e2     0x1  button.o [1]
  .bss               zero     0x2000'25e3     0x1  lcd_display.o [1]
  .bss               zero     0x2000'25e4     0x1  lcd_display.o [1]
  .bss               zero     0x2000'25e5     0x1  lcd_display.o [1]
  .bss               zero     0x2000'25e6     0x1  user_app_comm.o [1]
  .bss               zero     0x2000'25e7     0x1  user_app_rs485.o [1]
  .bss               zero     0x2000'25e8     0x1  user_app_sensor.o [1]
  .bss               zero     0x2000'25e9     0x1  user_app_sensor.o [1]
  .bss               zero     0x2000'25ea     0x1  user_at_serial.o [1]
  .bss               zero     0x2000'25eb     0x1  user_connect_sensor.o [1]
  .bss               zero     0x2000'25ec     0x1  user_connect_sensor.o [1]
  .bss               zero     0x2000'25ed     0x1  user_rs485.o [1]
  .bss               zero     0x2000'25ee     0x1  user_rs485.o [1]
  .bss               zero     0x2000'25ef     0x1  user_rtc.o [1]
  .bss               zero     0x2000'25f0     0x1  user_uart.o [1]
                            - 0x2000'25f1  0x1bfd

"P2", part 3 of 3:                          0x400
  CSTACK                      0x2000'25f8   0x400  <Block>
    CSTACK           uninit   0x2000'25f8   0x400  <Block tail>
                            - 0x2000'29f8   0x400

Unused ranges:

         From           To      Size
         ----           --      ----
   0x800'eaba   0x803'ffff  0x3'1546
  0x2000'09f1  0x2000'09f3       0x3
  0x2000'25f4  0x2000'25f7       0x4
  0x2000'29f8  0x2000'ffff    0xd608


*******************************************************************************
*** INIT TABLE
***

          Address      Size
          -------      ----
Zero (__iar_zero_init3)
    1 destination range, total size 0x1bfd:
          0x2000'09f4  0x1bfd

Copy/lz77 (__iar_lz77_init_single3)
    1 source range, total size 0x47e (45% of destination):
           0x800'e63c   0x47e
    1 destination range, total size 0x9f1:
          0x2000'0000   0x9f1



*******************************************************************************
*** MODULE SUMMARY
***

    Module                    ro code  ro data  rw data
    ------                    -------  -------  -------
command line/config:
    ---------------------------------------------------
    Total:

D:\Saoviet_Git\Saoviet_EnviroTrack_M_And_S\Project_Slave_LanChang_pH\Project_Slave_Sensor_EnviroTrack\EWARM\Project_Slave_Sensor_EnviroTrack\Obj: [1]
    ST7565R.o                     344
    STM32L4.o                     160
    button.o                    3'756        5       43
    dma.o                          96
    event_driven.o                 84
    glcd.o                        232             1'036
    gpio.o                        464
    graphics.o                    244
    iwdg.o                         44                16
    lcd_display.o               2'546    3'182    1'338
    main.o                        198
    onchipflash.o                 370
    rtc.o                         336                36
    spi.o                         200               100
    startup_stm32l433xx.o         648
    stm32l4xx_hal.o               208        1        9
    stm32l4xx_hal_cortex.o        404
    stm32l4xx_hal_dma.o         1'062
    stm32l4xx_hal_flash.o         440       15       32
    stm32l4xx_hal_flash_ex.o      160
    stm32l4xx_hal_gpio.o          896
    stm32l4xx_hal_iwdg.o          128
    stm32l4xx_hal_msp.o            56
    stm32l4xx_hal_pwr_ex.o        148
    stm32l4xx_hal_rcc.o         2'556
    stm32l4xx_hal_rcc_ex.o      1'256
    stm32l4xx_hal_rtc.o         1'934
    stm32l4xx_hal_rtc_ex.o         74
    stm32l4xx_hal_spi.o         1'322
    stm32l4xx_hal_uart.o        4'224
    stm32l4xx_hal_uart_ex.o       114
    stm32l4xx_it.o                136
    system_stm32l4xx.o             16       74        4
    text.o                        912                12
    text_tiny.o                   656
    unit_tests.o                   20      512
    usart.o                       924               624
    user_adv_trace.o              570             1'560
    user_app_comm.o             1'268      229    1'461
    user_app_modbus_rtu.o       1'620       86      538
    user_app_rs485.o              324       29       65
    user_app_sensor.o           4'404      235      310
    user_at_serial.o              476    1'397    1'305
    user_connect_sensor.o         100        4      522
    user_convert_variable.o     1'036
    user_modbus_rtu.o             848
    user_rs485.o                  112        3      522
    user_rtc.o                    936      100       77
    user_string.o                 486
    user_time.o                    88
    user_timer.o                  784                 4
    user_tiny_vsnprintf.o         848       92        8
    user_uart.o                   288       28        3
    user_util.o                   540        9       25
    ---------------------------------------------------
    Total:                     42'096    6'001    9'650

dl7M_tlf.a: [2]
    abort.o                         6
    exit.o                          4
    low_level_init.o                4
    sprintf.o                      64
    xfail_s.o                      64                 4
    xlocale_c.o                     8       28       56
    xprintffull_nomb.o          4'038        8
    xsprout.o                      10
    ---------------------------------------------------
    Total:                      4'198       36       60

m7M_tls.a: [3]
    DblAdd.o                      378
    DblCmpEq.o                     32
    DblCmpGe.o                     46
    DblCmpLe.o                     46
    DblDiv.o                      582
    DblMul.o                      418
    DblSub.o                      226
    DblToFlt.o                    104
    DblToS32.o                     58
    DblToU32.o                     40
    FltToDbl.o                     72
    S32ToDbl.o                     34
    U32ToDbl.o                     26
    fpinit_M.o                     34
    frexp.o                       112
    iar_Exp64.o                 1'000
    ldexp.o                       314
    math_wrappers64.o              22
    pow64.o                     1'772    1'056
    ---------------------------------------------------
    Total:                      5'316    1'056

rt7M_tl.a: [4]
    ABImemcpy.o                   166
    ABImemset.o                   102
    I64DivMod.o                   560
    I64DivZer.o                     2
    cexit.o                        10
    cmain.o                        30
    cstartup_M.o                   12
    data_init.o                    40
    lz77_init_single.o            120
    memchr.o                       88
    memset.o                       20
    strchr.o                       22
    strlen.o                       54
    zero_init3.o                   58
    ---------------------------------------------------
    Total:                      1'284

shb_l.a: [5]
    exit.o                         20
    ---------------------------------------------------
    Total:                         20

    Gaps                           43        8
    Linker created                          32    1'024
-------------------------------------------------------
    Grand Total:               52'957    7'133   10'734


*******************************************************************************
*** ENTRY LIST
***

Entry                       Address   Size  Type      Object
-----                       -------   ----  ----      ------
.iar.init_table$$Base    0x800'de54          --   Gb  - Linker created -
.iar.init_table$$Limit   0x800'de74          --   Gb  - Linker created -
?main                    0x800'deb5         Code  Gb  cmain.o [4]
ADV_TRACE_Buffer        0x2000'12a4  0x400  Data  Lc  user_adv_trace.o [1]
ADV_TRACE_Ctx           0x2000'251c   0x18  Data  Lc  user_adv_trace.o [1]
AHBPrescTable            0x800'e0c0   0x10  Data  Gb  system_stm32l4xx.o [1]
APBPrescTable            0x800'e4d8    0x8  Data  Gb  system_stm32l4xx.o [1]
AT_CMD_Get_BR_Slave      0x800'1047   0x52  Code  Gb  user_app_sensor.o [1]
AT_CMD_Get_ID_Slave      0x800'0f51   0x52  Code  Gb  user_app_sensor.o [1]
AT_CMD_Reset_Slave       0x800'0ea1   0x48  Code  Gb  user_app_sensor.o [1]
AT_CMD_Restore_Slave     0x800'0eed   0x5a  Code  Gb  user_app_sensor.o [1]
AT_CMD_Set_BR_Slave      0x800'10a1   0x94  Code  Gb  user_app_sensor.o [1]
AT_CMD_Set_ID_Slave      0x800'0fb1   0x96  Code  Gb  user_app_sensor.o [1]
AppComm_DBG_Init_RX_Mode
                         0x800'7b51   0x32  Code  Gb  user_app_comm.o [1]
AppComm_DBG_Init_Uart    0x800'7b49    0x8  Code  Gb  user_app_comm.o [1]
AppComm_DBG_Rx_Callback
                         0x800'7b91  0x176  Code  Gb  user_app_comm.o [1]
AppComm_DBG_Stop_RX_Mode
                         0x800'7b83    0xa  Code  Gb  user_app_comm.o [1]
AppComm_Get_Reset_Source
                         0x800'7b11   0x38  Code  Gb  user_app_comm.o [1]
AppComm_IRQ_Timer_CallBack
                         0x800'7ad1    0xc  Code  Gb  user_app_comm.o [1]
AppComm_Init             0x800'7a0f   0x20  Code  Gb  user_app_comm.o [1]
AppComm_Set_Next_TxTimer
                         0x800'7af7    0x2  Code  Gb  user_app_comm.o [1]
AppComm_Task             0x800'7a2f   0xa0  Code  Gb  user_app_comm.o [1]
AppComm_Uart_Debug_Send
                         0x800'7af9   0x18  Code  Lc  user_app_comm.o [1]
AppRs485_Task            0x800'92b5   0x84  Code  Gb  user_app_rs485.o [1]
AppSensor_Task           0x800'117d   0x84  Code  Gb  user_app_sensor.o [1]
BUTTON_Down_Process      0x800'be49  0x1d0  Code  Gb  button.o [1]
BUTTON_ESC_Process       0x800'c035  0x344  Code  Gb  button.o [1]
BUTTON_Enter_Process     0x800'b62b  0x648  Code  Gb  button.o [1]
BUTTON_Process           0x800'b4fd   0x34  Code  Gb  button.o [1]
BUTTON_Up_Process        0x800'bc73  0x1d6  Code  Gb  button.o [1]
BUTTON_scan              0x800'b531   0xfa  Code  Gb  button.o [1]
BUTTON_scan::hold       0x2000'2590    0x4  Data  Lc  button.o [1]
BUTTON_scan::last_value
                        0x2000'25e2    0x1  Data  Lc  button.o [1]
BusFault_Handler         0x800'dbe3    0x2  Code  Gb  stm32l4xx_it.o [1]
CSTACK$$Base            0x2000'25f8          --   Gb  - Linker created -
CSTACK$$Limit           0x2000'29f8          --   Gb  - Linker created -
Cal_Time                 0x800'1baf   0x12  Code  Gb  user_util.o [1]
Calculator_Scale         0x800'1785   0x54  Code  Gb  user_convert_variable.o [1]
CheckList_AT_CONFIG     0x2000'058c  0x410  Data  Gb  user_at_serial.o [1]
Check_Time_Out           0x800'1b91   0x1e  Code  Gb  user_util.o [1]
Convert_Point_Int_To_String
                         0x800'17d9   0xce  Code  Gb  user_convert_variable.o [1]
Convert_Point_Int_To_String_Scale
                         0x800'18a7   0xea  Code  Gb  user_convert_variable.o [1]
Convert_Scale            0x800'1d01   0x5c  Code  Gb  user_util.o [1]
Convert_String_To_Dec    0x800'1b01   0x5c  Code  Gb  user_convert_variable.o [1]
Convert_uint32Hex_To_Float
                         0x800'19bd  0x144  Code  Gb  user_convert_variable.o [1]
CountBufferHandleRecvSS
                        0x2000'25dc    0x2  Data  Gb  user_app_sensor.o [1]
DMA1_Channel3_IRQHandler
                         0x800'dbfd    0xa  Code  Gb  stm32l4xx_it.o [1]
DMA1_Channel5_IRQHandler
                         0x800'dc07    0xa  Code  Gb  stm32l4xx_it.o [1]
DMA2_Channel7_IRQHandler
                         0x800'dc2f    0xa  Code  Gb  stm32l4xx_it.o [1]
DMA_SetConfig            0x800'4b9d   0x32  Code  Lc  stm32l4xx_hal_dma.o [1]
DaysInMonth              0x800'e47c    0xc  Data  Lc  user_rtc.o [1]
DaysInMonthLeapYear      0x800'e488    0xc  Data  Lc  user_rtc.o [1]
DebugMon_Handler         0x800'dbe9    0x2  Code  Gb  stm32l4xx_it.o [1]
Deinit_LCD12864          0x800'9d0d   0x3a  Code  Gb  lcd_display.o [1]
Display_Check_Password   0x800'9bab   0x2e  Code  Gb  lcd_display.o [1]
Display_Check_Toggle     0x800'9a35   0xac  Code  Gb  lcd_display.o [1]
Display_Check_Toggle::Hide
                        0x2000'22d4   0x54  Data  Lc  lcd_display.o [1]
Display_Check_Toggle::LandMarkToggle_u32
                        0x2000'1ca4  0x150  Data  Lc  lcd_display.o [1]
Display_Init             0x800'9355   0x78  Code  Gb  lcd_display.o [1]
Display_Set_Screen       0x800'9b75   0x36  Code  Gb  lcd_display.o [1]
Display_Set_Screen_Flag
                         0x800'9b2f   0x46  Code  Gb  lcd_display.o [1]
Display_Show_Oject       0x800'9705  0x330  Code  Gb  lcd_display.o [1]
Display_Show_Screen      0x800'9ae1   0x4e  Code  Gb  lcd_display.o [1]
Display_Show_State_Sensor_Network
                         0x800'9bd9   0x4c  Code  Gb  lcd_display.o [1]
Display_Show_State_Setting
                         0x800'9c29   0x5c  Code  Gb  lcd_display.o [1]
Display_Task             0x800'93cd   0x7e  Code  Gb  lcd_display.o [1]
Error_Handler            0x800'73ad    0x4  Code  Gb  main.o [1]
FLASH_FlushCaches        0x800'5947   0x6a  Code  Gb  stm32l4xx_hal_flash_ex.o [1]
FLASH_PageErase          0x800'591d   0x2a  Code  Gb  stm32l4xx_hal_flash_ex.o [1]
FLASH_Program_DoubleWord
                         0x800'58ab   0x1a  Code  Lc  stm32l4xx_hal_flash.o [1]
FLASH_Program_Fast       0x800'58c5   0x32  Code  Lc  stm32l4xx_hal_flash.o [1]
FLASH_WaitForLastOperation
                         0x800'5845   0x66  Code  Gb  stm32l4xx_hal_flash.o [1]
Filter_Temp              0x800'0665    0x2  Code  Gb  user_app_sensor.o [1]
Filter_pH                0x800'05a1   0xc0  Code  Gb  user_app_sensor.o [1]
Filter_pH::P            0x2000'0580    0x4  Data  Lc  user_app_sensor.o [1]
Filter_pH::x_est        0x2000'25b4    0x4  Data  Lc  user_app_sensor.o [1]
Filter_pH::x_est_last   0x2000'25b8    0x4  Data  Lc  user_app_sensor.o [1]
Find_String_V2           0x800'ad93  0x130  Code  Gb  user_string.o [1]
Find_str_fix             0x800'aee5   0x94  Code  Gb  user_string.o [1]
Font5x7                  0x800'd7c8  0x214  Data  Lc  lcd_display.o [1]
Get_RTC                  0x800'91b9   0x4e  Code  Gb  user_time.o [1]
HAL_DMA_Abort            0x800'49f5   0x54  Code  Gb  stm32l4xx_hal_dma.o [1]
HAL_DMA_Abort_IT         0x800'4a49   0x5e  Code  Gb  stm32l4xx_hal_dma.o [1]
HAL_DMA_DeInit           0x800'4889   0xb8  Code  Gb  stm32l4xx_hal_dma.o [1]
HAL_DMA_GetError         0x800'4b99    0x4  Code  Gb  stm32l4xx_hal_dma.o [1]
HAL_DMA_IRQHandler       0x800'4aa7   0xf2  Code  Gb  stm32l4xx_hal_dma.o [1]
HAL_DMA_Init             0x800'47a9   0xe0  Code  Gb  stm32l4xx_hal_dma.o [1]
HAL_DMA_Start_IT         0x800'495d   0x98  Code  Gb  stm32l4xx_hal_dma.o [1]
HAL_Delay                0x800'212d   0x28  Code  Wk  stm32l4xx_hal.o [1]
HAL_FLASH_Lock           0x800'5837    0xe  Code  Gb  stm32l4xx_hal_flash.o [1]
HAL_FLASH_Program        0x800'5765   0xb0  Code  Gb  stm32l4xx_hal_flash.o [1]
HAL_FLASH_Unlock         0x800'5815   0x22  Code  Gb  stm32l4xx_hal_flash.o [1]
HAL_GPIO_DeInit          0x800'1f6f  0x166  Code  Gb  stm32l4xx_hal_gpio.o [1]
HAL_GPIO_Init            0x800'1dad  0x1c2  Code  Gb  stm32l4xx_hal_gpio.o [1]
HAL_GPIO_ReadPin         0x800'20d5   0x16  Code  Gb  stm32l4xx_hal_gpio.o [1]
HAL_GPIO_WritePin        0x800'20eb   0x18  Code  Gb  stm32l4xx_hal_gpio.o [1]
HAL_GetTick              0x800'3aad    0xc  Code  Wk  stm32l4xx_hal.o [1]
HAL_IWDG_Init            0x800'16cb   0x72  Code  Gb  stm32l4xx_hal_iwdg.o [1]
HAL_IWDG_Refresh         0x800'173d    0xe  Code  Gb  stm32l4xx_hal_iwdg.o [1]
HAL_IncTick              0x800'dc65   0x18  Code  Wk  stm32l4xx_hal.o [1]
HAL_Init                 0x800'8835   0x24  Code  Gb  stm32l4xx_hal.o [1]
HAL_InitTick             0x800'804d   0x60  Code  Wk  stm32l4xx_hal.o [1]
HAL_MspInit              0x800'a0a1   0x38  Code  Gb  stm32l4xx_hal_msp.o [1]
HAL_NVIC_DisableIRQ      0x800'5b13    0xe  Code  Gb  stm32l4xx_hal_cortex.o [1]
HAL_NVIC_EnableIRQ       0x800'5b05    0xe  Code  Gb  stm32l4xx_hal_cortex.o [1]
HAL_NVIC_SetPriority     0x800'5adb   0x2a  Code  Gb  stm32l4xx_hal_cortex.o [1]
HAL_NVIC_SetPriorityGrouping
                         0x800'5acf    0xc  Code  Gb  stm32l4xx_hal_cortex.o [1]
HAL_PWREx_ControlVoltageScaling
                         0x800'80b9   0x76  Code  Gb  stm32l4xx_hal_pwr_ex.o [1]
HAL_PWREx_GetVoltageRange
                         0x800'80ad    0xc  Code  Gb  stm32l4xx_hal_pwr_ex.o [1]
HAL_RCCEx_PeriphCLKConfig
                         0x800'73c5  0x34c  Code  Gb  stm32l4xx_hal_rcc_ex.o [1]
HAL_RCC_ClockConfig      0x800'53ed  0x17a  Code  Gb  stm32l4xx_hal_rcc.o [1]
HAL_RCC_GetHCLKFreq      0x800'563b    0x6  Code  Gb  stm32l4xx_hal_rcc.o [1]
HAL_RCC_GetPCLK1Freq     0x800'5641   0x1a  Code  Gb  stm32l4xx_hal_rcc.o [1]
HAL_RCC_GetPCLK2Freq     0x800'565b   0x1a  Code  Gb  stm32l4xx_hal_rcc.o [1]
HAL_RCC_GetResetSource   0x800'5685   0x12  Code  Gb  stm32l4xx_hal_rcc.o [1]
HAL_RCC_GetSysClockFreq
                         0x800'5567   0xd4  Code  Gb  stm32l4xx_hal_rcc.o [1]
HAL_RCC_OscConfig        0x800'4d65  0x688  Code  Gb  stm32l4xx_hal_rcc.o [1]
HAL_RTCEx_AlarmBEventCallback
                         0x800'caf5    0x2  Code  Wk  stm32l4xx_hal_rtc_ex.o [1]
HAL_RTCEx_EnableBypassShadow
                         0x800'cbed   0x48  Code  Gb  stm32l4xx_hal_rtc_ex.o [1]
HAL_RTC_AlarmAEventCallback
                         0x800'c85d    0xc  Code  Gb  user_rtc.o [1]
HAL_RTC_AlarmIRQHandler
                         0x800'a6dd   0x60  Code  Gb  stm32l4xx_hal_rtc.o [1]
HAL_RTC_DeactivateAlarm
                         0x800'a603   0xda  Code  Gb  stm32l4xx_hal_rtc.o [1]
HAL_RTC_GetDate          0x800'a3cb   0x52  Code  Gb  stm32l4xx_hal_rtc.o [1]
HAL_RTC_GetTime          0x800'a299   0x66  Code  Gb  stm32l4xx_hal_rtc.o [1]
HAL_RTC_Init             0x800'a0d9   0xca  Code  Gb  stm32l4xx_hal_rtc.o [1]
HAL_RTC_MspInit          0x800'8ba9   0x50  Code  Gb  rtc.o [1]
HAL_RTC_SetAlarm_IT      0x800'a41d  0x1e6  Code  Gb  stm32l4xx_hal_rtc.o [1]
HAL_RTC_SetDate          0x800'a2ff   0xcc  Code  Gb  stm32l4xx_hal_rtc.o [1]
HAL_RTC_SetTime          0x800'a1a3   0xf6  Code  Gb  stm32l4xx_hal_rtc.o [1]
HAL_RTC_WaitForSynchro   0x800'a73d   0x2e  Code  Gb  stm32l4xx_hal_rtc.o [1]
HAL_SPI_Init             0x800'a869   0xf8  Code  Gb  stm32l4xx_hal_spi.o [1]
HAL_SPI_MspInit          0x800'8c55   0x62  Code  Gb  spi.o [1]
HAL_SPI_Transmit         0x800'a961  0x1fe  Code  Gb  stm32l4xx_hal_spi.o [1]
HAL_SYSTICK_Config       0x800'5b21    0xc  Code  Gb  stm32l4xx_hal_cortex.o [1]
HAL_UARTEx_ReceiveToIdle_DMA
                         0x800'4cf1   0x70  Code  Gb  stm32l4xx_hal_uart_ex.o [1]
HAL_UARTEx_RxEventCallback
                         0x800'4c05   0x3c  Code  Gb  user_uart.o [1]
HAL_UARTEx_WakeupCallback
                         0x800'4d61    0x2  Code  Wk  stm32l4xx_hal_uart_ex.o [1]
HAL_UART_DMAStop         0x800'22f9   0xb2  Code  Gb  stm32l4xx_hal_uart.o [1]
HAL_UART_ErrorCallback   0x800'4c41   0x3c  Code  Gb  user_uart.o [1]
HAL_UART_IRQHandler      0x800'23ab  0x35c  Code  Gb  stm32l4xx_hal_uart.o [1]
HAL_UART_Init            0x800'2155   0x7a  Code  Gb  stm32l4xx_hal_uart.o [1]
HAL_UART_MspDeInit       0x800'46e1   0x80  Code  Gb  usart.o [1]
HAL_UART_MspInit         0x800'44bd  0x224  Code  Gb  usart.o [1]
HAL_UART_Receive_IT      0x800'229b   0x5e  Code  Gb  stm32l4xx_hal_uart.o [1]
HAL_UART_RxCpltCallback
                         0x800'4bd1   0x34  Code  Gb  user_uart.o [1]
HAL_UART_Transmit        0x800'21cf   0xcc  Code  Gb  stm32l4xx_hal_uart.o [1]
Handle_Data_Measure      0x800'0365   0xce  Code  Gb  user_app_sensor.o [1]
Handle_Data_Recv_SS_pH   0x800'07ad   0xc2  Code  Gb  user_app_sensor.o [1]
Handle_Data_Recv_Sensor
                         0x800'0679   0x20  Code  Gb  user_app_sensor.o [1]
Handle_Data_Trans_SS_pH
                         0x800'06ad   0xfa  Code  Gb  user_app_sensor.o [1]
Handle_Data_Trans_Sensor
                         0x800'0667   0x12  Code  Gb  user_app_sensor.o [1]
Handle_Float_To_hexUint32
                         0x800'1b6d   0x24  Code  Gb  user_convert_variable.o [1]
Handle_State_SS_pH       0x800'087d   0x74  Code  Gb  user_app_sensor.o [1]
Handle_State_Sensor      0x800'0699   0x14  Code  Gb  user_app_sensor.o [1]
HardFault_Handler        0x800'dbdf    0x2  Code  Gb  stm32l4xx_it.o [1]
IndexUartError          0x2000'25f0    0x1  Data  Lc  user_uart.o [1]
Init_AppRs485            0x800'929f   0x16  Code  Gb  user_app_rs485.o [1]
Init_AppSensor           0x800'1139   0x3a  Code  Gb  user_app_sensor.o [1]
Init_InforSlaveModbusRTU
                         0x800'35c5   0x30  Code  Gb  user_app_modbus_rtu.o [1]
Init_ParamCalib          0x800'0d55   0x96  Code  Gb  user_app_sensor.o [1]
Init_TempAlarm           0x800'0dfd   0xa4  Code  Gb  user_app_sensor.o [1]
Init_UartRs485           0x800'9261   0x3e  Code  Gb  user_app_rs485.o [1]
Insert_String_To_String
                         0x800'1991   0x2a  Code  Gb  user_convert_variable.o [1]
Kind_Trans_Calib        0x2000'25e8    0x1  Data  Gb  user_app_sensor.o [1]
LPUART1_IRQHandler       0x800'dc39    0xa  Code  Gb  stm32l4xx_it.o [1]
Liberation_Sans15x21_Numbers
                         0x800'd5a0  0x228  Data  Lc  lcd_display.o [1]
Liberation_Sans17x17_Alpha
                         0x800'cc34  0x548  Data  Lc  lcd_display.o [1]
MSIRangeTable            0x800'dd5c   0x30  Data  Gb  system_stm32l4xx.o [1]
MX_DMA_Init              0x800'8a29   0x60  Code  Gb  dma.o [1]
MX_GPIO_Init             0x800'8859  0x1d0  Code  Gb  gpio.o [1]
MX_IWDG_Init             0x800'8a89   0x2c  Code  Gb  iwdg.o [1]
MX_LPUART1_UART_Init     0x800'440d   0x38  Code  Gb  usart.o [1]
MX_RTC_Init              0x800'8ab5   0xf4  Code  Gb  rtc.o [1]
MX_SPI2_Init             0x800'8c05   0x50  Code  Gb  spi.o [1]
MX_USART1_UART_Init      0x800'4445   0x3c  Code  Gb  usart.o [1]
MX_USART3_UART_Init      0x800'4481   0x3c  Code  Gb  usart.o [1]
Main_Task                0x800'79b5   0x5a  Code  Gb  user_app_comm.o [1]
MemManage_Handler        0x800'dbe1    0x2  Code  Gb  stm32l4xx_it.o [1]
ModRTU_CRC               0x800'137b   0x3c  Code  Gb  user_modbus_rtu.o [1]
ModRTU_Master_Read_Frame
                         0x800'13b7   0x9c  Code  Gb  user_modbus_rtu.o [1]
ModRTU_Master_Write_Frame
                         0x800'1453   0xe8  Code  Gb  user_modbus_rtu.o [1]
ModRTU_Slave_ACK_Read_Frame
                         0x800'153b   0xa2  Code  Gb  user_modbus_rtu.o [1]
ModRTU_Slave_ACK_Write_Frame
                         0x800'15dd   0xee  Code  Gb  user_modbus_rtu.o [1]
Modem_Check_AT           0x800'8fdd  0x1dc  Code  Gb  user_at_serial.o [1]
Modem_Check_RTU          0x800'35f5  0x37e  Code  Gb  user_app_modbus_rtu.o [1]
NMI_Handler              0x800'dbdd    0x2  Code  Gb  stm32l4xx_it.o [1]
NONE_Register_CallBack   0x800'334d    0x6  Code  Gb  user_app_modbus_rtu.o [1]
NVIC_EncodePriority      0x800'5a5f   0x40  Code  Lc  stm32l4xx_hal_cortex.o [1]
OldPosDMADebug          0x2000'25d8    0x2  Data  Lc  user_app_comm.o [1]
Old_Value_i16           0x2000'25d4    0x2  Data  Gb  button.o [1]
OnchipFlashPageErase     0x800'325d   0x5a  Code  Gb  onchipflash.o [1]
OnchipFlashWriteData     0x800'31d1   0x8c  Code  Gb  onchipflash.o [1]
PendSV_Handler           0x800'dbeb    0x2  Code  Gb  stm32l4xx_it.o [1]
PortConfig              0x2000'25ea    0x1  Data  Gb  user_at_serial.o [1]
RC                       0x800'aec3   0x22  Code  Gb  user_string.o [1]
RCCEx_PLLSAI1_Config     0x800'7725  0x16e  Code  Lc  stm32l4xx_hal_rcc_ex.o [1]
RCC_SetFlashLatencyFromMSIRange
                         0x800'569d   0x8a  Code  Lc  stm32l4xx_hal_rcc.o [1]
RS485SS_Init_RX_Mode     0x800'3a49   0x1e  Code  Gb  user_connect_sensor.o [1]
RS485SS_Rx_Callback      0x800'3a69   0x34  Code  Gb  user_connect_sensor.o [1]
RS485SS_Stop_RX_Mode     0x800'3a67    0x2  Code  Gb  user_connect_sensor.o [1]
RS485_Done_Calib         0x800'08f5   0x16  Code  Gb  user_app_sensor.o [1]
RS485_Enter_Calib        0x800'090b   0x22  Code  Gb  user_app_sensor.o [1]
RS485_Init_RX_Mode       0x800'7da1   0x1e  Code  Gb  user_rs485.o [1]
RS485_LogData_Calib      0x800'092d   0x78  Code  Gb  user_app_sensor.o [1]
RS485_Rx_Callback        0x800'7dc1   0x3c  Code  Gb  user_rs485.o [1]
RS485_Stop_RX_Mode       0x800'7dbf    0x2  Code  Gb  user_rs485.o [1]
RTC_AlarmStructure      0x2000'2400   0x2c  Data  Lc  user_rtc.o [1]
RTC_Alarm_IRQHandler     0x800'dc25    0xa  Code  Gb  stm32l4xx_it.o [1]
RTC_Bcd2ToByte           0x800'a851   0x16  Code  Gb  stm32l4xx_hal_rtc.o [1]
RTC_ByteToBcd2           0x800'a835   0x1c  Code  Gb  stm32l4xx_hal_rtc.o [1]
RTC_EnterInitMode        0x800'a76b   0x4c  Code  Gb  stm32l4xx_hal_rtc.o [1]
RTC_ExitInitMode         0x800'a7b7   0x58  Code  Gb  stm32l4xx_hal_rtc.o [1]
RTC_GetCalendarValue     0x800'ca2f   0x90  Code  Lc  user_rtc.o [1]
RTC_IF_Convert_Tick2ms   0x800'c84d   0x10  Code  Gb  user_rtc.o [1]
RTC_IF_Convert_ms2Tick   0x800'c83b   0x12  Code  Gb  user_rtc.o [1]
RTC_IF_GetMinimumTimeout
                         0x800'c837    0x4  Code  Gb  user_rtc.o [1]
RTC_IF_GetTimerContext   0x800'c7fb    0x8  Code  Gb  user_rtc.o [1]
RTC_IF_GetTimerElapsedTime
                         0x800'c803   0x16  Code  Gb  user_rtc.o [1]
RTC_IF_GetTimerValue     0x800'c819   0x1e  Code  Gb  user_rtc.o [1]
RTC_IF_Init              0x800'c785   0x30  Code  Gb  user_rtc.o [1]
RTC_IF_SetTimerContext   0x800'c7e5   0x16  Code  Gb  user_rtc.o [1]
RTC_IF_StartTimer        0x800'c7b5    0xe  Code  Gb  user_rtc.o [1]
RTC_IF_StopTimer         0x800'c7c3   0x22  Code  Gb  user_rtc.o [1]
RTC_Initalized          0x2000'25ef    0x1  Data  Lc  user_rtc.o [1]
RTC_StartWakeUpAlarm     0x800'c869  0x1c6  Code  Lc  user_rtc.o [1]
ReInit_Rx_Mode_Uart_Error
                         0x800'4c7d   0x5a  Code  Gb  user_uart.o [1]
Read_Register_Rs485      0x800'0bed   0x66  Code  Gb  user_app_sensor.o [1]
Region$$Table$$Base      0x800'de54          --   Gb  - Linker created -
Region$$Table$$Limit     0x800'de74          --   Gb  - Linker created -
Reset_Buff               0x800'1c21   0x24  Code  Gb  user_util.o [1]
Rs485SSStatus_u8        0x2000'25ec    0x1  Data  Gb  user_connect_sensor.o [1]
Rs485Status_u8          0x2000'25ee    0x1  Data  Gb  user_rs485.o [1]
RtCountSystick_u32      0x2000'25c4    0x4  Data  Gb  user_util.o [1]
RtcTimerContext         0x2000'24e8   0x1c  Data  Lc  user_rtc.o [1]
SPI_EndRxTxTransaction   0x800'ad29   0x6a  Code  Lc  stm32l4xx_hal_spi.o [1]
SPI_WaitFifoStateUntilTimeout
                         0x800'ac37   0xee  Code  Lc  stm32l4xx_hal_spi.o [1]
SPI_WaitFlagStateUntilTimeout
                         0x800'ab5f   0xd8  Code  Lc  stm32l4xx_hal_spi.o [1]
SVC_Handler              0x800'dbe7    0x2  Code  Gb  stm32l4xx_it.o [1]
Save_Array               0x800'32bd   0x86  Code  Gb  onchipflash.o [1]
Save_InforSlaveModbusRTU
                         0x800'3581   0x44  Code  Gb  user_app_modbus_rtu.o [1]
Save_ParamCalib          0x800'0c8f   0xba  Code  Gb  user_app_sensor.o [1]
Send_RS458_Master        0x800'3549   0x38  Code  Gb  user_app_modbus_rtu.o [1]
Send_RS458_Sensor        0x800'0c53   0x3c  Code  Gb  user_app_sensor.o [1]
SysApp_Init              0x800'7969    0xc  Code  Gb  user_app_comm.o [1]
SysApp_Setting           0x800'7975   0x40  Code  Gb  user_app_comm.o [1]
SysTick_Config           0x800'5a9f   0x30  Code  Lc  stm32l4xx_hal_cortex.o [1]
SysTick_Handler          0x800'dbed   0x10  Code  Gb  stm32l4xx_it.o [1]
SystemClock_Config       0x800'731b   0x92  Code  Gb  main.o [1]
SystemCoreClock         0x2000'038c    0x4  Data  Gb  system_stm32l4xx.o [1]
SystemInit               0x800'e2b1    0xc  Code  Gb  system_stm32l4xx.o [1]
TRACE_AllocateBufer      0x800'7f71   0xa2  Code  Lc  user_adv_trace.o [1]
TRACE_IsLocked           0x800'8027   0x10  Code  Lc  user_adv_trace.o [1]
TRACE_Lock               0x800'8013    0xa  Code  Lc  user_adv_trace.o [1]
TRACE_Send               0x800'7eeb   0x84  Code  Lc  user_adv_trace.o [1]
TRACE_UnLock             0x800'801d    0xa  Code  Lc  user_adv_trace.o [1]
TimerExists              0x800'8f45   0x1a  Code  Gb  user_timer.o [1]
TimerInsertNewHeadTimer
                         0x800'8fb9   0x1c  Code  Gb  user_timer.o [1]
TimerInsertTimer         0x800'8f8b   0x2e  Code  Gb  user_timer.o [1]
TimerListHead           0x2000'25c0    0x4  Data  Lc  user_timer.o [1]
TimerSetTimeout          0x800'8f5f   0x2c  Code  Gb  user_timer.o [1]
TimerTx                 0x2000'2534   0x18  Data  Lc  user_app_comm.o [1]
TxCpltCallback          0x2000'25a8    0x4  Data  Lc  user_app_comm.o [1]
UART_AdvFeatureConfig    0x800'2a05   0xda  Code  Gb  stm32l4xx_hal_uart.o [1]
UART_CheckIdleState      0x800'2adf   0xd2  Code  Gb  stm32l4xx_hal_uart.o [1]
UART_DMAAbortOnError     0x800'2f91   0x1a  Code  Lc  stm32l4xx_hal_uart.o [1]
UART_DMAError            0x800'2f41   0x50  Code  Lc  stm32l4xx_hal_uart.o [1]
UART_DMAReceiveCplt      0x800'2e75   0xa2  Code  Lc  stm32l4xx_hal_uart.o [1]
UART_DMARxHalfCplt       0x800'2f19   0x28  Code  Lc  stm32l4xx_hal_uart.o [1]
UART_EndRxTransfer       0x800'2e17   0x5e  Code  Lc  stm32l4xx_hal_uart.o [1]
UART_EndTransmit_IT      0x800'2fab   0x2a  Code  Lc  stm32l4xx_hal_uart.o [1]
UART_EndTxTransfer       0x800'2dfb   0x1c  Code  Lc  stm32l4xx_hal_uart.o [1]
UART_RxISR_16BIT         0x800'30c9   0xee  Code  Lc  stm32l4xx_hal_uart.o [1]
UART_RxISR_8BIT          0x800'2fd5   0xec  Code  Lc  stm32l4xx_hal_uart.o [1]
UART_SetConfig           0x800'270d  0x2ec  Code  Gb  stm32l4xx_hal_uart.o [1]
UART_Start_Receive_DMA   0x800'2d3f   0xbc  Code  Gb  stm32l4xx_hal_uart.o [1]
UART_Start_Receive_IT    0x800'2c4f   0xf0  Code  Gb  stm32l4xx_hal_uart.o [1]
UART_WaitOnFlagUntilTimeout
                         0x800'2bb1   0x9e  Code  Gb  stm32l4xx_hal_uart.o [1]
USART1_IRQHandler        0x800'dc11    0xa  Code  Gb  stm32l4xx_it.o [1]
USART3_IRQHandler        0x800'dc1b    0xa  Code  Gb  stm32l4xx_it.o [1]
UTIL_ADV_TRACE_COND_FSend
                         0x800'7e11   0xda  Code  Gb  user_adv_trace.o [1]
UTIL_Log_Str             0x800'1ca5   0x36  Code  Gb  user_util.o [1]
UTIL_MEM_cpy             0x800'1ce1   0x1e  Code  Gb  user_util.o [1]
UTIL_MEM_set             0x800'1c45   0x18  Code  Gb  user_util.o [1]
UTIL_Printf              0x800'1c5d   0x2c  Code  Gb  user_util.o [1]
UTIL_Printf_Str          0x800'1c89   0x1c  Code  Gb  user_util.o [1]
UTIL_TIMER_Create        0x800'8ce1   0x4c  Code  Gb  user_timer.o [1]
UTIL_TIMER_IRQ_Handler   0x800'8e93   0xb2  Code  Gb  user_timer.o [1]
UTIL_TIMER_Init          0x800'8ccd   0x14  Code  Gb  user_timer.o [1]
UTIL_TIMER_SetPeriod     0x800'8e59   0x3a  Code  Gb  user_timer.o [1]
UTIL_TIMER_Start         0x800'8d2d   0x92  Code  Gb  user_timer.o [1]
UTIL_TIMER_Stop          0x800'8dbf   0x9a  Code  Gb  user_timer.o [1]
UTIL_TimerDriver         0x800'dd8c   0x2c  Data  Gb  user_rtc.o [1]
UTIL_TraceDriver         0x800'e314    0xc  Data  Gb  user_app_comm.o [1]
Uart485RxByte           0x2000'25ed    0x1  Data  Lc  user_rs485.o [1]
Uart485SSRxByte         0x2000'25eb    0x1  Data  Lc  user_connect_sensor.o [1]
UartDebugBuff           0x2000'09f4  0x4b0  Data  Gb  user_app_comm.o [1]
UartDebugCountFail      0x2000'25e0    0x2  Data  Lc  user_uart.o [1]
Update_ParaDisplay       0x800'967d   0x82  Code  Gb  lcd_display.o [1]
UsageFault_Handler       0x800'dbe5    0x2  Code  Gb  stm32l4xx_it.o [1]
User_RTC_Init            0x800'c74d   0x38  Code  Lc  user_rtc.o [1]
UtilFloatToString        0x800'1d5d   0x2e  Code  Gb  user_util.o [1]
UtilIntToStringWithScale
                         0x800'1bc1   0x60  Code  Gb  user_util.o [1]
VLevelDebug             0x2000'09f0    0x1  Data  Gb  user_util.o [1]
_Cb_Display_Auto_SW      0x800'95b1   0x7e  Code  Lc  lcd_display.o [1]
_Cb_Display_Auto_SW::MarkButtPressed
                        0x2000'25e5    0x1  Data  Lc  lcd_display.o [1]
_Cb_Display_Auto_SW::cNext
                        0x2000'25d6    0x2  Data  Lc  lcd_display.o [1]
_Cb_Display_Init         0x800'944b   0x42  Code  Lc  lcd_display.o [1]
_Cb_Display_Logo         0x800'948d   0xa8  Code  Lc  lcd_display.o [1]
_Cb_Display_Logo::step_u8
                        0x2000'25e3    0x1  Data  Lc  lcd_display.o [1]
_Cb_Display_Show         0x800'9535   0x7c  Code  Lc  lcd_display.o [1]
_Cb_Display_Show::LandMarkChange_u32
                        0x2000'25a0    0x4  Data  Lc  lcd_display.o [1]
_Cb_Display_Show::ScreenLast
                        0x2000'25e4    0x1  Data  Lc  lcd_display.o [1]
_Cb_HandLer_IDLE         0x800'7957    0x6  Code  Lc  user_app_comm.o [1]
_Cb_R_ModbusRTU_REG_Baudrate
                         0x800'33f9   0x2e  Code  Gb  user_app_modbus_rtu.o [1]
_Cb_R_ModbusRTU_REG_ID   0x800'3353   0x2e  Code  Gb  user_app_modbus_rtu.o [1]
_Cb_R_ModbusRTU_REG_Temp_Measure
                         0x800'34ef   0x5a  Code  Gb  user_app_modbus_rtu.o [1]
_Cb_R_ModbusRTU_REG_pH_Measure
                         0x800'3495   0x5a  Code  Gb  user_app_modbus_rtu.o [1]
_Cb_Save_Box             0x800'7963    0x6  Code  Lc  user_app_comm.o [1]
_Cb_Set_RTC              0x800'793b   0x1c  Code  Lc  user_app_comm.o [1]
_Cb_TX_Timer_Event       0x800'7add   0x1a  Code  Lc  user_app_comm.o [1]
_Cb_Timer_IRQ            0x800'78ad    0xc  Code  Lc  user_app_comm.o [1]
_Cb_Tx_Timer             0x800'795d    0x6  Code  Lc  user_app_comm.o [1]
_Cb_Uart_Error           0x800'792f    0xc  Code  Lc  user_app_comm.o [1]
_Cb_Uart_Rx_Debug        0x800'78b9   0x76  Code  Lc  user_app_comm.o [1]
_Cb_Uart_Rx_Debug::LastLengthRecv
                        0x2000'25da    0x2  Data  Lc  user_app_comm.o [1]
_Cb_Uart_Rx_Debug::MarkFirstRecvUart
                        0x2000'25e6    0x1  Data  Lc  user_app_comm.o [1]
_Cb_W_ModbusRTU_REG_Baudrate
                         0x800'3427   0x6e  Code  Gb  user_app_modbus_rtu.o [1]
_Cb_W_ModbusRTU_REG_ID   0x800'3381   0x78  Code  Gb  user_app_modbus_rtu.o [1]
_Cb_button_detect        0x800'9663   0x18  Code  Lc  lcd_display.o [1]
_Cb_button_scan          0x800'962f   0x34  Code  Lc  lcd_display.o [1]
_LitobFullNoMb           0x800'70e5  0x10a  Code  Lc  xprintffull_nomb.o [2]
_Locale_lconv           0x2000'09b4   0x38  Data  Lc  xlocale_c.o [2]
_PrintfFullNoMb          0x800'6325  0xd9c  Code  Gb  xprintffull_nomb.o [2]
_PutcharFullNoMb         0x800'7255   0x20  Code  Lc  xprintffull_nomb.o [2]
_PutcharsFullNoMb        0x800'7275   0x2e  Code  Lc  xprintffull_nomb.o [2]
_SProut                  0x800'3343    0xa  Code  Gb  xsprout.o [2]
__NVIC_DisableIRQ        0x800'5a0d   0x26  Code  Lc  stm32l4xx_hal_cortex.o [1]
__NVIC_EnableIRQ         0x800'59ed   0x20  Code  Lc  stm32l4xx_hal_cortex.o [1]
__NVIC_GetPriorityGrouping
                         0x800'59df    0xc  Code  Lc  stm32l4xx_hal_cortex.o [1]
__NVIC_SetPriority       0x800'5a33   0x2c  Code  Lc  stm32l4xx_hal_cortex.o [1]
__NVIC_SetPriorityGrouping
                         0x800'59bd   0x22  Code  Lc  stm32l4xx_hal_cortex.o [1]
__aeabi_cdcmpeq          0x800'8141         Code  Gb  DblCmpEq.o [3]
__aeabi_cdcmple          0x800'81d1         Code  Gb  DblCmpLe.o [3]
__aeabi_cdrcmple         0x800'8201         Code  Gb  DblCmpGe.o [3]
__aeabi_d2f              0x800'40a9         Code  Gb  DblToFlt.o [3]
__aeabi_d2iz             0x800'4111         Code  Gb  DblToS32.o [3]
__aeabi_d2uiz            0x800'8805         Code  Gb  DblToU32.o [3]
__aeabi_dadd             0x800'3f2d         Code  Gb  DblAdd.o [3]
__aeabi_ddiv             0x800'4185         Code  Gb  DblDiv.o [3]
__aeabi_dmul             0x800'3d89         Code  Gb  DblMul.o [3]
__aeabi_dsub             0x800'6241         Code  Gb  DblSub.o [3]
__aeabi_f2d              0x800'3ce9         Code  Gb  FltToDbl.o [3]
__aeabi_i2d              0x800'3d4d         Code  Gb  S32ToDbl.o [3]
__aeabi_ldiv0            0x800'5b51         Code  Gb  I64DivZer.o [4]
__aeabi_memcpy           0x800'39a1         Code  Gb  ABImemcpy.o [4]
__aeabi_memcpy4          0x800'39c1         Code  Gb  ABImemcpy.o [4]
__aeabi_memcpy8          0x800'39c1         Code  Gb  ABImemcpy.o [4]
__aeabi_memset           0x800'12c1         Code  Gb  ABImemset.o [4]
__aeabi_ui2d             0x800'3d31         Code  Gb  U32ToDbl.o [3]
__aeabi_uldivmod         0x800'3ab9         Code  Gb  I64DivMod.o [4]
__cmain                  0x800'deb5         Code  Gb  cmain.o [4]
__exit                   0x800'c739   0x14  Code  Gb  exit.o [5]
__iar_Exp64              0x800'8231  0x388  Code  Gb  iar_Exp64.o [3]
__iar_Fail_s             0x800'8631   0x1c  Code  Gb  xfail_s.o [2]
__iar_Memchr             0x800'8671         Code  Gb  memchr.o [4]
__iar_Memset             0x800'12c1         Code  Gb  ABImemset.o [4]
__iar_Memset_word        0x800'12c9         Code  Gb  ABImemset.o [4]
__iar_Strchr             0x800'8619         Code  Gb  strchr.o [4]
__iar_dadd               0x800'6251         Code  Gb  DblSub.o [3]
__iar_data_init3         0x800'de09   0x28  Code  Gb  data_init.o [4]
__iar_dsub               0x800'3f3d         Code  Gb  DblAdd.o [3]
__iar_dsubStart          0x800'3f4f         Code  Gb  DblAdd.o [3]
__iar_frexp              0x800'816d         Code  Gb  frexp.o [3]
__iar_frexpl             0x800'816d         Code  Gb  frexp.o [3]
__iar_init_vfp           0x800'de31         Code  Gb  fpinit_M.o [3]
__iar_ldexp64            0x800'86c9         Code  Gb  ldexp.o [3]
__iar_lz77_init_single3
                         0x800'dc7d   0x78  Code  Gb  lz77_init_single.o [4]
__iar_pow64              0x800'5b55  0x6ec  Code  Gb  pow64.o [3]
__iar_pow_medium         0x800'5b55  0x6ec  Code  Gb  pow64.o [3]
__iar_pow_medium64       0x800'5b55  0x6ec  Code  Gb  pow64.o [3]
__iar_pow_mediuml        0x800'5b55  0x6ec  Code  Gb  pow64.o [3]
__iar_program_start      0x800'e495         Code  Gb  cstartup_M.o [4]
__iar_scalbln64          0x800'86c9         Code  Gb  ldexp.o [3]
__iar_scalbn64           0x800'86c9         Code  Gb  ldexp.o [3]
__iar_softfp___iar_frexp64
                         0x800'8161         Code  Gb  frexp.o [3]
__iar_softfp_frexp       0x800'8161         Code  Gb  frexp.o [3]
__iar_softfp_frexpl      0x800'8161         Code  Gb  frexp.o [3]
__iar_vfp_pow            0x800'3d77   0x10  Code  Gb  math_wrappers64.o [3]
__iar_zero_init3         0x800'174b   0x3a  Code  Gb  zero_init3.o [4]
__low_level_init         0x800'ded3    0x4  Code  Gb  low_level_init.o [2]
__vector_table           0x800'0000         Data  Gb  startup_stm32l433xx.o [1]
_call_main               0x800'dec1         Code  Gb  cmain.o [4]
_exit                    0x800'dedd         Code  Gb  cexit.o [4]
_fRead_pH_Slope_Calib    0x800'0bc3   0x2a  Code  Gb  user_app_sensor.o [1]
_fRead_pH_Slope_Point    0x800'0b61   0x38  Code  Gb  user_app_sensor.o [1]
_fRead_pH_Zero_Calib     0x800'0b99   0x2a  Code  Gb  user_app_sensor.o [1]
_fRead_pH_Zero_Point     0x800'0b29   0x38  Code  Gb  user_app_sensor.o [1]
_fSet_pH_Slope_Calib_UpDown
                         0x800'0a67   0xc2  Code  Gb  user_app_sensor.o [1]
_fSet_pH_Zero_Calib_UpDown
                         0x800'09a5   0xc2  Code  Gb  user_app_sensor.o [1]
_main                    0x800'decf         Code  Gb  cmain.o [4]
aAT_CMD                 0x2000'218c   0x80  Data  Lc  user_at_serial.o [1]
aBaudrate_value         0x2000'0474   0x2c  Data  Gb  user_app_modbus_rtu.o [1]
aDATA_CALIB             0x2000'25ac    0x4  Data  Gb  user_app_sensor.o [1]
aDATA_CONFIG            0x2000'1f8c   0x80  Data  Lc  user_app_modbus_rtu.o [1]
aDATA_CONFIG            0x2000'210c   0x80  Data  Lc  user_at_serial.o [1]
aDATA_LOG_REGISTER      0x2000'200c   0x80  Data  Lc  user_app_modbus_rtu.o [1]
aPASSWORD               0x2000'0074    0x4  Data  Gb  lcd_display.o [1]
aPH_SLOPE_CALIB         0x2000'0574    0xc  Data  Gb  user_app_sensor.o [1]
aPH_ZERO_CALIB          0x2000'0570    0x4  Data  Gb  user_app_sensor.o [1]
aSTT_SETTING_DONE       0x2000'00a8   0x10  Data  Gb  lcd_display.o [1]
aSTT_SETTING_ENTER      0x2000'0088   0x10  Data  Gb  lcd_display.o [1]
aSTT_SETTING_ERROR      0x2000'00b8   0x10  Data  Gb  lcd_display.o [1]
aSTT_SETTING_FREE       0x2000'0078   0x10  Data  Gb  lcd_display.o [1]
aSTT_SETTING_WAIT       0x2000'0098   0x10  Data  Gb  lcd_display.o [1]
aSampling_STT           0x2000'242c   0x28  Data  Gb  user_app_sensor.o [1]
aSampling_VALUE         0x2000'2454   0x28  Data  Gb  user_app_sensor.o [1]
aTEST                   0x2000'0000    0xc  Data  Lc  button.o [1]
aUART_485SS_DATA        0x2000'18a4  0x200  Data  Lc  user_connect_sensor.o [1]
aUART_485_DATA          0x2000'1aa4  0x200  Data  Lc  user_rs485.o [1]
aUART_DBG_DMA_RX        0x2000'2270   0x64  Data  Lc  user_app_comm.o [1]
abort                    0x800'a099    0x6  Code  Gb  abort.o [2]
aframe                  0x2000'208c   0x80  Data  Gb  user_app_modbus_rtu.o [1]
bmp_SV_logo_12832        0x800'd9dc  0x200  Data  Gb  unit_tests.o [1]
charNotDetectPress      0x2000'09ee    0x1  Data  Lc  lcd_display.o [1]
delay_ms                 0x800'b00d    0xc  Code  Gb  STM32L4.o [1]
ee_number                0x800'9d71  0x146  Code  Lc  user_tiny_vsnprintf.o [1]
ee_skip_atoi             0x800'9d49   0x28  Code  Lc  user_tiny_vsnprintf.o [1]
exit                     0x800'ded7    0x4  Code  Gb  exit.o [2]
fevent_active            0x800'1327   0x1e  Code  Gb  event_driven.o [1]
fevent_detect_connect    0x800'031f   0x14  Code  Lc  user_app_sensor.o [1]
fevent_disable           0x800'1369   0x12  Code  Gb  event_driven.o [1]
fevent_enable            0x800'1345   0x24  Code  Gb  event_driven.o [1]
fevent_refresh_iwdg      0x800'0347   0x1c  Code  Lc  user_app_sensor.o [1]
fevent_rs485_entry       0x800'9211    0x6  Code  Lc  user_app_rs485.o [1]
fevent_rs485_init_uart   0x800'9217   0x2e  Code  Lc  user_app_rs485.o [1]
fevent_rs485_init_uart::stamp
                        0x2000'25e7    0x1  Data  Lc  user_app_rs485.o [1]
fevent_rs485_receive_complete
                         0x800'9245   0x16  Code  Lc  user_app_rs485.o [1]
fevent_rs485_refresh     0x800'925b    0x6  Code  Lc  user_app_rs485.o [1]
fevent_sensor_entry      0x800'018d    0x6  Code  Lc  user_app_sensor.o [1]
fevent_sensor_receive_complete
                         0x800'0255   0xb6  Code  Lc  user_app_sensor.o [1]
fevent_sensor_receive_handle
                         0x800'0215   0x40  Code  Lc  user_app_sensor.o [1]
fevent_sensor_transmit   0x800'0193   0x82  Code  Lc  user_app_sensor.o [1]
fevent_sensor_wait_calib
                         0x800'030b   0x14  Code  Lc  user_app_sensor.o [1]
fevent_temp_alarm        0x800'0333   0x14  Code  Lc  user_app_sensor.o [1]
font_current            0x2000'256c    0xc  Data  Gb  text.o [1]
glcd_ST7565R_init        0x800'b225   0x34  Code  Gb  ST7565R.o [1]
glcd_bbox               0x2000'2594    0x4  Data  Gb  glcd.o [1]
glcd_bbox_refresh        0x800'b0ad   0x1c  Code  Gb  glcd.o [1]
glcd_bbox_selected      0x2000'259c    0x4  Data  Gb  glcd.o [1]
glcd_buffer             0x2000'0ea4  0x400  Data  Gb  glcd.o [1]
glcd_buffer_selected    0x2000'2598    0x4  Data  Gb  glcd.o [1]
glcd_clear_buffer        0x800'b0c9   0x24  Code  Gb  glcd.o [1]
glcd_command             0x800'b101   0x1a  Code  Gb  ST7565R.o [1]
glcd_data                0x800'b11b   0x1a  Code  Gb  ST7565R.o [1]
glcd_draw_bitmap         0x800'cbc5   0x1e  Code  Gb  graphics.o [1]
glcd_draw_char_xy        0x800'c3c3  0x33a  Code  Gb  text.o [1]
glcd_draw_string_xy      0x800'c6fd   0x38  Code  Gb  text.o [1]
glcd_enable_backlight    0x800'af9d    0x2  Code  Gb  STM32L4.o [1]
glcd_init                0x800'af79   0x24  Code  Gb  STM32L4.o [1]
glcd_reset               0x800'afc9   0x34  Code  Gb  STM32L4.o [1]
glcd_reset_bbox          0x800'b091   0x1c  Code  Gb  glcd.o [1]
glcd_select_screen       0x800'b0ed    0xa  Code  Gb  glcd.o [1]
glcd_set_column_lower    0x800'b199    0xe  Code  Gb  ST7565R.o [1]
glcd_set_column_upper    0x800'b183   0x16  Code  Gb  ST7565R.o [1]
glcd_set_contrast        0x800'b135   0x24  Code  Gb  ST7565R.o [1]
glcd_set_font            0x800'c3a9   0x1a  Code  Gb  text.o [1]
glcd_set_pixel           0x800'caf9   0xcc  Code  Gb  graphics.o [1]
glcd_set_x_address       0x800'b16d   0x16  Code  Gb  ST7565R.o [1]
glcd_set_y_address       0x800'b159   0x14  Code  Gb  ST7565R.o [1]
glcd_spi_write           0x800'af9f   0x2a  Code  Gb  STM32L4.o [1]
glcd_test_bitmap_128x64
                         0x800'b4e9    0xe  Code  Gb  unit_tests.o [1]
glcd_tiny_draw_char      0x800'b273  0x21a  Code  Gb  text_tiny.o [1]
glcd_tiny_draw_string    0x800'b48d   0x54  Code  Gb  text_tiny.o [1]
glcd_tiny_set_font       0x800'b259   0x1a  Code  Gb  text_tiny.o [1]
glcd_update_bbox         0x800'b019   0x78  Code  Gb  glcd.o [1]
glcd_write               0x800'b1a7   0x70  Code  Gb  ST7565R.o [1]
hdma_lpuart_rx          0x2000'2328   0x48  Data  Gb  usart.o [1]
hdma_usart1_rx          0x2000'2370   0x48  Data  Gb  usart.o [1]
hdma_usart3_rx          0x2000'23b8   0x48  Data  Gb  usart.o [1]
hiwdg                   0x2000'254c   0x10  Data  Gb  iwdg.o [1]
hlpuart1                0x2000'1df4   0x88  Data  Gb  usart.o [1]
hrtc                    0x2000'24a4   0x24  Data  Gb  rtc.o [1]
hspi2                   0x2000'220c   0x64  Data  Gb  spi.o [1]
huart1                  0x2000'1e7c   0x88  Data  Gb  usart.o [1]
huart3                  0x2000'1f04   0x88  Data  Gb  usart.o [1]
ldexp                    0x800'86c9         Code  Gb  ldexp.o [3]
ldexpl                   0x800'86c9         Code  Gb  ldexp.o [3]
lnbias                   0x800'd180  0x420  Data  Lc  pow64.o [3]
localeconv               0x800'882d    0x4  Code  Gb  xlocale_c.o [2]
lower_digits            0x2000'09ac    0x4  Data  Lc  user_tiny_vsnprintf.o [1]
main                     0x800'72eb   0x30  Code  Gb  main.o [1]
memchr                   0x800'8671         Code  Gb  memchr.o [4]
memset                   0x800'73b1   0x14  Code  Gb  memset.o [4]
pFlash                  0x2000'036c   0x20  Data  Gb  stm32l4xx_hal_flash.o [1]
pFunc_UTIL_Debug_Send   0x2000'25cc    0x4  Data  Gb  user_util.o [1]
pFunc_UTIL_Log_To_Mem   0x2000'25c8    0x4  Data  Gb  user_util.o [1]
pModemProcessIRQTimer   0x2000'25bc    0x4  Data  Gb  user_rtc.o [1]
pow                      0x800'5b55  0x6ec  Code  Gb  pow64.o [3]
powl                     0x800'5b55  0x6ec  Code  Gb  pow64.o [3]
quickSort_Sampling       0x800'0433   0x9a  Code  Gb  user_app_sensor.o [1]
quickSort_Sampling_Value
                         0x800'04cd   0xd4  Code  Gb  user_app_sensor.o [1]
quickSort_Sampling_Value::Handle_Once
                        0x2000'25e9    0x1  Data  Lc  user_app_sensor.o [1]
sButton                 0x2000'2504   0x18  Data  Gb  button.o [1]
sCheckList_Reg_Modbus_RTU
                        0x2000'0410   0x64  Data  Gb  user_app_modbus_rtu.o [1]
sData_Calib             0x2000'0568    0x8  Data  Gb  user_app_sensor.o [1]
sEventAppComm           0x2000'0390   0x70  Data  Gb  user_app_comm.o [1]
sEventAppRs485          0x2000'04a8   0x40  Data  Gb  user_app_rs485.o [1]
sEventAppSensor         0x2000'04e8   0x80  Data  Gb  user_app_sensor.o [1]
sEventDisplay           0x2000'000c   0x60  Data  Gb  lcd_display.o [1]
sFirmVersion            0x2000'0400    0x8  Data  Gb  user_app_comm.o [1]
sHandleRs485            0x2000'25b0    0x4  Data  Gb  user_app_sensor.o [1]
sKindMode485            0x2000'25de    0x2  Data  Gb  user_app_sensor.o [1]
sLCD                    0x2000'255c   0x10  Data  Gb  lcd_display.o [1]
sLCDObject              0x2000'00c8  0x2a0  Data  Gb  lcd_display.o [1]
sLogData_ModbusRTU      0x2000'04a0    0x8  Data  Gb  user_app_modbus_rtu.o [1]
sModelVersion           0x2000'006c    0x8  Data  Gb  lcd_display.o [1]
sParaDisplay            0x2000'24c8   0x20  Data  Gb  lcd_display.o [1]
sRTC                    0x2000'2584    0xc  Data  Gb  user_util.o [1]
sSensor_pH              0x2000'247c   0x28  Data  Gb  user_app_sensor.o [1]
sSlave_ModbusRTU        0x2000'09ec    0x2  Data  Gb  user_app_modbus_rtu.o [1]
sTempAlarm              0x2000'2578    0xc  Data  Gb  user_app_sensor.o [1]
sUart485                0x2000'09a4    0x8  Data  Gb  user_rs485.o [1]
sUart485SS              0x2000'099c    0x8  Data  Gb  user_connect_sensor.o [1]
sUartDebug              0x2000'0408    0x8  Data  Gb  user_app_comm.o [1]
scalbln                  0x800'86c9         Code  Gb  ldexp.o [3]
scalblnl                 0x800'86c9         Code  Gb  ldexp.o [3]
scalbn                   0x800'86c9         Code  Gb  ldexp.o [3]
scalbnl                  0x800'86c9         Code  Gb  ldexp.o [3]
scale                    0x800'71ef   0x46  Code  Lc  xprintffull_nomb.o [2]
sec_hand                0x2000'25d0    0x4  Data  Lc  xfail_s.o [2]
sprintf                  0x800'43cd   0x40  Code  Gb  sprintf.o [2]
strATcmd                0x2000'0584    0x8  Data  Gb  user_at_serial.o [1]
strchr                   0x800'8619         Code  Gb  strchr.o [4]
strlen                   0x800'414d         Code  Gb  strlen.o [4]
sztmp                   0x2000'16a4  0x200  Data  Lc  user_adv_trace.o [1]
tiny_vsnprintf_like      0x800'9eb7  0x1d6  Code  Gb  user_tiny_vsnprintf.o [1]
upper_digits            0x2000'09b0    0x4  Data  Lc  user_tiny_vsnprintf.o [1]
uwTick                  0x2000'25a4    0x4  Data  Gb  stm32l4xx_hal.o [1]
uwTickFreq              0x2000'09ef    0x1  Data  Gb  stm32l4xx_hal.o [1]
uwTickPrio              0x2000'0368    0x4  Data  Gb  stm32l4xx_hal.o [1]
vcom_DeInit              0x800'7d11   0x1e  Code  Gb  user_app_comm.o [1]
vcom_Init                0x800'7d07    0xa  Code  Gb  user_app_comm.o [1]
vcom_Trace_DMA           0x800'7d2f   0x24  Code  Gb  user_app_comm.o [1]


[1] = D:\Saoviet_Git\Saoviet_EnviroTrack_M_And_S\Project_Slave_LanChang_pH\Project_Slave_Sensor_EnviroTrack\EWARM\Project_Slave_Sensor_EnviroTrack\Obj
[2] = dl7M_tlf.a
[3] = m7M_tls.a
[4] = rt7M_tl.a
[5] = shb_l.a

  52'957 bytes of readonly  code memory
   7'133 bytes of readonly  data memory
  10'734 bytes of readwrite data memory

Errors: none
Warnings: none
