###############################################################################
#
# IAR ELF Linker V8.40.2.214/W32 for ARM                  03/Nov/2025  10:41:48
# Copyright 2007-2019 IAR Systems AB.
#
#    Output file  =
#        D:\Saoviet_Git\Saoviet_EnviroTrack_M_And_S\Project_Slave_LanChang_Clo\Project_Slave_Sensor_EnviroTrack\EWARM\Project_Slave_Sensor_EnviroTrack\Exe\Project_Slave_Sensor_EnviroTrack.out
#    Map file     =
#        D:\Saoviet_Git\Saoviet_EnviroTrack_M_And_S\Project_Slave_LanChang_Clo\Project_Slave_Sensor_EnviroTrack\EWARM\Project_Slave_Sensor_EnviroTrack\List\Project_Slave_Sensor_EnviroTrack.map
#    Command line =
#        -f C:\Users\PC\AppData\Local\Temp\EWD1B.tmp
#        (D:\Saoviet_Git\Saoviet_EnviroTrack_M_And_S\Project_Slave_LanChang_Clo\Project_Slave_Sensor_EnviroTrack\EWARM\Project_Slave_Sensor_EnviroTrack\Obj\button.o
#        D:\Saoviet_Git\Saoviet_EnviroTrack_M_And_S\Project_Slave_LanChang_Clo\Project_Slave_Sensor_EnviroTrack\EWARM\Project_Slave_Sensor_EnviroTrack\Obj\dma.o
#        D:\Saoviet_Git\Saoviet_EnviroTrack_M_And_S\Project_Slave_LanChang_Clo\Project_Slave_Sensor_EnviroTrack\EWARM\Project_Slave_Sensor_EnviroTrack\Obj\event_driven.o
#        D:\Saoviet_Git\Saoviet_EnviroTrack_M_And_S\Project_Slave_LanChang_Clo\Project_Slave_Sensor_EnviroTrack\EWARM\Project_Slave_Sensor_EnviroTrack\Obj\glcd.o
#        D:\Saoviet_Git\Saoviet_EnviroTrack_M_And_S\Project_Slave_LanChang_Clo\Project_Slave_Sensor_EnviroTrack\EWARM\Project_Slave_Sensor_EnviroTrack\Obj\gpio.o
#        D:\Saoviet_Git\Saoviet_EnviroTrack_M_And_S\Project_Slave_LanChang_Clo\Project_Slave_Sensor_EnviroTrack\EWARM\Project_Slave_Sensor_EnviroTrack\Obj\graphics.o
#        D:\Saoviet_Git\Saoviet_EnviroTrack_M_And_S\Project_Slave_LanChang_Clo\Project_Slave_Sensor_EnviroTrack\EWARM\Project_Slave_Sensor_EnviroTrack\Obj\graphs.o
#        D:\Saoviet_Git\Saoviet_EnviroTrack_M_And_S\Project_Slave_LanChang_Clo\Project_Slave_Sensor_EnviroTrack\EWARM\Project_Slave_Sensor_EnviroTrack\Obj\iwdg.o
#        D:\Saoviet_Git\Saoviet_EnviroTrack_M_And_S\Project_Slave_LanChang_Clo\Project_Slave_Sensor_EnviroTrack\EWARM\Project_Slave_Sensor_EnviroTrack\Obj\lcd_display.o
#        D:\Saoviet_Git\Saoviet_EnviroTrack_M_And_S\Project_Slave_LanChang_Clo\Project_Slave_Sensor_EnviroTrack\EWARM\Project_Slave_Sensor_EnviroTrack\Obj\main.o
#        D:\Saoviet_Git\Saoviet_EnviroTrack_M_And_S\Project_Slave_LanChang_Clo\Project_Slave_Sensor_EnviroTrack\EWARM\Project_Slave_Sensor_EnviroTrack\Obj\NT75451.o
#        D:\Saoviet_Git\Saoviet_EnviroTrack_M_And_S\Project_Slave_LanChang_Clo\Project_Slave_Sensor_EnviroTrack\EWARM\Project_Slave_Sensor_EnviroTrack\Obj\onchipflash.o
#        D:\Saoviet_Git\Saoviet_EnviroTrack_M_And_S\Project_Slave_LanChang_Clo\Project_Slave_Sensor_EnviroTrack\EWARM\Project_Slave_Sensor_EnviroTrack\Obj\PCD8544.o
#        D:\Saoviet_Git\Saoviet_EnviroTrack_M_And_S\Project_Slave_LanChang_Clo\Project_Slave_Sensor_EnviroTrack\EWARM\Project_Slave_Sensor_EnviroTrack\Obj\queue_p.o
#        D:\Saoviet_Git\Saoviet_EnviroTrack_M_And_S\Project_Slave_LanChang_Clo\Project_Slave_Sensor_EnviroTrack\EWARM\Project_Slave_Sensor_EnviroTrack\Obj\rtc.o
#        D:\Saoviet_Git\Saoviet_EnviroTrack_M_And_S\Project_Slave_LanChang_Clo\Project_Slave_Sensor_EnviroTrack\EWARM\Project_Slave_Sensor_EnviroTrack\Obj\spi.o
#        D:\Saoviet_Git\Saoviet_EnviroTrack_M_And_S\Project_Slave_LanChang_Clo\Project_Slave_Sensor_EnviroTrack\EWARM\Project_Slave_Sensor_EnviroTrack\Obj\ST7565R.o
#        D:\Saoviet_Git\Saoviet_EnviroTrack_M_And_S\Project_Slave_LanChang_Clo\Project_Slave_Sensor_EnviroTrack\EWARM\Project_Slave_Sensor_EnviroTrack\Obj\startup_stm32l433xx.o
#        D:\Saoviet_Git\Saoviet_EnviroTrack_M_And_S\Project_Slave_LanChang_Clo\Project_Slave_Sensor_EnviroTrack\EWARM\Project_Slave_Sensor_EnviroTrack\Obj\STM32F0xx.o
#        D:\Saoviet_Git\Saoviet_EnviroTrack_M_And_S\Project_Slave_LanChang_Clo\Project_Slave_Sensor_EnviroTrack\EWARM\Project_Slave_Sensor_EnviroTrack\Obj\STM32F10x.o
#        D:\Saoviet_Git\Saoviet_EnviroTrack_M_And_S\Project_Slave_LanChang_Clo\Project_Slave_Sensor_EnviroTrack\EWARM\Project_Slave_Sensor_EnviroTrack\Obj\STM32F4.o
#        D:\Saoviet_Git\Saoviet_EnviroTrack_M_And_S\Project_Slave_LanChang_Clo\Project_Slave_Sensor_EnviroTrack\EWARM\Project_Slave_Sensor_EnviroTrack\Obj\STM32L4.o
#        D:\Saoviet_Git\Saoviet_EnviroTrack_M_And_S\Project_Slave_LanChang_Clo\Project_Slave_Sensor_EnviroTrack\EWARM\Project_Slave_Sensor_EnviroTrack\Obj\stm32l4xx_hal.o
#        D:\Saoviet_Git\Saoviet_EnviroTrack_M_And_S\Project_Slave_LanChang_Clo\Project_Slave_Sensor_EnviroTrack\EWARM\Project_Slave_Sensor_EnviroTrack\Obj\stm32l4xx_hal_cortex.o
#        D:\Saoviet_Git\Saoviet_EnviroTrack_M_And_S\Project_Slave_LanChang_Clo\Project_Slave_Sensor_EnviroTrack\EWARM\Project_Slave_Sensor_EnviroTrack\Obj\stm32l4xx_hal_dma.o
#        D:\Saoviet_Git\Saoviet_EnviroTrack_M_And_S\Project_Slave_LanChang_Clo\Project_Slave_Sensor_EnviroTrack\EWARM\Project_Slave_Sensor_EnviroTrack\Obj\stm32l4xx_hal_dma_ex.o
#        D:\Saoviet_Git\Saoviet_EnviroTrack_M_And_S\Project_Slave_LanChang_Clo\Project_Slave_Sensor_EnviroTrack\EWARM\Project_Slave_Sensor_EnviroTrack\Obj\stm32l4xx_hal_exti.o
#        D:\Saoviet_Git\Saoviet_EnviroTrack_M_And_S\Project_Slave_LanChang_Clo\Project_Slave_Sensor_EnviroTrack\EWARM\Project_Slave_Sensor_EnviroTrack\Obj\stm32l4xx_hal_flash.o
#        D:\Saoviet_Git\Saoviet_EnviroTrack_M_And_S\Project_Slave_LanChang_Clo\Project_Slave_Sensor_EnviroTrack\EWARM\Project_Slave_Sensor_EnviroTrack\Obj\stm32l4xx_hal_flash_ex.o
#        D:\Saoviet_Git\Saoviet_EnviroTrack_M_And_S\Project_Slave_LanChang_Clo\Project_Slave_Sensor_EnviroTrack\EWARM\Project_Slave_Sensor_EnviroTrack\Obj\stm32l4xx_hal_flash_ramfunc.o
#        D:\Saoviet_Git\Saoviet_EnviroTrack_M_And_S\Project_Slave_LanChang_Clo\Project_Slave_Sensor_EnviroTrack\EWARM\Project_Slave_Sensor_EnviroTrack\Obj\stm32l4xx_hal_gpio.o
#        D:\Saoviet_Git\Saoviet_EnviroTrack_M_And_S\Project_Slave_LanChang_Clo\Project_Slave_Sensor_EnviroTrack\EWARM\Project_Slave_Sensor_EnviroTrack\Obj\stm32l4xx_hal_i2c.o
#        D:\Saoviet_Git\Saoviet_EnviroTrack_M_And_S\Project_Slave_LanChang_Clo\Project_Slave_Sensor_EnviroTrack\EWARM\Project_Slave_Sensor_EnviroTrack\Obj\stm32l4xx_hal_i2c_ex.o
#        D:\Saoviet_Git\Saoviet_EnviroTrack_M_And_S\Project_Slave_LanChang_Clo\Project_Slave_Sensor_EnviroTrack\EWARM\Project_Slave_Sensor_EnviroTrack\Obj\stm32l4xx_hal_iwdg.o
#        D:\Saoviet_Git\Saoviet_EnviroTrack_M_And_S\Project_Slave_LanChang_Clo\Project_Slave_Sensor_EnviroTrack\EWARM\Project_Slave_Sensor_EnviroTrack\Obj\stm32l4xx_hal_msp.o
#        D:\Saoviet_Git\Saoviet_EnviroTrack_M_And_S\Project_Slave_LanChang_Clo\Project_Slave_Sensor_EnviroTrack\EWARM\Project_Slave_Sensor_EnviroTrack\Obj\stm32l4xx_hal_pwr.o
#        D:\Saoviet_Git\Saoviet_EnviroTrack_M_And_S\Project_Slave_LanChang_Clo\Project_Slave_Sensor_EnviroTrack\EWARM\Project_Slave_Sensor_EnviroTrack\Obj\stm32l4xx_hal_pwr_ex.o
#        D:\Saoviet_Git\Saoviet_EnviroTrack_M_And_S\Project_Slave_LanChang_Clo\Project_Slave_Sensor_EnviroTrack\EWARM\Project_Slave_Sensor_EnviroTrack\Obj\stm32l4xx_hal_rcc.o
#        D:\Saoviet_Git\Saoviet_EnviroTrack_M_And_S\Project_Slave_LanChang_Clo\Project_Slave_Sensor_EnviroTrack\EWARM\Project_Slave_Sensor_EnviroTrack\Obj\stm32l4xx_hal_rcc_ex.o
#        D:\Saoviet_Git\Saoviet_EnviroTrack_M_And_S\Project_Slave_LanChang_Clo\Project_Slave_Sensor_EnviroTrack\EWARM\Project_Slave_Sensor_EnviroTrack\Obj\stm32l4xx_hal_rtc.o
#        D:\Saoviet_Git\Saoviet_EnviroTrack_M_And_S\Project_Slave_LanChang_Clo\Project_Slave_Sensor_EnviroTrack\EWARM\Project_Slave_Sensor_EnviroTrack\Obj\stm32l4xx_hal_rtc_ex.o
#        D:\Saoviet_Git\Saoviet_EnviroTrack_M_And_S\Project_Slave_LanChang_Clo\Project_Slave_Sensor_EnviroTrack\EWARM\Project_Slave_Sensor_EnviroTrack\Obj\stm32l4xx_hal_spi.o
#        D:\Saoviet_Git\Saoviet_EnviroTrack_M_And_S\Project_Slave_LanChang_Clo\Project_Slave_Sensor_EnviroTrack\EWARM\Project_Slave_Sensor_EnviroTrack\Obj\stm32l4xx_hal_spi_ex.o
#        D:\Saoviet_Git\Saoviet_EnviroTrack_M_And_S\Project_Slave_LanChang_Clo\Project_Slave_Sensor_EnviroTrack\EWARM\Project_Slave_Sensor_EnviroTrack\Obj\stm32l4xx_hal_uart.o
#        D:\Saoviet_Git\Saoviet_EnviroTrack_M_And_S\Project_Slave_LanChang_Clo\Project_Slave_Sensor_EnviroTrack\EWARM\Project_Slave_Sensor_EnviroTrack\Obj\stm32l4xx_hal_uart_ex.o
#        D:\Saoviet_Git\Saoviet_EnviroTrack_M_And_S\Project_Slave_LanChang_Clo\Project_Slave_Sensor_EnviroTrack\EWARM\Project_Slave_Sensor_EnviroTrack\Obj\stm32l4xx_it.o
#        D:\Saoviet_Git\Saoviet_EnviroTrack_M_And_S\Project_Slave_LanChang_Clo\Project_Slave_Sensor_EnviroTrack\EWARM\Project_Slave_Sensor_EnviroTrack\Obj\system_stm32l4xx.o
#        D:\Saoviet_Git\Saoviet_EnviroTrack_M_And_S\Project_Slave_LanChang_Clo\Project_Slave_Sensor_EnviroTrack\EWARM\Project_Slave_Sensor_EnviroTrack\Obj\text.o
#        D:\Saoviet_Git\Saoviet_EnviroTrack_M_And_S\Project_Slave_LanChang_Clo\Project_Slave_Sensor_EnviroTrack\EWARM\Project_Slave_Sensor_EnviroTrack\Obj\text_tiny.o
#        D:\Saoviet_Git\Saoviet_EnviroTrack_M_And_S\Project_Slave_LanChang_Clo\Project_Slave_Sensor_EnviroTrack\EWARM\Project_Slave_Sensor_EnviroTrack\Obj\unit_tests.o
#        D:\Saoviet_Git\Saoviet_EnviroTrack_M_And_S\Project_Slave_LanChang_Clo\Project_Slave_Sensor_EnviroTrack\EWARM\Project_Slave_Sensor_EnviroTrack\Obj\usart.o
#        D:\Saoviet_Git\Saoviet_EnviroTrack_M_And_S\Project_Slave_LanChang_Clo\Project_Slave_Sensor_EnviroTrack\EWARM\Project_Slave_Sensor_EnviroTrack\Obj\user_adv_trace.o
#        D:\Saoviet_Git\Saoviet_EnviroTrack_M_And_S\Project_Slave_LanChang_Clo\Project_Slave_Sensor_EnviroTrack\EWARM\Project_Slave_Sensor_EnviroTrack\Obj\user_app_comm.o
#        D:\Saoviet_Git\Saoviet_EnviroTrack_M_And_S\Project_Slave_LanChang_Clo\Project_Slave_Sensor_EnviroTrack\EWARM\Project_Slave_Sensor_EnviroTrack\Obj\user_app_modbus_rtu.o
#        D:\Saoviet_Git\Saoviet_EnviroTrack_M_And_S\Project_Slave_LanChang_Clo\Project_Slave_Sensor_EnviroTrack\EWARM\Project_Slave_Sensor_EnviroTrack\Obj\user_app_rs485.o
#        D:\Saoviet_Git\Saoviet_EnviroTrack_M_And_S\Project_Slave_LanChang_Clo\Project_Slave_Sensor_EnviroTrack\EWARM\Project_Slave_Sensor_EnviroTrack\Obj\user_app_sensor.o
#        D:\Saoviet_Git\Saoviet_EnviroTrack_M_And_S\Project_Slave_LanChang_Clo\Project_Slave_Sensor_EnviroTrack\EWARM\Project_Slave_Sensor_EnviroTrack\Obj\user_at_serial.o
#        D:\Saoviet_Git\Saoviet_EnviroTrack_M_And_S\Project_Slave_LanChang_Clo\Project_Slave_Sensor_EnviroTrack\EWARM\Project_Slave_Sensor_EnviroTrack\Obj\user_connect_sensor.o
#        D:\Saoviet_Git\Saoviet_EnviroTrack_M_And_S\Project_Slave_LanChang_Clo\Project_Slave_Sensor_EnviroTrack\EWARM\Project_Slave_Sensor_EnviroTrack\Obj\user_convert_variable.o
#        D:\Saoviet_Git\Saoviet_EnviroTrack_M_And_S\Project_Slave_LanChang_Clo\Project_Slave_Sensor_EnviroTrack\EWARM\Project_Slave_Sensor_EnviroTrack\Obj\user_internal_mem.o
#        D:\Saoviet_Git\Saoviet_EnviroTrack_M_And_S\Project_Slave_LanChang_Clo\Project_Slave_Sensor_EnviroTrack\EWARM\Project_Slave_Sensor_EnviroTrack\Obj\user_mem_comm.o
#        D:\Saoviet_Git\Saoviet_EnviroTrack_M_And_S\Project_Slave_LanChang_Clo\Project_Slave_Sensor_EnviroTrack\EWARM\Project_Slave_Sensor_EnviroTrack\Obj\user_modbus_rtu.o
#        D:\Saoviet_Git\Saoviet_EnviroTrack_M_And_S\Project_Slave_LanChang_Clo\Project_Slave_Sensor_EnviroTrack\EWARM\Project_Slave_Sensor_EnviroTrack\Obj\user_obis_sv.o
#        D:\Saoviet_Git\Saoviet_EnviroTrack_M_And_S\Project_Slave_LanChang_Clo\Project_Slave_Sensor_EnviroTrack\EWARM\Project_Slave_Sensor_EnviroTrack\Obj\user_rs485.o
#        D:\Saoviet_Git\Saoviet_EnviroTrack_M_And_S\Project_Slave_LanChang_Clo\Project_Slave_Sensor_EnviroTrack\EWARM\Project_Slave_Sensor_EnviroTrack\Obj\user_rtc.o
#        D:\Saoviet_Git\Saoviet_EnviroTrack_M_And_S\Project_Slave_LanChang_Clo\Project_Slave_Sensor_EnviroTrack\EWARM\Project_Slave_Sensor_EnviroTrack\Obj\user_string.o
#        D:\Saoviet_Git\Saoviet_EnviroTrack_M_And_S\Project_Slave_LanChang_Clo\Project_Slave_Sensor_EnviroTrack\EWARM\Project_Slave_Sensor_EnviroTrack\Obj\user_time.o
#        D:\Saoviet_Git\Saoviet_EnviroTrack_M_And_S\Project_Slave_LanChang_Clo\Project_Slave_Sensor_EnviroTrack\EWARM\Project_Slave_Sensor_EnviroTrack\Obj\user_timer.o
#        D:\Saoviet_Git\Saoviet_EnviroTrack_M_And_S\Project_Slave_LanChang_Clo\Project_Slave_Sensor_EnviroTrack\EWARM\Project_Slave_Sensor_EnviroTrack\Obj\user_tiny_vsnprintf.o
#        D:\Saoviet_Git\Saoviet_EnviroTrack_M_And_S\Project_Slave_LanChang_Clo\Project_Slave_Sensor_EnviroTrack\EWARM\Project_Slave_Sensor_EnviroTrack\Obj\user_uart.o
#        D:\Saoviet_Git\Saoviet_EnviroTrack_M_And_S\Project_Slave_LanChang_Clo\Project_Slave_Sensor_EnviroTrack\EWARM\Project_Slave_Sensor_EnviroTrack\Obj\user_util.o
#        --no_out_extension -o
#        D:\Saoviet_Git\Saoviet_EnviroTrack_M_And_S\Project_Slave_LanChang_Clo\Project_Slave_Sensor_EnviroTrack\EWARM\Project_Slave_Sensor_EnviroTrack\Exe\Project_Slave_Sensor_EnviroTrack.out
#        --redirect _Printf=_PrintfFullNoMb --redirect _Scanf=_ScanfFullNoMb
#        --map
#        D:\Saoviet_Git\Saoviet_EnviroTrack_M_And_S\Project_Slave_LanChang_Clo\Project_Slave_Sensor_EnviroTrack\EWARM\Project_Slave_Sensor_EnviroTrack\List\Project_Slave_Sensor_EnviroTrack.map
#        --config
#        D:\Saoviet_Git\Saoviet_EnviroTrack_M_And_S\Project_Slave_LanChang_Clo\Project_Slave_Sensor_EnviroTrack\EWARM/stm32l433xx_flash.icf
#        --semihosting --entry __iar_program_start --vfe --text_out locale)
#
###############################################################################

*******************************************************************************
*** RUNTIME MODEL ATTRIBUTES
***

CppFlavor       = *
__Heap_Handler  = DLMalloc
__SystemLibrary = DLib
__dlib_version  = 6


*******************************************************************************
*** HEAP SELECTION
***

The advanced heap was selected because the application calls memory
allocation functions outside of system library functions, and there
are calls to deallocation functions in the application.


*******************************************************************************
*** PLACEMENT SUMMARY
***

"A0":  place at address 0x800'0000 { ro section .intvec };
"P1":  place in [from 0x800'0000 to 0x803'ffff] { ro };
define block CSTACK with size = 1K, alignment = 8 { };
define block HEAP with size = 512, alignment = 8 { };
"P2":  place in [from 0x2000'0000 to 0x2000'ffff] {
          rw, block CSTACK, block HEAP };
initialize by copy { rw };

  Section            Kind         Address      Size  Object
  -------            ----         -------      ----  ------
"A0":                                         0x18c
  .intvec            ro code   0x800'0000     0x18c  startup_stm32l433xx.o [1]
                             - 0x800'018c     0x18c

"P1":                                      0x1'0232
  .text              ro code   0x800'018c    0x21b8  user_app_sensor.o [1]
  .text              ro code   0x800'2344      0x66  ABImemset.o [4]
  .text              ro code   0x800'23aa      0x54  event_driven.o [1]
  .text              ro code   0x800'23fe     0x350  user_modbus_rtu.o [1]
  .text              ro code   0x800'274e      0x80  stm32l4xx_hal_iwdg.o [1]
  .text              ro code   0x800'27ce      0x3a  zero_init3.o [4]
  .text              ro code   0x800'2808     0x75c  user_convert_variable.o [1]
  .text              ro code   0x800'2f64     0x172  onchipflash.o [1]
  .text              ro code   0x800'30d6       0xa  xsprout.o [2]
  .text              ro code   0x800'30e0      0x48  FltToDbl.o [3]
  .text              ro code   0x800'3128      0xe2  DblSub.o [3]
  .rodata            const     0x800'320a       0x2  xlocale_c.o [2]
  .text              ro code   0x800'320c     0x246  DblDiv.o [3]
  .rodata            const     0x800'3452       0x1  xlocale_c.o [2]
  .text              ro code   0x800'3454      0x68  DblToFlt.o [3]
  .text              ro code   0x800'34bc     0x380  stm32l4xx_hal_gpio.o [1]
  .text              ro code   0x800'383c      0x28  stm32l4xx_hal.o [1]
  .text              ro code   0x800'3864    0x107c  stm32l4xx_hal_uart.o [1]
  .text              ro code   0x800'48e0     0x778  user_app_modbus_rtu.o [1]
  .text              ro code   0x800'5058      0xa6  ABImemcpy.o [4]
  .text              ro code   0x800'5100      0x64  user_connect_sensor.o [1]
  .text              ro code   0x800'5164       0xc  stm32l4xx_hal.o [1]
  .text              ro code   0x800'5170     0x230  I64DivMod.o [4]
  .text              ro code   0x800'53a0      0x1a  U32ToDbl.o [3]
  .text              ro code   0x800'53bc      0x22  S32ToDbl.o [3]
  .text              ro code   0x800'53e0      0x16  math_wrappers64.o [3]
  .text              ro code   0x800'53f8     0x1a2  DblMul.o [3]
  .text              ro code   0x800'559c     0x17a  DblAdd.o [3]
  .text              ro code   0x800'5718      0x3a  DblToS32.o [3]
  .text              ro code   0x800'5754     0x1b8  stm32l4xx_hal_flash.o [1]
  .text              ro code   0x800'590c      0xa0  stm32l4xx_hal_flash_ex.o [1]
  .text              ro code   0x800'59ac     0x39c  usart.o [1]
  .text              ro code   0x800'5d48     0x426  stm32l4xx_hal_dma.o [1]
  .text              ro code   0x800'6170     0x120  user_uart.o [1]
  .text              ro code   0x800'6290      0x72  stm32l4xx_hal_uart_ex.o [1]
  .text              ro code   0x800'6304     0x9fc  stm32l4xx_hal_rcc.o [1]
  .text              ro code   0x800'6d00       0x2  stm32l4xx_hal_uart.o [1]
  .text              ro code   0x800'6d02       0x2  stm32l4xx_hal_uart.o [1]
  .text              ro code   0x800'6d04     0x21c  user_util.o [1]
  .text              ro code   0x800'6f20     0x194  stm32l4xx_hal_cortex.o [1]
  .text              ro code   0x800'70b4       0x2  I64DivZer.o [4]
  .text              ro code   0x800'70b8     0x6ec  pow64.o [3]
  .text              ro code   0x800'77a4      0xc6  main.o [1]
  .text              ro code   0x800'786a      0x14  memset.o [4]
  .text              ro code   0x800'7880     0x4e8  stm32l4xx_hal_rcc_ex.o [1]
  .text              ro code   0x800'7d68     0x4f4  user_app_comm.o [1]
  .text              ro code   0x800'825c      0x70  user_rs485.o [1]
  .text              ro code   0x800'82cc     0x23a  user_adv_trace.o [1]
  .text              ro code   0x800'8508      0x60  stm32l4xx_hal.o [1]
  .text              ro code   0x800'8568      0x94  stm32l4xx_hal_pwr_ex.o [1]
  .text              ro code   0x800'85fc      0x36  strlen.o [4]
  .text              ro code   0x800'8634      0x40  sprintf.o [2]
  .text              ro code   0x800'8674      0x20  DblCmpEq.o [3]
  .text              ro code   0x800'8694      0x70  frexp.o [3]
  .text              ro code   0x800'8704      0x2e  DblCmpLe.o [3]
  .text              ro code   0x800'8734      0x2e  DblCmpGe.o [3]
  .text              ro code   0x800'8764     0x3e8  iar_Exp64.o [3]
  .text              ro code   0x800'8b4c      0x24  stm32l4xx_hal.o [1]
  .text              ro code   0x800'8b70     0x1d0  gpio.o [1]
  .text              ro code   0x800'8d40      0x60  dma.o [1]
  .text              ro code   0x800'8da0      0x2c  iwdg.o [1]
  .text              ro code   0x800'8dcc     0x150  rtc.o [1]
  .text              ro code   0x800'8f1c      0xc8  spi.o [1]
  .text              ro code   0x800'8fe4     0x310  user_timer.o [1]
  .text              ro code   0x800'92f4     0x1dc  user_at_serial.o [1]
  .text              ro code   0x800'94d0      0x58  user_time.o [1]
  .text              ro code   0x800'9528     0x150  user_app_rs485.o [1]
  .text              ro code   0x800'9678     0xa06  lcd_display.o [1]
  .text              ro code   0x800'a080     0x350  user_tiny_vsnprintf.o [1]
  .text              ro code   0x800'a3d0     0xfc6  xprintffull_nomb.o [2]
  .text              ro code   0x800'b398     0x13a  ldexp.o [3]
  .text              ro code   0x800'b4d4      0x38  stm32l4xx_hal_msp.o [1]
  .text              ro code   0x800'b50c     0x78e  stm32l4xx_hal_rtc.o [1]
  .text              ro code   0x800'bc9c     0x52a  stm32l4xx_hal_spi.o [1]
  .text              ro code   0x800'c1c6     0x1e6  user_string.o [1]
  .text              ro code   0x800'c3ac      0xa0  STM32L4.o [1]
  .text              ro code   0x800'c44c      0xe8  glcd.o [1]
  .text              ro code   0x800'c534     0x158  ST7565R.o [1]
  .text              ro code   0x800'c68c     0x290  text_tiny.o [1]
  .text              ro code   0x800'c91c      0x14  unit_tests.o [1]
  .text              ro code   0x800'c930    0x104c  button.o [1]
  .text              ro code   0x800'd97c     0x390  text.o [1]
  .text              ro code   0x800'dd0c      0x16  strchr.o [4]
  .text              ro code   0x800'dd24      0x40  xfail_s.o [2]
  .text              ro code   0x800'dd64      0x58  memchr.o [4]
  .text              ro code   0x800'ddbc      0x28  DblToU32.o [3]
  .text              ro code   0x800'dde4       0x8  xlocale_c.o [2]
  .text              ro code   0x800'ddec     0x3a8  user_rtc.o [1]
  .text              ro code   0x800'e194       0x2  stm32l4xx_hal_rtc_ex.o [1]
  .text              ro code   0x800'e198      0xf4  graphics.o [1]
  .text              ro code   0x800'e28c       0x6  abort.o [2]
  .text              ro code   0x800'e294      0x48  stm32l4xx_hal_rtc_ex.o [1]
  .text              ro code   0x800'e2dc      0x14  exit.o [5]
  .rodata            const     0x800'e2f0     0x548  lcd_display.o [1]
  .rodata            const     0x800'e838      0x64  user_app_sensor.o [1]
  .rodata            const     0x800'e8a0     0x420  pow64.o [3]
  .rodata            const     0x800'ecc0     0x228  lcd_display.o [1]
  .rodata            const     0x800'eee8     0x214  lcd_display.o [1]
  .rodata            const     0x800'f0fc     0x200  unit_tests.o [1]
  .text              ro code   0x800'f2fc      0x88  stm32l4xx_it.o [1]
  .text              ro code   0x800'f384      0x18  stm32l4xx_hal.o [1]
  .text              ro code   0x800'f39c      0x78  lz77_init_single.o [4]
  .rodata            const     0x800'f414      0x64  user_app_sensor.o [1]
  .rodata            const     0x800'f478      0x64  user_app_sensor.o [1]
  .rodata            const     0x800'f4dc      0x34  user_app_sensor.o [1]
  .rodata            const     0x800'f510      0x34  user_app_sensor.o [1]
  .rodata            const     0x800'f544      0x30  system_stm32l4xx.o [1]
  .rodata            const     0x800'f574      0x2c  user_rtc.o [1]
  .rodata            const     0x800'f5a0      0x28  user_tiny_vsnprintf.o [1]
  .rodata            const     0x800'f5c8      0x28  user_tiny_vsnprintf.o [1]
  .text              ro code   0x800'f5f0      0x28  data_init.o [4]
  .text              ro code   0x800'f618      0x22  fpinit_M.o [3]
  .iar.init_table    const     0x800'f63c      0x20  - Linker created -
  .rodata            const     0x800'f65c      0x20  user_app_comm.o [1]
  .rodata            const     0x800'f67c      0x20  user_rtc.o [1]
  .text              ro code   0x800'f69c      0x1e  cmain.o [4]
  .text              ro code   0x800'f6ba       0x4  low_level_init.o [2]
  .text              ro code   0x800'f6be       0x4  exit.o [2]
  .text              ro code   0x800'f6c4       0xa  cexit.o [4]
  .rodata            const     0x800'f6d0      0x1c  user_app_comm.o [1]
  .rodata            const     0x800'f6ec      0x1c  user_app_comm.o [1]
  .rodata            const     0x800'f708      0x1c  user_app_comm.o [1]
  .rodata            const     0x800'f724      0x1c  user_uart.o [1]
  .rodata            const     0x800'f740      0x18  user_app_comm.o [1]
  .rodata            const     0x800'f758      0x14  lcd_display.o [1]
  .rodata            const     0x800'f76c      0x14  lcd_display.o [1]
  .rodata            const     0x800'f780      0x14  user_app_comm.o [1]
  .rodata            const     0x800'f794      0x14  user_at_serial.o [1]
  .rodata            const     0x800'f7a8      0x14  user_at_serial.o [1]
  .rodata            const     0x800'f7bc      0x14  user_at_serial.o [1]
  .rodata            const     0x800'f7d0      0x14  user_at_serial.o [1]
  .rodata            const     0x800'f7e4      0x14  user_at_serial.o [1]
  .rodata            const     0x800'f7f8      0x14  user_at_serial.o [1]
  .rodata            const     0x800'f80c      0x14  user_at_serial.o [1]
  .rodata            const     0x800'f820      0x14  user_at_serial.o [1]
  .rodata            const     0x800'f834      0x14  user_at_serial.o [1]
  .rodata            const     0x800'f848      0x14  user_at_serial.o [1]
  .rodata            const     0x800'f85c      0x14  user_at_serial.o [1]
  .rodata            const     0x800'f870      0x10  lcd_display.o [1]
  .rodata            const     0x800'f880      0x10  lcd_display.o [1]
  .rodata            const     0x800'f890      0x10  lcd_display.o [1]
  .rodata            const     0x800'f8a0      0x10  lcd_display.o [1]
  .rodata            const     0x800'f8b0      0x10  lcd_display.o [1]
  .rodata            const     0x800'f8c0      0x10  lcd_display.o [1]
  .rodata            const     0x800'f8d0      0x10  lcd_display.o [1]
  .rodata            const     0x800'f8e0      0x10  lcd_display.o [1]
  .rodata            const     0x800'f8f0      0x10  lcd_display.o [1]
  .rodata            const     0x800'f900      0x10  lcd_display.o [1]
  .rodata            const     0x800'f910      0x10  lcd_display.o [1]
  .rodata            const     0x800'f920      0x10  lcd_display.o [1]
  .rodata            const     0x800'f930      0x10  lcd_display.o [1]
  .rodata            const     0x800'f940      0x10  system_stm32l4xx.o [1]
  .rodata            const     0x800'f950      0x10  user_app_sensor.o [1]
  .rodata            const     0x800'f960      0x10  user_at_serial.o [1]
  .rodata            const     0x800'f970      0x10  user_at_serial.o [1]
  .rodata            const     0x800'f980      0x10  user_at_serial.o [1]
  .rodata            const     0x800'f990      0x10  user_at_serial.o [1]
  .rodata            const     0x800'f9a0      0x10  user_at_serial.o [1]
  .rodata            const     0x800'f9b0      0x10  user_at_serial.o [1]
  .rodata            const     0x800'f9c0      0x10  user_at_serial.o [1]
  .rodata            const     0x800'f9d0      0x10  user_at_serial.o [1]
  .rodata            const     0x800'f9e0      0x10  user_at_serial.o [1]
  .rodata            const     0x800'f9f0      0x10  user_at_serial.o [1]
  .rodata            const     0x800'fa00      0x10  user_at_serial.o [1]
  .rodata            const     0x800'fa10      0x10  user_at_serial.o [1]
  .rodata            const     0x800'fa20      0x10  user_at_serial.o [1]
  .rodata            const     0x800'fa30      0x10  user_at_serial.o [1]
  .rodata            const     0x800'fa40      0x10  user_at_serial.o [1]
  .rodata            const     0x800'fa50      0x10  user_at_serial.o [1]
  .rodata            const     0x800'fa60      0x10  user_at_serial.o [1]
  .rodata            const     0x800'fa70      0x10  user_at_serial.o [1]
  .rodata            const     0x800'fa80      0x10  user_at_serial.o [1]
  .rodata            const     0x800'fa90      0x10  user_at_serial.o [1]
  .rodata            const     0x800'faa0      0x10  user_at_serial.o [1]
  .rodata            const     0x800'fab0      0x10  user_at_serial.o [1]
  .rodata            const     0x800'fac0      0x10  user_at_serial.o [1]
  .rodata            const     0x800'fad0      0x10  user_at_serial.o [1]
  .rodata            const     0x800'fae0      0x10  user_at_serial.o [1]
  .rodata            const     0x800'faf0      0x10  user_at_serial.o [1]
  .rodata            const     0x800'fb00      0x10  user_at_serial.o [1]
  .rodata            const     0x800'fb10      0x10  user_at_serial.o [1]
  .text              ro code   0x800'fb20      0x10  startup_stm32l433xx.o [1]
  .text              ro code   0x800'fb30      0x10  system_stm32l4xx.o [1]
  .rodata            const     0x800'fb40       0xc  lcd_display.o [1]
  .rodata            const     0x800'fb4c       0xc  lcd_display.o [1]
  .rodata            const     0x800'fb58       0xc  lcd_display.o [1]
  .rodata            const     0x800'fb64       0xc  lcd_display.o [1]
  .rodata            const     0x800'fb70       0xc  lcd_display.o [1]
  .rodata            const     0x800'fb7c       0xc  lcd_display.o [1]
  .rodata            const     0x800'fb88       0xc  user_app_comm.o [1]
  .rodata            const     0x800'fb94       0xc  user_app_sensor.o [1]
  .rodata            const     0x800'fba0       0xc  user_app_sensor.o [1]
  .rodata            const     0x800'fbac       0xc  user_at_serial.o [1]
  .rodata            const     0x800'fbb8       0xc  user_at_serial.o [1]
  .rodata            const     0x800'fbc4       0xc  user_at_serial.o [1]
  .rodata            const     0x800'fbd0       0xc  user_at_serial.o [1]
  .rodata            const     0x800'fbdc       0xc  user_at_serial.o [1]
  .rodata            const     0x800'fbe8       0xc  user_at_serial.o [1]
  .rodata            const     0x800'fbf4       0xc  user_at_serial.o [1]
  .rodata            const     0x800'fc00       0xc  user_at_serial.o [1]
  .rodata            const     0x800'fc0c       0xc  user_at_serial.o [1]
  .rodata            const     0x800'fc18       0xc  user_at_serial.o [1]
  .rodata            const     0x800'fc24       0xc  user_at_serial.o [1]
  .rodata            const     0x800'fc30       0xc  user_at_serial.o [1]
  .rodata            const     0x800'fc3c       0xc  user_at_serial.o [1]
  .rodata            const     0x800'fc48       0xc  user_at_serial.o [1]
  .rodata            const     0x800'fc54       0xc  user_at_serial.o [1]
  .rodata            const     0x800'fc60       0xc  user_at_serial.o [1]
  .rodata            const     0x800'fc6c       0xc  user_at_serial.o [1]
  .rodata            const     0x800'fc78       0xc  user_at_serial.o [1]
  .rodata            const     0x800'fc84       0xc  user_at_serial.o [1]
  .rodata            const     0x800'fc90       0xc  user_at_serial.o [1]
  .rodata            const     0x800'fc9c       0xc  user_at_serial.o [1]
  .rodata            const     0x800'fca8       0xc  user_at_serial.o [1]
  .rodata            const     0x800'fcb4       0xc  user_at_serial.o [1]
  .rodata            const     0x800'fcc0       0xc  user_at_serial.o [1]
  .rodata            const     0x800'fccc       0xc  user_at_serial.o [1]
  .rodata            const     0x800'fcd8       0xc  user_at_serial.o [1]
  .rodata            const     0x800'fce4       0xc  user_at_serial.o [1]
  .rodata            const     0x800'fcf0       0xc  user_at_serial.o [1]
  .rodata            const     0x800'fcfc       0xc  user_rtc.o [1]
  .rodata            const     0x800'fd08       0xc  user_rtc.o [1]
  .text              ro code   0x800'fd14       0xc  cstartup_M.o [4]
  .rodata            const     0x800'fd20       0x8  lcd_display.o [1]
  .rodata            const     0x800'fd28       0x8  lcd_display.o [1]
  .rodata            const     0x800'fd30       0x8  lcd_display.o [1]
  .rodata            const     0x800'fd38       0x8  lcd_display.o [1]
  .rodata            const     0x800'fd40       0x8  lcd_display.o [1]
  .rodata            const     0x800'fd48       0x8  system_stm32l4xx.o [1]
  .rodata            const     0x800'fd50       0x8  user_app_modbus_rtu.o [1]
  .rodata            const     0x800'fd58       0x8  user_app_modbus_rtu.o [1]
  .rodata            const     0x800'fd60       0x8  user_app_sensor.o [1]
  .rodata            const     0x800'fd68       0x8  user_app_sensor.o [1]
  .rodata            const     0x800'fd70       0x8  user_app_sensor.o [1]
  .rodata            const     0x800'fd78       0x8  user_app_sensor.o [1]
  .rodata            const     0x800'fd80       0x8  user_app_sensor.o [1]
  .rodata            const     0x800'fd88       0x8  user_app_sensor.o [1]
  .rodata            const     0x800'fd90       0x8  user_app_sensor.o [1]
  .rodata            const     0x800'fd98       0x8  user_app_sensor.o [1]
  .rodata            const     0x800'fda0       0x8  user_app_sensor.o [1]
  .rodata            const     0x800'fda8       0x8  user_app_sensor.o [1]
  .rodata            const     0x800'fdb0       0x8  user_app_sensor.o [1]
  .rodata            const     0x800'fdb8       0x8  user_app_sensor.o [1]
  .rodata            const     0x800'fdc0       0x8  user_app_sensor.o [1]
  .rodata            const     0x800'fdc8       0x8  user_app_sensor.o [1]
  .rodata            const     0x800'fdd0       0x8  user_app_sensor.o [1]
  .rodata            const     0x800'fdd8       0x8  user_app_sensor.o [1]
  .rodata            const     0x800'fde0       0x8  user_app_sensor.o [1]
  .rodata            const     0x800'fde8       0x8  user_app_sensor.o [1]
  .rodata            const     0x800'fdf0       0x8  user_app_sensor.o [1]
  .rodata            const     0x800'fdf8       0x8  user_at_serial.o [1]
  .rodata            const     0x800'fe00       0x8  user_at_serial.o [1]
  .rodata            const     0x800'fe08       0x8  user_at_serial.o [1]
  .rodata            const     0x800'fe10       0x8  user_at_serial.o [1]
  .rodata            const     0x800'fe18       0x8  user_at_serial.o [1]
  .rodata            const     0x800'fe20       0x8  user_tiny_vsnprintf.o [1]
  .rodata            const     0x800'fe28       0x8  user_util.o [1]
  .rodata            const     0x800'fe30       0x8  xprintffull_nomb.o [2]
  .text              ro code   0x800'fe38       0x4  startup_stm32l433xx.o [1]
  .text              ro code   0x800'fe3c       0x4  startup_stm32l433xx.o [1]
  .text              ro code   0x800'fe40       0x4  startup_stm32l433xx.o [1]
  .text              ro code   0x800'fe44       0x4  startup_stm32l433xx.o [1]
  .text              ro code   0x800'fe48       0x4  startup_stm32l433xx.o [1]
  .text              ro code   0x800'fe4c       0x4  startup_stm32l433xx.o [1]
  .text              ro code   0x800'fe50       0x4  startup_stm32l433xx.o [1]
  .text              ro code   0x800'fe54       0x4  startup_stm32l433xx.o [1]
  .text              ro code   0x800'fe58       0x4  startup_stm32l433xx.o [1]
  .text              ro code   0x800'fe5c       0x4  startup_stm32l433xx.o [1]
  .text              ro code   0x800'fe60       0x4  startup_stm32l433xx.o [1]
  .text              ro code   0x800'fe64       0x4  startup_stm32l433xx.o [1]
  .text              ro code   0x800'fe68       0x4  startup_stm32l433xx.o [1]
  .text              ro code   0x800'fe6c       0x4  startup_stm32l433xx.o [1]
  .text              ro code   0x800'fe70       0x4  startup_stm32l433xx.o [1]
  .text              ro code   0x800'fe74       0x4  startup_stm32l433xx.o [1]
  .text              ro code   0x800'fe78       0x4  startup_stm32l433xx.o [1]
  .text              ro code   0x800'fe7c       0x4  startup_stm32l433xx.o [1]
  .text              ro code   0x800'fe80       0x4  startup_stm32l433xx.o [1]
  .text              ro code   0x800'fe84       0x4  startup_stm32l433xx.o [1]
  .text              ro code   0x800'fe88       0x4  startup_stm32l433xx.o [1]
  .text              ro code   0x800'fe8c       0x4  startup_stm32l433xx.o [1]
  .text              ro code   0x800'fe90       0x4  startup_stm32l433xx.o [1]
  .text              ro code   0x800'fe94       0x4  startup_stm32l433xx.o [1]
  .text              ro code   0x800'fe98       0x4  startup_stm32l433xx.o [1]
  .text              ro code   0x800'fe9c       0x4  startup_stm32l433xx.o [1]
  .text              ro code   0x800'fea0       0x4  startup_stm32l433xx.o [1]
  .text              ro code   0x800'fea4       0x4  startup_stm32l433xx.o [1]
  .text              ro code   0x800'fea8       0x4  startup_stm32l433xx.o [1]
  .text              ro code   0x800'feac       0x4  startup_stm32l433xx.o [1]
  .text              ro code   0x800'feb0       0x4  startup_stm32l433xx.o [1]
  .text              ro code   0x800'feb4       0x4  startup_stm32l433xx.o [1]
  .text              ro code   0x800'feb8       0x4  startup_stm32l433xx.o [1]
  .text              ro code   0x800'febc       0x4  startup_stm32l433xx.o [1]
  .text              ro code   0x800'fec0       0x4  startup_stm32l433xx.o [1]
  .text              ro code   0x800'fec4       0x4  startup_stm32l433xx.o [1]
  .text              ro code   0x800'fec8       0x4  startup_stm32l433xx.o [1]
  .text              ro code   0x800'fecc       0x4  startup_stm32l433xx.o [1]
  .text              ro code   0x800'fed0       0x4  startup_stm32l433xx.o [1]
  .text              ro code   0x800'fed4       0x4  startup_stm32l433xx.o [1]
  .text              ro code   0x800'fed8       0x4  startup_stm32l433xx.o [1]
  .text              ro code   0x800'fedc       0x4  startup_stm32l433xx.o [1]
  .text              ro code   0x800'fee0       0x4  startup_stm32l433xx.o [1]
  .text              ro code   0x800'fee4       0x4  startup_stm32l433xx.o [1]
  .text              ro code   0x800'fee8       0x4  startup_stm32l433xx.o [1]
  .text              ro code   0x800'feec       0x4  startup_stm32l433xx.o [1]
  .text              ro code   0x800'fef0       0x4  startup_stm32l433xx.o [1]
  .text              ro code   0x800'fef4       0x4  startup_stm32l433xx.o [1]
  .text              ro code   0x800'fef8       0x4  startup_stm32l433xx.o [1]
  .text              ro code   0x800'fefc       0x4  startup_stm32l433xx.o [1]
  .text              ro code   0x800'ff00       0x4  startup_stm32l433xx.o [1]
  .text              ro code   0x800'ff04       0x4  startup_stm32l433xx.o [1]
  .text              ro code   0x800'ff08       0x4  startup_stm32l433xx.o [1]
  .text              ro code   0x800'ff0c       0x4  startup_stm32l433xx.o [1]
  .text              ro code   0x800'ff10       0x4  startup_stm32l433xx.o [1]
  .text              ro code   0x800'ff14       0x4  startup_stm32l433xx.o [1]
  .text              ro code   0x800'ff18       0x4  startup_stm32l433xx.o [1]
  .text              ro code   0x800'ff1c       0x4  startup_stm32l433xx.o [1]
  .text              ro code   0x800'ff20       0x4  startup_stm32l433xx.o [1]
  .rodata            const     0x800'ff24       0x0  zero_init3.o [4]
  .rodata            const     0x800'ff24       0x0  lz77_init_single.o [4]
  Initializer bytes  const     0x800'ff24     0x49a  <for P2-1>
                             - 0x801'03be  0x1'0232

"P2", part 1 of 3:                            0xa45
  P2-1                        0x2000'0000     0xa45  <Init block>
    .data            inited   0x2000'0000       0xc  button.o [1]
    .data            inited   0x2000'000c      0x60  lcd_display.o [1]
    .data            inited   0x2000'006c       0x8  lcd_display.o [1]
    .data            inited   0x2000'0074       0x4  lcd_display.o [1]
    .data            inited   0x2000'0078      0x10  lcd_display.o [1]
    .data            inited   0x2000'0088      0x10  lcd_display.o [1]
    .data            inited   0x2000'0098      0x10  lcd_display.o [1]
    .data            inited   0x2000'00a8      0x10  lcd_display.o [1]
    .data            inited   0x2000'00b8      0x10  lcd_display.o [1]
    .data            inited   0x2000'00c8     0x288  lcd_display.o [1]
    .data            inited   0x2000'0350       0x4  stm32l4xx_hal.o [1]
    .data            inited   0x2000'0354      0x20  stm32l4xx_hal_flash.o [1]
    .data            inited   0x2000'0374       0x4  system_stm32l4xx.o [1]
    .data            inited   0x2000'0378      0x70  user_app_comm.o [1]
    .data            inited   0x2000'03e8       0x8  user_app_comm.o [1]
    .data            inited   0x2000'03f0       0x8  user_app_comm.o [1]
    .data            inited   0x2000'03f8      0x78  user_app_modbus_rtu.o [1]
    .data            inited   0x2000'0470      0x2c  user_app_modbus_rtu.o [1]
    .data            inited   0x2000'049c       0x8  user_app_modbus_rtu.o [1]
    .data            inited   0x2000'04a4      0x40  user_app_rs485.o [1]
    .data            inited   0x2000'04e4      0x80  user_app_sensor.o [1]
    .data            inited   0x2000'0564       0x8  user_app_sensor.o [1]
    .data            inited   0x2000'056c       0x8  user_app_sensor.o [1]
    .data            inited   0x2000'0574       0x4  user_app_sensor.o [1]
    .data            inited   0x2000'0578       0x8  user_at_serial.o [1]
    .data            inited   0x2000'0580     0x470  user_at_serial.o [1]
    .data            inited   0x2000'09f0       0x8  user_connect_sensor.o [1]
    .data            inited   0x2000'09f8       0x8  user_rs485.o [1]
    .data            inited   0x2000'0a00       0x4  user_tiny_vsnprintf.o [1]
    .data            inited   0x2000'0a04       0x4  user_tiny_vsnprintf.o [1]
    .data            inited   0x2000'0a08      0x38  xlocale_c.o [2]
    .data            inited   0x2000'0a40       0x2  user_app_modbus_rtu.o [1]
    .data            inited   0x2000'0a42       0x1  lcd_display.o [1]
    .data            inited   0x2000'0a43       0x1  stm32l4xx_hal.o [1]
    .data            inited   0x2000'0a44       0x1  user_util.o [1]
                            - 0x2000'0a45     0xa45

"P2", part 2 of 3:                           0x1c24
  .bss               zero     0x2000'0a48     0x4b0  user_app_comm.o [1]
  .bss               zero     0x2000'0ef8     0x400  glcd.o [1]
  .bss               zero     0x2000'12f8     0x400  user_adv_trace.o [1]
  .bss               zero     0x2000'16f8     0x200  user_adv_trace.o [1]
  .bss               zero     0x2000'18f8     0x200  user_connect_sensor.o [1]
  .bss               zero     0x2000'1af8     0x200  user_rs485.o [1]
  .bss               zero     0x2000'1cf8     0x144  lcd_display.o [1]
  .bss               zero     0x2000'1e3c      0x88  usart.o [1]
  .bss               zero     0x2000'1ec4      0x88  usart.o [1]
  .bss               zero     0x2000'1f4c      0x88  usart.o [1]
  .bss               zero     0x2000'1fd4      0x80  user_app_modbus_rtu.o [1]
  .bss               zero     0x2000'2054      0x80  user_app_modbus_rtu.o [1]
  .bss               zero     0x2000'20d4      0x80  user_app_modbus_rtu.o [1]
  .bss               zero     0x2000'2154      0x80  user_at_serial.o [1]
  .bss               zero     0x2000'21d4      0x80  user_at_serial.o [1]
  .bss               zero     0x2000'2254      0x64  spi.o [1]
  .bss               zero     0x2000'22b8      0x64  user_app_comm.o [1]
  .bss               zero     0x2000'231c      0x54  lcd_display.o [1]
  .bss               zero     0x2000'2370      0x48  usart.o [1]
  .bss               zero     0x2000'23b8      0x48  usart.o [1]
  .bss               zero     0x2000'2400      0x48  usart.o [1]
  .bss               zero     0x2000'2448      0x2c  user_rtc.o [1]
  .bss               zero     0x2000'2474      0x28  user_app_sensor.o [1]
  .bss               zero     0x2000'249c      0x28  user_app_sensor.o [1]
  .bss               zero     0x2000'24c4      0x28  user_app_sensor.o [1]
  .bss               zero     0x2000'24ec      0x24  rtc.o [1]
  .bss               zero     0x2000'2510      0x24  user_app_sensor.o [1]
  .bss               zero     0x2000'2534      0x20  lcd_display.o [1]
  .bss               zero     0x2000'2554      0x1c  user_rtc.o [1]
  .bss               zero     0x2000'2570      0x18  button.o [1]
  .bss               zero     0x2000'2588      0x18  user_adv_trace.o [1]
  .bss               zero     0x2000'25a0      0x18  user_app_comm.o [1]
  .bss               zero     0x2000'25b8      0x10  iwdg.o [1]
  .bss               zero     0x2000'25c8      0x10  lcd_display.o [1]
  .bss               zero     0x2000'25d8       0xc  text.o [1]
  .bss               zero     0x2000'25e4       0xc  user_app_sensor.o [1]
  .bss               zero     0x2000'25f0       0xc  user_util.o [1]
  .bss               zero     0x2000'25fc       0x8  user_app_sensor.o [1]
  .bss               zero     0x2000'2604       0x4  button.o [1]
  .bss               zero     0x2000'2608       0x4  button.o [1]
  .bss               zero     0x2000'260c       0x4  glcd.o [1]
  .bss               zero     0x2000'2610       0x4  glcd.o [1]
  .bss               zero     0x2000'2614       0x4  glcd.o [1]
  .bss               zero     0x2000'2618       0x4  lcd_display.o [1]
  .bss               zero     0x2000'261c       0x4  stm32l4xx_hal.o [1]
  .bss               zero     0x2000'2620       0x4  user_app_comm.o [1]
  .bss               zero     0x2000'2624       0x4  user_app_sensor.o [1]
  .bss               zero     0x2000'2628       0x4  user_app_sensor.o [1]
  .bss               zero     0x2000'262c       0x4  user_app_sensor.o [1]
  .bss               zero     0x2000'2630       0x4  user_app_sensor.o [1]
  .bss               zero     0x2000'2634       0x4  user_rtc.o [1]
  .bss               zero     0x2000'2638       0x4  user_timer.o [1]
  .bss               zero     0x2000'263c       0x4  user_util.o [1]
  .bss               zero     0x2000'2640       0x4  user_util.o [1]
  .bss               zero     0x2000'2644       0x4  user_util.o [1]
  .bss               zero     0x2000'2648       0x4  xfail_s.o [2]
  .bss               zero     0x2000'264c       0x2  button.o [1]
  .bss               zero     0x2000'264e       0x2  lcd_display.o [1]
  .bss               zero     0x2000'2650       0x2  user_app_comm.o [1]
  .bss               zero     0x2000'2652       0x2  user_app_comm.o [1]
  .bss               zero     0x2000'2654       0x2  user_app_sensor.o [1]
  .bss               zero     0x2000'2656       0x2  user_app_sensor.o [1]
  .bss               zero     0x2000'2658       0x2  user_uart.o [1]
  .bss               zero     0x2000'265a       0x1  button.o [1]
  .bss               zero     0x2000'265b       0x1  lcd_display.o [1]
  .bss               zero     0x2000'265c       0x1  lcd_display.o [1]
  .bss               zero     0x2000'265d       0x1  lcd_display.o [1]
  .bss               zero     0x2000'265e       0x1  user_app_comm.o [1]
  .bss               zero     0x2000'265f       0x1  user_app_rs485.o [1]
  .bss               zero     0x2000'2660       0x1  user_app_sensor.o [1]
  .bss               zero     0x2000'2661       0x1  user_app_sensor.o [1]
  .bss               zero     0x2000'2662       0x1  user_at_serial.o [1]
  .bss               zero     0x2000'2663       0x1  user_connect_sensor.o [1]
  .bss               zero     0x2000'2664       0x1  user_connect_sensor.o [1]
  .bss               zero     0x2000'2665       0x1  user_rs485.o [1]
  .bss               zero     0x2000'2666       0x1  user_rs485.o [1]
  .bss               zero     0x2000'2667       0x1  user_rtc.o [1]
  .bss               zero     0x2000'2668       0x1  user_uart.o [1]
                            - 0x2000'2669    0x1c21

"P2", part 3 of 3:                            0x400
  CSTACK                      0x2000'2670     0x400  <Block>
    CSTACK           uninit   0x2000'2670     0x400  <Block tail>
                            - 0x2000'2a70     0x400

Unused ranges:

         From           To      Size
         ----           --      ----
   0x801'03be   0x803'ffff  0x2'fc42
  0x2000'0a45  0x2000'0a47       0x3
  0x2000'266c  0x2000'266f       0x4
  0x2000'2a70  0x2000'ffff    0xd590


*******************************************************************************
*** INIT TABLE
***

          Address      Size
          -------      ----
Zero (__iar_zero_init3)
    1 destination range, total size 0x1c21:
          0x2000'0a48  0x1c21

Copy/lz77 (__iar_lz77_init_single3)
    1 source range, total size 0x49a (44% of destination):
           0x800'ff24   0x49a
    1 destination range, total size 0xa45:
          0x2000'0000   0xa45



*******************************************************************************
*** MODULE SUMMARY
***

    Module                    ro code  ro data  rw data
    ------                    -------  -------  -------
command line/config:
    ---------------------------------------------------
    Total:

D:\Saoviet_Git\Saoviet_EnviroTrack_M_And_S\Project_Slave_LanChang_Clo\Project_Slave_Sensor_EnviroTrack\EWARM\Project_Slave_Sensor_EnviroTrack\Obj: [1]
    ST7565R.o                     344
    STM32L4.o                     160
    button.o                    4'172        5       47
    dma.o                          96
    event_driven.o                 84
    glcd.o                        232             1'036
    gpio.o                        464
    graphics.o                    244
    iwdg.o                         44                16
    lcd_display.o               2'566    3'171    1'302
    main.o                        198
    onchipflash.o                 370
    rtc.o                         336                36
    spi.o                         200               100
    startup_stm32l433xx.o         648
    stm32l4xx_hal.o               208        2        9
    stm32l4xx_hal_cortex.o        404
    stm32l4xx_hal_dma.o         1'062
    stm32l4xx_hal_flash.o         440       15       32
    stm32l4xx_hal_flash_ex.o      160
    stm32l4xx_hal_gpio.o          896
    stm32l4xx_hal_iwdg.o          128
    stm32l4xx_hal_msp.o            56
    stm32l4xx_hal_pwr_ex.o        148
    stm32l4xx_hal_rcc.o         2'556
    stm32l4xx_hal_rcc_ex.o      1'256
    stm32l4xx_hal_rtc.o         1'934
    stm32l4xx_hal_rtc_ex.o         74
    stm32l4xx_hal_spi.o         1'322
    stm32l4xx_hal_uart.o        4'224
    stm32l4xx_hal_uart_ex.o       114
    stm32l4xx_it.o                136
    system_stm32l4xx.o             16       73        4
    text.o                        912                12
    text_tiny.o                   656
    unit_tests.o                   20      512
    usart.o                       924               624
    user_adv_trace.o              570             1'560
    user_app_comm.o             1'268      230    1'461
    user_app_modbus_rtu.o       1'912       94      558
    user_app_rs485.o              336       28       65
    user_app_sensor.o           8'632      663      346
    user_at_serial.o              476    1'556    1'401
    user_connect_sensor.o         100        4      522
    user_convert_variable.o     1'884
    user_modbus_rtu.o             848
    user_rs485.o                  112        4      522
    user_rtc.o                    936      100       77
    user_string.o                 486
    user_time.o                    88
    user_timer.o                  784                 4
    user_tiny_vsnprintf.o         848       91        8
    user_uart.o                   288       28        3
    user_util.o                   540        9       25
    ---------------------------------------------------
    Total:                     47'912    6'585    9'770

dl7M_tlf.a: [2]
    abort.o                         6
    exit.o                          4
    low_level_init.o                4
    sprintf.o                      64
    xfail_s.o                      64                 4
    xlocale_c.o                     8       28       56
    xprintffull_nomb.o          4'038        8
    xsprout.o                      10
    ---------------------------------------------------
    Total:                      4'198       36       60

m7M_tls.a: [3]
    DblAdd.o                      378
    DblCmpEq.o                     32
    DblCmpGe.o                     46
    DblCmpLe.o                     46
    DblDiv.o                      582
    DblMul.o                      418
    DblSub.o                      226
    DblToFlt.o                    104
    DblToS32.o                     58
    DblToU32.o                     40
    FltToDbl.o                     72
    S32ToDbl.o                     34
    U32ToDbl.o                     26
    fpinit_M.o                     34
    frexp.o                       112
    iar_Exp64.o                 1'000
    ldexp.o                       314
    math_wrappers64.o              22
    pow64.o                     1'772    1'056
    ---------------------------------------------------
    Total:                      5'316    1'056

rt7M_tl.a: [4]
    ABImemcpy.o                   166
    ABImemset.o                   102
    I64DivMod.o                   560
    I64DivZer.o                     2
    cexit.o                        10
    cmain.o                        30
    cstartup_M.o                   12
    data_init.o                    40
    lz77_init_single.o            120
    memchr.o                       88
    memset.o                       20
    strchr.o                       22
    strlen.o                       54
    zero_init3.o                   58
    ---------------------------------------------------
    Total:                      1'284

shb_l.a: [5]
    exit.o                         20
    ---------------------------------------------------
    Total:                         20

    Gaps                           47        8
    Linker created                          32    1'024
-------------------------------------------------------
    Grand Total:               58'777    7'717   10'854


*******************************************************************************
*** ENTRY LIST
***

Entry                       Address   Size  Type      Object
-----                       -------   ----  ----      ------
.iar.init_table$$Base    0x800'f63c          --   Gb  - Linker created -
.iar.init_table$$Limit   0x800'f65c          --   Gb  - Linker created -
?main                    0x800'f69d         Code  Gb  cmain.o [4]
ADV_TRACE_Buffer        0x2000'12f8  0x400  Data  Lc  user_adv_trace.o [1]
ADV_TRACE_Ctx           0x2000'2588   0x18  Data  Lc  user_adv_trace.o [1]
AHBPrescTable            0x800'f940   0x10  Data  Gb  system_stm32l4xx.o [1]
APBPrescTable            0x800'fd48    0x8  Data  Gb  system_stm32l4xx.o [1]
AT_CMD_Get_BR_Slave      0x800'19ab   0x5a  Code  Gb  user_app_sensor.o [1]
AT_CMD_Get_Clo_Calib_Point
                         0x800'1e4d  0x124  Code  Gb  user_app_sensor.o [1]
AT_CMD_Get_Clo_Const_Temp
                         0x800'1aa9   0x4a  Code  Gb  user_app_sensor.o [1]
AT_CMD_Get_Clo_Zero_Slope
                         0x800'1b9d  0x114  Code  Gb  user_app_sensor.o [1]
AT_CMD_Get_ID_Slave      0x800'18a9   0x5a  Code  Gb  user_app_sensor.o [1]
AT_CMD_Reset_Slave       0x800'17b9   0x4a  Code  Gb  user_app_sensor.o [1]
AT_CMD_Restore_Slave     0x800'1829   0x66  Code  Gb  user_app_sensor.o [1]
AT_CMD_Set_BR_Slave      0x800'1a09   0xa0  Code  Gb  user_app_sensor.o [1]
AT_CMD_Set_Clo_Calib_Point
                         0x800'1fa5  0x1f0  Code  Gb  user_app_sensor.o [1]
AT_CMD_Set_Clo_Const_Temp
                         0x800'1af3   0x9c  Code  Gb  user_app_sensor.o [1]
AT_CMD_Set_Clo_Zero_Slope
                         0x800'1cc1  0x186  Code  Gb  user_app_sensor.o [1]
AT_CMD_Set_ID_Slave      0x800'1909   0xa2  Code  Gb  user_app_sensor.o [1]
AppComm_DBG_Init_RX_Mode
                         0x800'800d   0x32  Code  Gb  user_app_comm.o [1]
AppComm_DBG_Init_Uart    0x800'8005    0x8  Code  Gb  user_app_comm.o [1]
AppComm_DBG_Rx_Callback
                         0x800'804d  0x176  Code  Gb  user_app_comm.o [1]
AppComm_DBG_Stop_RX_Mode
                         0x800'803f    0xa  Code  Gb  user_app_comm.o [1]
AppComm_Get_Reset_Source
                         0x800'7fcd   0x38  Code  Gb  user_app_comm.o [1]
AppComm_IRQ_Timer_CallBack
                         0x800'7f8d    0xc  Code  Gb  user_app_comm.o [1]
AppComm_Init             0x800'7ecb   0x20  Code  Gb  user_app_comm.o [1]
AppComm_Set_Next_TxTimer
                         0x800'7fb3    0x2  Code  Gb  user_app_comm.o [1]
AppComm_Task             0x800'7eeb   0xa0  Code  Gb  user_app_comm.o [1]
AppComm_Uart_Debug_Send
                         0x800'7fb5   0x18  Code  Lc  user_app_comm.o [1]
AppRs485_Task            0x800'95d3   0x84  Code  Gb  user_app_rs485.o [1]
AppSensor_Task           0x800'220d   0x84  Code  Gb  user_app_sensor.o [1]
BUTTON_Down_Process      0x800'd357  0x1a4  Code  Gb  button.o [1]
BUTTON_ESC_Process       0x800'd521  0x420  Code  Gb  button.o [1]
BUTTON_Enter_Process     0x800'ca5f  0x752  Code  Gb  button.o [1]
BUTTON_Process           0x800'c931   0x34  Code  Gb  button.o [1]
BUTTON_Up_Process        0x800'd1b1  0x1a6  Code  Gb  button.o [1]
BUTTON_scan              0x800'c965   0xfa  Code  Gb  button.o [1]
BUTTON_scan::hold       0x2000'2604    0x4  Data  Lc  button.o [1]
BUTTON_scan::last_value
                        0x2000'265a    0x1  Data  Lc  button.o [1]
BusFault_Handler         0x800'f303    0x2  Code  Gb  stm32l4xx_it.o [1]
CSTACK$$Base            0x2000'2670          --   Gb  - Linker created -
CSTACK$$Limit           0x2000'2a70          --   Gb  - Linker created -
Cal_Time                 0x800'6d23   0x12  Code  Gb  user_util.o [1]
Calculator_Scale         0x800'2809   0x54  Code  Gb  user_convert_variable.o [1]
CheckList_AT_CONFIG     0x2000'0580  0x470  Data  Gb  user_at_serial.o [1]
Check_Time_Out           0x800'6d05   0x1e  Code  Gb  user_util.o [1]
Chlorine_Compensation_pH
                         0x800'0ee1  0x50c  Code  Gb  user_app_sensor.o [1]
Convert_Point_Int_To_String
                         0x800'285d   0xce  Code  Gb  user_convert_variable.o [1]
Convert_Point_Int_To_String_Scale
                         0x800'292b   0xea  Code  Gb  user_convert_variable.o [1]
Convert_Scale            0x800'6e75   0x5c  Code  Gb  user_util.o [1]
Convert_String_To_Dec    0x800'2b85   0x5c  Code  Gb  user_convert_variable.o [1]
Convert_uint32Hex_To_Float
                         0x800'2a41  0x144  Code  Gb  user_convert_variable.o [1]
CountBufferHandleRecvSS
                        0x2000'2654    0x2  Data  Gb  user_app_sensor.o [1]
DCU_Enter_Calib          0x800'1409  0x13c  Code  Gb  user_app_sensor.o [1]
DCU_Log_DataCalib       0x2000'2628    0x4  Data  Gb  user_app_sensor.o [1]
DCU_Log_KindCalib       0x2000'2660    0x1  Data  Gb  user_app_sensor.o [1]
DCU_Logdata_Calib        0x800'13ed   0x16  Code  Gb  user_app_sensor.o [1]
DMA1_Channel3_IRQHandler
                         0x800'f31d    0xa  Code  Gb  stm32l4xx_it.o [1]
DMA1_Channel5_IRQHandler
                         0x800'f327    0xa  Code  Gb  stm32l4xx_it.o [1]
DMA2_Channel7_IRQHandler
                         0x800'f34f    0xa  Code  Gb  stm32l4xx_it.o [1]
DMA_SetConfig            0x800'613d   0x32  Code  Lc  stm32l4xx_hal_dma.o [1]
DaysInMonth              0x800'fcfc    0xc  Data  Lc  user_rtc.o [1]
DaysInMonthLeapYear      0x800'fd08    0xc  Data  Lc  user_rtc.o [1]
DebugMon_Handler         0x800'f309    0x2  Code  Gb  stm32l4xx_it.o [1]
Deinit_LCD12864          0x800'a045   0x3a  Code  Gb  lcd_display.o [1]
Display_Check_Password   0x800'9edf   0x2e  Code  Gb  lcd_display.o [1]
Display_Check_Toggle     0x800'9d69   0xac  Code  Gb  lcd_display.o [1]
Display_Check_Toggle::Hide
                        0x2000'231c   0x54  Data  Lc  lcd_display.o [1]
Display_Check_Toggle::LandMarkToggle_u32
                        0x2000'1cf8  0x144  Data  Lc  lcd_display.o [1]
Display_Init             0x800'9679   0x88  Code  Gb  lcd_display.o [1]
Display_Set_Screen       0x800'9ea9   0x36  Code  Gb  lcd_display.o [1]
Display_Set_Screen_Flag
                         0x800'9e63   0x46  Code  Gb  lcd_display.o [1]
Display_Show_Oject       0x800'9a39  0x330  Code  Gb  lcd_display.o [1]
Display_Show_Screen      0x800'9e15   0x4e  Code  Gb  lcd_display.o [1]
Display_Show_State_Sensor_Network
                         0x800'9f0d   0x4c  Code  Gb  lcd_display.o [1]
Display_Show_State_Setting
                         0x800'9f5d   0x5c  Code  Gb  lcd_display.o [1]
Display_Task             0x800'9701   0x7e  Code  Gb  lcd_display.o [1]
Error_Handler            0x800'7867    0x4  Code  Gb  main.o [1]
FLASH_FlushCaches        0x800'5937   0x6a  Code  Gb  stm32l4xx_hal_flash_ex.o [1]
FLASH_PageErase          0x800'590d   0x2a  Code  Gb  stm32l4xx_hal_flash_ex.o [1]
FLASH_Program_DoubleWord
                         0x800'589b   0x1a  Code  Lc  stm32l4xx_hal_flash.o [1]
FLASH_Program_Fast       0x800'58b5   0x32  Code  Lc  stm32l4xx_hal_flash.o [1]
FLASH_WaitForLastOperation
                         0x800'5835   0x66  Code  Gb  stm32l4xx_hal_flash.o [1]
Filter_Clo               0x800'05a5   0xc0  Code  Gb  user_app_sensor.o [1]
Filter_Clo::P           0x2000'0574    0x4  Data  Lc  user_app_sensor.o [1]
Filter_Clo::x_est       0x2000'262c    0x4  Data  Lc  user_app_sensor.o [1]
Filter_Clo::x_est_last  0x2000'2630    0x4  Data  Lc  user_app_sensor.o [1]
Filter_Temp              0x800'066d    0x2  Code  Gb  user_app_sensor.o [1]
Find_String_V2           0x800'c1c7  0x130  Code  Gb  user_string.o [1]
Find_str_fix             0x800'c319   0x94  Code  Gb  user_string.o [1]
Font5x7                  0x800'eee8  0x214  Data  Lc  lcd_display.o [1]
Get_RTC                  0x800'94d1   0x4e  Code  Gb  user_time.o [1]
HAL_DMA_Abort            0x800'5f95   0x54  Code  Gb  stm32l4xx_hal_dma.o [1]
HAL_DMA_Abort_IT         0x800'5fe9   0x5e  Code  Gb  stm32l4xx_hal_dma.o [1]
HAL_DMA_DeInit           0x800'5e29   0xb8  Code  Gb  stm32l4xx_hal_dma.o [1]
HAL_DMA_GetError         0x800'6139    0x4  Code  Gb  stm32l4xx_hal_dma.o [1]
HAL_DMA_IRQHandler       0x800'6047   0xf2  Code  Gb  stm32l4xx_hal_dma.o [1]
HAL_DMA_Init             0x800'5d49   0xe0  Code  Gb  stm32l4xx_hal_dma.o [1]
HAL_DMA_Start_IT         0x800'5efd   0x98  Code  Gb  stm32l4xx_hal_dma.o [1]
HAL_Delay                0x800'383d   0x28  Code  Wk  stm32l4xx_hal.o [1]
HAL_FLASH_Lock           0x800'5827    0xe  Code  Gb  stm32l4xx_hal_flash.o [1]
HAL_FLASH_Program        0x800'5755   0xb0  Code  Gb  stm32l4xx_hal_flash.o [1]
HAL_FLASH_Unlock         0x800'5805   0x22  Code  Gb  stm32l4xx_hal_flash.o [1]
HAL_GPIO_DeInit          0x800'367f  0x166  Code  Gb  stm32l4xx_hal_gpio.o [1]
HAL_GPIO_Init            0x800'34bd  0x1c2  Code  Gb  stm32l4xx_hal_gpio.o [1]
HAL_GPIO_ReadPin         0x800'37e5   0x16  Code  Gb  stm32l4xx_hal_gpio.o [1]
HAL_GPIO_WritePin        0x800'37fb   0x18  Code  Gb  stm32l4xx_hal_gpio.o [1]
HAL_GetTick              0x800'5165    0xc  Code  Wk  stm32l4xx_hal.o [1]
HAL_IWDG_Init            0x800'274f   0x72  Code  Gb  stm32l4xx_hal_iwdg.o [1]
HAL_IWDG_Refresh         0x800'27c1    0xe  Code  Gb  stm32l4xx_hal_iwdg.o [1]
HAL_IncTick              0x800'f385   0x18  Code  Wk  stm32l4xx_hal.o [1]
HAL_Init                 0x800'8b4d   0x24  Code  Gb  stm32l4xx_hal.o [1]
HAL_InitTick             0x800'8509   0x60  Code  Wk  stm32l4xx_hal.o [1]
HAL_MspInit              0x800'b4d5   0x38  Code  Gb  stm32l4xx_hal_msp.o [1]
HAL_NVIC_DisableIRQ      0x800'7077    0xe  Code  Gb  stm32l4xx_hal_cortex.o [1]
HAL_NVIC_EnableIRQ       0x800'7069    0xe  Code  Gb  stm32l4xx_hal_cortex.o [1]
HAL_NVIC_SetPriority     0x800'703f   0x2a  Code  Gb  stm32l4xx_hal_cortex.o [1]
HAL_NVIC_SetPriorityGrouping
                         0x800'7033    0xc  Code  Gb  stm32l4xx_hal_cortex.o [1]
HAL_PWREx_ControlVoltageScaling
                         0x800'8575   0x76  Code  Gb  stm32l4xx_hal_pwr_ex.o [1]
HAL_PWREx_GetVoltageRange
                         0x800'8569    0xc  Code  Gb  stm32l4xx_hal_pwr_ex.o [1]
HAL_RCCEx_PeriphCLKConfig
                         0x800'7881  0x34c  Code  Gb  stm32l4xx_hal_rcc_ex.o [1]
HAL_RCC_ClockConfig      0x800'698d  0x17a  Code  Gb  stm32l4xx_hal_rcc.o [1]
HAL_RCC_GetHCLKFreq      0x800'6bdb    0x6  Code  Gb  stm32l4xx_hal_rcc.o [1]
HAL_RCC_GetPCLK1Freq     0x800'6be1   0x1a  Code  Gb  stm32l4xx_hal_rcc.o [1]
HAL_RCC_GetPCLK2Freq     0x800'6bfb   0x1a  Code  Gb  stm32l4xx_hal_rcc.o [1]
HAL_RCC_GetResetSource   0x800'6c25   0x12  Code  Gb  stm32l4xx_hal_rcc.o [1]
HAL_RCC_GetSysClockFreq
                         0x800'6b07   0xd4  Code  Gb  stm32l4xx_hal_rcc.o [1]
HAL_RCC_OscConfig        0x800'6305  0x688  Code  Gb  stm32l4xx_hal_rcc.o [1]
HAL_RTCEx_AlarmBEventCallback
                         0x800'e195    0x2  Code  Wk  stm32l4xx_hal_rtc_ex.o [1]
HAL_RTCEx_EnableBypassShadow
                         0x800'e295   0x48  Code  Gb  stm32l4xx_hal_rtc_ex.o [1]
HAL_RTC_AlarmAEventCallback
                         0x800'defd    0xc  Code  Gb  user_rtc.o [1]
HAL_RTC_AlarmIRQHandler
                         0x800'bb11   0x60  Code  Gb  stm32l4xx_hal_rtc.o [1]
HAL_RTC_DeactivateAlarm
                         0x800'ba37   0xda  Code  Gb  stm32l4xx_hal_rtc.o [1]
HAL_RTC_GetDate          0x800'b7ff   0x52  Code  Gb  stm32l4xx_hal_rtc.o [1]
HAL_RTC_GetTime          0x800'b6cd   0x66  Code  Gb  stm32l4xx_hal_rtc.o [1]
HAL_RTC_Init             0x800'b50d   0xca  Code  Gb  stm32l4xx_hal_rtc.o [1]
HAL_RTC_MspInit          0x800'8ec1   0x50  Code  Gb  rtc.o [1]
HAL_RTC_SetAlarm_IT      0x800'b851  0x1e6  Code  Gb  stm32l4xx_hal_rtc.o [1]
HAL_RTC_SetDate          0x800'b733   0xcc  Code  Gb  stm32l4xx_hal_rtc.o [1]
HAL_RTC_SetTime          0x800'b5d7   0xf6  Code  Gb  stm32l4xx_hal_rtc.o [1]
HAL_RTC_WaitForSynchro   0x800'bb71   0x2e  Code  Gb  stm32l4xx_hal_rtc.o [1]
HAL_SPI_Init             0x800'bc9d   0xf8  Code  Gb  stm32l4xx_hal_spi.o [1]
HAL_SPI_MspInit          0x800'8f6d   0x62  Code  Gb  spi.o [1]
HAL_SPI_Transmit         0x800'bd95  0x1fe  Code  Gb  stm32l4xx_hal_spi.o [1]
HAL_SYSTICK_Config       0x800'7085    0xc  Code  Gb  stm32l4xx_hal_cortex.o [1]
HAL_UARTEx_ReceiveToIdle_DMA
                         0x800'6291   0x70  Code  Gb  stm32l4xx_hal_uart_ex.o [1]
HAL_UARTEx_RxEventCallback
                         0x800'61a5   0x3c  Code  Gb  user_uart.o [1]
HAL_UARTEx_WakeupCallback
                         0x800'6301    0x2  Code  Wk  stm32l4xx_hal_uart_ex.o [1]
HAL_UART_DMAStop         0x800'3a09   0xb2  Code  Gb  stm32l4xx_hal_uart.o [1]
HAL_UART_ErrorCallback   0x800'61e1   0x3c  Code  Gb  user_uart.o [1]
HAL_UART_IRQHandler      0x800'3abb  0x35c  Code  Gb  stm32l4xx_hal_uart.o [1]
HAL_UART_Init            0x800'3865   0x7a  Code  Gb  stm32l4xx_hal_uart.o [1]
HAL_UART_MspDeInit       0x800'5c81   0x80  Code  Gb  usart.o [1]
HAL_UART_MspInit         0x800'5a5d  0x224  Code  Gb  usart.o [1]
HAL_UART_Receive_IT      0x800'39ab   0x5e  Code  Gb  stm32l4xx_hal_uart.o [1]
HAL_UART_RxCpltCallback
                         0x800'6171   0x34  Code  Gb  user_uart.o [1]
HAL_UART_Transmit        0x800'38df   0xcc  Code  Gb  stm32l4xx_hal_uart.o [1]
Handle_Data_Measure      0x800'036d   0xc8  Code  Gb  user_app_sensor.o [1]
Handle_Data_Recv_SS_Clo
                         0x800'0811  0x1b2  Code  Gb  user_app_sensor.o [1]
Handle_Data_Recv_Sensor
                         0x800'0681   0x20  Code  Gb  user_app_sensor.o [1]
Handle_Data_Trans_SS_Clo
                         0x800'06b5  0x14c  Code  Gb  user_app_sensor.o [1]
Handle_Data_Trans_Sensor
                         0x800'066f   0x12  Code  Gb  user_app_sensor.o [1]
Handle_Float_To_hexUint32
                         0x800'2f41   0x24  Code  Gb  user_convert_variable.o [1]
Handle_HexFloat_To_Int32_Round
                         0x800'2bed  0x14c  Code  Gb  user_convert_variable.o [1]
Handle_State_SS_Clo      0x800'09c9   0x78  Code  Gb  user_app_sensor.o [1]
Handle_State_Sensor      0x800'06a1   0x14  Code  Gb  user_app_sensor.o [1]
Handle_int32_To_Float_Scale
                         0x800'2d65  0x1ac  Code  Gb  user_convert_variable.o [1]
HardFault_Handler        0x800'f2ff    0x2  Code  Gb  stm32l4xx_it.o [1]
IndexUartError          0x2000'2668    0x1  Data  Lc  user_uart.o [1]
Init_AppRs485            0x800'95bd   0x16  Code  Gb  user_app_rs485.o [1]
Init_AppSensor           0x800'2199   0x6a  Code  Gb  user_app_sensor.o [1]
Init_Chlorine_Calib      0x800'0b95   0xb6  Code  Gb  user_app_sensor.o [1]
Init_Chlorine_PointCalib_1
                         0x800'0d9d  0x114  Code  Gb  user_app_sensor.o [1]
Init_Const_Temp_Compensation_Chlorine
                         0x800'0a85   0x3e  Code  Gb  user_app_sensor.o [1]
Init_InforSlaveModbusRTU
                         0x800'4c77   0x30  Code  Gb  user_app_modbus_rtu.o [1]
Init_ParamCalib          0x800'16e5   0x96  Code  Gb  user_app_sensor.o [1]
Init_Parameter_Sensor    0x800'17a5    0xe  Code  Gb  user_app_sensor.o [1]
Init_UartRs485           0x800'957f   0x3e  Code  Gb  user_app_rs485.o [1]
Insert_String_To_String
                         0x800'2a15   0x2a  Code  Gb  user_convert_variable.o [1]
LPUART1_IRQHandler       0x800'f359    0xa  Code  Gb  stm32l4xx_it.o [1]
Liberation_Sans15x21_Numbers
                         0x800'ecc0  0x228  Data  Lc  lcd_display.o [1]
Liberation_Sans17x17_Alpha
                         0x800'e2f0  0x548  Data  Lc  lcd_display.o [1]
MSIRangeTable            0x800'f544   0x30  Data  Gb  system_stm32l4xx.o [1]
MX_DMA_Init              0x800'8d41   0x60  Code  Gb  dma.o [1]
MX_GPIO_Init             0x800'8b71  0x1d0  Code  Gb  gpio.o [1]
MX_IWDG_Init             0x800'8da1   0x2c  Code  Gb  iwdg.o [1]
MX_LPUART1_UART_Init     0x800'59ad   0x38  Code  Gb  usart.o [1]
MX_RTC_Init              0x800'8dcd   0xf4  Code  Gb  rtc.o [1]
MX_SPI2_Init             0x800'8f1d   0x50  Code  Gb  spi.o [1]
MX_USART1_UART_Init      0x800'59e5   0x3c  Code  Gb  usart.o [1]
MX_USART3_UART_Init      0x800'5a21   0x3c  Code  Gb  usart.o [1]
Main_Task                0x800'7e71   0x5a  Code  Gb  user_app_comm.o [1]
MemManage_Handler        0x800'f301    0x2  Code  Gb  stm32l4xx_it.o [1]
ModRTU_CRC               0x800'23ff   0x3c  Code  Gb  user_modbus_rtu.o [1]
ModRTU_Master_Read_Frame
                         0x800'243b   0x9c  Code  Gb  user_modbus_rtu.o [1]
ModRTU_Master_Write_Frame
                         0x800'24d7   0xe8  Code  Gb  user_modbus_rtu.o [1]
ModRTU_Slave_ACK_Read_Frame
                         0x800'25bf   0xa2  Code  Gb  user_modbus_rtu.o [1]
ModRTU_Slave_ACK_Write_Frame
                         0x800'2661   0xee  Code  Gb  user_modbus_rtu.o [1]
Modem_Check_AT           0x800'92f5  0x1dc  Code  Gb  user_at_serial.o [1]
Modem_Check_RTU          0x800'4ca7  0x37e  Code  Gb  user_app_modbus_rtu.o [1]
NMI_Handler              0x800'f2fd    0x2  Code  Gb  stm32l4xx_it.o [1]
NONE_Register_CallBack   0x800'48e1    0x6  Code  Gb  user_app_modbus_rtu.o [1]
NVIC_EncodePriority      0x800'6fc3   0x40  Code  Lc  stm32l4xx_hal_cortex.o [1]
OldPosDMADebug          0x2000'2650    0x2  Data  Lc  user_app_comm.o [1]
Old_Value_f             0x2000'2608    0x4  Data  Gb  button.o [1]
Old_Value_i16           0x2000'264c    0x2  Data  Gb  button.o [1]
OnchipFlashPageErase     0x800'2ff1   0x5a  Code  Gb  onchipflash.o [1]
OnchipFlashWriteData     0x800'2f65   0x8c  Code  Gb  onchipflash.o [1]
PendSV_Handler           0x800'f30b    0x2  Code  Gb  stm32l4xx_it.o [1]
PortConfig              0x2000'2662    0x1  Data  Gb  user_at_serial.o [1]
RC                       0x800'c2f7   0x22  Code  Gb  user_string.o [1]
RCCEx_PLLSAI1_Config     0x800'7be1  0x16e  Code  Lc  stm32l4xx_hal_rcc_ex.o [1]
RCC_SetFlashLatencyFromMSIRange
                         0x800'6c3d   0x8a  Code  Lc  stm32l4xx_hal_rcc.o [1]
RS485SS_Init_RX_Mode     0x800'5101   0x1e  Code  Gb  user_connect_sensor.o [1]
RS485SS_Rx_Callback      0x800'5121   0x34  Code  Gb  user_connect_sensor.o [1]
RS485SS_Stop_RX_Mode     0x800'511f    0x2  Code  Gb  user_connect_sensor.o [1]
RS485_Done_Calib         0x800'1545   0x16  Code  Gb  user_app_sensor.o [1]
RS485_Init_RX_Mode       0x800'825d   0x1e  Code  Gb  user_rs485.o [1]
RS485_Rx_Callback        0x800'827d   0x3c  Code  Gb  user_rs485.o [1]
RS485_Stop_RX_Mode       0x800'827b    0x2  Code  Gb  user_rs485.o [1]
RTC_AlarmStructure      0x2000'2448   0x2c  Data  Lc  user_rtc.o [1]
RTC_Alarm_IRQHandler     0x800'f345    0xa  Code  Gb  stm32l4xx_it.o [1]
RTC_Bcd2ToByte           0x800'bc85   0x16  Code  Gb  stm32l4xx_hal_rtc.o [1]
RTC_ByteToBcd2           0x800'bc69   0x1c  Code  Gb  stm32l4xx_hal_rtc.o [1]
RTC_EnterInitMode        0x800'bb9f   0x4c  Code  Gb  stm32l4xx_hal_rtc.o [1]
RTC_ExitInitMode         0x800'bbeb   0x58  Code  Gb  stm32l4xx_hal_rtc.o [1]
RTC_GetCalendarValue     0x800'e0cf   0x90  Code  Lc  user_rtc.o [1]
RTC_IF_Convert_Tick2ms   0x800'deed   0x10  Code  Gb  user_rtc.o [1]
RTC_IF_Convert_ms2Tick   0x800'dedb   0x12  Code  Gb  user_rtc.o [1]
RTC_IF_GetMinimumTimeout
                         0x800'ded7    0x4  Code  Gb  user_rtc.o [1]
RTC_IF_GetTimerContext   0x800'de9b    0x8  Code  Gb  user_rtc.o [1]
RTC_IF_GetTimerElapsedTime
                         0x800'dea3   0x16  Code  Gb  user_rtc.o [1]
RTC_IF_GetTimerValue     0x800'deb9   0x1e  Code  Gb  user_rtc.o [1]
RTC_IF_Init              0x800'de25   0x30  Code  Gb  user_rtc.o [1]
RTC_IF_SetTimerContext   0x800'de85   0x16  Code  Gb  user_rtc.o [1]
RTC_IF_StartTimer        0x800'de55    0xe  Code  Gb  user_rtc.o [1]
RTC_IF_StopTimer         0x800'de63   0x22  Code  Gb  user_rtc.o [1]
RTC_Initalized          0x2000'2667    0x1  Data  Lc  user_rtc.o [1]
RTC_StartWakeUpAlarm     0x800'df09  0x1c6  Code  Lc  user_rtc.o [1]
ReInit_Rx_Mode_Uart_Error
                         0x800'621d   0x5a  Code  Gb  user_uart.o [1]
Read_Register_Rs485      0x800'1569   0x66  Code  Gb  user_app_sensor.o [1]
Region$$Table$$Base      0x800'f63c          --   Gb  - Linker created -
Region$$Table$$Limit     0x800'f65c          --   Gb  - Linker created -
Reset_Buff               0x800'6d95   0x24  Code  Gb  user_util.o [1]
Rs485SSStatus_u8        0x2000'2664    0x1  Data  Gb  user_connect_sensor.o [1]
Rs485Status_u8          0x2000'2666    0x1  Data  Gb  user_rs485.o [1]
RtCountSystick_u32      0x2000'263c    0x4  Data  Gb  user_util.o [1]
RtcTimerContext         0x2000'2554   0x1c  Data  Lc  user_rtc.o [1]
SPI_EndRxTxTransaction   0x800'c15d   0x6a  Code  Lc  stm32l4xx_hal_spi.o [1]
SPI_WaitFifoStateUntilTimeout
                         0x800'c06b   0xee  Code  Lc  stm32l4xx_hal_spi.o [1]
SPI_WaitFlagStateUntilTimeout
                         0x800'bf93   0xd8  Code  Lc  stm32l4xx_hal_spi.o [1]
SVC_Handler              0x800'f307    0x2  Code  Gb  stm32l4xx_it.o [1]
Save_Array               0x800'3051   0x86  Code  Gb  onchipflash.o [1]
Save_Chlorine_Calib      0x800'0ac3   0xce  Code  Gb  user_app_sensor.o [1]
Save_Chlorine_PointCalib
                         0x800'0c4b  0x13c  Code  Gb  user_app_sensor.o [1]
Save_Const_Temp_Compensation_Chlorine
                         0x800'0a41   0x44  Code  Gb  user_app_sensor.o [1]
Save_InforSlaveModbusRTU
                         0x800'4c33   0x44  Code  Gb  user_app_modbus_rtu.o [1]
Save_ParamCalib          0x800'161d   0xba  Code  Gb  user_app_sensor.o [1]
Send_RS458_Master        0x800'4bfb   0x38  Code  Gb  user_app_modbus_rtu.o [1]
Send_RS458_Sensor        0x800'15cf   0x3c  Code  Gb  user_app_sensor.o [1]
SysApp_Init              0x800'7e25    0xc  Code  Gb  user_app_comm.o [1]
SysApp_Setting           0x800'7e31   0x40  Code  Gb  user_app_comm.o [1]
SysTick_Config           0x800'7003   0x30  Code  Lc  stm32l4xx_hal_cortex.o [1]
SysTick_Handler          0x800'f30d   0x10  Code  Gb  stm32l4xx_it.o [1]
SystemClock_Config       0x800'77d5   0x92  Code  Gb  main.o [1]
SystemCoreClock         0x2000'0374    0x4  Data  Gb  system_stm32l4xx.o [1]
SystemInit               0x800'fb31    0xc  Code  Gb  system_stm32l4xx.o [1]
TRACE_AllocateBufer      0x800'842d   0xa2  Code  Lc  user_adv_trace.o [1]
TRACE_IsLocked           0x800'84e3   0x10  Code  Lc  user_adv_trace.o [1]
TRACE_Lock               0x800'84cf    0xa  Code  Lc  user_adv_trace.o [1]
TRACE_Send               0x800'83a7   0x84  Code  Lc  user_adv_trace.o [1]
TRACE_UnLock             0x800'84d9    0xa  Code  Lc  user_adv_trace.o [1]
TimerExists              0x800'925d   0x1a  Code  Gb  user_timer.o [1]
TimerInsertNewHeadTimer
                         0x800'92d1   0x1c  Code  Gb  user_timer.o [1]
TimerInsertTimer         0x800'92a3   0x2e  Code  Gb  user_timer.o [1]
TimerListHead           0x2000'2638    0x4  Data  Lc  user_timer.o [1]
TimerSetTimeout          0x800'9277   0x2c  Code  Gb  user_timer.o [1]
TimerTx                 0x2000'25a0   0x18  Data  Lc  user_app_comm.o [1]
TxCpltCallback          0x2000'2620    0x4  Data  Lc  user_app_comm.o [1]
UART_AdvFeatureConfig    0x800'4115   0xda  Code  Gb  stm32l4xx_hal_uart.o [1]
UART_CheckIdleState      0x800'41ef   0xd2  Code  Gb  stm32l4xx_hal_uart.o [1]
UART_DMAAbortOnError     0x800'46a1   0x1a  Code  Lc  stm32l4xx_hal_uart.o [1]
UART_DMAError            0x800'4651   0x50  Code  Lc  stm32l4xx_hal_uart.o [1]
UART_DMAReceiveCplt      0x800'4585   0xa2  Code  Lc  stm32l4xx_hal_uart.o [1]
UART_DMARxHalfCplt       0x800'4629   0x28  Code  Lc  stm32l4xx_hal_uart.o [1]
UART_EndRxTransfer       0x800'4527   0x5e  Code  Lc  stm32l4xx_hal_uart.o [1]
UART_EndTransmit_IT      0x800'46bb   0x2a  Code  Lc  stm32l4xx_hal_uart.o [1]
UART_EndTxTransfer       0x800'450b   0x1c  Code  Lc  stm32l4xx_hal_uart.o [1]
UART_RxISR_16BIT         0x800'47d9   0xee  Code  Lc  stm32l4xx_hal_uart.o [1]
UART_RxISR_8BIT          0x800'46e5   0xec  Code  Lc  stm32l4xx_hal_uart.o [1]
UART_SetConfig           0x800'3e1d  0x2ec  Code  Gb  stm32l4xx_hal_uart.o [1]
UART_Start_Receive_DMA   0x800'444f   0xbc  Code  Gb  stm32l4xx_hal_uart.o [1]
UART_Start_Receive_IT    0x800'435f   0xf0  Code  Gb  stm32l4xx_hal_uart.o [1]
UART_WaitOnFlagUntilTimeout
                         0x800'42c1   0x9e  Code  Gb  stm32l4xx_hal_uart.o [1]
USART1_IRQHandler        0x800'f331    0xa  Code  Gb  stm32l4xx_it.o [1]
USART3_IRQHandler        0x800'f33b    0xa  Code  Gb  stm32l4xx_it.o [1]
UTIL_ADV_TRACE_COND_FSend
                         0x800'82cd   0xda  Code  Gb  user_adv_trace.o [1]
UTIL_Log_Str             0x800'6e19   0x36  Code  Gb  user_util.o [1]
UTIL_MEM_cpy             0x800'6e55   0x1e  Code  Gb  user_util.o [1]
UTIL_MEM_set             0x800'6db9   0x18  Code  Gb  user_util.o [1]
UTIL_Printf              0x800'6dd1   0x2c  Code  Gb  user_util.o [1]
UTIL_Printf_Str          0x800'6dfd   0x1c  Code  Gb  user_util.o [1]
UTIL_TIMER_Create        0x800'8ff9   0x4c  Code  Gb  user_timer.o [1]
UTIL_TIMER_IRQ_Handler   0x800'91ab   0xb2  Code  Gb  user_timer.o [1]
UTIL_TIMER_Init          0x800'8fe5   0x14  Code  Gb  user_timer.o [1]
UTIL_TIMER_SetPeriod     0x800'9171   0x3a  Code  Gb  user_timer.o [1]
UTIL_TIMER_Start         0x800'9045   0x92  Code  Gb  user_timer.o [1]
UTIL_TIMER_Stop          0x800'90d7   0x9a  Code  Gb  user_timer.o [1]
UTIL_TimerDriver         0x800'f574   0x2c  Data  Gb  user_rtc.o [1]
UTIL_TraceDriver         0x800'fb88    0xc  Data  Gb  user_app_comm.o [1]
Uart485RxByte           0x2000'2665    0x1  Data  Lc  user_rs485.o [1]
Uart485SSRxByte         0x2000'2663    0x1  Data  Lc  user_connect_sensor.o [1]
UartDebugBuff           0x2000'0a48  0x4b0  Data  Gb  user_app_comm.o [1]
UartDebugCountFail      0x2000'2658    0x2  Data  Lc  user_uart.o [1]
Update_ParaDisplay       0x800'99b1   0x82  Code  Gb  lcd_display.o [1]
UsageFault_Handler       0x800'f305    0x2  Code  Gb  stm32l4xx_it.o [1]
User_RTC_Init            0x800'dded   0x38  Code  Lc  user_rtc.o [1]
UtilFloatToString        0x800'6ed1   0x2e  Code  Gb  user_util.o [1]
UtilIntToStringWithScale
                         0x800'6d35   0x60  Code  Gb  user_util.o [1]
VLevelDebug             0x2000'0a44    0x1  Data  Gb  user_util.o [1]
_Cb_Display_Auto_SW      0x800'98e5   0x7e  Code  Lc  lcd_display.o [1]
_Cb_Display_Auto_SW::MarkButtPressed
                        0x2000'265d    0x1  Data  Lc  lcd_display.o [1]
_Cb_Display_Auto_SW::cNext
                        0x2000'264e    0x2  Data  Lc  lcd_display.o [1]
_Cb_Display_Init         0x800'977f   0x42  Code  Lc  lcd_display.o [1]
_Cb_Display_Logo         0x800'97c1   0xa8  Code  Lc  lcd_display.o [1]
_Cb_Display_Logo::step_u8
                        0x2000'265b    0x1  Data  Lc  lcd_display.o [1]
_Cb_Display_Show         0x800'9869   0x7c  Code  Lc  lcd_display.o [1]
_Cb_Display_Show::LandMarkChange_u32
                        0x2000'2618    0x4  Data  Lc  lcd_display.o [1]
_Cb_Display_Show::ScreenLast
                        0x2000'265c    0x1  Data  Lc  lcd_display.o [1]
_Cb_HandLer_IDLE         0x800'7e13    0x6  Code  Lc  user_app_comm.o [1]
_Cb_R_ModbusRTU_REG_Baudrate
                         0x800'498d   0x2e  Code  Gb  user_app_modbus_rtu.o [1]
_Cb_R_ModbusRTU_REG_Clo_Measure
                         0x800'4a29   0x5a  Code  Gb  user_app_modbus_rtu.o [1]
_Cb_R_ModbusRTU_REG_ID   0x800'48e7   0x2e  Code  Gb  user_app_modbus_rtu.o [1]
_Cb_R_ModbusRTU_REG_Temp_Measure
                         0x800'4a83   0x5a  Code  Gb  user_app_modbus_rtu.o [1]
_Cb_R_ModbusRTU_REG_pH_Compensation
                         0x800'4add   0x5a  Code  Gb  user_app_modbus_rtu.o [1]
_Cb_Save_Box             0x800'7e1f    0x6  Code  Lc  user_app_comm.o [1]
_Cb_Set_RTC              0x800'7df7   0x1c  Code  Lc  user_app_comm.o [1]
_Cb_TX_Timer_Event       0x800'7f99   0x1a  Code  Lc  user_app_comm.o [1]
_Cb_Timer_IRQ            0x800'7d69    0xc  Code  Lc  user_app_comm.o [1]
_Cb_Tx_Timer             0x800'7e19    0x6  Code  Lc  user_app_comm.o [1]
_Cb_Uart_Error           0x800'7deb    0xc  Code  Lc  user_app_comm.o [1]
_Cb_Uart_Rx_Debug        0x800'7d75   0x76  Code  Lc  user_app_comm.o [1]
_Cb_Uart_Rx_Debug::LastLengthRecv
                        0x2000'2652    0x2  Data  Lc  user_app_comm.o [1]
_Cb_Uart_Rx_Debug::MarkFirstRecvUart
                        0x2000'265e    0x1  Data  Lc  user_app_comm.o [1]
_Cb_W_ModbusRTU_REG_Baudrate
                         0x800'49bb   0x6e  Code  Gb  user_app_modbus_rtu.o [1]
_Cb_W_ModbusRTU_REG_ID   0x800'4915   0x78  Code  Gb  user_app_modbus_rtu.o [1]
_Cb_W_ModbusRTU_REG_pH_Compensation
                         0x800'4b37   0xc4  Code  Gb  user_app_modbus_rtu.o [1]
_Cb_button_detect        0x800'9997   0x18  Code  Lc  lcd_display.o [1]
_Cb_button_scan          0x800'9963   0x34  Code  Lc  lcd_display.o [1]
_LitobFullNoMb           0x800'b191  0x10a  Code  Lc  xprintffull_nomb.o [2]
_Locale_lconv           0x2000'0a08   0x38  Data  Lc  xlocale_c.o [2]
_PrintfFullNoMb          0x800'a3d1  0xd9c  Code  Gb  xprintffull_nomb.o [2]
_PutcharFullNoMb         0x800'b301   0x20  Code  Lc  xprintffull_nomb.o [2]
_PutcharsFullNoMb        0x800'b321   0x2e  Code  Lc  xprintffull_nomb.o [2]
_SProut                  0x800'30d7    0xa  Code  Gb  xsprout.o [2]
__NVIC_DisableIRQ        0x800'6f71   0x26  Code  Lc  stm32l4xx_hal_cortex.o [1]
__NVIC_EnableIRQ         0x800'6f51   0x20  Code  Lc  stm32l4xx_hal_cortex.o [1]
__NVIC_GetPriorityGrouping
                         0x800'6f43    0xc  Code  Lc  stm32l4xx_hal_cortex.o [1]
__NVIC_SetPriority       0x800'6f97   0x2c  Code  Lc  stm32l4xx_hal_cortex.o [1]
__NVIC_SetPriorityGrouping
                         0x800'6f21   0x22  Code  Lc  stm32l4xx_hal_cortex.o [1]
__aeabi_cdcmpeq          0x800'8675         Code  Gb  DblCmpEq.o [3]
__aeabi_cdcmple          0x800'8705         Code  Gb  DblCmpLe.o [3]
__aeabi_cdrcmple         0x800'8735         Code  Gb  DblCmpGe.o [3]
__aeabi_d2f              0x800'3455         Code  Gb  DblToFlt.o [3]
__aeabi_d2iz             0x800'5719         Code  Gb  DblToS32.o [3]
__aeabi_d2uiz            0x800'ddbd         Code  Gb  DblToU32.o [3]
__aeabi_dadd             0x800'559d         Code  Gb  DblAdd.o [3]
__aeabi_ddiv             0x800'320d         Code  Gb  DblDiv.o [3]
__aeabi_dmul             0x800'53f9         Code  Gb  DblMul.o [3]
__aeabi_dsub             0x800'3129         Code  Gb  DblSub.o [3]
__aeabi_f2d              0x800'30e1         Code  Gb  FltToDbl.o [3]
__aeabi_i2d              0x800'53bd         Code  Gb  S32ToDbl.o [3]
__aeabi_ldiv0            0x800'70b5         Code  Gb  I64DivZer.o [4]
__aeabi_memcpy           0x800'5059         Code  Gb  ABImemcpy.o [4]
__aeabi_memcpy4          0x800'5079         Code  Gb  ABImemcpy.o [4]
__aeabi_memcpy8          0x800'5079         Code  Gb  ABImemcpy.o [4]
__aeabi_memset           0x800'2345         Code  Gb  ABImemset.o [4]
__aeabi_ui2d             0x800'53a1         Code  Gb  U32ToDbl.o [3]
__aeabi_uldivmod         0x800'5171         Code  Gb  I64DivMod.o [4]
__cmain                  0x800'f69d         Code  Gb  cmain.o [4]
__exit                   0x800'e2dd   0x14  Code  Gb  exit.o [5]
__iar_Exp64              0x800'8765  0x388  Code  Gb  iar_Exp64.o [3]
__iar_Fail_s             0x800'dd25   0x1c  Code  Gb  xfail_s.o [2]
__iar_Memchr             0x800'dd65         Code  Gb  memchr.o [4]
__iar_Memset             0x800'2345         Code  Gb  ABImemset.o [4]
__iar_Memset_word        0x800'234d         Code  Gb  ABImemset.o [4]
__iar_Strchr             0x800'dd0d         Code  Gb  strchr.o [4]
__iar_dadd               0x800'3139         Code  Gb  DblSub.o [3]
__iar_data_init3         0x800'f5f1   0x28  Code  Gb  data_init.o [4]
__iar_dsub               0x800'55ad         Code  Gb  DblAdd.o [3]
__iar_dsubStart          0x800'55bf         Code  Gb  DblAdd.o [3]
__iar_frexp              0x800'86a1         Code  Gb  frexp.o [3]
__iar_frexpl             0x800'86a1         Code  Gb  frexp.o [3]
__iar_init_vfp           0x800'f619         Code  Gb  fpinit_M.o [3]
__iar_ldexp64            0x800'b399         Code  Gb  ldexp.o [3]
__iar_lz77_init_single3
                         0x800'f39d   0x78  Code  Gb  lz77_init_single.o [4]
__iar_pow64              0x800'70b9  0x6ec  Code  Gb  pow64.o [3]
__iar_pow_medium         0x800'70b9  0x6ec  Code  Gb  pow64.o [3]
__iar_pow_medium64       0x800'70b9  0x6ec  Code  Gb  pow64.o [3]
__iar_pow_mediuml        0x800'70b9  0x6ec  Code  Gb  pow64.o [3]
__iar_program_start      0x800'fd15         Code  Gb  cstartup_M.o [4]
__iar_scalbln64          0x800'b399         Code  Gb  ldexp.o [3]
__iar_scalbn64           0x800'b399         Code  Gb  ldexp.o [3]
__iar_softfp___iar_frexp64
                         0x800'8695         Code  Gb  frexp.o [3]
__iar_softfp_frexp       0x800'8695         Code  Gb  frexp.o [3]
__iar_softfp_frexpl      0x800'8695         Code  Gb  frexp.o [3]
__iar_vfp_pow            0x800'53e7   0x10  Code  Gb  math_wrappers64.o [3]
__iar_zero_init3         0x800'27cf   0x3a  Code  Gb  zero_init3.o [4]
__low_level_init         0x800'f6bb    0x4  Code  Gb  low_level_init.o [2]
__vector_table           0x800'0000         Data  Gb  startup_stm32l433xx.o [1]
_call_main               0x800'f6a9         Code  Gb  cmain.o [4]
_exit                    0x800'f6c5         Code  Gb  cexit.o [4]
_main                    0x800'f6b7         Code  Gb  cmain.o [4]
aAT_CMD                 0x2000'21d4   0x80  Data  Lc  user_at_serial.o [1]
aBaudrate_value         0x2000'0470   0x2c  Data  Gb  user_app_modbus_rtu.o [1]
aDATA_CALIB             0x2000'2624    0x4  Data  Gb  user_app_sensor.o [1]
aDATA_CONFIG            0x2000'1fd4   0x80  Data  Lc  user_app_modbus_rtu.o [1]
aDATA_CONFIG            0x2000'2154   0x80  Data  Lc  user_at_serial.o [1]
aDATA_LOG_REGISTER      0x2000'2054   0x80  Data  Lc  user_app_modbus_rtu.o [1]
aPASSWORD               0x2000'0074    0x4  Data  Gb  lcd_display.o [1]
aSTT_SETTING_DONE       0x2000'00a8   0x10  Data  Gb  lcd_display.o [1]
aSTT_SETTING_ENTER      0x2000'0088   0x10  Data  Gb  lcd_display.o [1]
aSTT_SETTING_ERROR      0x2000'00b8   0x10  Data  Gb  lcd_display.o [1]
aSTT_SETTING_FREE       0x2000'0078   0x10  Data  Gb  lcd_display.o [1]
aSTT_SETTING_WAIT       0x2000'0098   0x10  Data  Gb  lcd_display.o [1]
aSampling_STT           0x2000'2474   0x28  Data  Gb  user_app_sensor.o [1]
aSampling_VALUE         0x2000'249c   0x28  Data  Gb  user_app_sensor.o [1]
aTEST                   0x2000'0000    0xc  Data  Lc  button.o [1]
aUART_485SS_DATA        0x2000'18f8  0x200  Data  Lc  user_connect_sensor.o [1]
aUART_485_DATA          0x2000'1af8  0x200  Data  Lc  user_rs485.o [1]
aUART_DBG_DMA_RX        0x2000'22b8   0x64  Data  Lc  user_app_comm.o [1]
abort                    0x800'e28d    0x6  Code  Gb  abort.o [2]
aframe                  0x2000'20d4   0x80  Data  Gb  user_app_modbus_rtu.o [1]
bmp_SV_logo_12832        0x800'f0fc  0x200  Data  Gb  unit_tests.o [1]
charNotDetectPress      0x2000'0a42    0x1  Data  Lc  lcd_display.o [1]
delay_ms                 0x800'c441    0xc  Code  Gb  STM32L4.o [1]
ee_number                0x800'a0a9  0x146  Code  Lc  user_tiny_vsnprintf.o [1]
ee_skip_atoi             0x800'a081   0x28  Code  Lc  user_tiny_vsnprintf.o [1]
exit                     0x800'f6bf    0x4  Code  Gb  exit.o [2]
fevent_active            0x800'23ab   0x1e  Code  Gb  event_driven.o [1]
fevent_detect_ph_recv    0x800'031f   0x1c  Code  Lc  user_app_sensor.o [1]
fevent_disable           0x800'23ed   0x12  Code  Gb  event_driven.o [1]
fevent_enable            0x800'23c9   0x24  Code  Gb  event_driven.o [1]
fevent_refresh_iwdg      0x800'034f   0x1c  Code  Lc  user_app_sensor.o [1]
fevent_rs485_entry       0x800'9529    0x6  Code  Lc  user_app_rs485.o [1]
fevent_rs485_init_uart   0x800'952f   0x2e  Code  Lc  user_app_rs485.o [1]
fevent_rs485_init_uart::stamp
                        0x2000'265f    0x1  Data  Lc  user_app_rs485.o [1]
fevent_rs485_receive_complete
                         0x800'955d   0x1c  Code  Lc  user_app_rs485.o [1]
fevent_rs485_refresh     0x800'9579    0x6  Code  Lc  user_app_rs485.o [1]
fevent_sensor_entry      0x800'018d    0x6  Code  Lc  user_app_sensor.o [1]
fevent_sensor_receive_complete
                         0x800'0255   0xb6  Code  Lc  user_app_sensor.o [1]
fevent_sensor_receive_handle
                         0x800'0215   0x40  Code  Lc  user_app_sensor.o [1]
fevent_sensor_transmit   0x800'0193   0x82  Code  Lc  user_app_sensor.o [1]
fevent_sensor_wait_calib
                         0x800'030b   0x14  Code  Lc  user_app_sensor.o [1]
fevent_temp_alarm        0x800'033b   0x14  Code  Lc  user_app_sensor.o [1]
font_current            0x2000'25d8    0xc  Data  Gb  text.o [1]
glcd_ST7565R_init        0x800'c659   0x34  Code  Gb  ST7565R.o [1]
glcd_bbox               0x2000'260c    0x4  Data  Gb  glcd.o [1]
glcd_bbox_refresh        0x800'c4e1   0x1c  Code  Gb  glcd.o [1]
glcd_bbox_selected      0x2000'2614    0x4  Data  Gb  glcd.o [1]
glcd_buffer             0x2000'0ef8  0x400  Data  Gb  glcd.o [1]
glcd_buffer_selected    0x2000'2610    0x4  Data  Gb  glcd.o [1]
glcd_clear_buffer        0x800'c4fd   0x24  Code  Gb  glcd.o [1]
glcd_command             0x800'c535   0x1a  Code  Gb  ST7565R.o [1]
glcd_data                0x800'c54f   0x1a  Code  Gb  ST7565R.o [1]
glcd_draw_bitmap         0x800'e265   0x1e  Code  Gb  graphics.o [1]
glcd_draw_char_xy        0x800'd997  0x33a  Code  Gb  text.o [1]
glcd_draw_string_xy      0x800'dcd1   0x38  Code  Gb  text.o [1]
glcd_enable_backlight    0x800'c3d1    0x2  Code  Gb  STM32L4.o [1]
glcd_init                0x800'c3ad   0x24  Code  Gb  STM32L4.o [1]
glcd_reset               0x800'c3fd   0x34  Code  Gb  STM32L4.o [1]
glcd_reset_bbox          0x800'c4c5   0x1c  Code  Gb  glcd.o [1]
glcd_select_screen       0x800'c521    0xa  Code  Gb  glcd.o [1]
glcd_set_column_lower    0x800'c5cd    0xe  Code  Gb  ST7565R.o [1]
glcd_set_column_upper    0x800'c5b7   0x16  Code  Gb  ST7565R.o [1]
glcd_set_contrast        0x800'c569   0x24  Code  Gb  ST7565R.o [1]
glcd_set_font            0x800'd97d   0x1a  Code  Gb  text.o [1]
glcd_set_pixel           0x800'e199   0xcc  Code  Gb  graphics.o [1]
glcd_set_x_address       0x800'c5a1   0x16  Code  Gb  ST7565R.o [1]
glcd_set_y_address       0x800'c58d   0x14  Code  Gb  ST7565R.o [1]
glcd_spi_write           0x800'c3d3   0x2a  Code  Gb  STM32L4.o [1]
glcd_test_bitmap_128x64
                         0x800'c91d    0xe  Code  Gb  unit_tests.o [1]
glcd_tiny_draw_char      0x800'c6a7  0x21a  Code  Gb  text_tiny.o [1]
glcd_tiny_draw_string    0x800'c8c1   0x54  Code  Gb  text_tiny.o [1]
glcd_tiny_set_font       0x800'c68d   0x1a  Code  Gb  text_tiny.o [1]
glcd_update_bbox         0x800'c44d   0x78  Code  Gb  glcd.o [1]
glcd_write               0x800'c5db   0x70  Code  Gb  ST7565R.o [1]
hdma_lpuart_rx          0x2000'2370   0x48  Data  Gb  usart.o [1]
hdma_usart1_rx          0x2000'23b8   0x48  Data  Gb  usart.o [1]
hdma_usart3_rx          0x2000'2400   0x48  Data  Gb  usart.o [1]
hiwdg                   0x2000'25b8   0x10  Data  Gb  iwdg.o [1]
hlpuart1                0x2000'1e3c   0x88  Data  Gb  usart.o [1]
hrtc                    0x2000'24ec   0x24  Data  Gb  rtc.o [1]
hspi2                   0x2000'2254   0x64  Data  Gb  spi.o [1]
huart1                  0x2000'1ec4   0x88  Data  Gb  usart.o [1]
huart3                  0x2000'1f4c   0x88  Data  Gb  usart.o [1]
ldexp                    0x800'b399         Code  Gb  ldexp.o [3]
ldexpl                   0x800'b399         Code  Gb  ldexp.o [3]
lnbias                   0x800'e8a0  0x420  Data  Lc  pow64.o [3]
localeconv               0x800'dde5    0x4  Code  Gb  xlocale_c.o [2]
lower_digits            0x2000'0a00    0x4  Data  Lc  user_tiny_vsnprintf.o [1]
main                     0x800'77a5   0x30  Code  Gb  main.o [1]
memchr                   0x800'dd65         Code  Gb  memchr.o [4]
memset                   0x800'786b   0x14  Code  Gb  memset.o [4]
pFlash                  0x2000'0354   0x20  Data  Gb  stm32l4xx_hal_flash.o [1]
pFunc_UTIL_Debug_Send   0x2000'2644    0x4  Data  Gb  user_util.o [1]
pFunc_UTIL_Log_To_Mem   0x2000'2640    0x4  Data  Gb  user_util.o [1]
pModemProcessIRQTimer   0x2000'2634    0x4  Data  Gb  user_rtc.o [1]
pow                      0x800'70b9  0x6ec  Code  Gb  pow64.o [3]
powl                     0x800'70b9  0x6ec  Code  Gb  pow64.o [3]
quickSort_Sampling       0x800'0435   0x9a  Code  Gb  user_app_sensor.o [1]
quickSort_Sampling_Value
                         0x800'04d1   0xd4  Code  Gb  user_app_sensor.o [1]
quickSort_Sampling_Value::Handle_Once
                        0x2000'2661    0x1  Data  Lc  user_app_sensor.o [1]
sButton                 0x2000'2570   0x18  Data  Gb  button.o [1]
sCheckList_Reg_Modbus_RTU
                        0x2000'03f8   0x78  Data  Gb  user_app_modbus_rtu.o [1]
sConvertChlorine        0x2000'24c4   0x28  Data  Gb  user_app_sensor.o [1]
sData_Calib             0x2000'0564    0x8  Data  Gb  user_app_sensor.o [1]
sEventAppComm           0x2000'0378   0x70  Data  Gb  user_app_comm.o [1]
sEventAppRs485          0x2000'04a4   0x40  Data  Gb  user_app_rs485.o [1]
sEventAppSensor         0x2000'04e4   0x80  Data  Gb  user_app_sensor.o [1]
sEventDisplay           0x2000'000c   0x60  Data  Gb  lcd_display.o [1]
sFirmVersion            0x2000'03e8    0x8  Data  Gb  user_app_comm.o [1]
sHandleRs485            0x2000'25fc    0x8  Data  Gb  user_app_sensor.o [1]
sKindMode485            0x2000'2656    0x2  Data  Gb  user_app_sensor.o [1]
sLCD                    0x2000'25c8   0x10  Data  Gb  lcd_display.o [1]
sLCDObject              0x2000'00c8  0x288  Data  Gb  lcd_display.o [1]
sLogData_ModbusRTU      0x2000'049c    0x8  Data  Gb  user_app_modbus_rtu.o [1]
sModelVersion           0x2000'006c    0x8  Data  Gb  lcd_display.o [1]
sParaDisplay            0x2000'2534   0x20  Data  Gb  lcd_display.o [1]
sRTC                    0x2000'25f0    0xc  Data  Gb  user_util.o [1]
sSensor_Clo             0x2000'2510   0x24  Data  Gb  user_app_sensor.o [1]
sSlave_ModbusRTU        0x2000'0a40    0x2  Data  Gb  user_app_modbus_rtu.o [1]
sTempAlarm              0x2000'25e4    0xc  Data  Gb  user_app_sensor.o [1]
sUart485                0x2000'09f8    0x8  Data  Gb  user_rs485.o [1]
sUart485SS              0x2000'09f0    0x8  Data  Gb  user_connect_sensor.o [1]
sUartDebug              0x2000'03f0    0x8  Data  Gb  user_app_comm.o [1]
scalbln                  0x800'b399         Code  Gb  ldexp.o [3]
scalblnl                 0x800'b399         Code  Gb  ldexp.o [3]
scalbn                   0x800'b399         Code  Gb  ldexp.o [3]
scalbnl                  0x800'b399         Code  Gb  ldexp.o [3]
scale                    0x800'b29b   0x46  Code  Lc  xprintffull_nomb.o [2]
sec_hand                0x2000'2648    0x4  Data  Lc  xfail_s.o [2]
spHRecvMaster           0x2000'056c    0x8  Data  Gb  user_app_sensor.o [1]
sprintf                  0x800'8635   0x40  Code  Gb  sprintf.o [2]
strATcmd                0x2000'0578    0x8  Data  Gb  user_at_serial.o [1]
strchr                   0x800'dd0d         Code  Gb  strchr.o [4]
strlen                   0x800'85fd         Code  Gb  strlen.o [4]
sztmp                   0x2000'16f8  0x200  Data  Lc  user_adv_trace.o [1]
tiny_vsnprintf_like      0x800'a1ef  0x1d6  Code  Gb  user_tiny_vsnprintf.o [1]
upper_digits            0x2000'0a04    0x4  Data  Lc  user_tiny_vsnprintf.o [1]
uwTick                  0x2000'261c    0x4  Data  Gb  stm32l4xx_hal.o [1]
uwTickFreq              0x2000'0a43    0x1  Data  Gb  stm32l4xx_hal.o [1]
uwTickPrio              0x2000'0350    0x4  Data  Gb  stm32l4xx_hal.o [1]
vcom_DeInit              0x800'81cd   0x1e  Code  Gb  user_app_comm.o [1]
vcom_Init                0x800'81c3    0xa  Code  Gb  user_app_comm.o [1]
vcom_Trace_DMA           0x800'81eb   0x24  Code  Gb  user_app_comm.o [1]


[1] = D:\Saoviet_Git\Saoviet_EnviroTrack_M_And_S\Project_Slave_LanChang_Clo\Project_Slave_Sensor_EnviroTrack\EWARM\Project_Slave_Sensor_EnviroTrack\Obj
[2] = dl7M_tlf.a
[3] = m7M_tls.a
[4] = rt7M_tl.a
[5] = shb_l.a

  58'777 bytes of readonly  code memory
   7'717 bytes of readonly  data memory
  10'854 bytes of readwrite data memory

Errors: none
Warnings: none
