###############################################################################
#
# IAR ELF Linker V8.40.2.214/W32 for ARM                  21/Nov/2025  15:48:07
# Copyright 2007-2019 IAR Systems AB.
#
#    Output file  =
#        D:\Saoviet_Git\Saoviet_EnviroTrack_M_And_S\Project_Slave_LanChang_Clo\Project_Slave_Sensor_EnviroTrack\EWARM\Project_Slave_Sensor_EnviroTrack\Exe\Project_Slave_Sensor_EnviroTrack.out
#    Map file     =
#        D:\Saoviet_Git\Saoviet_EnviroTrack_M_And_S\Project_Slave_LanChang_Clo\Project_Slave_Sensor_EnviroTrack\EWARM\Project_Slave_Sensor_EnviroTrack\List\Project_Slave_Sensor_EnviroTrack.map
#    Command line =
#        -f C:\Users\PC\AppData\Local\Temp\EW70D3.tmp
#        (D:\Saoviet_Git\Saoviet_EnviroTrack_M_And_S\Project_Slave_LanChang_Clo\Project_Slave_Sensor_EnviroTrack\EWARM\Project_Slave_Sensor_EnviroTrack\Obj\button.o
#        D:\Saoviet_Git\Saoviet_EnviroTrack_M_And_S\Project_Slave_LanChang_Clo\Project_Slave_Sensor_EnviroTrack\EWARM\Project_Slave_Sensor_EnviroTrack\Obj\dma.o
#        D:\Saoviet_Git\Saoviet_EnviroTrack_M_And_S\Project_Slave_LanChang_Clo\Project_Slave_Sensor_EnviroTrack\EWARM\Project_Slave_Sensor_EnviroTrack\Obj\event_driven.o
#        D:\Saoviet_Git\Saoviet_EnviroTrack_M_And_S\Project_Slave_LanChang_Clo\Project_Slave_Sensor_EnviroTrack\EWARM\Project_Slave_Sensor_EnviroTrack\Obj\glcd.o
#        D:\Saoviet_Git\Saoviet_EnviroTrack_M_And_S\Project_Slave_LanChang_Clo\Project_Slave_Sensor_EnviroTrack\EWARM\Project_Slave_Sensor_EnviroTrack\Obj\gpio.o
#        D:\Saoviet_Git\Saoviet_EnviroTrack_M_And_S\Project_Slave_LanChang_Clo\Project_Slave_Sensor_EnviroTrack\EWARM\Project_Slave_Sensor_EnviroTrack\Obj\graphics.o
#        D:\Saoviet_Git\Saoviet_EnviroTrack_M_And_S\Project_Slave_LanChang_Clo\Project_Slave_Sensor_EnviroTrack\EWARM\Project_Slave_Sensor_EnviroTrack\Obj\graphs.o
#        D:\Saoviet_Git\Saoviet_EnviroTrack_M_And_S\Project_Slave_LanChang_Clo\Project_Slave_Sensor_EnviroTrack\EWARM\Project_Slave_Sensor_EnviroTrack\Obj\lcd_display.o
#        D:\Saoviet_Git\Saoviet_EnviroTrack_M_And_S\Project_Slave_LanChang_Clo\Project_Slave_Sensor_EnviroTrack\EWARM\Project_Slave_Sensor_EnviroTrack\Obj\main.o
#        D:\Saoviet_Git\Saoviet_EnviroTrack_M_And_S\Project_Slave_LanChang_Clo\Project_Slave_Sensor_EnviroTrack\EWARM\Project_Slave_Sensor_EnviroTrack\Obj\NT75451.o
#        D:\Saoviet_Git\Saoviet_EnviroTrack_M_And_S\Project_Slave_LanChang_Clo\Project_Slave_Sensor_EnviroTrack\EWARM\Project_Slave_Sensor_EnviroTrack\Obj\onchipflash.o
#        D:\Saoviet_Git\Saoviet_EnviroTrack_M_And_S\Project_Slave_LanChang_Clo\Project_Slave_Sensor_EnviroTrack\EWARM\Project_Slave_Sensor_EnviroTrack\Obj\PCD8544.o
#        D:\Saoviet_Git\Saoviet_EnviroTrack_M_And_S\Project_Slave_LanChang_Clo\Project_Slave_Sensor_EnviroTrack\EWARM\Project_Slave_Sensor_EnviroTrack\Obj\queue_p.o
#        D:\Saoviet_Git\Saoviet_EnviroTrack_M_And_S\Project_Slave_LanChang_Clo\Project_Slave_Sensor_EnviroTrack\EWARM\Project_Slave_Sensor_EnviroTrack\Obj\rtc.o
#        D:\Saoviet_Git\Saoviet_EnviroTrack_M_And_S\Project_Slave_LanChang_Clo\Project_Slave_Sensor_EnviroTrack\EWARM\Project_Slave_Sensor_EnviroTrack\Obj\spi.o
#        D:\Saoviet_Git\Saoviet_EnviroTrack_M_And_S\Project_Slave_LanChang_Clo\Project_Slave_Sensor_EnviroTrack\EWARM\Project_Slave_Sensor_EnviroTrack\Obj\ST7565R.o
#        D:\Saoviet_Git\Saoviet_EnviroTrack_M_And_S\Project_Slave_LanChang_Clo\Project_Slave_Sensor_EnviroTrack\EWARM\Project_Slave_Sensor_EnviroTrack\Obj\startup_stm32l433xx.o
#        D:\Saoviet_Git\Saoviet_EnviroTrack_M_And_S\Project_Slave_LanChang_Clo\Project_Slave_Sensor_EnviroTrack\EWARM\Project_Slave_Sensor_EnviroTrack\Obj\STM32F0xx.o
#        D:\Saoviet_Git\Saoviet_EnviroTrack_M_And_S\Project_Slave_LanChang_Clo\Project_Slave_Sensor_EnviroTrack\EWARM\Project_Slave_Sensor_EnviroTrack\Obj\STM32F10x.o
#        D:\Saoviet_Git\Saoviet_EnviroTrack_M_And_S\Project_Slave_LanChang_Clo\Project_Slave_Sensor_EnviroTrack\EWARM\Project_Slave_Sensor_EnviroTrack\Obj\STM32F4.o
#        D:\Saoviet_Git\Saoviet_EnviroTrack_M_And_S\Project_Slave_LanChang_Clo\Project_Slave_Sensor_EnviroTrack\EWARM\Project_Slave_Sensor_EnviroTrack\Obj\STM32L4.o
#        D:\Saoviet_Git\Saoviet_EnviroTrack_M_And_S\Project_Slave_LanChang_Clo\Project_Slave_Sensor_EnviroTrack\EWARM\Project_Slave_Sensor_EnviroTrack\Obj\stm32l4xx_hal.o
#        D:\Saoviet_Git\Saoviet_EnviroTrack_M_And_S\Project_Slave_LanChang_Clo\Project_Slave_Sensor_EnviroTrack\EWARM\Project_Slave_Sensor_EnviroTrack\Obj\stm32l4xx_hal_cortex.o
#        D:\Saoviet_Git\Saoviet_EnviroTrack_M_And_S\Project_Slave_LanChang_Clo\Project_Slave_Sensor_EnviroTrack\EWARM\Project_Slave_Sensor_EnviroTrack\Obj\stm32l4xx_hal_dma.o
#        D:\Saoviet_Git\Saoviet_EnviroTrack_M_And_S\Project_Slave_LanChang_Clo\Project_Slave_Sensor_EnviroTrack\EWARM\Project_Slave_Sensor_EnviroTrack\Obj\stm32l4xx_hal_dma_ex.o
#        D:\Saoviet_Git\Saoviet_EnviroTrack_M_And_S\Project_Slave_LanChang_Clo\Project_Slave_Sensor_EnviroTrack\EWARM\Project_Slave_Sensor_EnviroTrack\Obj\stm32l4xx_hal_exti.o
#        D:\Saoviet_Git\Saoviet_EnviroTrack_M_And_S\Project_Slave_LanChang_Clo\Project_Slave_Sensor_EnviroTrack\EWARM\Project_Slave_Sensor_EnviroTrack\Obj\stm32l4xx_hal_flash.o
#        D:\Saoviet_Git\Saoviet_EnviroTrack_M_And_S\Project_Slave_LanChang_Clo\Project_Slave_Sensor_EnviroTrack\EWARM\Project_Slave_Sensor_EnviroTrack\Obj\stm32l4xx_hal_flash_ex.o
#        D:\Saoviet_Git\Saoviet_EnviroTrack_M_And_S\Project_Slave_LanChang_Clo\Project_Slave_Sensor_EnviroTrack\EWARM\Project_Slave_Sensor_EnviroTrack\Obj\stm32l4xx_hal_flash_ramfunc.o
#        D:\Saoviet_Git\Saoviet_EnviroTrack_M_And_S\Project_Slave_LanChang_Clo\Project_Slave_Sensor_EnviroTrack\EWARM\Project_Slave_Sensor_EnviroTrack\Obj\stm32l4xx_hal_gpio.o
#        D:\Saoviet_Git\Saoviet_EnviroTrack_M_And_S\Project_Slave_LanChang_Clo\Project_Slave_Sensor_EnviroTrack\EWARM\Project_Slave_Sensor_EnviroTrack\Obj\stm32l4xx_hal_i2c.o
#        D:\Saoviet_Git\Saoviet_EnviroTrack_M_And_S\Project_Slave_LanChang_Clo\Project_Slave_Sensor_EnviroTrack\EWARM\Project_Slave_Sensor_EnviroTrack\Obj\stm32l4xx_hal_i2c_ex.o
#        D:\Saoviet_Git\Saoviet_EnviroTrack_M_And_S\Project_Slave_LanChang_Clo\Project_Slave_Sensor_EnviroTrack\EWARM\Project_Slave_Sensor_EnviroTrack\Obj\stm32l4xx_hal_msp.o
#        D:\Saoviet_Git\Saoviet_EnviroTrack_M_And_S\Project_Slave_LanChang_Clo\Project_Slave_Sensor_EnviroTrack\EWARM\Project_Slave_Sensor_EnviroTrack\Obj\stm32l4xx_hal_pwr.o
#        D:\Saoviet_Git\Saoviet_EnviroTrack_M_And_S\Project_Slave_LanChang_Clo\Project_Slave_Sensor_EnviroTrack\EWARM\Project_Slave_Sensor_EnviroTrack\Obj\stm32l4xx_hal_pwr_ex.o
#        D:\Saoviet_Git\Saoviet_EnviroTrack_M_And_S\Project_Slave_LanChang_Clo\Project_Slave_Sensor_EnviroTrack\EWARM\Project_Slave_Sensor_EnviroTrack\Obj\stm32l4xx_hal_rcc.o
#        D:\Saoviet_Git\Saoviet_EnviroTrack_M_And_S\Project_Slave_LanChang_Clo\Project_Slave_Sensor_EnviroTrack\EWARM\Project_Slave_Sensor_EnviroTrack\Obj\stm32l4xx_hal_rcc_ex.o
#        D:\Saoviet_Git\Saoviet_EnviroTrack_M_And_S\Project_Slave_LanChang_Clo\Project_Slave_Sensor_EnviroTrack\EWARM\Project_Slave_Sensor_EnviroTrack\Obj\stm32l4xx_hal_rtc.o
#        D:\Saoviet_Git\Saoviet_EnviroTrack_M_And_S\Project_Slave_LanChang_Clo\Project_Slave_Sensor_EnviroTrack\EWARM\Project_Slave_Sensor_EnviroTrack\Obj\stm32l4xx_hal_rtc_ex.o
#        D:\Saoviet_Git\Saoviet_EnviroTrack_M_And_S\Project_Slave_LanChang_Clo\Project_Slave_Sensor_EnviroTrack\EWARM\Project_Slave_Sensor_EnviroTrack\Obj\stm32l4xx_hal_spi.o
#        D:\Saoviet_Git\Saoviet_EnviroTrack_M_And_S\Project_Slave_LanChang_Clo\Project_Slave_Sensor_EnviroTrack\EWARM\Project_Slave_Sensor_EnviroTrack\Obj\stm32l4xx_hal_spi_ex.o
#        D:\Saoviet_Git\Saoviet_EnviroTrack_M_And_S\Project_Slave_LanChang_Clo\Project_Slave_Sensor_EnviroTrack\EWARM\Project_Slave_Sensor_EnviroTrack\Obj\stm32l4xx_hal_uart.o
#        D:\Saoviet_Git\Saoviet_EnviroTrack_M_And_S\Project_Slave_LanChang_Clo\Project_Slave_Sensor_EnviroTrack\EWARM\Project_Slave_Sensor_EnviroTrack\Obj\stm32l4xx_hal_uart_ex.o
#        D:\Saoviet_Git\Saoviet_EnviroTrack_M_And_S\Project_Slave_LanChang_Clo\Project_Slave_Sensor_EnviroTrack\EWARM\Project_Slave_Sensor_EnviroTrack\Obj\stm32l4xx_it.o
#        D:\Saoviet_Git\Saoviet_EnviroTrack_M_And_S\Project_Slave_LanChang_Clo\Project_Slave_Sensor_EnviroTrack\EWARM\Project_Slave_Sensor_EnviroTrack\Obj\system_stm32l4xx.o
#        D:\Saoviet_Git\Saoviet_EnviroTrack_M_And_S\Project_Slave_LanChang_Clo\Project_Slave_Sensor_EnviroTrack\EWARM\Project_Slave_Sensor_EnviroTrack\Obj\text.o
#        D:\Saoviet_Git\Saoviet_EnviroTrack_M_And_S\Project_Slave_LanChang_Clo\Project_Slave_Sensor_EnviroTrack\EWARM\Project_Slave_Sensor_EnviroTrack\Obj\text_tiny.o
#        D:\Saoviet_Git\Saoviet_EnviroTrack_M_And_S\Project_Slave_LanChang_Clo\Project_Slave_Sensor_EnviroTrack\EWARM\Project_Slave_Sensor_EnviroTrack\Obj\unit_tests.o
#        D:\Saoviet_Git\Saoviet_EnviroTrack_M_And_S\Project_Slave_LanChang_Clo\Project_Slave_Sensor_EnviroTrack\EWARM\Project_Slave_Sensor_EnviroTrack\Obj\usart.o
#        D:\Saoviet_Git\Saoviet_EnviroTrack_M_And_S\Project_Slave_LanChang_Clo\Project_Slave_Sensor_EnviroTrack\EWARM\Project_Slave_Sensor_EnviroTrack\Obj\user_adv_trace.o
#        D:\Saoviet_Git\Saoviet_EnviroTrack_M_And_S\Project_Slave_LanChang_Clo\Project_Slave_Sensor_EnviroTrack\EWARM\Project_Slave_Sensor_EnviroTrack\Obj\user_app_comm.o
#        D:\Saoviet_Git\Saoviet_EnviroTrack_M_And_S\Project_Slave_LanChang_Clo\Project_Slave_Sensor_EnviroTrack\EWARM\Project_Slave_Sensor_EnviroTrack\Obj\user_app_modbus_rtu.o
#        D:\Saoviet_Git\Saoviet_EnviroTrack_M_And_S\Project_Slave_LanChang_Clo\Project_Slave_Sensor_EnviroTrack\EWARM\Project_Slave_Sensor_EnviroTrack\Obj\user_app_rs485.o
#        D:\Saoviet_Git\Saoviet_EnviroTrack_M_And_S\Project_Slave_LanChang_Clo\Project_Slave_Sensor_EnviroTrack\EWARM\Project_Slave_Sensor_EnviroTrack\Obj\user_app_sensor.o
#        D:\Saoviet_Git\Saoviet_EnviroTrack_M_And_S\Project_Slave_LanChang_Clo\Project_Slave_Sensor_EnviroTrack\EWARM\Project_Slave_Sensor_EnviroTrack\Obj\user_at_serial.o
#        D:\Saoviet_Git\Saoviet_EnviroTrack_M_And_S\Project_Slave_LanChang_Clo\Project_Slave_Sensor_EnviroTrack\EWARM\Project_Slave_Sensor_EnviroTrack\Obj\user_connect_sensor.o
#        D:\Saoviet_Git\Saoviet_EnviroTrack_M_And_S\Project_Slave_LanChang_Clo\Project_Slave_Sensor_EnviroTrack\EWARM\Project_Slave_Sensor_EnviroTrack\Obj\user_convert_variable.o
#        D:\Saoviet_Git\Saoviet_EnviroTrack_M_And_S\Project_Slave_LanChang_Clo\Project_Slave_Sensor_EnviroTrack\EWARM\Project_Slave_Sensor_EnviroTrack\Obj\user_internal_mem.o
#        D:\Saoviet_Git\Saoviet_EnviroTrack_M_And_S\Project_Slave_LanChang_Clo\Project_Slave_Sensor_EnviroTrack\EWARM\Project_Slave_Sensor_EnviroTrack\Obj\user_mem_comm.o
#        D:\Saoviet_Git\Saoviet_EnviroTrack_M_And_S\Project_Slave_LanChang_Clo\Project_Slave_Sensor_EnviroTrack\EWARM\Project_Slave_Sensor_EnviroTrack\Obj\user_modbus_rtu.o
#        D:\Saoviet_Git\Saoviet_EnviroTrack_M_And_S\Project_Slave_LanChang_Clo\Project_Slave_Sensor_EnviroTrack\EWARM\Project_Slave_Sensor_EnviroTrack\Obj\user_obis_sv.o
#        D:\Saoviet_Git\Saoviet_EnviroTrack_M_And_S\Project_Slave_LanChang_Clo\Project_Slave_Sensor_EnviroTrack\EWARM\Project_Slave_Sensor_EnviroTrack\Obj\user_rs485.o
#        D:\Saoviet_Git\Saoviet_EnviroTrack_M_And_S\Project_Slave_LanChang_Clo\Project_Slave_Sensor_EnviroTrack\EWARM\Project_Slave_Sensor_EnviroTrack\Obj\user_rtc.o
#        D:\Saoviet_Git\Saoviet_EnviroTrack_M_And_S\Project_Slave_LanChang_Clo\Project_Slave_Sensor_EnviroTrack\EWARM\Project_Slave_Sensor_EnviroTrack\Obj\user_string.o
#        D:\Saoviet_Git\Saoviet_EnviroTrack_M_And_S\Project_Slave_LanChang_Clo\Project_Slave_Sensor_EnviroTrack\EWARM\Project_Slave_Sensor_EnviroTrack\Obj\user_time.o
#        D:\Saoviet_Git\Saoviet_EnviroTrack_M_And_S\Project_Slave_LanChang_Clo\Project_Slave_Sensor_EnviroTrack\EWARM\Project_Slave_Sensor_EnviroTrack\Obj\user_timer.o
#        D:\Saoviet_Git\Saoviet_EnviroTrack_M_And_S\Project_Slave_LanChang_Clo\Project_Slave_Sensor_EnviroTrack\EWARM\Project_Slave_Sensor_EnviroTrack\Obj\user_tiny_vsnprintf.o
#        D:\Saoviet_Git\Saoviet_EnviroTrack_M_And_S\Project_Slave_LanChang_Clo\Project_Slave_Sensor_EnviroTrack\EWARM\Project_Slave_Sensor_EnviroTrack\Obj\user_uart.o
#        D:\Saoviet_Git\Saoviet_EnviroTrack_M_And_S\Project_Slave_LanChang_Clo\Project_Slave_Sensor_EnviroTrack\EWARM\Project_Slave_Sensor_EnviroTrack\Obj\user_util.o
#        --no_out_extension -o
#        D:\Saoviet_Git\Saoviet_EnviroTrack_M_And_S\Project_Slave_LanChang_Clo\Project_Slave_Sensor_EnviroTrack\EWARM\Project_Slave_Sensor_EnviroTrack\Exe\Project_Slave_Sensor_EnviroTrack.out
#        --redirect _Printf=_PrintfFullNoMb --redirect _Scanf=_ScanfFullNoMb
#        --map
#        D:\Saoviet_Git\Saoviet_EnviroTrack_M_And_S\Project_Slave_LanChang_Clo\Project_Slave_Sensor_EnviroTrack\EWARM\Project_Slave_Sensor_EnviroTrack\List\Project_Slave_Sensor_EnviroTrack.map
#        --config
#        D:\Saoviet_Git\Saoviet_EnviroTrack_M_And_S\Project_Slave_LanChang_Clo\Project_Slave_Sensor_EnviroTrack\EWARM/stm32l433xx_flash.icf
#        --semihosting --entry __iar_program_start --vfe --text_out locale)
#
###############################################################################

*******************************************************************************
*** RUNTIME MODEL ATTRIBUTES
***

CppFlavor       = *
__Heap_Handler  = DLMalloc
__SystemLibrary = DLib
__dlib_version  = 6


*******************************************************************************
*** HEAP SELECTION
***

The advanced heap was selected because the application calls memory
allocation functions outside of system library functions, and there
are calls to deallocation functions in the application.


*******************************************************************************
*** PLACEMENT SUMMARY
***

"A0":  place at address 0x800'0000 { ro section .intvec };
"P1":  place in [from 0x800'0000 to 0x803'ffff] { ro };
define block CSTACK with size = 1K, alignment = 8 { };
define block HEAP with size = 512, alignment = 8 { };
"P2":  place in [from 0x2000'0000 to 0x2000'ffff] {
          rw, block CSTACK, block HEAP };
initialize by copy { rw };

  Section            Kind         Address      Size  Object
  -------            ----         -------      ----  ------
"A0":                                         0x18c
  .intvec            ro code   0x800'0000     0x18c  startup_stm32l433xx.o [1]
                             - 0x800'018c     0x18c

"P1":                                      0x1'01fe
  .text              ro code   0x800'018c    0x22e4  user_app_sensor.o [1]
  .text              ro code   0x800'2470      0x54  event_driven.o [1]
  .text              ro code   0x800'24c4      0x66  ABImemset.o [4]
  .text              ro code   0x800'252a     0x350  user_modbus_rtu.o [1]
  .text              ro code   0x800'287a      0x3a  zero_init3.o [4]
  .text              ro code   0x800'28b4     0x380  stm32l4xx_hal_gpio.o [1]
  .text              ro code   0x800'2c34     0x39c  usart.o [1]
  .text              ro code   0x800'2fd0      0x74  user_connect_sensor.o [1]
  .text              ro code   0x800'3044     0x75c  user_convert_variable.o [1]
  .text              ro code   0x800'37a0     0x172  onchipflash.o [1]
  .text              ro code   0x800'3912       0xa  xsprout.o [2]
  .text              ro code   0x800'391c      0x48  FltToDbl.o [3]
  .text              ro code   0x800'3964      0xe2  DblSub.o [3]
  .rodata            const     0x800'3a46       0x2  xlocale_c.o [2]
  .text              ro code   0x800'3a48     0x246  DblDiv.o [3]
  .rodata            const     0x800'3c8e       0x1  xlocale_c.o [2]
  .text              ro code   0x800'3c90      0x68  DblToFlt.o [3]
  .text              ro code   0x800'3cf8     0xab8  lcd_display.o [1]
  .text              ro code   0x800'47b0      0x28  stm32l4xx_hal.o [1]
  .text              ro code   0x800'47d8     0xfc8  stm32l4xx_hal_uart.o [1]
  .text              ro code   0x800'57a0     0x778  user_app_modbus_rtu.o [1]
  .text              ro code   0x800'5f18      0xa6  ABImemcpy.o [4]
  .text              ro code   0x800'5fc0       0xc  stm32l4xx_hal.o [1]
  .text              ro code   0x800'5fcc      0xc2  main.o [1]
  .text              ro code   0x800'608e      0x14  memset.o [4]
  .text              ro code   0x800'60a4     0x4e8  stm32l4xx_hal_rcc_ex.o [1]
  .text              ro code   0x800'658c     0x422  stm32l4xx_hal_dma.o [1]
  .text              ro code   0x800'69b0     0x194  stm32l4xx_hal_cortex.o [1]
  .text              ro code   0x800'6b44     0x21c  user_util.o [1]
  .text              ro code   0x800'6d60     0x230  I64DivMod.o [4]
  .text              ro code   0x800'6f90      0x1a  U32ToDbl.o [3]
  .text              ro code   0x800'6fac      0x22  S32ToDbl.o [3]
  .text              ro code   0x800'6fd0      0x16  math_wrappers64.o [3]
  .text              ro code   0x800'6fe8     0x1a2  DblMul.o [3]
  .text              ro code   0x800'718c     0x17a  DblAdd.o [3]
  .text              ro code   0x800'7308      0x3a  DblToS32.o [3]
  .text              ro code   0x800'7344     0x1b8  stm32l4xx_hal_flash.o [1]
  .text              ro code   0x800'74fc      0xa0  stm32l4xx_hal_flash_ex.o [1]
  .text              ro code   0x800'759c      0xa0  STM32L4.o [1]
  .text              ro code   0x800'763c     0x290  text_tiny.o [1]
  .text              ro code   0x800'78cc      0x14  unit_tests.o [1]
  .text              ro code   0x800'78e0      0xe8  glcd.o [1]
  .text              ro code   0x800'79c8     0x158  ST7565R.o [1]
  .text              ro code   0x800'7b20    0x1064  button.o [1]
  .text              ro code   0x800'8b84      0x36  strlen.o [4]
  .text              ro code   0x800'8bbc     0x390  text.o [1]
  .text              ro code   0x800'8f4c     0x200  graphics.o [1]
  .text              ro code   0x800'914c     0x128  user_uart.o [1]
  .text              ro code   0x800'9274      0x72  stm32l4xx_hal_uart_ex.o [1]
  .text              ro code   0x800'92e8     0x9fc  stm32l4xx_hal_rcc.o [1]
  .text              ro code   0x800'9ce4       0x2  stm32l4xx_hal_uart.o [1]
  .text              ro code   0x800'9ce6       0x2  stm32l4xx_hal_uart.o [1]
  .text              ro code   0x800'9ce8      0x24  stm32l4xx_hal.o [1]
  .text              ro code   0x800'9d0c     0x1d0  gpio.o [1]
  .text              ro code   0x800'9edc      0x60  dma.o [1]
  .text              ro code   0x800'9f3c     0x150  rtc.o [1]
  .text              ro code   0x800'a08c      0xc8  spi.o [1]
  .text              ro code   0x800'a154     0x4dc  user_app_comm.o [1]
  .text              ro code   0x800'a630      0x94  stm32l4xx_hal_pwr_ex.o [1]
  .text              ro code   0x800'a6c4      0x40  sprintf.o [2]
  .text              ro code   0x800'a704       0x2  I64DivZer.o [4]
  .text              ro code   0x800'a708     0x6ec  pow64.o [3]
  .text              ro code   0x800'adf4     0x52a  stm32l4xx_hal_spi.o [1]
  .text              ro code   0x800'b31e       0x8  abs.o [2]
  .text              ro code   0x800'b328      0x70  user_rs485.o [1]
  .text              ro code   0x800'b398     0x23a  user_adv_trace.o [1]
  .text              ro code   0x800'b5d4      0x60  stm32l4xx_hal.o [1]
  .text              ro code   0x800'b634      0x38  stm32l4xx_hal_msp.o [1]
  .text              ro code   0x800'b66c     0x78e  stm32l4xx_hal_rtc.o [1]
  .text              ro code   0x800'bdfc     0x310  user_timer.o [1]
  .text              ro code   0x800'c10c     0x1dc  user_at_serial.o [1]
  .text              ro code   0x800'c2e8      0x58  user_time.o [1]
  .text              ro code   0x800'c340     0x170  user_app_rs485.o [1]
  .text              ro code   0x800'c4b0     0xfc6  xprintffull_nomb.o [2]
  .text              ro code   0x800'd478      0x20  DblCmpEq.o [3]
  .text              ro code   0x800'd498      0x70  frexp.o [3]
  .text              ro code   0x800'd508      0x2e  DblCmpLe.o [3]
  .text              ro code   0x800'd538      0x2e  DblCmpGe.o [3]
  .text              ro code   0x800'd568     0x3e8  iar_Exp64.o [3]
  .text              ro code   0x800'd950     0x350  user_tiny_vsnprintf.o [1]
  .text              ro code   0x800'dca0     0x3a8  user_rtc.o [1]
  .text              ro code   0x800'e048       0x2  stm32l4xx_hal_rtc_ex.o [1]
  .text              ro code   0x800'e04a     0x1e6  user_string.o [1]
  .text              ro code   0x800'e230      0x16  strchr.o [4]
  .text              ro code   0x800'e248      0x40  xfail_s.o [2]
  .text              ro code   0x800'e288      0x58  memchr.o [4]
  .text              ro code   0x800'e2e0     0x13a  ldexp.o [3]
  .text              ro code   0x800'e41c      0x28  DblToU32.o [3]
  .text              ro code   0x800'e444       0x8  xlocale_c.o [2]
  .text              ro code   0x800'e44c      0x48  stm32l4xx_hal_rtc_ex.o [1]
  .text              ro code   0x800'e494       0x6  abort.o [2]
  .text              ro code   0x800'e49c      0x14  exit.o [5]
  .rodata            const     0x800'e4b0      0x64  user_app_sensor.o [1]
  .rodata            const     0x800'e518     0x420  pow64.o [3]
  .rodata            const     0x800'e938     0x400  unit_tests.o [1]
  .rodata            const     0x800'ed38     0x228  lcd_display.o [1]
  .rodata            const     0x800'ef60     0x214  lcd_display.o [1]
  .rodata            const     0x800'f174      0xc8  user_app_sensor.o [1]
  .rodata            const     0x800'f23c      0xc8  user_app_sensor.o [1]
  .text              ro code   0x800'f304      0x88  stm32l4xx_it.o [1]
  .text              ro code   0x800'f38c      0x18  stm32l4xx_hal.o [1]
  .text              ro code   0x800'f3a4      0x78  lz77_init_single.o [4]
  .rodata            const     0x800'f41c      0x34  user_app_sensor.o [1]
  .rodata            const     0x800'f450      0x34  user_app_sensor.o [1]
  .rodata            const     0x800'f484      0x30  system_stm32l4xx.o [1]
  .rodata            const     0x800'f4b4      0x2c  user_rtc.o [1]
  .rodata            const     0x800'f4e0      0x28  user_tiny_vsnprintf.o [1]
  .rodata            const     0x800'f508      0x28  user_tiny_vsnprintf.o [1]
  .text              ro code   0x800'f530      0x28  data_init.o [4]
  .text              ro code   0x800'f558      0x22  fpinit_M.o [3]
  .iar.init_table    const     0x800'f57c      0x20  - Linker created -
  .rodata            const     0x800'f59c      0x20  user_app_comm.o [1]
  .rodata            const     0x800'f5bc      0x20  user_rtc.o [1]
  .text              ro code   0x800'f5dc      0x1e  cmain.o [4]
  .text              ro code   0x800'f5fa       0x4  low_level_init.o [2]
  .text              ro code   0x800'f5fe       0x4  exit.o [2]
  .text              ro code   0x800'f604       0xa  cexit.o [4]
  .rodata            const     0x800'f610      0x1c  user_app_comm.o [1]
  .rodata            const     0x800'f62c      0x1c  user_app_comm.o [1]
  .rodata            const     0x800'f648      0x1c  user_app_comm.o [1]
  .rodata            const     0x800'f664      0x1c  user_uart.o [1]
  .rodata            const     0x800'f680      0x18  user_app_comm.o [1]
  .rodata            const     0x800'f698      0x14  lcd_display.o [1]
  .rodata            const     0x800'f6ac      0x14  user_app_comm.o [1]
  .rodata            const     0x800'f6c0      0x14  user_at_serial.o [1]
  .rodata            const     0x800'f6d4      0x14  user_at_serial.o [1]
  .rodata            const     0x800'f6e8      0x14  user_at_serial.o [1]
  .rodata            const     0x800'f6fc      0x14  user_at_serial.o [1]
  .rodata            const     0x800'f710      0x14  user_at_serial.o [1]
  .rodata            const     0x800'f724      0x14  user_at_serial.o [1]
  .rodata            const     0x800'f738      0x14  user_at_serial.o [1]
  .rodata            const     0x800'f74c      0x14  user_at_serial.o [1]
  .rodata            const     0x800'f760      0x14  user_at_serial.o [1]
  .rodata            const     0x800'f774      0x14  user_at_serial.o [1]
  .rodata            const     0x800'f788      0x14  user_at_serial.o [1]
  .rodata            const     0x800'f79c      0x10  lcd_display.o [1]
  .rodata            const     0x800'f7ac      0x10  lcd_display.o [1]
  .rodata            const     0x800'f7bc      0x10  lcd_display.o [1]
  .rodata            const     0x800'f7cc      0x10  lcd_display.o [1]
  .rodata            const     0x800'f7dc      0x10  lcd_display.o [1]
  .rodata            const     0x800'f7ec      0x10  lcd_display.o [1]
  .rodata            const     0x800'f7fc      0x10  lcd_display.o [1]
  .rodata            const     0x800'f80c      0x10  lcd_display.o [1]
  .rodata            const     0x800'f81c      0x10  lcd_display.o [1]
  .rodata            const     0x800'f82c      0x10  lcd_display.o [1]
  .rodata            const     0x800'f83c      0x10  lcd_display.o [1]
  .rodata            const     0x800'f84c      0x10  lcd_display.o [1]
  .rodata            const     0x800'f85c      0x10  lcd_display.o [1]
  .rodata            const     0x800'f86c      0x10  lcd_display.o [1]
  .rodata            const     0x800'f87c      0x10  lcd_display.o [1]
  .rodata            const     0x800'f88c      0x10  system_stm32l4xx.o [1]
  .rodata            const     0x800'f89c      0x10  user_app_sensor.o [1]
  .rodata            const     0x800'f8ac      0x10  user_at_serial.o [1]
  .rodata            const     0x800'f8bc      0x10  user_at_serial.o [1]
  .rodata            const     0x800'f8cc      0x10  user_at_serial.o [1]
  .rodata            const     0x800'f8dc      0x10  user_at_serial.o [1]
  .rodata            const     0x800'f8ec      0x10  user_at_serial.o [1]
  .rodata            const     0x800'f8fc      0x10  user_at_serial.o [1]
  .rodata            const     0x800'f90c      0x10  user_at_serial.o [1]
  .rodata            const     0x800'f91c      0x10  user_at_serial.o [1]
  .rodata            const     0x800'f92c      0x10  user_at_serial.o [1]
  .rodata            const     0x800'f93c      0x10  user_at_serial.o [1]
  .rodata            const     0x800'f94c      0x10  user_at_serial.o [1]
  .rodata            const     0x800'f95c      0x10  user_at_serial.o [1]
  .rodata            const     0x800'f96c      0x10  user_at_serial.o [1]
  .rodata            const     0x800'f97c      0x10  user_at_serial.o [1]
  .rodata            const     0x800'f98c      0x10  user_at_serial.o [1]
  .rodata            const     0x800'f99c      0x10  user_at_serial.o [1]
  .rodata            const     0x800'f9ac      0x10  user_at_serial.o [1]
  .rodata            const     0x800'f9bc      0x10  user_at_serial.o [1]
  .rodata            const     0x800'f9cc      0x10  user_at_serial.o [1]
  .rodata            const     0x800'f9dc      0x10  user_at_serial.o [1]
  .rodata            const     0x800'f9ec      0x10  user_at_serial.o [1]
  .rodata            const     0x800'f9fc      0x10  user_at_serial.o [1]
  .rodata            const     0x800'fa0c      0x10  user_at_serial.o [1]
  .rodata            const     0x800'fa1c      0x10  user_at_serial.o [1]
  .rodata            const     0x800'fa2c      0x10  user_at_serial.o [1]
  .rodata            const     0x800'fa3c      0x10  user_at_serial.o [1]
  .rodata            const     0x800'fa4c      0x10  user_at_serial.o [1]
  .rodata            const     0x800'fa5c      0x10  user_at_serial.o [1]
  .text              ro code   0x800'fa6c      0x10  startup_stm32l433xx.o [1]
  .text              ro code   0x800'fa7c      0x10  system_stm32l4xx.o [1]
  .rodata            const     0x800'fa8c       0xc  lcd_display.o [1]
  .rodata            const     0x800'fa98       0xc  lcd_display.o [1]
  .rodata            const     0x800'faa4       0xc  lcd_display.o [1]
  .rodata            const     0x800'fab0       0xc  lcd_display.o [1]
  .rodata            const     0x800'fabc       0xc  lcd_display.o [1]
  .rodata            const     0x800'fac8       0xc  lcd_display.o [1]
  .rodata            const     0x800'fad4       0xc  user_app_comm.o [1]
  .rodata            const     0x800'fae0       0xc  user_app_sensor.o [1]
  .rodata            const     0x800'faec       0xc  user_app_sensor.o [1]
  .rodata            const     0x800'faf8       0xc  user_at_serial.o [1]
  .rodata            const     0x800'fb04       0xc  user_at_serial.o [1]
  .rodata            const     0x800'fb10       0xc  user_at_serial.o [1]
  .rodata            const     0x800'fb1c       0xc  user_at_serial.o [1]
  .rodata            const     0x800'fb28       0xc  user_at_serial.o [1]
  .rodata            const     0x800'fb34       0xc  user_at_serial.o [1]
  .rodata            const     0x800'fb40       0xc  user_at_serial.o [1]
  .rodata            const     0x800'fb4c       0xc  user_at_serial.o [1]
  .rodata            const     0x800'fb58       0xc  user_at_serial.o [1]
  .rodata            const     0x800'fb64       0xc  user_at_serial.o [1]
  .rodata            const     0x800'fb70       0xc  user_at_serial.o [1]
  .rodata            const     0x800'fb7c       0xc  user_at_serial.o [1]
  .rodata            const     0x800'fb88       0xc  user_at_serial.o [1]
  .rodata            const     0x800'fb94       0xc  user_at_serial.o [1]
  .rodata            const     0x800'fba0       0xc  user_at_serial.o [1]
  .rodata            const     0x800'fbac       0xc  user_at_serial.o [1]
  .rodata            const     0x800'fbb8       0xc  user_at_serial.o [1]
  .rodata            const     0x800'fbc4       0xc  user_at_serial.o [1]
  .rodata            const     0x800'fbd0       0xc  user_at_serial.o [1]
  .rodata            const     0x800'fbdc       0xc  user_at_serial.o [1]
  .rodata            const     0x800'fbe8       0xc  user_at_serial.o [1]
  .rodata            const     0x800'fbf4       0xc  user_at_serial.o [1]
  .rodata            const     0x800'fc00       0xc  user_at_serial.o [1]
  .rodata            const     0x800'fc0c       0xc  user_at_serial.o [1]
  .rodata            const     0x800'fc18       0xc  user_at_serial.o [1]
  .rodata            const     0x800'fc24       0xc  user_at_serial.o [1]
  .rodata            const     0x800'fc30       0xc  user_at_serial.o [1]
  .rodata            const     0x800'fc3c       0xc  user_at_serial.o [1]
  .rodata            const     0x800'fc48       0xc  user_rtc.o [1]
  .rodata            const     0x800'fc54       0xc  user_rtc.o [1]
  .text              ro code   0x800'fc60       0xc  cstartup_M.o [4]
  .rodata            const     0x800'fc6c       0x8  lcd_display.o [1]
  .rodata            const     0x800'fc74       0x8  lcd_display.o [1]
  .rodata            const     0x800'fc7c       0x8  lcd_display.o [1]
  .rodata            const     0x800'fc84       0x8  lcd_display.o [1]
  .rodata            const     0x800'fc8c       0x8  lcd_display.o [1]
  .rodata            const     0x800'fc94       0x8  lcd_display.o [1]
  .rodata            const     0x800'fc9c       0x8  lcd_display.o [1]
  .rodata            const     0x800'fca4       0x8  lcd_display.o [1]
  .rodata            const     0x800'fcac       0x8  lcd_display.o [1]
  .rodata            const     0x800'fcb4       0x8  lcd_display.o [1]
  .rodata            const     0x800'fcbc       0x8  system_stm32l4xx.o [1]
  .rodata            const     0x800'fcc4       0x8  user_app_modbus_rtu.o [1]
  .rodata            const     0x800'fccc       0x8  user_app_modbus_rtu.o [1]
  .rodata            const     0x800'fcd4       0x8  user_app_sensor.o [1]
  .rodata            const     0x800'fcdc       0x8  user_app_sensor.o [1]
  .rodata            const     0x800'fce4       0x8  user_app_sensor.o [1]
  .rodata            const     0x800'fcec       0x8  user_app_sensor.o [1]
  .rodata            const     0x800'fcf4       0x8  user_app_sensor.o [1]
  .rodata            const     0x800'fcfc       0x8  user_app_sensor.o [1]
  .rodata            const     0x800'fd04       0x8  user_app_sensor.o [1]
  .rodata            const     0x800'fd0c       0x8  user_app_sensor.o [1]
  .rodata            const     0x800'fd14       0x8  user_app_sensor.o [1]
  .rodata            const     0x800'fd1c       0x8  user_app_sensor.o [1]
  .rodata            const     0x800'fd24       0x8  user_app_sensor.o [1]
  .rodata            const     0x800'fd2c       0x8  user_app_sensor.o [1]
  .rodata            const     0x800'fd34       0x8  user_app_sensor.o [1]
  .rodata            const     0x800'fd3c       0x8  user_app_sensor.o [1]
  .rodata            const     0x800'fd44       0x8  user_app_sensor.o [1]
  .rodata            const     0x800'fd4c       0x8  user_app_sensor.o [1]
  .rodata            const     0x800'fd54       0x8  user_app_sensor.o [1]
  .rodata            const     0x800'fd5c       0x8  user_app_sensor.o [1]
  .rodata            const     0x800'fd64       0x8  user_app_sensor.o [1]
  .rodata            const     0x800'fd6c       0x8  user_at_serial.o [1]
  .rodata            const     0x800'fd74       0x8  user_at_serial.o [1]
  .rodata            const     0x800'fd7c       0x8  user_at_serial.o [1]
  .rodata            const     0x800'fd84       0x8  user_at_serial.o [1]
  .rodata            const     0x800'fd8c       0x8  user_at_serial.o [1]
  .rodata            const     0x800'fd94       0x8  user_tiny_vsnprintf.o [1]
  .rodata            const     0x800'fd9c       0x8  user_util.o [1]
  .rodata            const     0x800'fda4       0x8  xprintffull_nomb.o [2]
  .rodata            const     0x800'fdac       0x4  lcd_display.o [1]
  .rodata            const     0x800'fdb0       0x4  lcd_display.o [1]
  .text              ro code   0x800'fdb4       0x4  startup_stm32l433xx.o [1]
  .text              ro code   0x800'fdb8       0x4  startup_stm32l433xx.o [1]
  .text              ro code   0x800'fdbc       0x4  startup_stm32l433xx.o [1]
  .text              ro code   0x800'fdc0       0x4  startup_stm32l433xx.o [1]
  .text              ro code   0x800'fdc4       0x4  startup_stm32l433xx.o [1]
  .text              ro code   0x800'fdc8       0x4  startup_stm32l433xx.o [1]
  .text              ro code   0x800'fdcc       0x4  startup_stm32l433xx.o [1]
  .text              ro code   0x800'fdd0       0x4  startup_stm32l433xx.o [1]
  .text              ro code   0x800'fdd4       0x4  startup_stm32l433xx.o [1]
  .text              ro code   0x800'fdd8       0x4  startup_stm32l433xx.o [1]
  .text              ro code   0x800'fddc       0x4  startup_stm32l433xx.o [1]
  .text              ro code   0x800'fde0       0x4  startup_stm32l433xx.o [1]
  .text              ro code   0x800'fde4       0x4  startup_stm32l433xx.o [1]
  .text              ro code   0x800'fde8       0x4  startup_stm32l433xx.o [1]
  .text              ro code   0x800'fdec       0x4  startup_stm32l433xx.o [1]
  .text              ro code   0x800'fdf0       0x4  startup_stm32l433xx.o [1]
  .text              ro code   0x800'fdf4       0x4  startup_stm32l433xx.o [1]
  .text              ro code   0x800'fdf8       0x4  startup_stm32l433xx.o [1]
  .text              ro code   0x800'fdfc       0x4  startup_stm32l433xx.o [1]
  .text              ro code   0x800'fe00       0x4  startup_stm32l433xx.o [1]
  .text              ro code   0x800'fe04       0x4  startup_stm32l433xx.o [1]
  .text              ro code   0x800'fe08       0x4  startup_stm32l433xx.o [1]
  .text              ro code   0x800'fe0c       0x4  startup_stm32l433xx.o [1]
  .text              ro code   0x800'fe10       0x4  startup_stm32l433xx.o [1]
  .text              ro code   0x800'fe14       0x4  startup_stm32l433xx.o [1]
  .text              ro code   0x800'fe18       0x4  startup_stm32l433xx.o [1]
  .text              ro code   0x800'fe1c       0x4  startup_stm32l433xx.o [1]
  .text              ro code   0x800'fe20       0x4  startup_stm32l433xx.o [1]
  .text              ro code   0x800'fe24       0x4  startup_stm32l433xx.o [1]
  .text              ro code   0x800'fe28       0x4  startup_stm32l433xx.o [1]
  .text              ro code   0x800'fe2c       0x4  startup_stm32l433xx.o [1]
  .text              ro code   0x800'fe30       0x4  startup_stm32l433xx.o [1]
  .text              ro code   0x800'fe34       0x4  startup_stm32l433xx.o [1]
  .text              ro code   0x800'fe38       0x4  startup_stm32l433xx.o [1]
  .text              ro code   0x800'fe3c       0x4  startup_stm32l433xx.o [1]
  .text              ro code   0x800'fe40       0x4  startup_stm32l433xx.o [1]
  .text              ro code   0x800'fe44       0x4  startup_stm32l433xx.o [1]
  .text              ro code   0x800'fe48       0x4  startup_stm32l433xx.o [1]
  .text              ro code   0x800'fe4c       0x4  startup_stm32l433xx.o [1]
  .text              ro code   0x800'fe50       0x4  startup_stm32l433xx.o [1]
  .text              ro code   0x800'fe54       0x4  startup_stm32l433xx.o [1]
  .text              ro code   0x800'fe58       0x4  startup_stm32l433xx.o [1]
  .text              ro code   0x800'fe5c       0x4  startup_stm32l433xx.o [1]
  .text              ro code   0x800'fe60       0x4  startup_stm32l433xx.o [1]
  .text              ro code   0x800'fe64       0x4  startup_stm32l433xx.o [1]
  .text              ro code   0x800'fe68       0x4  startup_stm32l433xx.o [1]
  .text              ro code   0x800'fe6c       0x4  startup_stm32l433xx.o [1]
  .text              ro code   0x800'fe70       0x4  startup_stm32l433xx.o [1]
  .text              ro code   0x800'fe74       0x4  startup_stm32l433xx.o [1]
  .text              ro code   0x800'fe78       0x4  startup_stm32l433xx.o [1]
  .text              ro code   0x800'fe7c       0x4  startup_stm32l433xx.o [1]
  .text              ro code   0x800'fe80       0x4  startup_stm32l433xx.o [1]
  .text              ro code   0x800'fe84       0x4  startup_stm32l433xx.o [1]
  .text              ro code   0x800'fe88       0x4  startup_stm32l433xx.o [1]
  .text              ro code   0x800'fe8c       0x4  startup_stm32l433xx.o [1]
  .text              ro code   0x800'fe90       0x4  startup_stm32l433xx.o [1]
  .text              ro code   0x800'fe94       0x4  startup_stm32l433xx.o [1]
  .text              ro code   0x800'fe98       0x4  startup_stm32l433xx.o [1]
  .text              ro code   0x800'fe9c       0x4  startup_stm32l433xx.o [1]
  .rodata            const     0x800'fea0       0x0  zero_init3.o [4]
  .rodata            const     0x800'fea0       0x0  lz77_init_single.o [4]
  Initializer bytes  const     0x800'fea0     0x4ea  <for P2-1>
                             - 0x801'038a  0x1'01fe

"P2", part 1 of 3:                            0xadd
  P2-1                        0x2000'0000     0xadd  <Init block>
    .data            inited   0x2000'0000       0xc  button.o [1]
    .data            inited   0x2000'000c      0x70  lcd_display.o [1]
    .data            inited   0x2000'007c       0x8  lcd_display.o [1]
    .data            inited   0x2000'0084       0x4  lcd_display.o [1]
    .data            inited   0x2000'0088      0x10  lcd_display.o [1]
    .data            inited   0x2000'0098      0x10  lcd_display.o [1]
    .data            inited   0x2000'00a8      0x10  lcd_display.o [1]
    .data            inited   0x2000'00b8      0x10  lcd_display.o [1]
    .data            inited   0x2000'00c8      0x10  lcd_display.o [1]
    .data            inited   0x2000'00d8     0x300  lcd_display.o [1]
    .data            inited   0x2000'03d8       0x4  stm32l4xx_hal.o [1]
    .data            inited   0x2000'03dc      0x20  stm32l4xx_hal_flash.o [1]
    .data            inited   0x2000'03fc       0x4  system_stm32l4xx.o [1]
    .data            inited   0x2000'0400      0x70  user_app_comm.o [1]
    .data            inited   0x2000'0470       0x8  user_app_comm.o [1]
    .data            inited   0x2000'0478       0x8  user_app_comm.o [1]
    .data            inited   0x2000'0480      0x78  user_app_modbus_rtu.o [1]
    .data            inited   0x2000'04f8      0x2c  user_app_modbus_rtu.o [1]
    .data            inited   0x2000'0524       0x8  user_app_modbus_rtu.o [1]
    .data            inited   0x2000'052c      0x40  user_app_rs485.o [1]
    .data            inited   0x2000'056c      0x90  user_app_sensor.o [1]
    .data            inited   0x2000'05fc       0x8  user_app_sensor.o [1]
    .data            inited   0x2000'0604       0x8  user_app_sensor.o [1]
    .data            inited   0x2000'060c       0x4  user_app_sensor.o [1]
    .data            inited   0x2000'0610       0x8  user_at_serial.o [1]
    .data            inited   0x2000'0618     0x470  user_at_serial.o [1]
    .data            inited   0x2000'0a88       0x8  user_connect_sensor.o [1]
    .data            inited   0x2000'0a90       0x8  user_rs485.o [1]
    .data            inited   0x2000'0a98       0x4  user_tiny_vsnprintf.o [1]
    .data            inited   0x2000'0a9c       0x4  user_tiny_vsnprintf.o [1]
    .data            inited   0x2000'0aa0      0x38  xlocale_c.o [2]
    .data            inited   0x2000'0ad8       0x2  user_app_modbus_rtu.o [1]
    .data            inited   0x2000'0ada       0x1  lcd_display.o [1]
    .data            inited   0x2000'0adb       0x1  stm32l4xx_hal.o [1]
    .data            inited   0x2000'0adc       0x1  user_util.o [1]
                            - 0x2000'0add     0xadd

"P2", part 2 of 3:                           0x1c60
  .bss               zero     0x2000'0ae0     0x4b0  user_app_comm.o [1]
  .bss               zero     0x2000'0f90     0x400  glcd.o [1]
  .bss               zero     0x2000'1390     0x400  user_adv_trace.o [1]
  .bss               zero     0x2000'1790     0x200  user_adv_trace.o [1]
  .bss               zero     0x2000'1990     0x200  user_connect_sensor.o [1]
  .bss               zero     0x2000'1b90     0x200  user_rs485.o [1]
  .bss               zero     0x2000'1d90     0x180  lcd_display.o [1]
  .bss               zero     0x2000'1f10      0x88  usart.o [1]
  .bss               zero     0x2000'1f98      0x88  usart.o [1]
  .bss               zero     0x2000'2020      0x88  usart.o [1]
  .bss               zero     0x2000'20a8      0x80  user_app_modbus_rtu.o [1]
  .bss               zero     0x2000'2128      0x80  user_app_modbus_rtu.o [1]
  .bss               zero     0x2000'21a8      0x80  user_app_modbus_rtu.o [1]
  .bss               zero     0x2000'2228      0x80  user_at_serial.o [1]
  .bss               zero     0x2000'22a8      0x80  user_at_serial.o [1]
  .bss               zero     0x2000'2328      0x64  spi.o [1]
  .bss               zero     0x2000'238c      0x64  user_app_comm.o [1]
  .bss               zero     0x2000'23f0      0x60  lcd_display.o [1]
  .bss               zero     0x2000'2450      0x48  usart.o [1]
  .bss               zero     0x2000'2498      0x48  usart.o [1]
  .bss               zero     0x2000'24e0      0x48  usart.o [1]
  .bss               zero     0x2000'2528      0x2c  user_rtc.o [1]
  .bss               zero     0x2000'2554      0x28  user_app_sensor.o [1]
  .bss               zero     0x2000'257c      0x28  user_app_sensor.o [1]
  .bss               zero     0x2000'25a4      0x28  user_app_sensor.o [1]
  .bss               zero     0x2000'25cc      0x24  lcd_display.o [1]
  .bss               zero     0x2000'25f0      0x24  rtc.o [1]
  .bss               zero     0x2000'2614      0x24  user_app_sensor.o [1]
  .bss               zero     0x2000'2638      0x1c  user_rtc.o [1]
  .bss               zero     0x2000'2654      0x18  button.o [1]
  .bss               zero     0x2000'266c      0x18  user_adv_trace.o [1]
  .bss               zero     0x2000'2684      0x18  user_app_comm.o [1]
  .bss               zero     0x2000'269c      0x10  lcd_display.o [1]
  .bss               zero     0x2000'26ac       0xc  text.o [1]
  .bss               zero     0x2000'26b8       0xc  user_app_sensor.o [1]
  .bss               zero     0x2000'26c4       0xc  user_util.o [1]
  .bss               zero     0x2000'26d0       0x8  user_app_sensor.o [1]
  .bss               zero     0x2000'26d8       0x4  button.o [1]
  .bss               zero     0x2000'26dc       0x4  button.o [1]
  .bss               zero     0x2000'26e0       0x4  glcd.o [1]
  .bss               zero     0x2000'26e4       0x4  glcd.o [1]
  .bss               zero     0x2000'26e8       0x4  glcd.o [1]
  .bss               zero     0x2000'26ec       0x4  lcd_display.o [1]
  .bss               zero     0x2000'26f0       0x4  stm32l4xx_hal.o [1]
  .bss               zero     0x2000'26f4       0x4  user_app_comm.o [1]
  .bss               zero     0x2000'26f8       0x4  user_app_sensor.o [1]
  .bss               zero     0x2000'26fc       0x4  user_app_sensor.o [1]
  .bss               zero     0x2000'2700       0x4  user_app_sensor.o [1]
  .bss               zero     0x2000'2704       0x4  user_app_sensor.o [1]
  .bss               zero     0x2000'2708       0x4  user_rtc.o [1]
  .bss               zero     0x2000'270c       0x4  user_timer.o [1]
  .bss               zero     0x2000'2710       0x4  user_util.o [1]
  .bss               zero     0x2000'2714       0x4  user_util.o [1]
  .bss               zero     0x2000'2718       0x4  user_util.o [1]
  .bss               zero     0x2000'271c       0x4  xfail_s.o [2]
  .bss               zero     0x2000'2720       0x2  button.o [1]
  .bss               zero     0x2000'2722       0x2  lcd_display.o [1]
  .bss               zero     0x2000'2724       0x2  user_app_comm.o [1]
  .bss               zero     0x2000'2726       0x2  user_app_comm.o [1]
  .bss               zero     0x2000'2728       0x2  user_app_sensor.o [1]
  .bss               zero     0x2000'272a       0x2  user_app_sensor.o [1]
  .bss               zero     0x2000'272c       0x2  user_uart.o [1]
  .bss               zero     0x2000'272e       0x1  button.o [1]
  .bss               zero     0x2000'272f       0x1  lcd_display.o [1]
  .bss               zero     0x2000'2730       0x1  lcd_display.o [1]
  .bss               zero     0x2000'2731       0x1  lcd_display.o [1]
  .bss               zero     0x2000'2732       0x1  user_app_comm.o [1]
  .bss               zero     0x2000'2733       0x1  user_app_comm.o [1]
  .bss               zero     0x2000'2734       0x1  user_app_rs485.o [1]
  .bss               zero     0x2000'2735       0x1  user_app_sensor.o [1]
  .bss               zero     0x2000'2736       0x1  user_app_sensor.o [1]
  .bss               zero     0x2000'2737       0x1  user_app_sensor.o [1]
  .bss               zero     0x2000'2738       0x1  user_app_sensor.o [1]
  .bss               zero     0x2000'2739       0x1  user_at_serial.o [1]
  .bss               zero     0x2000'273a       0x1  user_connect_sensor.o [1]
  .bss               zero     0x2000'273b       0x1  user_connect_sensor.o [1]
  .bss               zero     0x2000'273c       0x1  user_rs485.o [1]
  .bss               zero     0x2000'273d       0x1  user_rs485.o [1]
  .bss               zero     0x2000'273e       0x1  user_rtc.o [1]
  .bss               zero     0x2000'273f       0x1  user_uart.o [1]
                            - 0x2000'2740    0x1c60

"P2", part 3 of 3:                            0x400
  CSTACK                      0x2000'2740     0x400  <Block>
    CSTACK           uninit   0x2000'2740     0x400  <Block tail>
                            - 0x2000'2b40     0x400

Unused ranges:

         From           To      Size
         ----           --      ----
   0x801'038a   0x803'ffff  0x2'fc76
  0x2000'0add  0x2000'0adf       0x3
  0x2000'2b40  0x2000'ffff    0xd4c0


*******************************************************************************
*** INIT TABLE
***

          Address      Size
          -------      ----
Zero (__iar_zero_init3)
    1 destination range, total size 0x1c60:
          0x2000'0ae0  0x1c60

Copy/lz77 (__iar_lz77_init_single3)
    1 source range, total size 0x4ea (45% of destination):
           0x800'fea0   0x4ea
    1 destination range, total size 0xadd:
          0x2000'0000   0xadd



*******************************************************************************
*** MODULE SUMMARY
***

    Module                    ro code  ro data  rw data
    ------                    -------  -------  -------
command line/config:
    ---------------------------------------------------
    Total:

D:\Saoviet_Git\Saoviet_EnviroTrack_M_And_S\Project_Slave_LanChang_Clo\Project_Slave_Sensor_EnviroTrack\EWARM\Project_Slave_Sensor_EnviroTrack\Obj: [1]
    ST7565R.o                     344
    STM32L4.o                     160
    button.o                    4'196        5       47
    dma.o                          96
    event_driven.o                 84
    glcd.o                        232             1'036
    gpio.o                        464
    graphics.o                    512
    lcd_display.o               2'744    1'945    1'514
    main.o                        194
    onchipflash.o                 370
    rtc.o                         336                36
    spi.o                         200               100
    startup_stm32l433xx.o         648
    stm32l4xx_hal.o               208        1        9
    stm32l4xx_hal_cortex.o        404
    stm32l4xx_hal_dma.o         1'058
    stm32l4xx_hal_flash.o         440       15       32
    stm32l4xx_hal_flash_ex.o      160
    stm32l4xx_hal_gpio.o          896
    stm32l4xx_hal_msp.o            56
    stm32l4xx_hal_pwr_ex.o        148
    stm32l4xx_hal_rcc.o         2'556
    stm32l4xx_hal_rcc_ex.o      1'256
    stm32l4xx_hal_rtc.o         1'934
    stm32l4xx_hal_rtc_ex.o         74
    stm32l4xx_hal_spi.o         1'322
    stm32l4xx_hal_uart.o        4'044
    stm32l4xx_hal_uart_ex.o       114
    stm32l4xx_it.o                136
    system_stm32l4xx.o             16       74        4
    text.o                        912                12
    text_tiny.o                   656
    unit_tests.o                   20    1'024
    usart.o                       924               624
    user_adv_trace.o              570             1'560
    user_app_comm.o             1'244      230    1'462
    user_app_modbus_rtu.o       1'912       94      558
    user_app_rs485.o              368       29       65
    user_app_sensor.o           8'932      871      364
    user_at_serial.o              476    1'561    1'401
    user_connect_sensor.o         116        4      522
    user_convert_variable.o     1'884
    user_modbus_rtu.o             848
    user_rs485.o                  112        3      522
    user_rtc.o                    936      100       77
    user_string.o                 486
    user_time.o                    88
    user_timer.o                  784                 4
    user_tiny_vsnprintf.o         848       92        8
    user_uart.o                   296       28        3
    user_util.o                   540        9       25
    ---------------------------------------------------
    Total:                     48'354    6'085    9'985

dl7M_tlf.a: [2]
    abort.o                         6
    abs.o                           8
    exit.o                          4
    low_level_init.o                4
    sprintf.o                      64
    xfail_s.o                      64                 4
    xlocale_c.o                     8       28       56
    xprintffull_nomb.o          4'038        8
    xsprout.o                      10
    ---------------------------------------------------
    Total:                      4'206       36       60

m7M_tls.a: [3]
    DblAdd.o                      378
    DblCmpEq.o                     32
    DblCmpGe.o                     46
    DblCmpLe.o                     46
    DblDiv.o                      582
    DblMul.o                      418
    DblSub.o                      226
    DblToFlt.o                    104
    DblToS32.o                     58
    DblToU32.o                     40
    FltToDbl.o                     72
    S32ToDbl.o                     34
    U32ToDbl.o                     26
    fpinit_M.o                     34
    frexp.o                       112
    iar_Exp64.o                 1'000
    ldexp.o                       314
    math_wrappers64.o              22
    pow64.o                     1'772    1'056
    ---------------------------------------------------
    Total:                      5'316    1'056

rt7M_tl.a: [4]
    ABImemcpy.o                   166
    ABImemset.o                   102
    I64DivMod.o                   560
    I64DivZer.o                     2
    cexit.o                        10
    cmain.o                        30
    cstartup_M.o                   12
    data_init.o                    40
    lz77_init_single.o            120
    memchr.o                       88
    memset.o                       20
    strchr.o                       22
    strlen.o                       54
    zero_init3.o                   58
    ---------------------------------------------------
    Total:                      1'284

shb_l.a: [5]
    exit.o                         20
    ---------------------------------------------------
    Total:                         20

    Gaps                           45        8
    Linker created                          32    1'024
-------------------------------------------------------
    Grand Total:               59'225    7'217   11'069


*******************************************************************************
*** ENTRY LIST
***

Entry                       Address   Size  Type      Object
-----                       -------   ----  ----      ------
.iar.init_table$$Base    0x800'f57c          --   Gb  - Linker created -
.iar.init_table$$Limit   0x800'f59c          --   Gb  - Linker created -
?main                    0x800'f5dd         Code  Gb  cmain.o [4]
ADV_TRACE_Buffer        0x2000'1390  0x400  Data  Lc  user_adv_trace.o [1]
ADV_TRACE_Ctx           0x2000'266c   0x18  Data  Lc  user_adv_trace.o [1]
AHBPrescTable            0x800'f88c   0x10  Data  Gb  system_stm32l4xx.o [1]
APBPrescTable            0x800'fcbc    0x8  Data  Gb  system_stm32l4xx.o [1]
AT_CMD_Get_BR_Slave      0x800'1ab3   0x5a  Code  Gb  user_app_sensor.o [1]
AT_CMD_Get_Clo_Calib_Point
                         0x800'1f69  0x128  Code  Gb  user_app_sensor.o [1]
AT_CMD_Get_Clo_Const_Temp
                         0x800'1bb1   0x4c  Code  Gb  user_app_sensor.o [1]
AT_CMD_Get_Clo_Zero_Slope
                         0x800'1cad  0x116  Code  Gb  user_app_sensor.o [1]
AT_CMD_Get_ID_Slave      0x800'19b1   0x5a  Code  Gb  user_app_sensor.o [1]
AT_CMD_Reset_Slave       0x800'18c5   0x4a  Code  Gb  user_app_sensor.o [1]
AT_CMD_Restore_Slave     0x800'1935   0x66  Code  Gb  user_app_sensor.o [1]
AT_CMD_Set_BR_Slave      0x800'1b11   0xa0  Code  Gb  user_app_sensor.o [1]
AT_CMD_Set_Clo_Calib_Point
                         0x800'20c5  0x1f8  Code  Gb  user_app_sensor.o [1]
AT_CMD_Set_Clo_Const_Temp
                         0x800'1bfd   0xa2  Code  Gb  user_app_sensor.o [1]
AT_CMD_Set_Clo_Zero_Slope
                         0x800'1dd5  0x18e  Code  Gb  user_app_sensor.o [1]
AT_CMD_Set_ID_Slave      0x800'1a11   0xa2  Code  Gb  user_app_sensor.o [1]
AppComm_DBG_Init_RX_Mode
                         0x800'a3f5   0x1e  Code  Gb  user_app_comm.o [1]
AppComm_DBG_Init_Uart    0x800'a3ed    0x8  Code  Gb  user_app_comm.o [1]
AppComm_DBG_Rx_Callback
                         0x800'a41b  0x176  Code  Gb  user_app_comm.o [1]
AppComm_DBG_Stop_RX_Mode
                         0x800'a419    0x2  Code  Gb  user_app_comm.o [1]
AppComm_Get_Reset_Source
                         0x800'a3b5   0x38  Code  Gb  user_app_comm.o [1]
AppComm_IRQ_Timer_CallBack
                         0x800'a375    0xc  Code  Gb  user_app_comm.o [1]
AppComm_Init             0x800'a2b7   0x20  Code  Gb  user_app_comm.o [1]
AppComm_Set_Next_TxTimer
                         0x800'a39b    0x2  Code  Gb  user_app_comm.o [1]
AppComm_Task             0x800'a2d7   0x9e  Code  Gb  user_app_comm.o [1]
AppComm_Uart_Debug_Send
                         0x800'a39d   0x18  Code  Lc  user_app_comm.o [1]
AppRs485_Task            0x800'c40d   0x84  Code  Gb  user_app_rs485.o [1]
AppSensor_Task           0x800'2335   0x84  Code  Gb  user_app_sensor.o [1]
BUTTON_Down_Process      0x800'8561  0x1a4  Code  Gb  button.o [1]
BUTTON_ESC_Process       0x800'872d  0x420  Code  Gb  button.o [1]
BUTTON_Enter_Process     0x800'7c55  0x760  Code  Gb  button.o [1]
BUTTON_Process           0x800'7b21   0x34  Code  Gb  button.o [1]
BUTTON_Up_Process        0x800'83b5  0x1a6  Code  Gb  button.o [1]
BUTTON_scan              0x800'7b55   0xfe  Code  Gb  button.o [1]
BUTTON_scan::hold       0x2000'26d8    0x4  Data  Lc  button.o [1]
BUTTON_scan::last_value
                        0x2000'272e    0x1  Data  Lc  button.o [1]
BusFault_Handler         0x800'f30b    0x2  Code  Gb  stm32l4xx_it.o [1]
CSTACK$$Base            0x2000'2740          --   Gb  - Linker created -
CSTACK$$Limit           0x2000'2b40          --   Gb  - Linker created -
Cal_Time                 0x800'6b63   0x12  Code  Gb  user_util.o [1]
Calculator_Scale         0x800'3045   0x54  Code  Gb  user_convert_variable.o [1]
CheckList_AT_CONFIG     0x2000'0618  0x470  Data  Gb  user_at_serial.o [1]
Check_Time_Out           0x800'6b45   0x1e  Code  Gb  user_util.o [1]
Chlorine_Compensation_pH
                         0x800'0fdd  0x50c  Code  Gb  user_app_sensor.o [1]
Convert_Point_Int_To_String
                         0x800'3099   0xce  Code  Gb  user_convert_variable.o [1]
Convert_Point_Int_To_String_Scale
                         0x800'3167   0xea  Code  Gb  user_convert_variable.o [1]
Convert_Scale            0x800'6cb5   0x5c  Code  Gb  user_util.o [1]
Convert_String_To_Dec    0x800'33c1   0x5c  Code  Gb  user_convert_variable.o [1]
Convert_uint32Hex_To_Float
                         0x800'327d  0x144  Code  Gb  user_convert_variable.o [1]
CountBufferHandleRecvSS
                        0x2000'2728    0x2  Data  Gb  user_app_sensor.o [1]
DCU_Enter_Calib          0x800'1505  0x146  Code  Gb  user_app_sensor.o [1]
DCU_Log_DataCalib       0x2000'26fc    0x4  Data  Gb  user_app_sensor.o [1]
DCU_Log_KindCalib       0x2000'2735    0x1  Data  Gb  user_app_sensor.o [1]
DCU_Logdata_Calib        0x800'14e9   0x16  Code  Gb  user_app_sensor.o [1]
DMA1_Channel3_IRQHandler
                         0x800'f325    0xa  Code  Gb  stm32l4xx_it.o [1]
DMA1_Channel5_IRQHandler
                         0x800'f32f    0xa  Code  Gb  stm32l4xx_it.o [1]
DMA2_Channel7_IRQHandler
                         0x800'f357    0xa  Code  Gb  stm32l4xx_it.o [1]
DMA_SetConfig            0x800'697d   0x32  Code  Lc  stm32l4xx_hal_dma.o [1]
DaysInMonth              0x800'fc48    0xc  Data  Lc  user_rtc.o [1]
DaysInMonthLeapYear      0x800'fc54    0xc  Data  Lc  user_rtc.o [1]
DebugMon_Handler         0x800'f311    0x2  Code  Gb  stm32l4xx_it.o [1]
Display_Check_Password   0x800'464d   0x2e  Code  Gb  lcd_display.o [1]
Display_Check_Toggle     0x800'44dd   0xa2  Code  Gb  lcd_display.o [1]
Display_Check_Toggle::Hide
                        0x2000'23f0   0x60  Data  Lc  lcd_display.o [1]
Display_Check_Toggle::LandMarkToggle_u32
                        0x2000'1d90  0x180  Data  Lc  lcd_display.o [1]
Display_Init             0x800'3cf9   0xae  Code  Gb  lcd_display.o [1]
Display_Set_Screen       0x800'4617   0x36  Code  Gb  lcd_display.o [1]
Display_Set_Screen_Flag
                         0x800'45d1   0x46  Code  Gb  lcd_display.o [1]
Display_Show_Oject       0x800'413d  0x3a0  Code  Gb  lcd_display.o [1]
Display_Show_Screen      0x800'457f   0x52  Code  Gb  lcd_display.o [1]
Display_Show_State_Sensor_Network
                         0x800'468f   0x34  Code  Gb  lcd_display.o [1]
Display_Show_State_Setting
                         0x800'46c3   0x5c  Code  Gb  lcd_display.o [1]
Display_Show_Static_Param
                         0x800'467b   0x14  Code  Gb  lcd_display.o [1]
Display_Task             0x800'3da7   0x7e  Code  Gb  lcd_display.o [1]
Error_Handler            0x800'608b    0x4  Code  Gb  main.o [1]
FLASH_FlushCaches        0x800'7527   0x6a  Code  Gb  stm32l4xx_hal_flash_ex.o [1]
FLASH_PageErase          0x800'74fd   0x2a  Code  Gb  stm32l4xx_hal_flash_ex.o [1]
FLASH_Program_DoubleWord
                         0x800'748b   0x1a  Code  Lc  stm32l4xx_hal_flash.o [1]
FLASH_Program_Fast       0x800'74a5   0x32  Code  Lc  stm32l4xx_hal_flash.o [1]
FLASH_WaitForLastOperation
                         0x800'7425   0x66  Code  Gb  stm32l4xx_hal_flash.o [1]
Filter_Clo               0x800'0691   0xc0  Code  Gb  user_app_sensor.o [1]
Filter_Clo::P           0x2000'060c    0x4  Data  Lc  user_app_sensor.o [1]
Filter_Clo::x_est       0x2000'2700    0x4  Data  Lc  user_app_sensor.o [1]
Filter_Clo::x_est_last  0x2000'2704    0x4  Data  Lc  user_app_sensor.o [1]
Filter_Temp              0x800'0759    0x2  Code  Gb  user_app_sensor.o [1]
Find_String_V2           0x800'e04b  0x130  Code  Gb  user_string.o [1]
Find_str_fix             0x800'e19d   0x94  Code  Gb  user_string.o [1]
Font5x7                  0x800'ef60  0x214  Data  Lc  lcd_display.o [1]
Get_RTC                  0x800'c2e9   0x4e  Code  Gb  user_time.o [1]
HAL_DMA_Abort            0x800'67d9   0x54  Code  Gb  stm32l4xx_hal_dma.o [1]
HAL_DMA_Abort_IT         0x800'682d   0x5e  Code  Gb  stm32l4xx_hal_dma.o [1]
HAL_DMA_DeInit           0x800'666d   0xb8  Code  Gb  stm32l4xx_hal_dma.o [1]
HAL_DMA_IRQHandler       0x800'688b   0xf2  Code  Gb  stm32l4xx_hal_dma.o [1]
HAL_DMA_Init             0x800'658d   0xe0  Code  Gb  stm32l4xx_hal_dma.o [1]
HAL_DMA_Start_IT         0x800'6741   0x98  Code  Gb  stm32l4xx_hal_dma.o [1]
HAL_Delay                0x800'47b1   0x28  Code  Wk  stm32l4xx_hal.o [1]
HAL_FLASH_Lock           0x800'7417    0xe  Code  Gb  stm32l4xx_hal_flash.o [1]
HAL_FLASH_Program        0x800'7345   0xb0  Code  Gb  stm32l4xx_hal_flash.o [1]
HAL_FLASH_Unlock         0x800'73f5   0x22  Code  Gb  stm32l4xx_hal_flash.o [1]
HAL_GPIO_DeInit          0x800'2a77  0x166  Code  Gb  stm32l4xx_hal_gpio.o [1]
HAL_GPIO_Init            0x800'28b5  0x1c2  Code  Gb  stm32l4xx_hal_gpio.o [1]
HAL_GPIO_ReadPin         0x800'2bdd   0x16  Code  Gb  stm32l4xx_hal_gpio.o [1]
HAL_GPIO_WritePin        0x800'2bf3   0x18  Code  Gb  stm32l4xx_hal_gpio.o [1]
HAL_GetTick              0x800'5fc1    0xc  Code  Wk  stm32l4xx_hal.o [1]
HAL_IncTick              0x800'f38d   0x18  Code  Wk  stm32l4xx_hal.o [1]
HAL_Init                 0x800'9ce9   0x24  Code  Gb  stm32l4xx_hal.o [1]
HAL_InitTick             0x800'b5d5   0x60  Code  Wk  stm32l4xx_hal.o [1]
HAL_MspInit              0x800'b635   0x38  Code  Gb  stm32l4xx_hal_msp.o [1]
HAL_NVIC_DisableIRQ      0x800'6b07    0xe  Code  Gb  stm32l4xx_hal_cortex.o [1]
HAL_NVIC_EnableIRQ       0x800'6af9    0xe  Code  Gb  stm32l4xx_hal_cortex.o [1]
HAL_NVIC_SetPriority     0x800'6acf   0x2a  Code  Gb  stm32l4xx_hal_cortex.o [1]
HAL_NVIC_SetPriorityGrouping
                         0x800'6ac3    0xc  Code  Gb  stm32l4xx_hal_cortex.o [1]
HAL_PWREx_ControlVoltageScaling
                         0x800'a63d   0x76  Code  Gb  stm32l4xx_hal_pwr_ex.o [1]
HAL_PWREx_GetVoltageRange
                         0x800'a631    0xc  Code  Gb  stm32l4xx_hal_pwr_ex.o [1]
HAL_RCCEx_PeriphCLKConfig
                         0x800'60a5  0x34c  Code  Gb  stm32l4xx_hal_rcc_ex.o [1]
HAL_RCC_ClockConfig      0x800'9971  0x17a  Code  Gb  stm32l4xx_hal_rcc.o [1]
HAL_RCC_GetHCLKFreq      0x800'9bbf    0x6  Code  Gb  stm32l4xx_hal_rcc.o [1]
HAL_RCC_GetPCLK1Freq     0x800'9bc5   0x1a  Code  Gb  stm32l4xx_hal_rcc.o [1]
HAL_RCC_GetPCLK2Freq     0x800'9bdf   0x1a  Code  Gb  stm32l4xx_hal_rcc.o [1]
HAL_RCC_GetResetSource   0x800'9c09   0x12  Code  Gb  stm32l4xx_hal_rcc.o [1]
HAL_RCC_GetSysClockFreq
                         0x800'9aeb   0xd4  Code  Gb  stm32l4xx_hal_rcc.o [1]
HAL_RCC_OscConfig        0x800'92e9  0x688  Code  Gb  stm32l4xx_hal_rcc.o [1]
HAL_RTCEx_AlarmBEventCallback
                         0x800'e049    0x2  Code  Wk  stm32l4xx_hal_rtc_ex.o [1]
HAL_RTCEx_EnableBypassShadow
                         0x800'e44d   0x48  Code  Gb  stm32l4xx_hal_rtc_ex.o [1]
HAL_RTC_AlarmAEventCallback
                         0x800'ddb1    0xc  Code  Gb  user_rtc.o [1]
HAL_RTC_AlarmIRQHandler
                         0x800'bc71   0x60  Code  Gb  stm32l4xx_hal_rtc.o [1]
HAL_RTC_DeactivateAlarm
                         0x800'bb97   0xda  Code  Gb  stm32l4xx_hal_rtc.o [1]
HAL_RTC_GetDate          0x800'b95f   0x52  Code  Gb  stm32l4xx_hal_rtc.o [1]
HAL_RTC_GetTime          0x800'b82d   0x66  Code  Gb  stm32l4xx_hal_rtc.o [1]
HAL_RTC_Init             0x800'b66d   0xca  Code  Gb  stm32l4xx_hal_rtc.o [1]
HAL_RTC_MspInit          0x800'a031   0x50  Code  Gb  rtc.o [1]
HAL_RTC_SetAlarm_IT      0x800'b9b1  0x1e6  Code  Gb  stm32l4xx_hal_rtc.o [1]
HAL_RTC_SetDate          0x800'b893   0xcc  Code  Gb  stm32l4xx_hal_rtc.o [1]
HAL_RTC_SetTime          0x800'b737   0xf6  Code  Gb  stm32l4xx_hal_rtc.o [1]
HAL_RTC_WaitForSynchro   0x800'bcd1   0x2e  Code  Gb  stm32l4xx_hal_rtc.o [1]
HAL_SPI_Init             0x800'adf5   0xf8  Code  Gb  stm32l4xx_hal_spi.o [1]
HAL_SPI_MspInit          0x800'a0dd   0x62  Code  Gb  spi.o [1]
HAL_SPI_Transmit         0x800'aeed  0x1fe  Code  Gb  stm32l4xx_hal_spi.o [1]
HAL_SYSTICK_Config       0x800'6b15    0xc  Code  Gb  stm32l4xx_hal_cortex.o [1]
HAL_UARTEx_ReceiveToIdle_DMA
                         0x800'9275   0x70  Code  Gb  stm32l4xx_hal_uart_ex.o [1]
HAL_UARTEx_RxEventCallback
                         0x800'9183   0x3e  Code  Gb  user_uart.o [1]
HAL_UARTEx_WakeupCallback
                         0x800'92e5    0x2  Code  Wk  stm32l4xx_hal_uart_ex.o [1]
HAL_UART_ErrorCallback   0x800'91c1   0x3e  Code  Gb  user_uart.o [1]
HAL_UART_IRQHandler      0x800'497d  0x35c  Code  Gb  stm32l4xx_hal_uart.o [1]
HAL_UART_Init            0x800'47d9   0x7a  Code  Gb  stm32l4xx_hal_uart.o [1]
HAL_UART_MspDeInit       0x800'2f09   0x80  Code  Gb  usart.o [1]
HAL_UART_MspInit         0x800'2ce5  0x224  Code  Gb  usart.o [1]
HAL_UART_Receive_IT      0x800'491f   0x5e  Code  Gb  stm32l4xx_hal_uart.o [1]
HAL_UART_RxCpltCallback
                         0x800'914d   0x36  Code  Gb  user_uart.o [1]
HAL_UART_Transmit        0x800'4853   0xcc  Code  Gb  stm32l4xx_hal_uart.o [1]
Handle_Data_Measure      0x800'0445   0xd0  Code  Gb  user_app_sensor.o [1]
Handle_Data_Recv_SS_Clo
                         0x800'0901  0x1b2  Code  Gb  user_app_sensor.o [1]
Handle_Data_Recv_Sensor
                         0x800'076d   0x20  Code  Gb  user_app_sensor.o [1]
Handle_Data_Trans_SS_Clo
                         0x800'07a1  0x14c  Code  Gb  user_app_sensor.o [1]
Handle_Data_Trans_Sensor
                         0x800'075b   0x12  Code  Gb  user_app_sensor.o [1]
Handle_Float_To_hexUint32
                         0x800'377d   0x24  Code  Gb  user_convert_variable.o [1]
Handle_HexFloat_To_Int32_Round
                         0x800'3429  0x14c  Code  Gb  user_convert_variable.o [1]
Handle_State_SS_Clo      0x800'0ab3   0x78  Code  Gb  user_app_sensor.o [1]
Handle_State_Sensor      0x800'078d   0x14  Code  Gb  user_app_sensor.o [1]
Handle_int32_To_Float_Scale
                         0x800'35a1  0x1ac  Code  Gb  user_convert_variable.o [1]
HardFault_Handler        0x800'f307    0x2  Code  Gb  stm32l4xx_it.o [1]
IndexUartError          0x2000'273f    0x1  Data  Lc  user_uart.o [1]
Init_AppRs485            0x800'c3f7   0x16  Code  Gb  user_app_rs485.o [1]
Init_AppSensor           0x800'22c9   0x6a  Code  Gb  user_app_sensor.o [1]
Init_Chlorine_Calib      0x800'0c85   0xb6  Code  Gb  user_app_sensor.o [1]
Init_Chlorine_PointCalib_1
                         0x800'0e99  0x114  Code  Gb  user_app_sensor.o [1]
Init_Const_Temp_Compensation_Chlorine
                         0x800'0b6f   0x3e  Code  Gb  user_app_sensor.o [1]
Init_InforSlaveModbusRTU
                         0x800'5b37   0x30  Code  Gb  user_app_modbus_rtu.o [1]
Init_ParamCalib          0x800'17f1   0x96  Code  Gb  user_app_sensor.o [1]
Init_Parameter_Sensor    0x800'18ad    0xe  Code  Gb  user_app_sensor.o [1]
Init_UartRs485           0x800'c3b9   0x3e  Code  Gb  user_app_rs485.o [1]
Insert_String_To_String
                         0x800'3251   0x2a  Code  Gb  user_convert_variable.o [1]
LPUART1_IRQHandler       0x800'f361    0xa  Code  Gb  stm32l4xx_it.o [1]
Liberation_Sans15x21_Numbers
                         0x800'ed38  0x228  Data  Lc  lcd_display.o [1]
MSIRangeTable            0x800'f484   0x30  Data  Gb  system_stm32l4xx.o [1]
MX_DMA_Init              0x800'9edd   0x60  Code  Gb  dma.o [1]
MX_GPIO_Init             0x800'9d0d  0x1d0  Code  Gb  gpio.o [1]
MX_LPUART1_UART_Init     0x800'2c35   0x38  Code  Gb  usart.o [1]
MX_RTC_Init              0x800'9f3d   0xf4  Code  Gb  rtc.o [1]
MX_SPI2_Init             0x800'a08d   0x50  Code  Gb  spi.o [1]
MX_USART1_UART_Init      0x800'2c6d   0x3c  Code  Gb  usart.o [1]
MX_USART3_UART_Init      0x800'2ca9   0x3c  Code  Gb  usart.o [1]
Main_Task                0x800'a25d   0x5a  Code  Gb  user_app_comm.o [1]
MemManage_Handler        0x800'f309    0x2  Code  Gb  stm32l4xx_it.o [1]
ModRTU_CRC               0x800'252b   0x3c  Code  Gb  user_modbus_rtu.o [1]
ModRTU_Master_Read_Frame
                         0x800'2567   0x9c  Code  Gb  user_modbus_rtu.o [1]
ModRTU_Master_Write_Frame
                         0x800'2603   0xe8  Code  Gb  user_modbus_rtu.o [1]
ModRTU_Slave_ACK_Read_Frame
                         0x800'26eb   0xa2  Code  Gb  user_modbus_rtu.o [1]
ModRTU_Slave_ACK_Write_Frame
                         0x800'278d   0xee  Code  Gb  user_modbus_rtu.o [1]
Modem_Check_AT           0x800'c10d  0x1dc  Code  Gb  user_at_serial.o [1]
Modem_Check_RTU          0x800'5b67  0x37e  Code  Gb  user_app_modbus_rtu.o [1]
NMI_Handler              0x800'f305    0x2  Code  Gb  stm32l4xx_it.o [1]
NONE_Register_CallBack   0x800'57a1    0x6  Code  Gb  user_app_modbus_rtu.o [1]
NVIC_EncodePriority      0x800'6a53   0x40  Code  Lc  stm32l4xx_hal_cortex.o [1]
OldPosDMADebug          0x2000'2724    0x2  Data  Lc  user_app_comm.o [1]
Old_Value_f             0x2000'26dc    0x4  Data  Gb  button.o [1]
Old_Value_i16           0x2000'2720    0x2  Data  Gb  button.o [1]
On_Speaker               0x800'407b   0x24  Code  Gb  lcd_display.o [1]
OnchipFlashPageErase     0x800'382d   0x5a  Code  Gb  onchipflash.o [1]
OnchipFlashWriteData     0x800'37a1   0x8c  Code  Gb  onchipflash.o [1]
PendSV_Handler           0x800'f313    0x2  Code  Gb  stm32l4xx_it.o [1]
PortConfig              0x2000'2739    0x1  Data  Gb  user_at_serial.o [1]
RC                       0x800'e17b   0x22  Code  Gb  user_string.o [1]
RCCEx_PLLSAI1_Config     0x800'6405  0x16e  Code  Lc  stm32l4xx_hal_rcc_ex.o [1]
RCC_SetFlashLatencyFromMSIRange
                         0x800'9c21   0x8a  Code  Lc  stm32l4xx_hal_rcc.o [1]
RS485SS_Init_Data        0x800'2fd1   0x10  Code  Gb  user_connect_sensor.o [1]
RS485SS_Init_RX_Mode     0x800'2fe1   0x1e  Code  Gb  user_connect_sensor.o [1]
RS485SS_Rx_Callback      0x800'3001   0x34  Code  Gb  user_connect_sensor.o [1]
RS485SS_Stop_RX_Mode     0x800'2fff    0x2  Code  Gb  user_connect_sensor.o [1]
RS485_Done_Calib         0x800'164b   0x16  Code  Gb  user_app_sensor.o [1]
RS485_Init_RX_Mode       0x800'b329   0x1e  Code  Gb  user_rs485.o [1]
RS485_Rx_Callback        0x800'b349   0x3c  Code  Gb  user_rs485.o [1]
RS485_Stop_RX_Mode       0x800'b347    0x2  Code  Gb  user_rs485.o [1]
RTC_AlarmStructure      0x2000'2528   0x2c  Data  Lc  user_rtc.o [1]
RTC_Alarm_IRQHandler     0x800'f34d    0xa  Code  Gb  stm32l4xx_it.o [1]
RTC_Bcd2ToByte           0x800'bde5   0x16  Code  Gb  stm32l4xx_hal_rtc.o [1]
RTC_ByteToBcd2           0x800'bdc9   0x1c  Code  Gb  stm32l4xx_hal_rtc.o [1]
RTC_EnterInitMode        0x800'bcff   0x4c  Code  Gb  stm32l4xx_hal_rtc.o [1]
RTC_ExitInitMode         0x800'bd4b   0x58  Code  Gb  stm32l4xx_hal_rtc.o [1]
RTC_GetCalendarValue     0x800'df83   0x90  Code  Lc  user_rtc.o [1]
RTC_IF_Convert_Tick2ms   0x800'dda1   0x10  Code  Gb  user_rtc.o [1]
RTC_IF_Convert_ms2Tick   0x800'dd8f   0x12  Code  Gb  user_rtc.o [1]
RTC_IF_GetMinimumTimeout
                         0x800'dd8b    0x4  Code  Gb  user_rtc.o [1]
RTC_IF_GetTimerContext   0x800'dd4f    0x8  Code  Gb  user_rtc.o [1]
RTC_IF_GetTimerElapsedTime
                         0x800'dd57   0x16  Code  Gb  user_rtc.o [1]
RTC_IF_GetTimerValue     0x800'dd6d   0x1e  Code  Gb  user_rtc.o [1]
RTC_IF_Init              0x800'dcd9   0x30  Code  Gb  user_rtc.o [1]
RTC_IF_SetTimerContext   0x800'dd39   0x16  Code  Gb  user_rtc.o [1]
RTC_IF_StartTimer        0x800'dd09    0xe  Code  Gb  user_rtc.o [1]
RTC_IF_StopTimer         0x800'dd17   0x22  Code  Gb  user_rtc.o [1]
RTC_Initalized          0x2000'273e    0x1  Data  Lc  user_rtc.o [1]
RTC_StartWakeUpAlarm     0x800'ddbd  0x1c6  Code  Lc  user_rtc.o [1]
ReInit_Rx_Mode_Uart_Error
                         0x800'91ff   0x5a  Code  Gb  user_uart.o [1]
Read_Register_Rs485      0x800'166d   0x66  Code  Gb  user_app_sensor.o [1]
Region$$Table$$Base      0x800'f57c          --   Gb  - Linker created -
Region$$Table$$Limit     0x800'f59c          --   Gb  - Linker created -
Reset_Buff               0x800'6bd5   0x24  Code  Gb  user_util.o [1]
Rs485SSStatus_u8        0x2000'273b    0x1  Data  Gb  user_connect_sensor.o [1]
Rs485Status_u8          0x2000'273d    0x1  Data  Gb  user_rs485.o [1]
RtCountSystick_u32      0x2000'2710    0x4  Data  Gb  user_util.o [1]
RtcTimerContext         0x2000'2638   0x1c  Data  Lc  user_rtc.o [1]
SPI_EndRxTxTransaction   0x800'b2b5   0x6a  Code  Lc  stm32l4xx_hal_spi.o [1]
SPI_WaitFifoStateUntilTimeout
                         0x800'b1c3   0xee  Code  Lc  stm32l4xx_hal_spi.o [1]
SPI_WaitFlagStateUntilTimeout
                         0x800'b0eb   0xd8  Code  Lc  stm32l4xx_hal_spi.o [1]
SVC_Handler              0x800'f30f    0x2  Code  Gb  stm32l4xx_it.o [1]
Save_Array               0x800'388d   0x86  Code  Gb  onchipflash.o [1]
Save_Chlorine_Calib      0x800'0bb1   0xce  Code  Gb  user_app_sensor.o [1]
Save_Chlorine_PointCalib
                         0x800'0d49  0x13c  Code  Gb  user_app_sensor.o [1]
Save_Const_Temp_Compensation_Chlorine
                         0x800'0b2b   0x44  Code  Gb  user_app_sensor.o [1]
Save_InforSlaveModbusRTU
                         0x800'5af3   0x44  Code  Gb  user_app_modbus_rtu.o [1]
Save_ParamCalib          0x800'1725   0xba  Code  Gb  user_app_sensor.o [1]
Send_RS458_Master        0x800'5abb   0x38  Code  Gb  user_app_modbus_rtu.o [1]
Send_RS458_Sensor        0x800'16d3   0x40  Code  Gb  user_app_sensor.o [1]
SysApp_Init              0x800'a211    0xc  Code  Gb  user_app_comm.o [1]
SysApp_Setting           0x800'a21d   0x40  Code  Gb  user_app_comm.o [1]
SysTick_Config           0x800'6a93   0x30  Code  Lc  stm32l4xx_hal_cortex.o [1]
SysTick_Handler          0x800'f315   0x10  Code  Gb  stm32l4xx_it.o [1]
SystemClock_Config       0x800'5ff9   0x92  Code  Gb  main.o [1]
SystemCoreClock         0x2000'03fc    0x4  Data  Gb  system_stm32l4xx.o [1]
SystemInit               0x800'fa7d    0xc  Code  Gb  system_stm32l4xx.o [1]
TRACE_AllocateBufer      0x800'b4f9   0xa2  Code  Lc  user_adv_trace.o [1]
TRACE_IsLocked           0x800'b5af   0x10  Code  Lc  user_adv_trace.o [1]
TRACE_Lock               0x800'b59b    0xa  Code  Lc  user_adv_trace.o [1]
TRACE_Send               0x800'b473   0x84  Code  Lc  user_adv_trace.o [1]
TRACE_UnLock             0x800'b5a5    0xa  Code  Lc  user_adv_trace.o [1]
TimerExists              0x800'c075   0x1a  Code  Gb  user_timer.o [1]
TimerInsertNewHeadTimer
                         0x800'c0e9   0x1c  Code  Gb  user_timer.o [1]
TimerInsertTimer         0x800'c0bb   0x2e  Code  Gb  user_timer.o [1]
TimerListHead           0x2000'270c    0x4  Data  Lc  user_timer.o [1]
TimerSetTimeout          0x800'c08f   0x2c  Code  Gb  user_timer.o [1]
TimerTx                 0x2000'2684   0x18  Data  Lc  user_app_comm.o [1]
TxCpltCallback          0x2000'26f4    0x4  Data  Lc  user_app_comm.o [1]
UART_AdvFeatureConfig    0x800'4fd5   0xda  Code  Gb  stm32l4xx_hal_uart.o [1]
UART_CheckIdleState      0x800'50af   0xd2  Code  Gb  stm32l4xx_hal_uart.o [1]
UART_DMAAbortOnError     0x800'5561   0x1a  Code  Lc  stm32l4xx_hal_uart.o [1]
UART_DMAError            0x800'5511   0x50  Code  Lc  stm32l4xx_hal_uart.o [1]
UART_DMAReceiveCplt      0x800'5445   0xa2  Code  Lc  stm32l4xx_hal_uart.o [1]
UART_DMARxHalfCplt       0x800'54e9   0x28  Code  Lc  stm32l4xx_hal_uart.o [1]
UART_EndRxTransfer       0x800'53e7   0x5e  Code  Lc  stm32l4xx_hal_uart.o [1]
UART_EndTransmit_IT      0x800'557b   0x2a  Code  Lc  stm32l4xx_hal_uart.o [1]
UART_EndTxTransfer       0x800'53cb   0x1c  Code  Lc  stm32l4xx_hal_uart.o [1]
UART_RxISR_16BIT         0x800'5699   0xee  Code  Lc  stm32l4xx_hal_uart.o [1]
UART_RxISR_8BIT          0x800'55a5   0xec  Code  Lc  stm32l4xx_hal_uart.o [1]
UART_SetConfig           0x800'4cdd  0x2ec  Code  Gb  stm32l4xx_hal_uart.o [1]
UART_Start_Receive_DMA   0x800'530f   0xbc  Code  Gb  stm32l4xx_hal_uart.o [1]
UART_Start_Receive_IT    0x800'521f   0xf0  Code  Gb  stm32l4xx_hal_uart.o [1]
UART_WaitOnFlagUntilTimeout
                         0x800'5181   0x9e  Code  Gb  stm32l4xx_hal_uart.o [1]
USART1_IRQHandler        0x800'f339    0xa  Code  Gb  stm32l4xx_it.o [1]
USART3_IRQHandler        0x800'f343    0xa  Code  Gb  stm32l4xx_it.o [1]
UTIL_ADV_TRACE_COND_FSend
                         0x800'b399   0xda  Code  Gb  user_adv_trace.o [1]
UTIL_Log_Str             0x800'6c59   0x36  Code  Gb  user_util.o [1]
UTIL_MEM_cpy             0x800'6c95   0x1e  Code  Gb  user_util.o [1]
UTIL_MEM_set             0x800'6bf9   0x18  Code  Gb  user_util.o [1]
UTIL_Printf              0x800'6c11   0x2c  Code  Gb  user_util.o [1]
UTIL_Printf_Str          0x800'6c3d   0x1c  Code  Gb  user_util.o [1]
UTIL_TIMER_Create        0x800'be11   0x4c  Code  Gb  user_timer.o [1]
UTIL_TIMER_IRQ_Handler   0x800'bfc3   0xb2  Code  Gb  user_timer.o [1]
UTIL_TIMER_Init          0x800'bdfd   0x14  Code  Gb  user_timer.o [1]
UTIL_TIMER_SetPeriod     0x800'bf89   0x3a  Code  Gb  user_timer.o [1]
UTIL_TIMER_Start         0x800'be5d   0x92  Code  Gb  user_timer.o [1]
UTIL_TIMER_Stop          0x800'beef   0x9a  Code  Gb  user_timer.o [1]
UTIL_TimerDriver         0x800'f4b4   0x2c  Data  Gb  user_rtc.o [1]
UTIL_TraceDriver         0x800'fad4    0xc  Data  Gb  user_app_comm.o [1]
Uart485RxByte           0x2000'273c    0x1  Data  Lc  user_rs485.o [1]
Uart485SSRxByte         0x2000'273a    0x1  Data  Lc  user_connect_sensor.o [1]
UartDebugBuff           0x2000'0ae0  0x4b0  Data  Gb  user_app_comm.o [1]
UartDebugCountFail      0x2000'272c    0x2  Data  Lc  user_uart.o [1]
UartDebugRxByte         0x2000'2732    0x1  Data  Gb  user_app_comm.o [1]
Update_ParaDisplay       0x800'40a1   0x96  Code  Gb  lcd_display.o [1]
UsageFault_Handler       0x800'f30d    0x2  Code  Gb  stm32l4xx_it.o [1]
User_RTC_Init            0x800'dca1   0x38  Code  Lc  user_rtc.o [1]
UtilFloatToString        0x800'6d11   0x2e  Code  Gb  user_util.o [1]
UtilIntToStringWithScale
                         0x800'6b75   0x60  Code  Gb  user_util.o [1]
VLevelDebug             0x2000'0adc    0x1  Data  Gb  user_util.o [1]
_Cb_Display_Auto_SW      0x800'3f9b   0x7e  Code  Lc  lcd_display.o [1]
_Cb_Display_Auto_SW::MarkButtPressed
                        0x2000'2731    0x1  Data  Lc  lcd_display.o [1]
_Cb_Display_Auto_SW::cNext
                        0x2000'2722    0x2  Data  Lc  lcd_display.o [1]
_Cb_Display_Init         0x800'3e25   0x52  Code  Lc  lcd_display.o [1]
_Cb_Display_Logo         0x800'3e77   0xa8  Code  Lc  lcd_display.o [1]
_Cb_Display_Logo::step_u8
                        0x2000'272f    0x1  Data  Lc  lcd_display.o [1]
_Cb_Display_Show         0x800'3f1f   0x7c  Code  Lc  lcd_display.o [1]
_Cb_Display_Show::LandMarkChange_u32
                        0x2000'26ec    0x4  Data  Lc  lcd_display.o [1]
_Cb_Display_Show::ScreenLast
                        0x2000'2730    0x1  Data  Lc  lcd_display.o [1]
_Cb_HandLer_IDLE         0x800'a1ff    0x6  Code  Lc  user_app_comm.o [1]
_Cb_Off_Speaker          0x800'4065   0x16  Code  Lc  lcd_display.o [1]
_Cb_R_ModbusRTU_REG_Baudrate
                         0x800'584d   0x2e  Code  Gb  user_app_modbus_rtu.o [1]
_Cb_R_ModbusRTU_REG_Clo_Measure
                         0x800'58e9   0x5a  Code  Gb  user_app_modbus_rtu.o [1]
_Cb_R_ModbusRTU_REG_ID   0x800'57a7   0x2e  Code  Gb  user_app_modbus_rtu.o [1]
_Cb_R_ModbusRTU_REG_Temp_Measure
                         0x800'5943   0x5a  Code  Gb  user_app_modbus_rtu.o [1]
_Cb_R_ModbusRTU_REG_pH_Compensation
                         0x800'599d   0x5a  Code  Gb  user_app_modbus_rtu.o [1]
_Cb_Save_Box             0x800'a20b    0x6  Code  Lc  user_app_comm.o [1]
_Cb_Set_RTC              0x800'a1e3   0x1c  Code  Lc  user_app_comm.o [1]
_Cb_TX_Timer_Event       0x800'a381   0x1a  Code  Lc  user_app_comm.o [1]
_Cb_Timer_IRQ            0x800'a155    0xc  Code  Lc  user_app_comm.o [1]
_Cb_Tx_Timer             0x800'a205    0x6  Code  Lc  user_app_comm.o [1]
_Cb_Uart_Error           0x800'a1d7    0xc  Code  Lc  user_app_comm.o [1]
_Cb_Uart_Rx_Debug        0x800'a161   0x76  Code  Lc  user_app_comm.o [1]
_Cb_Uart_Rx_Debug::LastLengthRecv
                        0x2000'2726    0x2  Data  Lc  user_app_comm.o [1]
_Cb_Uart_Rx_Debug::MarkFirstRecvUart
                        0x2000'2733    0x1  Data  Lc  user_app_comm.o [1]
_Cb_W_ModbusRTU_REG_Baudrate
                         0x800'587b   0x6e  Code  Gb  user_app_modbus_rtu.o [1]
_Cb_W_ModbusRTU_REG_ID   0x800'57d5   0x78  Code  Gb  user_app_modbus_rtu.o [1]
_Cb_W_ModbusRTU_REG_pH_Compensation
                         0x800'59f7   0xc4  Code  Gb  user_app_modbus_rtu.o [1]
_Cb_button_detect        0x800'404d   0x18  Code  Lc  lcd_display.o [1]
_Cb_button_scan          0x800'4019   0x34  Code  Lc  lcd_display.o [1]
_LitobFullNoMb           0x800'd271  0x10a  Code  Lc  xprintffull_nomb.o [2]
_Locale_lconv           0x2000'0aa0   0x38  Data  Lc  xlocale_c.o [2]
_PrintfFullNoMb          0x800'c4b1  0xd9c  Code  Gb  xprintffull_nomb.o [2]
_PutcharFullNoMb         0x800'd3e1   0x20  Code  Lc  xprintffull_nomb.o [2]
_PutcharsFullNoMb        0x800'd401   0x2e  Code  Lc  xprintffull_nomb.o [2]
_SProut                  0x800'3913    0xa  Code  Gb  xsprout.o [2]
__NVIC_DisableIRQ        0x800'6a01   0x26  Code  Lc  stm32l4xx_hal_cortex.o [1]
__NVIC_EnableIRQ         0x800'69e1   0x20  Code  Lc  stm32l4xx_hal_cortex.o [1]
__NVIC_GetPriorityGrouping
                         0x800'69d3    0xc  Code  Lc  stm32l4xx_hal_cortex.o [1]
__NVIC_SetPriority       0x800'6a27   0x2c  Code  Lc  stm32l4xx_hal_cortex.o [1]
__NVIC_SetPriorityGrouping
                         0x800'69b1   0x22  Code  Lc  stm32l4xx_hal_cortex.o [1]
__aeabi_cdcmpeq          0x800'd479         Code  Gb  DblCmpEq.o [3]
__aeabi_cdcmple          0x800'd509         Code  Gb  DblCmpLe.o [3]
__aeabi_cdrcmple         0x800'd539         Code  Gb  DblCmpGe.o [3]
__aeabi_d2f              0x800'3c91         Code  Gb  DblToFlt.o [3]
__aeabi_d2iz             0x800'7309         Code  Gb  DblToS32.o [3]
__aeabi_d2uiz            0x800'e41d         Code  Gb  DblToU32.o [3]
__aeabi_dadd             0x800'718d         Code  Gb  DblAdd.o [3]
__aeabi_ddiv             0x800'3a49         Code  Gb  DblDiv.o [3]
__aeabi_dmul             0x800'6fe9         Code  Gb  DblMul.o [3]
__aeabi_dsub             0x800'3965         Code  Gb  DblSub.o [3]
__aeabi_f2d              0x800'391d         Code  Gb  FltToDbl.o [3]
__aeabi_i2d              0x800'6fad         Code  Gb  S32ToDbl.o [3]
__aeabi_ldiv0            0x800'a705         Code  Gb  I64DivZer.o [4]
__aeabi_memcpy           0x800'5f19         Code  Gb  ABImemcpy.o [4]
__aeabi_memcpy4          0x800'5f39         Code  Gb  ABImemcpy.o [4]
__aeabi_memcpy8          0x800'5f39         Code  Gb  ABImemcpy.o [4]
__aeabi_memset           0x800'24c5         Code  Gb  ABImemset.o [4]
__aeabi_ui2d             0x800'6f91         Code  Gb  U32ToDbl.o [3]
__aeabi_uldivmod         0x800'6d61         Code  Gb  I64DivMod.o [4]
__cmain                  0x800'f5dd         Code  Gb  cmain.o [4]
__exit                   0x800'e49d   0x14  Code  Gb  exit.o [5]
__iar_Exp64              0x800'd569  0x388  Code  Gb  iar_Exp64.o [3]
__iar_Fail_s             0x800'e249   0x1c  Code  Gb  xfail_s.o [2]
__iar_Memchr             0x800'e289         Code  Gb  memchr.o [4]
__iar_Memset             0x800'24c5         Code  Gb  ABImemset.o [4]
__iar_Memset_word        0x800'24cd         Code  Gb  ABImemset.o [4]
__iar_Strchr             0x800'e231         Code  Gb  strchr.o [4]
__iar_dadd               0x800'3975         Code  Gb  DblSub.o [3]
__iar_data_init3         0x800'f531   0x28  Code  Gb  data_init.o [4]
__iar_dsub               0x800'719d         Code  Gb  DblAdd.o [3]
__iar_dsubStart          0x800'71af         Code  Gb  DblAdd.o [3]
__iar_frexp              0x800'd4a5         Code  Gb  frexp.o [3]
__iar_frexpl             0x800'd4a5         Code  Gb  frexp.o [3]
__iar_init_vfp           0x800'f559         Code  Gb  fpinit_M.o [3]
__iar_ldexp64            0x800'e2e1         Code  Gb  ldexp.o [3]
__iar_lz77_init_single3
                         0x800'f3a5   0x78  Code  Gb  lz77_init_single.o [4]
__iar_pow64              0x800'a709  0x6ec  Code  Gb  pow64.o [3]
__iar_pow_medium         0x800'a709  0x6ec  Code  Gb  pow64.o [3]
__iar_pow_medium64       0x800'a709  0x6ec  Code  Gb  pow64.o [3]
__iar_pow_mediuml        0x800'a709  0x6ec  Code  Gb  pow64.o [3]
__iar_program_start      0x800'fc61         Code  Gb  cstartup_M.o [4]
__iar_scalbln64          0x800'e2e1         Code  Gb  ldexp.o [3]
__iar_scalbn64           0x800'e2e1         Code  Gb  ldexp.o [3]
__iar_softfp___iar_frexp64
                         0x800'd499         Code  Gb  frexp.o [3]
__iar_softfp_frexp       0x800'd499         Code  Gb  frexp.o [3]
__iar_softfp_frexpl      0x800'd499         Code  Gb  frexp.o [3]
__iar_vfp_pow            0x800'6fd7   0x10  Code  Gb  math_wrappers64.o [3]
__iar_zero_init3         0x800'287b   0x3a  Code  Gb  zero_init3.o [4]
__low_level_init         0x800'f5fb    0x4  Code  Gb  low_level_init.o [2]
__vector_table           0x800'0000         Data  Gb  startup_stm32l433xx.o [1]
_call_main               0x800'f5e9         Code  Gb  cmain.o [4]
_exit                    0x800'f605         Code  Gb  cexit.o [4]
_main                    0x800'f5f7         Code  Gb  cmain.o [4]
aAT_CMD                 0x2000'22a8   0x80  Data  Lc  user_at_serial.o [1]
aBaudrate_value         0x2000'04f8   0x2c  Data  Gb  user_app_modbus_rtu.o [1]
aDATA_CALIB             0x2000'26f8    0x4  Data  Gb  user_app_sensor.o [1]
aDATA_CONFIG            0x2000'20a8   0x80  Data  Lc  user_app_modbus_rtu.o [1]
aDATA_CONFIG            0x2000'2228   0x80  Data  Lc  user_at_serial.o [1]
aDATA_LOG_REGISTER      0x2000'2128   0x80  Data  Lc  user_app_modbus_rtu.o [1]
aPASSWORD               0x2000'0084    0x4  Data  Gb  lcd_display.o [1]
aSTT_SETTING_DONE       0x2000'00b8   0x10  Data  Gb  lcd_display.o [1]
aSTT_SETTING_ENTER      0x2000'0098   0x10  Data  Gb  lcd_display.o [1]
aSTT_SETTING_ERROR      0x2000'00c8   0x10  Data  Gb  lcd_display.o [1]
aSTT_SETTING_FREE       0x2000'0088   0x10  Data  Gb  lcd_display.o [1]
aSTT_SETTING_WAIT       0x2000'00a8   0x10  Data  Gb  lcd_display.o [1]
aSampling_STT           0x2000'2554   0x28  Data  Gb  user_app_sensor.o [1]
aSampling_VALUE         0x2000'257c   0x28  Data  Gb  user_app_sensor.o [1]
aTEST                   0x2000'0000    0xc  Data  Lc  button.o [1]
aUART_485SS_DATA        0x2000'1990  0x200  Data  Lc  user_connect_sensor.o [1]
aUART_485_DATA          0x2000'1b90  0x200  Data  Lc  user_rs485.o [1]
aUART_DBG_DMA_RX        0x2000'238c   0x64  Data  Lc  user_app_comm.o [1]
abort                    0x800'e495    0x6  Code  Gb  abort.o [2]
abs                      0x800'b31f    0x8  Code  Gb  abs.o [2]
aframe                  0x2000'21a8   0x80  Data  Gb  user_app_modbus_rtu.o [1]
bmp_SV_logo_12864        0x800'e938  0x400  Data  Gb  unit_tests.o [1]
charNotDetectPress      0x2000'0ada    0x1  Data  Lc  lcd_display.o [1]
delay_ms                 0x800'7631    0xc  Code  Gb  STM32L4.o [1]
ee_number                0x800'd979  0x146  Code  Lc  user_tiny_vsnprintf.o [1]
ee_skip_atoi             0x800'd951   0x28  Code  Lc  user_tiny_vsnprintf.o [1]
exit                     0x800'f5ff    0x4  Code  Gb  exit.o [2]
fevent_active            0x800'2471   0x1e  Code  Gb  event_driven.o [1]
fevent_detect_ph_recv    0x800'0339   0x1c  Code  Lc  user_app_sensor.o [1]
fevent_disable           0x800'24b3   0x12  Code  Gb  event_driven.o [1]
fevent_enable            0x800'248f   0x24  Code  Gb  event_driven.o [1]
fevent_refresh_wdg_hard
                         0x800'0369   0x52  Code  Lc  user_app_sensor.o [1]
fevent_refresh_wdg_hard::state
                        0x2000'2736    0x1  Data  Lc  user_app_sensor.o [1]
fevent_rs485_entry       0x800'c341    0x6  Code  Lc  user_app_rs485.o [1]
fevent_rs485_init_uart   0x800'c347   0x2e  Code  Lc  user_app_rs485.o [1]
fevent_rs485_init_uart::stamp
                        0x2000'2734    0x1  Data  Lc  user_app_rs485.o [1]
fevent_rs485_receive_complete
                         0x800'c375   0x24  Code  Lc  user_app_rs485.o [1]
fevent_rs485_refresh     0x800'c399   0x20  Code  Lc  user_app_rs485.o [1]
fevent_sensor_entry      0x800'018d   0x12  Code  Lc  user_app_sensor.o [1]
fevent_sensor_receive_complete
                         0x800'026f   0xb6  Code  Lc  user_app_sensor.o [1]
fevent_sensor_receive_handle
                         0x800'022f   0x40  Code  Lc  user_app_sensor.o [1]
fevent_sensor_reset      0x800'03bb   0x88  Code  Lc  user_app_sensor.o [1]
fevent_sensor_reset::state
                        0x2000'2737    0x1  Data  Lc  user_app_sensor.o [1]
fevent_sensor_transmit   0x800'019f   0x90  Code  Lc  user_app_sensor.o [1]
fevent_sensor_wait_calib
                         0x800'0325   0x14  Code  Lc  user_app_sensor.o [1]
fevent_temp_alarm        0x800'0355   0x14  Code  Lc  user_app_sensor.o [1]
font_current            0x2000'26ac    0xc  Data  Gb  text.o [1]
glcd_ST7565R_init        0x800'7aed   0x34  Code  Gb  ST7565R.o [1]
glcd_bbox               0x2000'26e0    0x4  Data  Gb  glcd.o [1]
glcd_bbox_refresh        0x800'7975   0x1c  Code  Gb  glcd.o [1]
glcd_bbox_selected      0x2000'26e8    0x4  Data  Gb  glcd.o [1]
glcd_buffer             0x2000'0f90  0x400  Data  Gb  glcd.o [1]
glcd_buffer_selected    0x2000'26e4    0x4  Data  Gb  glcd.o [1]
glcd_clear_buffer        0x800'7991   0x24  Code  Gb  glcd.o [1]
glcd_command             0x800'79c9   0x1a  Code  Gb  ST7565R.o [1]
glcd_data                0x800'79e3   0x1a  Code  Gb  ST7565R.o [1]
glcd_draw_bitmap         0x800'9125   0x1e  Code  Gb  graphics.o [1]
glcd_draw_char_xy        0x800'8bd7  0x33a  Code  Gb  text.o [1]
glcd_draw_line           0x800'9019  0x10c  Code  Gb  graphics.o [1]
glcd_draw_string_xy      0x800'8f11   0x38  Code  Gb  text.o [1]
glcd_enable_backlight    0x800'75c1    0x2  Code  Gb  STM32L4.o [1]
glcd_init                0x800'759d   0x24  Code  Gb  STM32L4.o [1]
glcd_reset               0x800'75ed   0x34  Code  Gb  STM32L4.o [1]
glcd_reset_bbox          0x800'7959   0x1c  Code  Gb  glcd.o [1]
glcd_select_screen       0x800'79b5    0xa  Code  Gb  glcd.o [1]
glcd_set_column_lower    0x800'7a61    0xe  Code  Gb  ST7565R.o [1]
glcd_set_column_upper    0x800'7a4b   0x16  Code  Gb  ST7565R.o [1]
glcd_set_contrast        0x800'79fd   0x24  Code  Gb  ST7565R.o [1]
glcd_set_font            0x800'8bbd   0x1a  Code  Gb  text.o [1]
glcd_set_pixel           0x800'8f4d   0xcc  Code  Gb  graphics.o [1]
glcd_set_x_address       0x800'7a35   0x16  Code  Gb  ST7565R.o [1]
glcd_set_y_address       0x800'7a21   0x14  Code  Gb  ST7565R.o [1]
glcd_spi_write           0x800'75c3   0x2a  Code  Gb  STM32L4.o [1]
glcd_test_bitmap_128x64
                         0x800'78cd    0xe  Code  Gb  unit_tests.o [1]
glcd_tiny_draw_char      0x800'7657  0x21a  Code  Gb  text_tiny.o [1]
glcd_tiny_draw_string    0x800'7871   0x54  Code  Gb  text_tiny.o [1]
glcd_tiny_set_font       0x800'763d   0x1a  Code  Gb  text_tiny.o [1]
glcd_update_bbox         0x800'78e1   0x78  Code  Gb  glcd.o [1]
glcd_write               0x800'7a6f   0x70  Code  Gb  ST7565R.o [1]
hdma_lpuart_rx          0x2000'2450   0x48  Data  Gb  usart.o [1]
hdma_usart1_rx          0x2000'2498   0x48  Data  Gb  usart.o [1]
hdma_usart3_rx          0x2000'24e0   0x48  Data  Gb  usart.o [1]
hlpuart1                0x2000'1f10   0x88  Data  Gb  usart.o [1]
hrtc                    0x2000'25f0   0x24  Data  Gb  rtc.o [1]
hspi2                   0x2000'2328   0x64  Data  Gb  spi.o [1]
huart1                  0x2000'1f98   0x88  Data  Gb  usart.o [1]
huart3                  0x2000'2020   0x88  Data  Gb  usart.o [1]
ldexp                    0x800'e2e1         Code  Gb  ldexp.o [3]
ldexpl                   0x800'e2e1         Code  Gb  ldexp.o [3]
lnbias                   0x800'e518  0x420  Data  Lc  pow64.o [3]
localeconv               0x800'e445    0x4  Code  Gb  xlocale_c.o [2]
lower_digits            0x2000'0a98    0x4  Data  Lc  user_tiny_vsnprintf.o [1]
main                     0x800'5fcd   0x2c  Code  Gb  main.o [1]
memchr                   0x800'e289         Code  Gb  memchr.o [4]
memset                   0x800'608f   0x14  Code  Gb  memset.o [4]
pFlash                  0x2000'03dc   0x20  Data  Gb  stm32l4xx_hal_flash.o [1]
pFunc_UTIL_Debug_Send   0x2000'2718    0x4  Data  Gb  user_util.o [1]
pFunc_UTIL_Log_To_Mem   0x2000'2714    0x4  Data  Gb  user_util.o [1]
pModemProcessIRQTimer   0x2000'2708    0x4  Data  Gb  user_rtc.o [1]
pow                      0x800'a709  0x6ec  Code  Gb  pow64.o [3]
powl                     0x800'a709  0x6ec  Code  Gb  pow64.o [3]
quickSort_Sampling       0x800'0515   0x9a  Code  Gb  user_app_sensor.o [1]
quickSort_Sampling_Value
                         0x800'05b1   0xdc  Code  Gb  user_app_sensor.o [1]
quickSort_Sampling_Value::Handle_Once
                        0x2000'2738    0x1  Data  Lc  user_app_sensor.o [1]
sButton                 0x2000'2654   0x18  Data  Gb  button.o [1]
sCheckList_Reg_Modbus_RTU
                        0x2000'0480   0x78  Data  Gb  user_app_modbus_rtu.o [1]
sConvertChlorine        0x2000'25a4   0x28  Data  Gb  user_app_sensor.o [1]
sData_Calib             0x2000'05fc    0x8  Data  Gb  user_app_sensor.o [1]
sEventAppComm           0x2000'0400   0x70  Data  Gb  user_app_comm.o [1]
sEventAppRs485          0x2000'052c   0x40  Data  Gb  user_app_rs485.o [1]
sEventAppSensor         0x2000'056c   0x90  Data  Gb  user_app_sensor.o [1]
sEventDisplay           0x2000'000c   0x70  Data  Gb  lcd_display.o [1]
sFirmVersion            0x2000'0470    0x8  Data  Gb  user_app_comm.o [1]
sHandleRs485            0x2000'26d0    0x8  Data  Gb  user_app_sensor.o [1]
sKindMode485            0x2000'272a    0x2  Data  Gb  user_app_sensor.o [1]
sLCD                    0x2000'269c   0x10  Data  Gb  lcd_display.o [1]
sLCDObject              0x2000'00d8  0x300  Data  Gb  lcd_display.o [1]
sLogData_ModbusRTU      0x2000'0524    0x8  Data  Gb  user_app_modbus_rtu.o [1]
sModelVersion           0x2000'007c    0x8  Data  Gb  lcd_display.o [1]
sParaDisplay            0x2000'25cc   0x24  Data  Gb  lcd_display.o [1]
sRTC                    0x2000'26c4    0xc  Data  Gb  user_util.o [1]
sSensor_Clo             0x2000'2614   0x24  Data  Gb  user_app_sensor.o [1]
sSlave_ModbusRTU        0x2000'0ad8    0x2  Data  Gb  user_app_modbus_rtu.o [1]
sTempAlarm              0x2000'26b8    0xc  Data  Gb  user_app_sensor.o [1]
sUart485                0x2000'0a90    0x8  Data  Gb  user_rs485.o [1]
sUart485SS              0x2000'0a88    0x8  Data  Gb  user_connect_sensor.o [1]
sUartDebug              0x2000'0478    0x8  Data  Gb  user_app_comm.o [1]
scalbln                  0x800'e2e1         Code  Gb  ldexp.o [3]
scalblnl                 0x800'e2e1         Code  Gb  ldexp.o [3]
scalbn                   0x800'e2e1         Code  Gb  ldexp.o [3]
scalbnl                  0x800'e2e1         Code  Gb  ldexp.o [3]
scale                    0x800'd37b   0x46  Code  Lc  xprintffull_nomb.o [2]
sec_hand                0x2000'271c    0x4  Data  Lc  xfail_s.o [2]
spHRecvMaster           0x2000'0604    0x8  Data  Gb  user_app_sensor.o [1]
sprintf                  0x800'a6c5   0x40  Code  Gb  sprintf.o [2]
strATcmd                0x2000'0610    0x8  Data  Gb  user_at_serial.o [1]
strchr                   0x800'e231         Code  Gb  strchr.o [4]
strlen                   0x800'8b85         Code  Gb  strlen.o [4]
sztmp                   0x2000'1790  0x200  Data  Lc  user_adv_trace.o [1]
tiny_vsnprintf_like      0x800'dabf  0x1d6  Code  Gb  user_tiny_vsnprintf.o [1]
upper_digits            0x2000'0a9c    0x4  Data  Lc  user_tiny_vsnprintf.o [1]
uwTick                  0x2000'26f0    0x4  Data  Gb  stm32l4xx_hal.o [1]
uwTickFreq              0x2000'0adb    0x1  Data  Gb  stm32l4xx_hal.o [1]
uwTickPrio              0x2000'03d8    0x4  Data  Gb  stm32l4xx_hal.o [1]
vcom_DeInit              0x800'a59b   0x1e  Code  Gb  user_app_comm.o [1]
vcom_Init                0x800'a591    0xa  Code  Gb  user_app_comm.o [1]
vcom_Trace_DMA           0x800'a5b9   0x24  Code  Gb  user_app_comm.o [1]


[1] = D:\Saoviet_Git\Saoviet_EnviroTrack_M_And_S\Project_Slave_LanChang_Clo\Project_Slave_Sensor_EnviroTrack\EWARM\Project_Slave_Sensor_EnviroTrack\Obj
[2] = dl7M_tlf.a
[3] = m7M_tls.a
[4] = rt7M_tl.a
[5] = shb_l.a

  59'225 bytes of readonly  code memory
   7'217 bytes of readonly  data memory
  11'069 bytes of readwrite data memory

Errors: none
Warnings: none
