###############################################################################
#
# IAR ELF Linker V8.40.2.214/W32 for ARM                  11/Mar/2026  10:50:44
# Copyright 2007-2019 IAR Systems AB.
#
#    Output file  =
#        D:\Saoviet_Git\Saoviet_EnviroTrack_M_And_S\Project_Slave_LanChang_Clo\Project_Slave_Sensor_EnviroTrack\EWARM\Project_Slave_Sensor_EnviroTrack\Exe\Project_Slave_Sensor_EnviroTrack.out
#    Map file     =
#        D:\Saoviet_Git\Saoviet_EnviroTrack_M_And_S\Project_Slave_LanChang_Clo\Project_Slave_Sensor_EnviroTrack\EWARM\Project_Slave_Sensor_EnviroTrack\List\Project_Slave_Sensor_EnviroTrack.map
#    Command line =
#        -f C:\Users\PC\AppData\Local\Temp\EW3BCA.tmp
#        (D:\Saoviet_Git\Saoviet_EnviroTrack_M_And_S\Project_Slave_LanChang_Clo\Project_Slave_Sensor_EnviroTrack\EWARM\Project_Slave_Sensor_EnviroTrack\Obj\button.o
#        D:\Saoviet_Git\Saoviet_EnviroTrack_M_And_S\Project_Slave_LanChang_Clo\Project_Slave_Sensor_EnviroTrack\EWARM\Project_Slave_Sensor_EnviroTrack\Obj\dma.o
#        D:\Saoviet_Git\Saoviet_EnviroTrack_M_And_S\Project_Slave_LanChang_Clo\Project_Slave_Sensor_EnviroTrack\EWARM\Project_Slave_Sensor_EnviroTrack\Obj\event_driven.o
#        D:\Saoviet_Git\Saoviet_EnviroTrack_M_And_S\Project_Slave_LanChang_Clo\Project_Slave_Sensor_EnviroTrack\EWARM\Project_Slave_Sensor_EnviroTrack\Obj\glcd.o
#        D:\Saoviet_Git\Saoviet_EnviroTrack_M_And_S\Project_Slave_LanChang_Clo\Project_Slave_Sensor_EnviroTrack\EWARM\Project_Slave_Sensor_EnviroTrack\Obj\gpio.o
#        D:\Saoviet_Git\Saoviet_EnviroTrack_M_And_S\Project_Slave_LanChang_Clo\Project_Slave_Sensor_EnviroTrack\EWARM\Project_Slave_Sensor_EnviroTrack\Obj\graphics.o
#        D:\Saoviet_Git\Saoviet_EnviroTrack_M_And_S\Project_Slave_LanChang_Clo\Project_Slave_Sensor_EnviroTrack\EWARM\Project_Slave_Sensor_EnviroTrack\Obj\graphs.o
#        D:\Saoviet_Git\Saoviet_EnviroTrack_M_And_S\Project_Slave_LanChang_Clo\Project_Slave_Sensor_EnviroTrack\EWARM\Project_Slave_Sensor_EnviroTrack\Obj\lcd_display.o
#        D:\Saoviet_Git\Saoviet_EnviroTrack_M_And_S\Project_Slave_LanChang_Clo\Project_Slave_Sensor_EnviroTrack\EWARM\Project_Slave_Sensor_EnviroTrack\Obj\main.o
#        D:\Saoviet_Git\Saoviet_EnviroTrack_M_And_S\Project_Slave_LanChang_Clo\Project_Slave_Sensor_EnviroTrack\EWARM\Project_Slave_Sensor_EnviroTrack\Obj\NT75451.o
#        D:\Saoviet_Git\Saoviet_EnviroTrack_M_And_S\Project_Slave_LanChang_Clo\Project_Slave_Sensor_EnviroTrack\EWARM\Project_Slave_Sensor_EnviroTrack\Obj\onchipflash.o
#        D:\Saoviet_Git\Saoviet_EnviroTrack_M_And_S\Project_Slave_LanChang_Clo\Project_Slave_Sensor_EnviroTrack\EWARM\Project_Slave_Sensor_EnviroTrack\Obj\PCD8544.o
#        D:\Saoviet_Git\Saoviet_EnviroTrack_M_And_S\Project_Slave_LanChang_Clo\Project_Slave_Sensor_EnviroTrack\EWARM\Project_Slave_Sensor_EnviroTrack\Obj\queue_p.o
#        D:\Saoviet_Git\Saoviet_EnviroTrack_M_And_S\Project_Slave_LanChang_Clo\Project_Slave_Sensor_EnviroTrack\EWARM\Project_Slave_Sensor_EnviroTrack\Obj\rtc.o
#        D:\Saoviet_Git\Saoviet_EnviroTrack_M_And_S\Project_Slave_LanChang_Clo\Project_Slave_Sensor_EnviroTrack\EWARM\Project_Slave_Sensor_EnviroTrack\Obj\spi.o
#        D:\Saoviet_Git\Saoviet_EnviroTrack_M_And_S\Project_Slave_LanChang_Clo\Project_Slave_Sensor_EnviroTrack\EWARM\Project_Slave_Sensor_EnviroTrack\Obj\ST7565R.o
#        D:\Saoviet_Git\Saoviet_EnviroTrack_M_And_S\Project_Slave_LanChang_Clo\Project_Slave_Sensor_EnviroTrack\EWARM\Project_Slave_Sensor_EnviroTrack\Obj\startup_stm32l433xx.o
#        D:\Saoviet_Git\Saoviet_EnviroTrack_M_And_S\Project_Slave_LanChang_Clo\Project_Slave_Sensor_EnviroTrack\EWARM\Project_Slave_Sensor_EnviroTrack\Obj\STM32F0xx.o
#        D:\Saoviet_Git\Saoviet_EnviroTrack_M_And_S\Project_Slave_LanChang_Clo\Project_Slave_Sensor_EnviroTrack\EWARM\Project_Slave_Sensor_EnviroTrack\Obj\STM32F10x.o
#        D:\Saoviet_Git\Saoviet_EnviroTrack_M_And_S\Project_Slave_LanChang_Clo\Project_Slave_Sensor_EnviroTrack\EWARM\Project_Slave_Sensor_EnviroTrack\Obj\STM32F4.o
#        D:\Saoviet_Git\Saoviet_EnviroTrack_M_And_S\Project_Slave_LanChang_Clo\Project_Slave_Sensor_EnviroTrack\EWARM\Project_Slave_Sensor_EnviroTrack\Obj\STM32L4.o
#        D:\Saoviet_Git\Saoviet_EnviroTrack_M_And_S\Project_Slave_LanChang_Clo\Project_Slave_Sensor_EnviroTrack\EWARM\Project_Slave_Sensor_EnviroTrack\Obj\stm32l4xx_hal.o
#        D:\Saoviet_Git\Saoviet_EnviroTrack_M_And_S\Project_Slave_LanChang_Clo\Project_Slave_Sensor_EnviroTrack\EWARM\Project_Slave_Sensor_EnviroTrack\Obj\stm32l4xx_hal_cortex.o
#        D:\Saoviet_Git\Saoviet_EnviroTrack_M_And_S\Project_Slave_LanChang_Clo\Project_Slave_Sensor_EnviroTrack\EWARM\Project_Slave_Sensor_EnviroTrack\Obj\stm32l4xx_hal_dma.o
#        D:\Saoviet_Git\Saoviet_EnviroTrack_M_And_S\Project_Slave_LanChang_Clo\Project_Slave_Sensor_EnviroTrack\EWARM\Project_Slave_Sensor_EnviroTrack\Obj\stm32l4xx_hal_dma_ex.o
#        D:\Saoviet_Git\Saoviet_EnviroTrack_M_And_S\Project_Slave_LanChang_Clo\Project_Slave_Sensor_EnviroTrack\EWARM\Project_Slave_Sensor_EnviroTrack\Obj\stm32l4xx_hal_exti.o
#        D:\Saoviet_Git\Saoviet_EnviroTrack_M_And_S\Project_Slave_LanChang_Clo\Project_Slave_Sensor_EnviroTrack\EWARM\Project_Slave_Sensor_EnviroTrack\Obj\stm32l4xx_hal_flash.o
#        D:\Saoviet_Git\Saoviet_EnviroTrack_M_And_S\Project_Slave_LanChang_Clo\Project_Slave_Sensor_EnviroTrack\EWARM\Project_Slave_Sensor_EnviroTrack\Obj\stm32l4xx_hal_flash_ex.o
#        D:\Saoviet_Git\Saoviet_EnviroTrack_M_And_S\Project_Slave_LanChang_Clo\Project_Slave_Sensor_EnviroTrack\EWARM\Project_Slave_Sensor_EnviroTrack\Obj\stm32l4xx_hal_flash_ramfunc.o
#        D:\Saoviet_Git\Saoviet_EnviroTrack_M_And_S\Project_Slave_LanChang_Clo\Project_Slave_Sensor_EnviroTrack\EWARM\Project_Slave_Sensor_EnviroTrack\Obj\stm32l4xx_hal_gpio.o
#        D:\Saoviet_Git\Saoviet_EnviroTrack_M_And_S\Project_Slave_LanChang_Clo\Project_Slave_Sensor_EnviroTrack\EWARM\Project_Slave_Sensor_EnviroTrack\Obj\stm32l4xx_hal_i2c.o
#        D:\Saoviet_Git\Saoviet_EnviroTrack_M_And_S\Project_Slave_LanChang_Clo\Project_Slave_Sensor_EnviroTrack\EWARM\Project_Slave_Sensor_EnviroTrack\Obj\stm32l4xx_hal_i2c_ex.o
#        D:\Saoviet_Git\Saoviet_EnviroTrack_M_And_S\Project_Slave_LanChang_Clo\Project_Slave_Sensor_EnviroTrack\EWARM\Project_Slave_Sensor_EnviroTrack\Obj\stm32l4xx_hal_msp.o
#        D:\Saoviet_Git\Saoviet_EnviroTrack_M_And_S\Project_Slave_LanChang_Clo\Project_Slave_Sensor_EnviroTrack\EWARM\Project_Slave_Sensor_EnviroTrack\Obj\stm32l4xx_hal_pwr.o
#        D:\Saoviet_Git\Saoviet_EnviroTrack_M_And_S\Project_Slave_LanChang_Clo\Project_Slave_Sensor_EnviroTrack\EWARM\Project_Slave_Sensor_EnviroTrack\Obj\stm32l4xx_hal_pwr_ex.o
#        D:\Saoviet_Git\Saoviet_EnviroTrack_M_And_S\Project_Slave_LanChang_Clo\Project_Slave_Sensor_EnviroTrack\EWARM\Project_Slave_Sensor_EnviroTrack\Obj\stm32l4xx_hal_rcc.o
#        D:\Saoviet_Git\Saoviet_EnviroTrack_M_And_S\Project_Slave_LanChang_Clo\Project_Slave_Sensor_EnviroTrack\EWARM\Project_Slave_Sensor_EnviroTrack\Obj\stm32l4xx_hal_rcc_ex.o
#        D:\Saoviet_Git\Saoviet_EnviroTrack_M_And_S\Project_Slave_LanChang_Clo\Project_Slave_Sensor_EnviroTrack\EWARM\Project_Slave_Sensor_EnviroTrack\Obj\stm32l4xx_hal_rtc.o
#        D:\Saoviet_Git\Saoviet_EnviroTrack_M_And_S\Project_Slave_LanChang_Clo\Project_Slave_Sensor_EnviroTrack\EWARM\Project_Slave_Sensor_EnviroTrack\Obj\stm32l4xx_hal_rtc_ex.o
#        D:\Saoviet_Git\Saoviet_EnviroTrack_M_And_S\Project_Slave_LanChang_Clo\Project_Slave_Sensor_EnviroTrack\EWARM\Project_Slave_Sensor_EnviroTrack\Obj\stm32l4xx_hal_spi.o
#        D:\Saoviet_Git\Saoviet_EnviroTrack_M_And_S\Project_Slave_LanChang_Clo\Project_Slave_Sensor_EnviroTrack\EWARM\Project_Slave_Sensor_EnviroTrack\Obj\stm32l4xx_hal_spi_ex.o
#        D:\Saoviet_Git\Saoviet_EnviroTrack_M_And_S\Project_Slave_LanChang_Clo\Project_Slave_Sensor_EnviroTrack\EWARM\Project_Slave_Sensor_EnviroTrack\Obj\stm32l4xx_hal_uart.o
#        D:\Saoviet_Git\Saoviet_EnviroTrack_M_And_S\Project_Slave_LanChang_Clo\Project_Slave_Sensor_EnviroTrack\EWARM\Project_Slave_Sensor_EnviroTrack\Obj\stm32l4xx_hal_uart_ex.o
#        D:\Saoviet_Git\Saoviet_EnviroTrack_M_And_S\Project_Slave_LanChang_Clo\Project_Slave_Sensor_EnviroTrack\EWARM\Project_Slave_Sensor_EnviroTrack\Obj\stm32l4xx_it.o
#        D:\Saoviet_Git\Saoviet_EnviroTrack_M_And_S\Project_Slave_LanChang_Clo\Project_Slave_Sensor_EnviroTrack\EWARM\Project_Slave_Sensor_EnviroTrack\Obj\system_stm32l4xx.o
#        D:\Saoviet_Git\Saoviet_EnviroTrack_M_And_S\Project_Slave_LanChang_Clo\Project_Slave_Sensor_EnviroTrack\EWARM\Project_Slave_Sensor_EnviroTrack\Obj\text.o
#        D:\Saoviet_Git\Saoviet_EnviroTrack_M_And_S\Project_Slave_LanChang_Clo\Project_Slave_Sensor_EnviroTrack\EWARM\Project_Slave_Sensor_EnviroTrack\Obj\text_tiny.o
#        D:\Saoviet_Git\Saoviet_EnviroTrack_M_And_S\Project_Slave_LanChang_Clo\Project_Slave_Sensor_EnviroTrack\EWARM\Project_Slave_Sensor_EnviroTrack\Obj\unit_tests.o
#        D:\Saoviet_Git\Saoviet_EnviroTrack_M_And_S\Project_Slave_LanChang_Clo\Project_Slave_Sensor_EnviroTrack\EWARM\Project_Slave_Sensor_EnviroTrack\Obj\usart.o
#        D:\Saoviet_Git\Saoviet_EnviroTrack_M_And_S\Project_Slave_LanChang_Clo\Project_Slave_Sensor_EnviroTrack\EWARM\Project_Slave_Sensor_EnviroTrack\Obj\user_adv_trace.o
#        D:\Saoviet_Git\Saoviet_EnviroTrack_M_And_S\Project_Slave_LanChang_Clo\Project_Slave_Sensor_EnviroTrack\EWARM\Project_Slave_Sensor_EnviroTrack\Obj\user_app_comm.o
#        D:\Saoviet_Git\Saoviet_EnviroTrack_M_And_S\Project_Slave_LanChang_Clo\Project_Slave_Sensor_EnviroTrack\EWARM\Project_Slave_Sensor_EnviroTrack\Obj\user_app_modbus_rtu.o
#        D:\Saoviet_Git\Saoviet_EnviroTrack_M_And_S\Project_Slave_LanChang_Clo\Project_Slave_Sensor_EnviroTrack\EWARM\Project_Slave_Sensor_EnviroTrack\Obj\user_app_rs485.o
#        D:\Saoviet_Git\Saoviet_EnviroTrack_M_And_S\Project_Slave_LanChang_Clo\Project_Slave_Sensor_EnviroTrack\EWARM\Project_Slave_Sensor_EnviroTrack\Obj\user_app_sensor.o
#        D:\Saoviet_Git\Saoviet_EnviroTrack_M_And_S\Project_Slave_LanChang_Clo\Project_Slave_Sensor_EnviroTrack\EWARM\Project_Slave_Sensor_EnviroTrack\Obj\user_at_serial.o
#        D:\Saoviet_Git\Saoviet_EnviroTrack_M_And_S\Project_Slave_LanChang_Clo\Project_Slave_Sensor_EnviroTrack\EWARM\Project_Slave_Sensor_EnviroTrack\Obj\user_connect_sensor.o
#        D:\Saoviet_Git\Saoviet_EnviroTrack_M_And_S\Project_Slave_LanChang_Clo\Project_Slave_Sensor_EnviroTrack\EWARM\Project_Slave_Sensor_EnviroTrack\Obj\user_convert_variable.o
#        D:\Saoviet_Git\Saoviet_EnviroTrack_M_And_S\Project_Slave_LanChang_Clo\Project_Slave_Sensor_EnviroTrack\EWARM\Project_Slave_Sensor_EnviroTrack\Obj\user_internal_mem.o
#        D:\Saoviet_Git\Saoviet_EnviroTrack_M_And_S\Project_Slave_LanChang_Clo\Project_Slave_Sensor_EnviroTrack\EWARM\Project_Slave_Sensor_EnviroTrack\Obj\user_mem_comm.o
#        D:\Saoviet_Git\Saoviet_EnviroTrack_M_And_S\Project_Slave_LanChang_Clo\Project_Slave_Sensor_EnviroTrack\EWARM\Project_Slave_Sensor_EnviroTrack\Obj\user_modbus_rtu.o
#        D:\Saoviet_Git\Saoviet_EnviroTrack_M_And_S\Project_Slave_LanChang_Clo\Project_Slave_Sensor_EnviroTrack\EWARM\Project_Slave_Sensor_EnviroTrack\Obj\user_obis_sv.o
#        D:\Saoviet_Git\Saoviet_EnviroTrack_M_And_S\Project_Slave_LanChang_Clo\Project_Slave_Sensor_EnviroTrack\EWARM\Project_Slave_Sensor_EnviroTrack\Obj\user_rs485.o
#        D:\Saoviet_Git\Saoviet_EnviroTrack_M_And_S\Project_Slave_LanChang_Clo\Project_Slave_Sensor_EnviroTrack\EWARM\Project_Slave_Sensor_EnviroTrack\Obj\user_rtc.o
#        D:\Saoviet_Git\Saoviet_EnviroTrack_M_And_S\Project_Slave_LanChang_Clo\Project_Slave_Sensor_EnviroTrack\EWARM\Project_Slave_Sensor_EnviroTrack\Obj\user_string.o
#        D:\Saoviet_Git\Saoviet_EnviroTrack_M_And_S\Project_Slave_LanChang_Clo\Project_Slave_Sensor_EnviroTrack\EWARM\Project_Slave_Sensor_EnviroTrack\Obj\user_time.o
#        D:\Saoviet_Git\Saoviet_EnviroTrack_M_And_S\Project_Slave_LanChang_Clo\Project_Slave_Sensor_EnviroTrack\EWARM\Project_Slave_Sensor_EnviroTrack\Obj\user_timer.o
#        D:\Saoviet_Git\Saoviet_EnviroTrack_M_And_S\Project_Slave_LanChang_Clo\Project_Slave_Sensor_EnviroTrack\EWARM\Project_Slave_Sensor_EnviroTrack\Obj\user_tiny_vsnprintf.o
#        D:\Saoviet_Git\Saoviet_EnviroTrack_M_And_S\Project_Slave_LanChang_Clo\Project_Slave_Sensor_EnviroTrack\EWARM\Project_Slave_Sensor_EnviroTrack\Obj\user_uart.o
#        D:\Saoviet_Git\Saoviet_EnviroTrack_M_And_S\Project_Slave_LanChang_Clo\Project_Slave_Sensor_EnviroTrack\EWARM\Project_Slave_Sensor_EnviroTrack\Obj\user_util.o
#        --no_out_extension -o
#        D:\Saoviet_Git\Saoviet_EnviroTrack_M_And_S\Project_Slave_LanChang_Clo\Project_Slave_Sensor_EnviroTrack\EWARM\Project_Slave_Sensor_EnviroTrack\Exe\Project_Slave_Sensor_EnviroTrack.out
#        --redirect _Printf=_PrintfFullNoMb --redirect _Scanf=_ScanfFullNoMb
#        --map
#        D:\Saoviet_Git\Saoviet_EnviroTrack_M_And_S\Project_Slave_LanChang_Clo\Project_Slave_Sensor_EnviroTrack\EWARM\Project_Slave_Sensor_EnviroTrack\List\Project_Slave_Sensor_EnviroTrack.map
#        --config
#        D:\Saoviet_Git\Saoviet_EnviroTrack_M_And_S\Project_Slave_LanChang_Clo\Project_Slave_Sensor_EnviroTrack\EWARM/stm32l433xx_flash.icf
#        --semihosting --entry __iar_program_start --vfe --text_out locale)
#
###############################################################################

*******************************************************************************
*** RUNTIME MODEL ATTRIBUTES
***

CppFlavor       = *
__Heap_Handler  = DLMalloc
__SystemLibrary = DLib
__dlib_version  = 6


*******************************************************************************
*** HEAP SELECTION
***

The advanced heap was selected because the application calls memory
allocation functions outside of system library functions, and there
are calls to deallocation functions in the application.


*******************************************************************************
*** PLACEMENT SUMMARY
***

"A0":  place at address 0x800'0000 { ro section .intvec };
"P1":  place in [from 0x800'0000 to 0x803'ffff] { ro };
define block CSTACK with size = 1K, alignment = 8 { };
define block HEAP with size = 512, alignment = 8 { };
"P2":  place in [from 0x2000'0000 to 0x2000'ffff] {
          rw, block CSTACK, block HEAP };
initialize by copy { rw };

  Section            Kind         Address      Size  Object
  -------            ----         -------      ----  ------
"A0":                                         0x18c
  .intvec            ro code   0x800'0000     0x18c  startup_stm32l433xx.o [1]
                             - 0x800'018c     0x18c

"P1":                                      0x1'18ac
  .text              ro code   0x800'018c    0x2798  user_app_sensor.o [1]
  .text              ro code   0x800'2924      0x54  event_driven.o [1]
  .text              ro code   0x800'2978      0x66  ABImemset.o [4]
  .text              ro code   0x800'29de     0x350  user_modbus_rtu.o [1]
  .text              ro code   0x800'2d2e      0x3a  zero_init3.o [4]
  .text              ro code   0x800'2d68     0x380  stm32l4xx_hal_gpio.o [1]
  .text              ro code   0x800'30e8     0x39c  usart.o [1]
  .text              ro code   0x800'3484      0x74  user_connect_sensor.o [1]
  .text              ro code   0x800'34f8     0x75c  user_convert_variable.o [1]
  .text              ro code   0x800'3c54     0x172  onchipflash.o [1]
  .text              ro code   0x800'3dc6       0xa  xsprout.o [2]
  .text              ro code   0x800'3dd0      0x48  FltToDbl.o [3]
  .text              ro code   0x800'3e18      0xe2  DblSub.o [3]
  .rodata            const     0x800'3efa       0x2  xlocale_c.o [2]
  .text              ro code   0x800'3efc     0x246  DblDiv.o [3]
  .rodata            const     0x800'4142       0x1  xlocale_c.o [2]
  .text              ro code   0x800'4144      0x68  DblToFlt.o [3]
  .text              ro code   0x800'41ac     0xc70  lcd_display.o [1]
  .text              ro code   0x800'4e1c      0x28  stm32l4xx_hal.o [1]
  .text              ro code   0x800'4e44     0xfc8  stm32l4xx_hal_uart.o [1]
  .text              ro code   0x800'5e0c     0xa5c  user_app_modbus_rtu.o [1]
  .text              ro code   0x800'6868      0xa6  ABImemcpy.o [4]
  .text              ro code   0x800'6910       0xc  stm32l4xx_hal.o [1]
  .text              ro code   0x800'691c      0xc2  main.o [1]
  .text              ro code   0x800'69de      0x14  memset.o [4]
  .text              ro code   0x800'69f4     0x4e8  stm32l4xx_hal_rcc_ex.o [1]
  .text              ro code   0x800'6edc     0x422  stm32l4xx_hal_dma.o [1]
  .text              ro code   0x800'7300     0x194  stm32l4xx_hal_cortex.o [1]
  .text              ro code   0x800'7494     0x21c  user_util.o [1]
  .text              ro code   0x800'76b0     0x230  I64DivMod.o [4]
  .text              ro code   0x800'78e0      0x1a  U32ToDbl.o [3]
  .text              ro code   0x800'78fc      0x22  S32ToDbl.o [3]
  .text              ro code   0x800'7920      0x16  math_wrappers64.o [3]
  .text              ro code   0x800'7938     0x1a2  DblMul.o [3]
  .text              ro code   0x800'7adc     0x17a  DblAdd.o [3]
  .text              ro code   0x800'7c58      0x3a  DblToS32.o [3]
  .text              ro code   0x800'7c94     0x1b8  stm32l4xx_hal_flash.o [1]
  .text              ro code   0x800'7e4c      0xa0  stm32l4xx_hal_flash_ex.o [1]
  .text              ro code   0x800'7eec      0xb0  STM32L4.o [1]
  .text              ro code   0x800'7f9c     0x290  text_tiny.o [1]
  .text              ro code   0x800'822c      0x14  unit_tests.o [1]
  .text              ro code   0x800'8240     0x110  glcd.o [1]
  .text              ro code   0x800'8350     0x15c  ST7565R.o [1]
  .text              ro code   0x800'84ac    0x1cc0  button.o [1]
  .text              ro code   0x800'a16c      0x36  strlen.o [4]
  .text              ro code   0x800'a1a4     0x390  text.o [1]
  .text              ro code   0x800'a534     0x200  graphics.o [1]
  .text              ro code   0x800'a734     0x128  user_uart.o [1]
  .text              ro code   0x800'a85c      0x72  stm32l4xx_hal_uart_ex.o [1]
  .text              ro code   0x800'a8d0     0x9fc  stm32l4xx_hal_rcc.o [1]
  .text              ro code   0x800'b2cc       0x2  stm32l4xx_hal_uart.o [1]
  .text              ro code   0x800'b2ce       0x2  stm32l4xx_hal_uart.o [1]
  .text              ro code   0x800'b2d0      0x24  stm32l4xx_hal.o [1]
  .text              ro code   0x800'b2f4     0x1d0  gpio.o [1]
  .text              ro code   0x800'b4c4      0x60  dma.o [1]
  .text              ro code   0x800'b524     0x150  rtc.o [1]
  .text              ro code   0x800'b674      0xc8  spi.o [1]
  .text              ro code   0x800'b73c     0x4b4  user_app_comm.o [1]
  .text              ro code   0x800'bbf0      0x94  stm32l4xx_hal_pwr_ex.o [1]
  .text              ro code   0x800'bc84      0x40  sprintf.o [2]
  .text              ro code   0x800'bcc4       0x2  I64DivZer.o [4]
  .text              ro code   0x800'bcc8     0x6ec  pow64.o [3]
  .text              ro code   0x800'c3b4     0x52a  stm32l4xx_hal_spi.o [1]
  .text              ro code   0x800'c8de       0x8  abs.o [2]
  .text              ro code   0x800'c8e8      0x70  user_rs485.o [1]
  .text              ro code   0x800'c958     0x23a  user_adv_trace.o [1]
  .text              ro code   0x800'cb94      0x60  stm32l4xx_hal.o [1]
  .text              ro code   0x800'cbf4      0x38  stm32l4xx_hal_msp.o [1]
  .text              ro code   0x800'cc2c     0x78e  stm32l4xx_hal_rtc.o [1]
  .text              ro code   0x800'd3bc     0x310  user_timer.o [1]
  .text              ro code   0x800'd6cc     0x1dc  user_at_serial.o [1]
  .text              ro code   0x800'd8a8      0x58  user_time.o [1]
  .text              ro code   0x800'd900     0x170  user_app_rs485.o [1]
  .text              ro code   0x800'da70     0xfc6  xprintffull_nomb.o [2]
  .text              ro code   0x800'ea38      0x20  DblCmpEq.o [3]
  .text              ro code   0x800'ea58      0x70  frexp.o [3]
  .text              ro code   0x800'eac8      0x2e  DblCmpLe.o [3]
  .text              ro code   0x800'eaf8      0x2e  DblCmpGe.o [3]
  .text              ro code   0x800'eb28     0x3e8  iar_Exp64.o [3]
  .text              ro code   0x800'ef10     0x350  user_tiny_vsnprintf.o [1]
  .text              ro code   0x800'f260     0x3a8  user_rtc.o [1]
  .text              ro code   0x800'f608       0x2  stm32l4xx_hal_rtc_ex.o [1]
  .text              ro code   0x800'f60a     0x1e6  user_string.o [1]
  .text              ro code   0x800'f7f0      0x16  strchr.o [4]
  .text              ro code   0x800'f808      0x40  xfail_s.o [2]
  .text              ro code   0x800'f848      0x58  memchr.o [4]
  .text              ro code   0x800'f8a0     0x13a  ldexp.o [3]
  .text              ro code   0x800'f9dc      0x28  DblToU32.o [3]
  .text              ro code   0x800'fa04       0x8  xlocale_c.o [2]
  .text              ro code   0x800'fa0c      0x48  stm32l4xx_hal_rtc_ex.o [1]
  .text              ro code   0x800'fa54       0x6  abort.o [2]
  .text              ro code   0x800'fa5c      0x14  exit.o [5]
  .rodata            const     0x800'fa70      0x64  user_app_sensor.o [1]
  .rodata            const     0x800'fad8     0x420  pow64.o [3]
  .rodata            const     0x800'fef8     0x400  unit_tests.o [1]
  .rodata            const     0x801'02f8     0x228  lcd_display.o [1]
  .rodata            const     0x801'0520     0x214  lcd_display.o [1]
  .text              ro code   0x801'0734      0xd4  stm32l4xx_it.o [1]
  .text              ro code   0x801'0808      0x18  stm32l4xx_hal.o [1]
  .rodata            const     0x801'0820      0xc8  user_app_sensor.o [1]
  .rodata            const     0x801'08e8      0xc8  user_app_sensor.o [1]
  .text              ro code   0x801'09b0      0x78  lz77_init_single.o [4]
  .rodata            const     0x801'0a28      0x34  user_app_sensor.o [1]
  .rodata            const     0x801'0a5c      0x34  user_app_sensor.o [1]
  .rodata            const     0x801'0a90      0x30  system_stm32l4xx.o [1]
  .rodata            const     0x801'0ac0      0x2c  user_rtc.o [1]
  .rodata            const     0x801'0aec      0x28  user_tiny_vsnprintf.o [1]
  .rodata            const     0x801'0b14      0x28  user_tiny_vsnprintf.o [1]
  .text              ro code   0x801'0b3c      0x28  data_init.o [4]
  .text              ro code   0x801'0b64      0x22  fpinit_M.o [3]
  .iar.init_table    const     0x801'0b88      0x20  - Linker created -
  .rodata            const     0x801'0ba8      0x20  user_rtc.o [1]
  .text              ro code   0x801'0bc8      0x1e  cmain.o [4]
  .text              ro code   0x801'0be6       0x4  low_level_init.o [2]
  .text              ro code   0x801'0bea       0x4  exit.o [2]
  .text              ro code   0x801'0bf0       0xa  cexit.o [4]
  .rodata            const     0x801'0bfc      0x1c  user_app_comm.o [1]
  .rodata            const     0x801'0c18      0x1c  user_uart.o [1]
  .rodata            const     0x801'0c34      0x18  user_app_comm.o [1]
  .rodata            const     0x801'0c4c      0x14  lcd_display.o [1]
  .rodata            const     0x801'0c60      0x14  user_app_comm.o [1]
  .rodata            const     0x801'0c74      0x14  user_at_serial.o [1]
  .rodata            const     0x801'0c88      0x14  user_at_serial.o [1]
  .rodata            const     0x801'0c9c      0x14  user_at_serial.o [1]
  .rodata            const     0x801'0cb0      0x14  user_at_serial.o [1]
  .rodata            const     0x801'0cc4      0x14  user_at_serial.o [1]
  .rodata            const     0x801'0cd8      0x14  user_at_serial.o [1]
  .rodata            const     0x801'0cec      0x14  user_at_serial.o [1]
  .rodata            const     0x801'0d00      0x14  user_at_serial.o [1]
  .rodata            const     0x801'0d14      0x14  user_at_serial.o [1]
  .rodata            const     0x801'0d28      0x14  user_at_serial.o [1]
  .rodata            const     0x801'0d3c      0x14  user_at_serial.o [1]
  .rodata            const     0x801'0d50      0x10  lcd_display.o [1]
  .rodata            const     0x801'0d60      0x10  lcd_display.o [1]
  .rodata            const     0x801'0d70      0x10  lcd_display.o [1]
  .rodata            const     0x801'0d80      0x10  lcd_display.o [1]
  .rodata            const     0x801'0d90      0x10  lcd_display.o [1]
  .rodata            const     0x801'0da0      0x10  lcd_display.o [1]
  .rodata            const     0x801'0db0      0x10  lcd_display.o [1]
  .rodata            const     0x801'0dc0      0x10  lcd_display.o [1]
  .rodata            const     0x801'0dd0      0x10  lcd_display.o [1]
  .rodata            const     0x801'0de0      0x10  lcd_display.o [1]
  .rodata            const     0x801'0df0      0x10  system_stm32l4xx.o [1]
  .rodata            const     0x801'0e00      0x10  user_app_sensor.o [1]
  .rodata            const     0x801'0e10      0x10  user_at_serial.o [1]
  .rodata            const     0x801'0e20      0x10  user_at_serial.o [1]
  .rodata            const     0x801'0e30      0x10  user_at_serial.o [1]
  .rodata            const     0x801'0e40      0x10  user_at_serial.o [1]
  .rodata            const     0x801'0e50      0x10  user_at_serial.o [1]
  .rodata            const     0x801'0e60      0x10  user_at_serial.o [1]
  .rodata            const     0x801'0e70      0x10  user_at_serial.o [1]
  .rodata            const     0x801'0e80      0x10  user_at_serial.o [1]
  .rodata            const     0x801'0e90      0x10  user_at_serial.o [1]
  .rodata            const     0x801'0ea0      0x10  user_at_serial.o [1]
  .rodata            const     0x801'0eb0      0x10  user_at_serial.o [1]
  .rodata            const     0x801'0ec0      0x10  user_at_serial.o [1]
  .rodata            const     0x801'0ed0      0x10  user_at_serial.o [1]
  .rodata            const     0x801'0ee0      0x10  user_at_serial.o [1]
  .rodata            const     0x801'0ef0      0x10  user_at_serial.o [1]
  .rodata            const     0x801'0f00      0x10  user_at_serial.o [1]
  .rodata            const     0x801'0f10      0x10  user_at_serial.o [1]
  .rodata            const     0x801'0f20      0x10  user_at_serial.o [1]
  .rodata            const     0x801'0f30      0x10  user_at_serial.o [1]
  .rodata            const     0x801'0f40      0x10  user_at_serial.o [1]
  .rodata            const     0x801'0f50      0x10  user_at_serial.o [1]
  .rodata            const     0x801'0f60      0x10  user_at_serial.o [1]
  .rodata            const     0x801'0f70      0x10  user_at_serial.o [1]
  .rodata            const     0x801'0f80      0x10  user_at_serial.o [1]
  .rodata            const     0x801'0f90      0x10  user_at_serial.o [1]
  .rodata            const     0x801'0fa0      0x10  user_at_serial.o [1]
  .rodata            const     0x801'0fb0      0x10  user_at_serial.o [1]
  .rodata            const     0x801'0fc0      0x10  user_at_serial.o [1]
  .text              ro code   0x801'0fd0      0x10  startup_stm32l433xx.o [1]
  .text              ro code   0x801'0fe0      0x10  system_stm32l4xx.o [1]
  .rodata            const     0x801'0ff0       0xc  lcd_display.o [1]
  .rodata            const     0x801'0ffc       0xc  lcd_display.o [1]
  .rodata            const     0x801'1008       0xc  lcd_display.o [1]
  .rodata            const     0x801'1014       0xc  lcd_display.o [1]
  .rodata            const     0x801'1020       0xc  lcd_display.o [1]
  .rodata            const     0x801'102c       0xc  lcd_display.o [1]
  .rodata            const     0x801'1038       0xc  lcd_display.o [1]
  .rodata            const     0x801'1044       0xc  lcd_display.o [1]
  .rodata            const     0x801'1050       0xc  lcd_display.o [1]
  .rodata            const     0x801'105c       0xc  lcd_display.o [1]
  .rodata            const     0x801'1068       0xc  lcd_display.o [1]
  .rodata            const     0x801'1074       0xc  lcd_display.o [1]
  .rodata            const     0x801'1080       0xc  lcd_display.o [1]
  .rodata            const     0x801'108c       0xc  lcd_display.o [1]
  .rodata            const     0x801'1098       0xc  lcd_display.o [1]
  .rodata            const     0x801'10a4       0xc  lcd_display.o [1]
  .rodata            const     0x801'10b0       0xc  lcd_display.o [1]
  .rodata            const     0x801'10bc       0xc  lcd_display.o [1]
  .rodata            const     0x801'10c8       0xc  lcd_display.o [1]
  .rodata            const     0x801'10d4       0xc  lcd_display.o [1]
  .rodata            const     0x801'10e0       0xc  user_app_comm.o [1]
  .rodata            const     0x801'10ec       0xc  user_app_sensor.o [1]
  .rodata            const     0x801'10f8       0xc  user_app_sensor.o [1]
  .rodata            const     0x801'1104       0xc  user_at_serial.o [1]
  .rodata            const     0x801'1110       0xc  user_at_serial.o [1]
  .rodata            const     0x801'111c       0xc  user_at_serial.o [1]
  .rodata            const     0x801'1128       0xc  user_at_serial.o [1]
  .rodata            const     0x801'1134       0xc  user_at_serial.o [1]
  .rodata            const     0x801'1140       0xc  user_at_serial.o [1]
  .rodata            const     0x801'114c       0xc  user_at_serial.o [1]
  .rodata            const     0x801'1158       0xc  user_at_serial.o [1]
  .rodata            const     0x801'1164       0xc  user_at_serial.o [1]
  .rodata            const     0x801'1170       0xc  user_at_serial.o [1]
  .rodata            const     0x801'117c       0xc  user_at_serial.o [1]
  .rodata            const     0x801'1188       0xc  user_at_serial.o [1]
  .rodata            const     0x801'1194       0xc  user_at_serial.o [1]
  .rodata            const     0x801'11a0       0xc  user_at_serial.o [1]
  .rodata            const     0x801'11ac       0xc  user_at_serial.o [1]
  .rodata            const     0x801'11b8       0xc  user_at_serial.o [1]
  .rodata            const     0x801'11c4       0xc  user_at_serial.o [1]
  .rodata            const     0x801'11d0       0xc  user_at_serial.o [1]
  .rodata            const     0x801'11dc       0xc  user_at_serial.o [1]
  .rodata            const     0x801'11e8       0xc  user_at_serial.o [1]
  .rodata            const     0x801'11f4       0xc  user_at_serial.o [1]
  .rodata            const     0x801'1200       0xc  user_at_serial.o [1]
  .rodata            const     0x801'120c       0xc  user_at_serial.o [1]
  .rodata            const     0x801'1218       0xc  user_at_serial.o [1]
  .rodata            const     0x801'1224       0xc  user_at_serial.o [1]
  .rodata            const     0x801'1230       0xc  user_at_serial.o [1]
  .rodata            const     0x801'123c       0xc  user_at_serial.o [1]
  .rodata            const     0x801'1248       0xc  user_at_serial.o [1]
  .rodata            const     0x801'1254       0xc  user_rtc.o [1]
  .rodata            const     0x801'1260       0xc  user_rtc.o [1]
  .text              ro code   0x801'126c       0xc  cstartup_M.o [4]
  .rodata            const     0x801'1278       0x8  lcd_display.o [1]
  .rodata            const     0x801'1280       0x8  lcd_display.o [1]
  .rodata            const     0x801'1288       0x8  lcd_display.o [1]
  .rodata            const     0x801'1290       0x8  lcd_display.o [1]
  .rodata            const     0x801'1298       0x8  lcd_display.o [1]
  .rodata            const     0x801'12a0       0x8  lcd_display.o [1]
  .rodata            const     0x801'12a8       0x8  lcd_display.o [1]
  .rodata            const     0x801'12b0       0x8  lcd_display.o [1]
  .rodata            const     0x801'12b8       0x8  lcd_display.o [1]
  .rodata            const     0x801'12c0       0x8  lcd_display.o [1]
  .rodata            const     0x801'12c8       0x8  lcd_display.o [1]
  .rodata            const     0x801'12d0       0x8  lcd_display.o [1]
  .rodata            const     0x801'12d8       0x8  lcd_display.o [1]
  .rodata            const     0x801'12e0       0x8  system_stm32l4xx.o [1]
  .rodata            const     0x801'12e8       0x8  user_app_modbus_rtu.o [1]
  .rodata            const     0x801'12f0       0x8  user_app_modbus_rtu.o [1]
  .rodata            const     0x801'12f8       0x8  user_app_sensor.o [1]
  .rodata            const     0x801'1300       0x8  user_app_sensor.o [1]
  .rodata            const     0x801'1308       0x8  user_app_sensor.o [1]
  .rodata            const     0x801'1310       0x8  user_app_sensor.o [1]
  .rodata            const     0x801'1318       0x8  user_app_sensor.o [1]
  .rodata            const     0x801'1320       0x8  user_app_sensor.o [1]
  .rodata            const     0x801'1328       0x8  user_app_sensor.o [1]
  .rodata            const     0x801'1330       0x8  user_app_sensor.o [1]
  .rodata            const     0x801'1338       0x8  user_app_sensor.o [1]
  .rodata            const     0x801'1340       0x8  user_app_sensor.o [1]
  .rodata            const     0x801'1348       0x8  user_app_sensor.o [1]
  .rodata            const     0x801'1350       0x8  user_app_sensor.o [1]
  .rodata            const     0x801'1358       0x8  user_app_sensor.o [1]
  .rodata            const     0x801'1360       0x8  user_app_sensor.o [1]
  .rodata            const     0x801'1368       0x8  user_app_sensor.o [1]
  .rodata            const     0x801'1370       0x8  user_app_sensor.o [1]
  .rodata            const     0x801'1378       0x8  user_app_sensor.o [1]
  .rodata            const     0x801'1380       0x8  user_app_sensor.o [1]
  .rodata            const     0x801'1388       0x8  user_app_sensor.o [1]
  .rodata            const     0x801'1390       0x8  user_at_serial.o [1]
  .rodata            const     0x801'1398       0x8  user_at_serial.o [1]
  .rodata            const     0x801'13a0       0x8  user_at_serial.o [1]
  .rodata            const     0x801'13a8       0x8  user_at_serial.o [1]
  .rodata            const     0x801'13b0       0x8  user_at_serial.o [1]
  .rodata            const     0x801'13b8       0x8  user_tiny_vsnprintf.o [1]
  .rodata            const     0x801'13c0       0x8  user_util.o [1]
  .rodata            const     0x801'13c8       0x8  xprintffull_nomb.o [2]
  .rodata            const     0x801'13d0       0x4  lcd_display.o [1]
  .rodata            const     0x801'13d4       0x4  lcd_display.o [1]
  .rodata            const     0x801'13d8       0x4  lcd_display.o [1]
  .rodata            const     0x801'13dc       0x4  lcd_display.o [1]
  .text              ro code   0x801'13e0       0x4  startup_stm32l433xx.o [1]
  .text              ro code   0x801'13e4       0x4  startup_stm32l433xx.o [1]
  .text              ro code   0x801'13e8       0x4  startup_stm32l433xx.o [1]
  .text              ro code   0x801'13ec       0x4  startup_stm32l433xx.o [1]
  .text              ro code   0x801'13f0       0x4  startup_stm32l433xx.o [1]
  .text              ro code   0x801'13f4       0x4  startup_stm32l433xx.o [1]
  .text              ro code   0x801'13f8       0x4  startup_stm32l433xx.o [1]
  .text              ro code   0x801'13fc       0x4  startup_stm32l433xx.o [1]
  .text              ro code   0x801'1400       0x4  startup_stm32l433xx.o [1]
  .text              ro code   0x801'1404       0x4  startup_stm32l433xx.o [1]
  .text              ro code   0x801'1408       0x4  startup_stm32l433xx.o [1]
  .text              ro code   0x801'140c       0x4  startup_stm32l433xx.o [1]
  .text              ro code   0x801'1410       0x4  startup_stm32l433xx.o [1]
  .text              ro code   0x801'1414       0x4  startup_stm32l433xx.o [1]
  .text              ro code   0x801'1418       0x4  startup_stm32l433xx.o [1]
  .text              ro code   0x801'141c       0x4  startup_stm32l433xx.o [1]
  .text              ro code   0x801'1420       0x4  startup_stm32l433xx.o [1]
  .text              ro code   0x801'1424       0x4  startup_stm32l433xx.o [1]
  .text              ro code   0x801'1428       0x4  startup_stm32l433xx.o [1]
  .text              ro code   0x801'142c       0x4  startup_stm32l433xx.o [1]
  .text              ro code   0x801'1430       0x4  startup_stm32l433xx.o [1]
  .text              ro code   0x801'1434       0x4  startup_stm32l433xx.o [1]
  .text              ro code   0x801'1438       0x4  startup_stm32l433xx.o [1]
  .text              ro code   0x801'143c       0x4  startup_stm32l433xx.o [1]
  .text              ro code   0x801'1440       0x4  startup_stm32l433xx.o [1]
  .text              ro code   0x801'1444       0x4  startup_stm32l433xx.o [1]
  .text              ro code   0x801'1448       0x4  startup_stm32l433xx.o [1]
  .text              ro code   0x801'144c       0x4  startup_stm32l433xx.o [1]
  .text              ro code   0x801'1450       0x4  startup_stm32l433xx.o [1]
  .text              ro code   0x801'1454       0x4  startup_stm32l433xx.o [1]
  .text              ro code   0x801'1458       0x4  startup_stm32l433xx.o [1]
  .text              ro code   0x801'145c       0x4  startup_stm32l433xx.o [1]
  .text              ro code   0x801'1460       0x4  startup_stm32l433xx.o [1]
  .text              ro code   0x801'1464       0x4  startup_stm32l433xx.o [1]
  .text              ro code   0x801'1468       0x4  startup_stm32l433xx.o [1]
  .text              ro code   0x801'146c       0x4  startup_stm32l433xx.o [1]
  .text              ro code   0x801'1470       0x4  startup_stm32l433xx.o [1]
  .text              ro code   0x801'1474       0x4  startup_stm32l433xx.o [1]
  .text              ro code   0x801'1478       0x4  startup_stm32l433xx.o [1]
  .text              ro code   0x801'147c       0x4  startup_stm32l433xx.o [1]
  .text              ro code   0x801'1480       0x4  startup_stm32l433xx.o [1]
  .text              ro code   0x801'1484       0x4  startup_stm32l433xx.o [1]
  .text              ro code   0x801'1488       0x4  startup_stm32l433xx.o [1]
  .text              ro code   0x801'148c       0x4  startup_stm32l433xx.o [1]
  .text              ro code   0x801'1490       0x4  startup_stm32l433xx.o [1]
  .text              ro code   0x801'1494       0x4  startup_stm32l433xx.o [1]
  .text              ro code   0x801'1498       0x4  startup_stm32l433xx.o [1]
  .text              ro code   0x801'149c       0x4  startup_stm32l433xx.o [1]
  .text              ro code   0x801'14a0       0x4  startup_stm32l433xx.o [1]
  .text              ro code   0x801'14a4       0x4  startup_stm32l433xx.o [1]
  .text              ro code   0x801'14a8       0x4  startup_stm32l433xx.o [1]
  .text              ro code   0x801'14ac       0x4  startup_stm32l433xx.o [1]
  .text              ro code   0x801'14b0       0x4  startup_stm32l433xx.o [1]
  .text              ro code   0x801'14b4       0x4  startup_stm32l433xx.o [1]
  .text              ro code   0x801'14b8       0x4  startup_stm32l433xx.o [1]
  .text              ro code   0x801'14bc       0x4  startup_stm32l433xx.o [1]
  .text              ro code   0x801'14c0       0x4  startup_stm32l433xx.o [1]
  .text              ro code   0x801'14c4       0x4  startup_stm32l433xx.o [1]
  .text              ro code   0x801'14c8       0x4  startup_stm32l433xx.o [1]
  .rodata            const     0x801'14cc       0x0  zero_init3.o [4]
  .rodata            const     0x801'14cc       0x0  lz77_init_single.o [4]
  Initializer bytes  const     0x801'14cc     0x56c  <for P2-1>
                             - 0x801'1a38  0x1'18ac

"P2", part 1 of 3:                            0xc75
  P2-1                        0x2000'0000     0xc75  <Init block>
    .data            inited   0x2000'0000       0xc  button.o [1]
    .data            inited   0x2000'000c      0x70  lcd_display.o [1]
    .data            inited   0x2000'007c      0x44  lcd_display.o [1]
    .data            inited   0x2000'00c0       0x8  lcd_display.o [1]
    .data            inited   0x2000'00c8       0x4  lcd_display.o [1]
    .data            inited   0x2000'00cc      0x10  lcd_display.o [1]
    .data            inited   0x2000'00dc      0x10  lcd_display.o [1]
    .data            inited   0x2000'00ec      0x10  lcd_display.o [1]
    .data            inited   0x2000'00fc      0x10  lcd_display.o [1]
    .data            inited   0x2000'010c      0x10  lcd_display.o [1]
    .data            inited   0x2000'011c       0x8  lcd_display.o [1]
    .data            inited   0x2000'0124     0x420  lcd_display.o [1]
    .data            inited   0x2000'0544       0x4  stm32l4xx_hal.o [1]
    .data            inited   0x2000'0548      0x20  stm32l4xx_hal_flash.o [1]
    .data            inited   0x2000'0568       0x4  system_stm32l4xx.o [1]
    .data            inited   0x2000'056c      0x70  user_app_comm.o [1]
    .data            inited   0x2000'05dc       0x8  user_app_comm.o [1]
    .data            inited   0x2000'05e4       0x8  user_app_comm.o [1]
    .data            inited   0x2000'05ec      0xb4  user_app_modbus_rtu.o [1]
    .data            inited   0x2000'06a0      0x2c  user_app_modbus_rtu.o [1]
    .data            inited   0x2000'06cc       0x8  user_app_modbus_rtu.o [1]
    .data            inited   0x2000'06d4      0x40  user_app_rs485.o [1]
    .data            inited   0x2000'0714      0x80  user_app_sensor.o [1]
    .data            inited   0x2000'0794       0x8  user_app_sensor.o [1]
    .data            inited   0x2000'079c       0x8  user_app_sensor.o [1]
    .data            inited   0x2000'07a4       0x4  user_app_sensor.o [1]
    .data            inited   0x2000'07a8       0x8  user_at_serial.o [1]
    .data            inited   0x2000'07b0     0x470  user_at_serial.o [1]
    .data            inited   0x2000'0c20       0x8  user_connect_sensor.o [1]
    .data            inited   0x2000'0c28       0x8  user_rs485.o [1]
    .data            inited   0x2000'0c30       0x4  user_tiny_vsnprintf.o [1]
    .data            inited   0x2000'0c34       0x4  user_tiny_vsnprintf.o [1]
    .data            inited   0x2000'0c38      0x38  xlocale_c.o [2]
    .data            inited   0x2000'0c70       0x2  user_app_modbus_rtu.o [1]
    .data            inited   0x2000'0c72       0x1  lcd_display.o [1]
    .data            inited   0x2000'0c73       0x1  stm32l4xx_hal.o [1]
    .data            inited   0x2000'0c74       0x1  user_util.o [1]
                            - 0x2000'0c75     0xc75

"P2", part 2 of 3:                           0x1d08
  .bss               zero     0x2000'0c78     0x4b0  user_app_comm.o [1]
  .bss               zero     0x2000'1128     0x400  glcd.o [1]
  .bss               zero     0x2000'1528     0x400  user_adv_trace.o [1]
  .bss               zero     0x2000'1928     0x210  lcd_display.o [1]
  .bss               zero     0x2000'1b38     0x200  user_adv_trace.o [1]
  .bss               zero     0x2000'1d38     0x200  user_connect_sensor.o [1]
  .bss               zero     0x2000'1f38     0x200  user_rs485.o [1]
  .bss               zero     0x2000'2138      0x88  usart.o [1]
  .bss               zero     0x2000'21c0      0x88  usart.o [1]
  .bss               zero     0x2000'2248      0x88  usart.o [1]
  .bss               zero     0x2000'22d0      0x84  lcd_display.o [1]
  .bss               zero     0x2000'2354      0x80  user_app_modbus_rtu.o [1]
  .bss               zero     0x2000'23d4      0x80  user_app_modbus_rtu.o [1]
  .bss               zero     0x2000'2454      0x80  user_app_modbus_rtu.o [1]
  .bss               zero     0x2000'24d4      0x80  user_at_serial.o [1]
  .bss               zero     0x2000'2554      0x80  user_at_serial.o [1]
  .bss               zero     0x2000'25d4      0x64  spi.o [1]
  .bss               zero     0x2000'2638      0x64  user_app_comm.o [1]
  .bss               zero     0x2000'269c      0x48  usart.o [1]
  .bss               zero     0x2000'26e4      0x48  usart.o [1]
  .bss               zero     0x2000'272c      0x48  usart.o [1]
  .bss               zero     0x2000'2774      0x2c  user_rtc.o [1]
  .bss               zero     0x2000'27a0      0x28  user_app_sensor.o [1]
  .bss               zero     0x2000'27c8      0x28  user_app_sensor.o [1]
  .bss               zero     0x2000'27f0      0x28  user_app_sensor.o [1]
  .bss               zero     0x2000'2818      0x24  rtc.o [1]
  .bss               zero     0x2000'283c      0x24  user_app_sensor.o [1]
  .bss               zero     0x2000'2860      0x1c  user_rtc.o [1]
  .bss               zero     0x2000'287c      0x18  button.o [1]
  .bss               zero     0x2000'2894      0x18  user_adv_trace.o [1]
  .bss               zero     0x2000'28ac      0x18  user_app_comm.o [1]
  .bss               zero     0x2000'28c4      0x10  lcd_display.o [1]
  .bss               zero     0x2000'28d4      0x10  user_app_sensor.o [1]
  .bss               zero     0x2000'28e4       0xc  text.o [1]
  .bss               zero     0x2000'28f0       0xc  user_app_sensor.o [1]
  .bss               zero     0x2000'28fc       0xc  user_util.o [1]
  .bss               zero     0x2000'2908       0x8  user_app_sensor.o [1]
  .bss               zero     0x2000'2910       0x4  button.o [1]
  .bss               zero     0x2000'2914       0x4  button.o [1]
  .bss               zero     0x2000'2918       0x4  glcd.o [1]
  .bss               zero     0x2000'291c       0x4  glcd.o [1]
  .bss               zero     0x2000'2920       0x4  glcd.o [1]
  .bss               zero     0x2000'2924       0x4  lcd_display.o [1]
  .bss               zero     0x2000'2928       0x4  stm32l4xx_hal.o [1]
  .bss               zero     0x2000'292c       0x4  stm32l4xx_it.o [1]
  .bss               zero     0x2000'2930       0x4  user_app_comm.o [1]
  .bss               zero     0x2000'2934       0x4  user_app_sensor.o [1]
  .bss               zero     0x2000'2938       0x4  user_app_sensor.o [1]
  .bss               zero     0x2000'293c       0x4  user_app_sensor.o [1]
  .bss               zero     0x2000'2940       0x4  user_app_sensor.o [1]
  .bss               zero     0x2000'2944       0x4  user_rtc.o [1]
  .bss               zero     0x2000'2948       0x4  user_timer.o [1]
  .bss               zero     0x2000'294c       0x4  user_util.o [1]
  .bss               zero     0x2000'2950       0x4  user_util.o [1]
  .bss               zero     0x2000'2954       0x4  user_util.o [1]
  .bss               zero     0x2000'2958       0x4  xfail_s.o [2]
  .bss               zero     0x2000'295c       0x2  button.o [1]
  .bss               zero     0x2000'295e       0x2  button.o [1]
  .bss               zero     0x2000'2960       0x2  lcd_display.o [1]
  .bss               zero     0x2000'2962       0x2  user_app_comm.o [1]
  .bss               zero     0x2000'2964       0x2  user_app_comm.o [1]
  .bss               zero     0x2000'2966       0x2  user_app_sensor.o [1]
  .bss               zero     0x2000'2968       0x2  user_app_sensor.o [1]
  .bss               zero     0x2000'296a       0x2  user_uart.o [1]
  .bss               zero     0x2000'296c       0x1  button.o [1]
  .bss               zero     0x2000'296d       0x1  lcd_display.o [1]
  .bss               zero     0x2000'296e       0x1  lcd_display.o [1]
  .bss               zero     0x2000'296f       0x1  lcd_display.o [1]
  .bss               zero     0x2000'2970       0x1  stm32l4xx_it.o [1]
  .bss               zero     0x2000'2971       0x1  user_app_comm.o [1]
  .bss               zero     0x2000'2972       0x1  user_app_comm.o [1]
  .bss               zero     0x2000'2973       0x1  user_app_rs485.o [1]
  .bss               zero     0x2000'2974       0x1  user_app_sensor.o [1]
  .bss               zero     0x2000'2975       0x1  user_app_sensor.o [1]
  .bss               zero     0x2000'2976       0x1  user_app_sensor.o [1]
  .bss               zero     0x2000'2977       0x1  user_at_serial.o [1]
  .bss               zero     0x2000'2978       0x1  user_connect_sensor.o [1]
  .bss               zero     0x2000'2979       0x1  user_connect_sensor.o [1]
  .bss               zero     0x2000'297a       0x1  user_rs485.o [1]
  .bss               zero     0x2000'297b       0x1  user_rs485.o [1]
  .bss               zero     0x2000'297c       0x1  user_rtc.o [1]
  .bss               zero     0x2000'297d       0x1  user_uart.o [1]
                            - 0x2000'297e    0x1d06

"P2", part 3 of 3:                            0x400
  CSTACK                      0x2000'2980     0x400  <Block>
    CSTACK           uninit   0x2000'2980     0x400  <Block tail>
                            - 0x2000'2d80     0x400

Unused ranges:

         From           To      Size
         ----           --      ----
   0x801'1a38   0x803'ffff  0x2'e5c8
  0x2000'0c75  0x2000'0c77       0x3
  0x2000'2d80  0x2000'ffff    0xd280


*******************************************************************************
*** INIT TABLE
***

          Address      Size
          -------      ----
Zero (__iar_zero_init3)
    1 destination range, total size 0x1d06:
          0x2000'0c78  0x1d06

Copy/lz77 (__iar_lz77_init_single3)
    1 source range, total size 0x56c (43% of destination):
           0x801'14cc   0x56c
    1 destination range, total size 0xc75:
          0x2000'0000   0xc75



*******************************************************************************
*** MODULE SUMMARY
***

    Module                    ro code  ro data  rw data
    ------                    -------  -------  -------
command line/config:
    ---------------------------------------------------
    Total:

D:\Saoviet_Git\Saoviet_EnviroTrack_M_And_S\Project_Slave_LanChang_Clo\Project_Slave_Sensor_EnviroTrack\EWARM\Project_Slave_Sensor_EnviroTrack\Obj: [1]
    ST7565R.o                     348
    STM32L4.o                     176
    button.o                    7'360        5       49
    dma.o                          96
    event_driven.o                 84
    glcd.o                        272             1'036
    gpio.o                        464
    graphics.o                    512
    lcd_display.o               3'184    2'206    2'022
    main.o                        194
    onchipflash.o                 370
    rtc.o                         336                36
    spi.o                         200               100
    startup_stm32l433xx.o         648
    stm32l4xx_hal.o               208        2        9
    stm32l4xx_hal_cortex.o        404
    stm32l4xx_hal_dma.o         1'058
    stm32l4xx_hal_flash.o         440       14       32
    stm32l4xx_hal_flash_ex.o      160
    stm32l4xx_hal_gpio.o          896
    stm32l4xx_hal_msp.o            56
    stm32l4xx_hal_pwr_ex.o        148
    stm32l4xx_hal_rcc.o         2'556
    stm32l4xx_hal_rcc_ex.o      1'256
    stm32l4xx_hal_rtc.o         1'934
    stm32l4xx_hal_rtc_ex.o         74
    stm32l4xx_hal_spi.o         1'322
    stm32l4xx_hal_uart.o        4'044
    stm32l4xx_hal_uart_ex.o       114
    stm32l4xx_it.o                212                 5
    system_stm32l4xx.o             16       74        4
    text.o                        912                12
    text_tiny.o                   656
    unit_tests.o                   20    1'024
    usart.o                       924               624
    user_adv_trace.o              570             1'560
    user_app_comm.o             1'204      139    1'462
    user_app_modbus_rtu.o       2'652      118      618
    user_app_rs485.o              368       28       65
    user_app_sensor.o          10'136      861      363
    user_at_serial.o              476    1'542    1'401
    user_connect_sensor.o         116        3      522
    user_convert_variable.o     1'884
    user_modbus_rtu.o             848
    user_rs485.o                  112        3      522
    user_rtc.o                    936      100       77
    user_string.o                 486
    user_time.o                    88
    user_timer.o                  784                 4
    user_tiny_vsnprintf.o         848       92        8
    user_uart.o                   296       28        3
    user_util.o                   540        9       25
    ---------------------------------------------------
    Total:                     53'998    6'248   10'559

dl7M_tlf.a: [2]
    abort.o                         6
    abs.o                           8
    exit.o                          4
    low_level_init.o                4
    sprintf.o                      64
    xfail_s.o                      64                 4
    xlocale_c.o                     8       27       56
    xprintffull_nomb.o          4'038        8
    xsprout.o                      10
    ---------------------------------------------------
    Total:                      4'206       35       60

m7M_tls.a: [3]
    DblAdd.o                      378
    DblCmpEq.o                     32
    DblCmpGe.o                     46
    DblCmpLe.o                     46
    DblDiv.o                      582
    DblMul.o                      418
    DblSub.o                      226
    DblToFlt.o                    104
    DblToS32.o                     58
    DblToU32.o                     40
    FltToDbl.o                     72
    S32ToDbl.o                     34
    U32ToDbl.o                     26
    fpinit_M.o                     34
    frexp.o                       112
    iar_Exp64.o                 1'000
    ldexp.o                       314
    math_wrappers64.o              22
    pow64.o                     1'772    1'056
    ---------------------------------------------------
    Total:                      5'316    1'056

rt7M_tl.a: [4]
    ABImemcpy.o                   166
    ABImemset.o                   102
    I64DivMod.o                   560
    I64DivZer.o                     2
    cexit.o                        10
    cmain.o                        30
    cstartup_M.o                   12
    data_init.o                    40
    lz77_init_single.o            120
    memchr.o                       88
    memset.o                       20
    strchr.o                       22
    strlen.o                       54
    zero_init3.o                   58
    ---------------------------------------------------
    Total:                      1'284

shb_l.a: [5]
    exit.o                         20
    ---------------------------------------------------
    Total:                         20

    Gaps                           45        8
    Linker created                          32    1'024
-------------------------------------------------------
    Grand Total:               64'869    7'379   11'643


*******************************************************************************
*** ENTRY LIST
***

Entry                       Address   Size  Type      Object
-----                       -------   ----  ----      ------
.iar.init_table$$Base    0x801'0b88          --   Gb  - Linker created -
.iar.init_table$$Limit   0x801'0ba8          --   Gb  - Linker created -
?main                    0x801'0bc9         Code  Gb  cmain.o [4]
ADV_TRACE_Buffer        0x2000'1528  0x400  Data  Lc  user_adv_trace.o [1]
ADV_TRACE_Ctx           0x2000'2894   0x18  Data  Lc  user_adv_trace.o [1]
AHBPrescTable            0x801'0df0   0x10  Data  Gb  system_stm32l4xx.o [1]
APBPrescTable            0x801'12e0    0x8  Data  Gb  system_stm32l4xx.o [1]
AT_CMD_Get_BR_Slave      0x800'1efb   0x5a  Code  Gb  user_app_sensor.o [1]
AT_CMD_Get_Clo_Calib_Point
                         0x800'23e1  0x128  Code  Gb  user_app_sensor.o [1]
AT_CMD_Get_Clo_Const_Temp
                         0x800'1ff9   0x4c  Code  Gb  user_app_sensor.o [1]
AT_CMD_Get_Clo_Zero_Slope
                         0x800'2101  0x116  Code  Gb  user_app_sensor.o [1]
AT_CMD_Get_ID_Slave      0x800'1dff   0x5a  Code  Gb  user_app_sensor.o [1]
AT_CMD_Reset_Slave       0x800'1d51   0x4a  Code  Gb  user_app_sensor.o [1]
AT_CMD_Restore_Slave     0x800'1d9b   0x64  Code  Gb  user_app_sensor.o [1]
AT_CMD_Set_BR_Slave      0x800'1f59   0xa0  Code  Gb  user_app_sensor.o [1]
AT_CMD_Set_Clo_Calib_Point
                         0x800'253d  0x1f8  Code  Gb  user_app_sensor.o [1]
AT_CMD_Set_Clo_Const_Temp
                         0x800'2059   0xa2  Code  Gb  user_app_sensor.o [1]
AT_CMD_Set_Clo_Zero_Slope
                         0x800'2221  0x18e  Code  Gb  user_app_sensor.o [1]
AT_CMD_Set_ID_Slave      0x800'1e59   0xa2  Code  Gb  user_app_sensor.o [1]
AppComm_DBG_Init_RX_Mode
                         0x800'b9c1   0x1e  Code  Gb  user_app_comm.o [1]
AppComm_DBG_Init_Uart    0x800'b9b9    0x8  Code  Gb  user_app_comm.o [1]
AppComm_DBG_Rx_Callback
                         0x800'b9e7  0x176  Code  Gb  user_app_comm.o [1]
AppComm_DBG_Stop_RX_Mode
                         0x800'b9e5    0x2  Code  Gb  user_app_comm.o [1]
AppComm_Get_Reset_Source
                         0x800'b981   0x38  Code  Gb  user_app_comm.o [1]
AppComm_IRQ_Timer_CallBack
                         0x800'b941    0xc  Code  Gb  user_app_comm.o [1]
AppComm_Init             0x800'b881   0x20  Code  Gb  user_app_comm.o [1]
AppComm_Set_Next_TxTimer
                         0x800'b967    0x2  Code  Gb  user_app_comm.o [1]
AppComm_Task             0x800'b8a1   0x9e  Code  Gb  user_app_comm.o [1]
AppComm_Uart_Debug_Send
                         0x800'b969   0x18  Code  Lc  user_app_comm.o [1]
AppRs485_Task            0x800'd9cd   0x84  Code  Gb  user_app_rs485.o [1]
AppSensor_Task           0x800'27ed   0x84  Code  Gb  user_app_sensor.o [1]
BUTTON_Down_Process      0x800'9691  0x330  Code  Gb  button.o [1]
BUTTON_ESC_Process       0x800'99dd  0x74c  Code  Gb  button.o [1]
BUTTON_Enter_Process     0x800'860d  0xd12  Code  Gb  button.o [1]
BUTTON_Process           0x800'84ad   0x32  Code  Gb  button.o [1]
BUTTON_Up_Process        0x800'9341  0x34a  Code  Gb  button.o [1]
BUTTON_scan              0x800'84df  0x116  Code  Gb  button.o [1]
BUTTON_scan::block_time
                        0x2000'295c    0x2  Data  Lc  button.o [1]
BUTTON_scan::hold       0x2000'2910    0x4  Data  Lc  button.o [1]
BUTTON_scan::last_value
                        0x2000'296c    0x1  Data  Lc  button.o [1]
BusFault_Handler         0x801'073b    0x2  Code  Gb  stm32l4xx_it.o [1]
CSTACK$$Base            0x2000'2980          --   Gb  - Linker created -
CSTACK$$Limit           0x2000'2d80          --   Gb  - Linker created -
Cal_Time                 0x800'74b3   0x12  Code  Gb  user_util.o [1]
Calculator_Scale         0x800'34f9   0x54  Code  Gb  user_convert_variable.o [1]
CheckList_AT_CONFIG     0x2000'07b0  0x470  Data  Gb  user_at_serial.o [1]
Check_Time_Out           0x800'7495   0x1e  Code  Gb  user_util.o [1]
Chlorine_Compensation_pH
                         0x800'1045  0x50c  Code  Gb  user_app_sensor.o [1]
Convert_Point_Int_To_String
                         0x800'354d   0xce  Code  Gb  user_convert_variable.o [1]
Convert_Point_Int_To_String_Scale
                         0x800'361b   0xea  Code  Gb  user_convert_variable.o [1]
Convert_Scale            0x800'7605   0x5c  Code  Gb  user_util.o [1]
Convert_String_To_Dec    0x800'3875   0x5c  Code  Gb  user_convert_variable.o [1]
Convert_uint32Hex_To_Float
                         0x800'3731  0x144  Code  Gb  user_convert_variable.o [1]
CountBufferHandleRecvSS
                        0x2000'2966    0x2  Data  Gb  user_app_sensor.o [1]
DCU_Enter_Calib          0x800'156d  0x146  Code  Gb  user_app_sensor.o [1]
DCU_Log_DataCalib       0x2000'2938    0x4  Data  Gb  user_app_sensor.o [1]
DCU_Log_KindCalib       0x2000'2974    0x1  Data  Gb  user_app_sensor.o [1]
DCU_Logdata_Calib        0x800'1551   0x16  Code  Gb  user_app_sensor.o [1]
DMA1_Channel3_IRQHandler
                         0x801'0795    0xa  Code  Gb  stm32l4xx_it.o [1]
DMA1_Channel5_IRQHandler
                         0x801'079f    0xa  Code  Gb  stm32l4xx_it.o [1]
DMA2_Channel7_IRQHandler
                         0x801'07c7    0xa  Code  Gb  stm32l4xx_it.o [1]
DMA_SetConfig            0x800'72cd   0x32  Code  Lc  stm32l4xx_hal_dma.o [1]
DaysInMonth              0x801'1254    0xc  Data  Lc  user_rtc.o [1]
DaysInMonthLeapYear      0x801'1260    0xc  Data  Lc  user_rtc.o [1]
DebugMon_Handler         0x801'0741    0x2  Code  Gb  stm32l4xx_it.o [1]
Display_Check_Password   0x800'4caf   0x2e  Code  Gb  lcd_display.o [1]
Display_Check_Toggle     0x800'4b35   0xac  Code  Gb  lcd_display.o [1]
Display_Check_Toggle::Hide
                        0x2000'22d0   0x84  Data  Lc  lcd_display.o [1]
Display_Check_Toggle::LandMarkToggle_u32
                        0x2000'1928  0x210  Data  Lc  lcd_display.o [1]
Display_Init             0x800'41ad  0x130  Code  Gb  lcd_display.o [1]
Display_Set_Screen       0x800'4c79   0x36  Code  Gb  lcd_display.o [1]
Display_Set_Screen_Flag
                         0x800'4c33   0x46  Code  Gb  lcd_display.o [1]
Display_Show_Oject       0x800'4795  0x3a0  Code  Gb  lcd_display.o [1]
Display_Show_Screen      0x800'4be1   0x52  Code  Gb  lcd_display.o [1]
Display_Show_State_Sensor_Network
                         0x800'4cf1   0x34  Code  Gb  lcd_display.o [1]
Display_Show_State_Setting
                         0x800'4d25   0x5c  Code  Gb  lcd_display.o [1]
Display_Show_Static_Param
                         0x800'4cdd   0x14  Code  Gb  lcd_display.o [1]
Display_Task             0x800'42dd   0x7e  Code  Gb  lcd_display.o [1]
Error_Handler            0x800'69db    0x4  Code  Gb  main.o [1]
FLASH_FlushCaches        0x800'7e77   0x6a  Code  Gb  stm32l4xx_hal_flash_ex.o [1]
FLASH_PageErase          0x800'7e4d   0x2a  Code  Gb  stm32l4xx_hal_flash_ex.o [1]
FLASH_Program_DoubleWord
                         0x800'7ddb   0x1a  Code  Lc  stm32l4xx_hal_flash.o [1]
FLASH_Program_Fast       0x800'7df5   0x32  Code  Lc  stm32l4xx_hal_flash.o [1]
FLASH_WaitForLastOperation
                         0x800'7d75   0x66  Code  Gb  stm32l4xx_hal_flash.o [1]
Filter_Clo               0x800'0701   0xc0  Code  Gb  user_app_sensor.o [1]
Filter_Clo::P           0x2000'07a4    0x4  Data  Lc  user_app_sensor.o [1]
Filter_Clo::x_est       0x2000'293c    0x4  Data  Lc  user_app_sensor.o [1]
Filter_Clo::x_est_last  0x2000'2940    0x4  Data  Lc  user_app_sensor.o [1]
Filter_Temp              0x800'07c9    0x2  Code  Gb  user_app_sensor.o [1]
Find_String_V2           0x800'f60b  0x130  Code  Gb  user_string.o [1]
Find_str_fix             0x800'f75d   0x94  Code  Gb  user_string.o [1]
Flag_gettick            0x2000'2970    0x1  Data  Gb  stm32l4xx_it.o [1]
Font5x7                  0x801'0520  0x214  Data  Lc  lcd_display.o [1]
Get_RTC                  0x800'd8a9   0x4e  Code  Gb  user_time.o [1]
HAL_DMA_Abort            0x800'7129   0x54  Code  Gb  stm32l4xx_hal_dma.o [1]
HAL_DMA_Abort_IT         0x800'717d   0x5e  Code  Gb  stm32l4xx_hal_dma.o [1]
HAL_DMA_DeInit           0x800'6fbd   0xb8  Code  Gb  stm32l4xx_hal_dma.o [1]
HAL_DMA_IRQHandler       0x800'71db   0xf2  Code  Gb  stm32l4xx_hal_dma.o [1]
HAL_DMA_Init             0x800'6edd   0xe0  Code  Gb  stm32l4xx_hal_dma.o [1]
HAL_DMA_Start_IT         0x800'7091   0x98  Code  Gb  stm32l4xx_hal_dma.o [1]
HAL_Delay                0x800'4e1d   0x28  Code  Wk  stm32l4xx_hal.o [1]
HAL_FLASH_Lock           0x800'7d67    0xe  Code  Gb  stm32l4xx_hal_flash.o [1]
HAL_FLASH_Program        0x800'7c95   0xb0  Code  Gb  stm32l4xx_hal_flash.o [1]
HAL_FLASH_Unlock         0x800'7d45   0x22  Code  Gb  stm32l4xx_hal_flash.o [1]
HAL_GPIO_DeInit          0x800'2f2b  0x166  Code  Gb  stm32l4xx_hal_gpio.o [1]
HAL_GPIO_Init            0x800'2d69  0x1c2  Code  Gb  stm32l4xx_hal_gpio.o [1]
HAL_GPIO_ReadPin         0x800'3091   0x16  Code  Gb  stm32l4xx_hal_gpio.o [1]
HAL_GPIO_WritePin        0x800'30a7   0x18  Code  Gb  stm32l4xx_hal_gpio.o [1]
HAL_GetTick              0x800'6911    0xc  Code  Wk  stm32l4xx_hal.o [1]
HAL_IncTick              0x801'0809   0x18  Code  Wk  stm32l4xx_hal.o [1]
HAL_Init                 0x800'b2d1   0x24  Code  Gb  stm32l4xx_hal.o [1]
HAL_InitTick             0x800'cb95   0x60  Code  Wk  stm32l4xx_hal.o [1]
HAL_MspInit              0x800'cbf5   0x38  Code  Gb  stm32l4xx_hal_msp.o [1]
HAL_NVIC_DisableIRQ      0x800'7457    0xe  Code  Gb  stm32l4xx_hal_cortex.o [1]
HAL_NVIC_EnableIRQ       0x800'7449    0xe  Code  Gb  stm32l4xx_hal_cortex.o [1]
HAL_NVIC_SetPriority     0x800'741f   0x2a  Code  Gb  stm32l4xx_hal_cortex.o [1]
HAL_NVIC_SetPriorityGrouping
                         0x800'7413    0xc  Code  Gb  stm32l4xx_hal_cortex.o [1]
HAL_PWREx_ControlVoltageScaling
                         0x800'bbfd   0x76  Code  Gb  stm32l4xx_hal_pwr_ex.o [1]
HAL_PWREx_GetVoltageRange
                         0x800'bbf1    0xc  Code  Gb  stm32l4xx_hal_pwr_ex.o [1]
HAL_RCCEx_PeriphCLKConfig
                         0x800'69f5  0x34c  Code  Gb  stm32l4xx_hal_rcc_ex.o [1]
HAL_RCC_ClockConfig      0x800'af59  0x17a  Code  Gb  stm32l4xx_hal_rcc.o [1]
HAL_RCC_GetHCLKFreq      0x800'b1a7    0x6  Code  Gb  stm32l4xx_hal_rcc.o [1]
HAL_RCC_GetPCLK1Freq     0x800'b1ad   0x1a  Code  Gb  stm32l4xx_hal_rcc.o [1]
HAL_RCC_GetPCLK2Freq     0x800'b1c7   0x1a  Code  Gb  stm32l4xx_hal_rcc.o [1]
HAL_RCC_GetResetSource   0x800'b1f1   0x12  Code  Gb  stm32l4xx_hal_rcc.o [1]
HAL_RCC_GetSysClockFreq
                         0x800'b0d3   0xd4  Code  Gb  stm32l4xx_hal_rcc.o [1]
HAL_RCC_OscConfig        0x800'a8d1  0x688  Code  Gb  stm32l4xx_hal_rcc.o [1]
HAL_RTCEx_AlarmBEventCallback
                         0x800'f609    0x2  Code  Wk  stm32l4xx_hal_rtc_ex.o [1]
HAL_RTCEx_EnableBypassShadow
                         0x800'fa0d   0x48  Code  Gb  stm32l4xx_hal_rtc_ex.o [1]
HAL_RTC_AlarmAEventCallback
                         0x800'f371    0xc  Code  Gb  user_rtc.o [1]
HAL_RTC_AlarmIRQHandler
                         0x800'd231   0x60  Code  Gb  stm32l4xx_hal_rtc.o [1]
HAL_RTC_DeactivateAlarm
                         0x800'd157   0xda  Code  Gb  stm32l4xx_hal_rtc.o [1]
HAL_RTC_GetDate          0x800'cf1f   0x52  Code  Gb  stm32l4xx_hal_rtc.o [1]
HAL_RTC_GetTime          0x800'cded   0x66  Code  Gb  stm32l4xx_hal_rtc.o [1]
HAL_RTC_Init             0x800'cc2d   0xca  Code  Gb  stm32l4xx_hal_rtc.o [1]
HAL_RTC_MspInit          0x800'b619   0x50  Code  Gb  rtc.o [1]
HAL_RTC_SetAlarm_IT      0x800'cf71  0x1e6  Code  Gb  stm32l4xx_hal_rtc.o [1]
HAL_RTC_SetDate          0x800'ce53   0xcc  Code  Gb  stm32l4xx_hal_rtc.o [1]
HAL_RTC_SetTime          0x800'ccf7   0xf6  Code  Gb  stm32l4xx_hal_rtc.o [1]
HAL_RTC_WaitForSynchro   0x800'd291   0x2e  Code  Gb  stm32l4xx_hal_rtc.o [1]
HAL_SPI_Init             0x800'c3b5   0xf8  Code  Gb  stm32l4xx_hal_spi.o [1]
HAL_SPI_MspInit          0x800'b6c5   0x62  Code  Gb  spi.o [1]
HAL_SPI_Transmit         0x800'c4ad  0x1fe  Code  Gb  stm32l4xx_hal_spi.o [1]
HAL_SYSTICK_Config       0x800'7465    0xc  Code  Gb  stm32l4xx_hal_cortex.o [1]
HAL_UARTEx_ReceiveToIdle_DMA
                         0x800'a85d   0x70  Code  Gb  stm32l4xx_hal_uart_ex.o [1]
HAL_UARTEx_RxEventCallback
                         0x800'a76b   0x3e  Code  Gb  user_uart.o [1]
HAL_UARTEx_WakeupCallback
                         0x800'a8cd    0x2  Code  Wk  stm32l4xx_hal_uart_ex.o [1]
HAL_UART_ErrorCallback   0x800'a7a9   0x3e  Code  Gb  user_uart.o [1]
HAL_UART_IRQHandler      0x800'4fe9  0x35c  Code  Gb  stm32l4xx_hal_uart.o [1]
HAL_UART_Init            0x800'4e45   0x7a  Code  Gb  stm32l4xx_hal_uart.o [1]
HAL_UART_MspDeInit       0x800'33bd   0x80  Code  Gb  usart.o [1]
HAL_UART_MspInit         0x800'3199  0x224  Code  Gb  usart.o [1]
HAL_UART_Receive_IT      0x800'4f8b   0x5e  Code  Gb  stm32l4xx_hal_uart.o [1]
HAL_UART_RxCpltCallback
                         0x800'a735   0x36  Code  Gb  user_uart.o [1]
HAL_UART_Transmit        0x800'4ebf   0xcc  Code  Gb  stm32l4xx_hal_uart.o [1]
Handle_Data_Measure      0x800'0489  0x100  Code  Gb  user_app_sensor.o [1]
Handle_Data_Recv_SS_Clo
                         0x800'096d  0x1b4  Code  Gb  user_app_sensor.o [1]
Handle_Data_Recv_Sensor
                         0x800'07dd   0x20  Code  Gb  user_app_sensor.o [1]
Handle_Data_Trans_SS_Clo
                         0x800'0811  0x14c  Code  Gb  user_app_sensor.o [1]
Handle_Data_Trans_Sensor
                         0x800'07cb   0x12  Code  Gb  user_app_sensor.o [1]
Handle_Float_To_hexUint32
                         0x800'3c31   0x24  Code  Gb  user_convert_variable.o [1]
Handle_HexFloat_To_Int32_Round
                         0x800'38dd  0x14c  Code  Gb  user_convert_variable.o [1]
Handle_State_SS_Clo      0x800'0b25   0x70  Code  Gb  user_app_sensor.o [1]
Handle_State_Sensor      0x800'07fd   0x14  Code  Gb  user_app_sensor.o [1]
Handle_int32_To_Float_Scale
                         0x800'3a55  0x1ac  Code  Gb  user_convert_variable.o [1]
HardFault_Handler        0x801'0737    0x2  Code  Gb  stm32l4xx_it.o [1]
IndexUartError          0x2000'297d    0x1  Data  Lc  user_uart.o [1]
Init_AppRs485            0x800'd9b7   0x16  Code  Gb  user_app_rs485.o [1]
Init_AppSensor           0x800'275d   0x72  Code  Gb  user_app_sensor.o [1]
Init_Chlorine_Calib      0x800'0ce9   0xb6  Code  Gb  user_app_sensor.o [1]
Init_Chlorine_PointCalib_1
                         0x800'0f05  0x114  Code  Gb  user_app_sensor.o [1]
Init_Const_Temp_Compensation_Chlorine
                         0x800'0bd9   0x3e  Code  Gb  user_app_sensor.o [1]
Init_InforSlaveModbusRTU
                         0x800'6481   0x30  Code  Gb  user_app_modbus_rtu.o [1]
Init_MeasureRange        0x800'1c25  0x118  Code  Gb  user_app_sensor.o [1]
Init_ParamCalib          0x800'1851   0x96  Code  Gb  user_app_sensor.o [1]
Init_Parameter_Sensor    0x800'1d3d    0xe  Code  Gb  user_app_sensor.o [1]
Init_TempAlarm           0x800'19db   0xa2  Code  Gb  user_app_sensor.o [1]
Init_UartRs485           0x800'd979   0x3e  Code  Gb  user_app_rs485.o [1]
Insert_String_To_String
                         0x800'3705   0x2a  Code  Gb  user_convert_variable.o [1]
LPUART1_IRQHandler       0x801'07d1    0xa  Code  Gb  stm32l4xx_it.o [1]
Liberation_Sans15x21_Numbers
                         0x801'02f8  0x228  Data  Lc  lcd_display.o [1]
MSIRangeTable            0x801'0a90   0x30  Data  Gb  system_stm32l4xx.o [1]
MX_DMA_Init              0x800'b4c5   0x60  Code  Gb  dma.o [1]
MX_GPIO_Init             0x800'b2f5  0x1d0  Code  Gb  gpio.o [1]
MX_LPUART1_UART_Init     0x800'30e9   0x38  Code  Gb  usart.o [1]
MX_RTC_Init              0x800'b525   0xf4  Code  Gb  rtc.o [1]
MX_SPI2_Init             0x800'b675   0x50  Code  Gb  spi.o [1]
MX_USART1_UART_Init      0x800'3121   0x3c  Code  Gb  usart.o [1]
MX_USART3_UART_Init      0x800'315d   0x3c  Code  Gb  usart.o [1]
Main_Task                0x800'b845   0x3c  Code  Gb  user_app_comm.o [1]
MemManage_Handler        0x801'0739    0x2  Code  Gb  stm32l4xx_it.o [1]
ModRTU_CRC               0x800'29df   0x3c  Code  Gb  user_modbus_rtu.o [1]
ModRTU_Master_Read_Frame
                         0x800'2a1b   0x9c  Code  Gb  user_modbus_rtu.o [1]
ModRTU_Master_Write_Frame
                         0x800'2ab7   0xe8  Code  Gb  user_modbus_rtu.o [1]
ModRTU_Slave_ACK_Read_Frame
                         0x800'2b9f   0xa2  Code  Gb  user_modbus_rtu.o [1]
ModRTU_Slave_ACK_Write_Frame
                         0x800'2c41   0xee  Code  Gb  user_modbus_rtu.o [1]
Modem_Check_AT           0x800'd6cd  0x1dc  Code  Gb  user_at_serial.o [1]
Modem_Check_RTU          0x800'64b1  0x37e  Code  Gb  user_app_modbus_rtu.o [1]
NMI_Handler              0x801'0735    0x2  Code  Gb  stm32l4xx_it.o [1]
NONE_Register_CallBack   0x800'5e0d    0x6  Code  Gb  user_app_modbus_rtu.o [1]
NVIC_EncodePriority      0x800'73a3   0x40  Code  Lc  stm32l4xx_hal_cortex.o [1]
OldPosDMADebug          0x2000'2962    0x2  Data  Lc  user_app_comm.o [1]
Old_Value_f             0x2000'2914    0x4  Data  Gb  button.o [1]
Old_Value_i16           0x2000'295e    0x2  Data  Gb  button.o [1]
On_Speaker               0x800'45b1   0x24  Code  Gb  lcd_display.o [1]
OnchipFlashPageErase     0x800'3ce1   0x5a  Code  Gb  onchipflash.o [1]
OnchipFlashWriteData     0x800'3c55   0x8c  Code  Gb  onchipflash.o [1]
PendSV_Handler           0x801'0743    0x2  Code  Gb  stm32l4xx_it.o [1]
PortConfig              0x2000'2977    0x1  Data  Gb  user_at_serial.o [1]
RC                       0x800'f73b   0x22  Code  Gb  user_string.o [1]
RCCEx_PLLSAI1_Config     0x800'6d55  0x16e  Code  Lc  stm32l4xx_hal_rcc_ex.o [1]
RCC_SetFlashLatencyFromMSIRange
                         0x800'b209   0x8a  Code  Lc  stm32l4xx_hal_rcc.o [1]
RS485SS_Init_Data        0x800'3485   0x10  Code  Gb  user_connect_sensor.o [1]
RS485SS_Init_RX_Mode     0x800'3495   0x1e  Code  Gb  user_connect_sensor.o [1]
RS485SS_Rx_Callback      0x800'34b5   0x34  Code  Gb  user_connect_sensor.o [1]
RS485SS_Stop_RX_Mode     0x800'34b3    0x2  Code  Gb  user_connect_sensor.o [1]
RS485_Done_Calib         0x800'16b3   0x16  Code  Gb  user_app_sensor.o [1]
RS485_Init_RX_Mode       0x800'c8e9   0x1e  Code  Gb  user_rs485.o [1]
RS485_Rx_Callback        0x800'c909   0x3c  Code  Gb  user_rs485.o [1]
RS485_Stop_RX_Mode       0x800'c907    0x2  Code  Gb  user_rs485.o [1]
RTC_AlarmStructure      0x2000'2774   0x2c  Data  Lc  user_rtc.o [1]
RTC_Alarm_IRQHandler     0x801'07bd    0xa  Code  Gb  stm32l4xx_it.o [1]
RTC_Bcd2ToByte           0x800'd3a5   0x16  Code  Gb  stm32l4xx_hal_rtc.o [1]
RTC_ByteToBcd2           0x800'd389   0x1c  Code  Gb  stm32l4xx_hal_rtc.o [1]
RTC_EnterInitMode        0x800'd2bf   0x4c  Code  Gb  stm32l4xx_hal_rtc.o [1]
RTC_ExitInitMode         0x800'd30b   0x58  Code  Gb  stm32l4xx_hal_rtc.o [1]
RTC_GetCalendarValue     0x800'f543   0x90  Code  Lc  user_rtc.o [1]
RTC_IF_Convert_Tick2ms   0x800'f361   0x10  Code  Gb  user_rtc.o [1]
RTC_IF_Convert_ms2Tick   0x800'f34f   0x12  Code  Gb  user_rtc.o [1]
RTC_IF_GetMinimumTimeout
                         0x800'f34b    0x4  Code  Gb  user_rtc.o [1]
RTC_IF_GetTimerContext   0x800'f30f    0x8  Code  Gb  user_rtc.o [1]
RTC_IF_GetTimerElapsedTime
                         0x800'f317   0x16  Code  Gb  user_rtc.o [1]
RTC_IF_GetTimerValue     0x800'f32d   0x1e  Code  Gb  user_rtc.o [1]
RTC_IF_Init              0x800'f299   0x30  Code  Gb  user_rtc.o [1]
RTC_IF_SetTimerContext   0x800'f2f9   0x16  Code  Gb  user_rtc.o [1]
RTC_IF_StartTimer        0x800'f2c9    0xe  Code  Gb  user_rtc.o [1]
RTC_IF_StopTimer         0x800'f2d7   0x22  Code  Gb  user_rtc.o [1]
RTC_Initalized          0x2000'297c    0x1  Data  Lc  user_rtc.o [1]
RTC_StartWakeUpAlarm     0x800'f37d  0x1c6  Code  Lc  user_rtc.o [1]
ReInit_Rx_Mode_Uart_Error
                         0x800'a7e7   0x5a  Code  Gb  user_uart.o [1]
Read_Register_Rs485      0x800'16d1   0x66  Code  Gb  user_app_sensor.o [1]
Region$$Table$$Base      0x801'0b88          --   Gb  - Linker created -
Region$$Table$$Limit     0x801'0ba8          --   Gb  - Linker created -
Reset_Buff               0x800'7525   0x24  Code  Gb  user_util.o [1]
Rs485SSStatus_u8        0x2000'2979    0x1  Data  Gb  user_connect_sensor.o [1]
Rs485Status_u8          0x2000'297b    0x1  Data  Gb  user_rs485.o [1]
RtCountSystick_u32      0x2000'294c    0x4  Data  Gb  user_util.o [1]
RtcTimerContext         0x2000'2860   0x1c  Data  Lc  user_rtc.o [1]
SPI_EndRxTxTransaction   0x800'c875   0x6a  Code  Lc  stm32l4xx_hal_spi.o [1]
SPI_WaitFifoStateUntilTimeout
                         0x800'c783   0xee  Code  Lc  stm32l4xx_hal_spi.o [1]
SPI_WaitFlagStateUntilTimeout
                         0x800'c6ab   0xd8  Code  Lc  stm32l4xx_hal_spi.o [1]
SVC_Handler              0x801'073f    0x2  Code  Gb  stm32l4xx_it.o [1]
Save_Array               0x800'3d41   0x86  Code  Gb  onchipflash.o [1]
Save_Chlorine_Calib      0x800'0c17   0xce  Code  Gb  user_app_sensor.o [1]
Save_Chlorine_PointCalib
                         0x800'0db5  0x13c  Code  Gb  user_app_sensor.o [1]
Save_Const_Temp_Compensation_Chlorine
                         0x800'0b95   0x44  Code  Gb  user_app_sensor.o [1]
Save_InforSlaveModbusRTU
                         0x800'643d   0x44  Code  Gb  user_app_modbus_rtu.o [1]
Save_MeasureRange        0x800'1ab5  0x162  Code  Gb  user_app_sensor.o [1]
Save_ParamCalib          0x800'1789   0xba  Code  Gb  user_app_sensor.o [1]
Save_TempAlarm           0x800'190d   0xce  Code  Gb  user_app_sensor.o [1]
Send_RS458_Master        0x800'6405   0x38  Code  Gb  user_app_modbus_rtu.o [1]
Send_RS458_Sensor        0x800'1737   0x40  Code  Gb  user_app_sensor.o [1]
SysApp_Init              0x800'b7f9    0xc  Code  Gb  user_app_comm.o [1]
SysApp_Setting           0x800'b805   0x40  Code  Gb  user_app_comm.o [1]
SysTick_Config           0x800'73e3   0x30  Code  Lc  stm32l4xx_hal_cortex.o [1]
SysTick_Handler          0x801'0745   0x50  Code  Gb  stm32l4xx_it.o [1]
SystemClock_Config       0x800'6949   0x92  Code  Gb  main.o [1]
SystemCoreClock         0x2000'0568    0x4  Data  Gb  system_stm32l4xx.o [1]
SystemInit               0x801'0fe1    0xc  Code  Gb  system_stm32l4xx.o [1]
TRACE_AllocateBufer      0x800'cab9   0xa2  Code  Lc  user_adv_trace.o [1]
TRACE_IsLocked           0x800'cb6f   0x10  Code  Lc  user_adv_trace.o [1]
TRACE_Lock               0x800'cb5b    0xa  Code  Lc  user_adv_trace.o [1]
TRACE_Send               0x800'ca33   0x84  Code  Lc  user_adv_trace.o [1]
TRACE_UnLock             0x800'cb65    0xa  Code  Lc  user_adv_trace.o [1]
TimerExists              0x800'd635   0x1a  Code  Gb  user_timer.o [1]
TimerInsertNewHeadTimer
                         0x800'd6a9   0x1c  Code  Gb  user_timer.o [1]
TimerInsertTimer         0x800'd67b   0x2e  Code  Gb  user_timer.o [1]
TimerListHead           0x2000'2948    0x4  Data  Lc  user_timer.o [1]
TimerSetTimeout          0x800'd64f   0x2c  Code  Gb  user_timer.o [1]
TimerTx                 0x2000'28ac   0x18  Data  Lc  user_app_comm.o [1]
TxCpltCallback          0x2000'2930    0x4  Data  Lc  user_app_comm.o [1]
UART_AdvFeatureConfig    0x800'5641   0xda  Code  Gb  stm32l4xx_hal_uart.o [1]
UART_CheckIdleState      0x800'571b   0xd2  Code  Gb  stm32l4xx_hal_uart.o [1]
UART_DMAAbortOnError     0x800'5bcd   0x1a  Code  Lc  stm32l4xx_hal_uart.o [1]
UART_DMAError            0x800'5b7d   0x50  Code  Lc  stm32l4xx_hal_uart.o [1]
UART_DMAReceiveCplt      0x800'5ab1   0xa2  Code  Lc  stm32l4xx_hal_uart.o [1]
UART_DMARxHalfCplt       0x800'5b55   0x28  Code  Lc  stm32l4xx_hal_uart.o [1]
UART_EndRxTransfer       0x800'5a53   0x5e  Code  Lc  stm32l4xx_hal_uart.o [1]
UART_EndTransmit_IT      0x800'5be7   0x2a  Code  Lc  stm32l4xx_hal_uart.o [1]
UART_EndTxTransfer       0x800'5a37   0x1c  Code  Lc  stm32l4xx_hal_uart.o [1]
UART_RxISR_16BIT         0x800'5d05   0xee  Code  Lc  stm32l4xx_hal_uart.o [1]
UART_RxISR_8BIT          0x800'5c11   0xec  Code  Lc  stm32l4xx_hal_uart.o [1]
UART_SetConfig           0x800'5349  0x2ec  Code  Gb  stm32l4xx_hal_uart.o [1]
UART_Start_Receive_DMA   0x800'597b   0xbc  Code  Gb  stm32l4xx_hal_uart.o [1]
UART_Start_Receive_IT    0x800'588b   0xf0  Code  Gb  stm32l4xx_hal_uart.o [1]
UART_WaitOnFlagUntilTimeout
                         0x800'57ed   0x9e  Code  Gb  stm32l4xx_hal_uart.o [1]
USART1_IRQHandler        0x801'07a9    0xa  Code  Gb  stm32l4xx_it.o [1]
USART3_IRQHandler        0x801'07b3    0xa  Code  Gb  stm32l4xx_it.o [1]
UTIL_ADV_TRACE_COND_FSend
                         0x800'c959   0xda  Code  Gb  user_adv_trace.o [1]
UTIL_Log_Str             0x800'75a9   0x36  Code  Gb  user_util.o [1]
UTIL_MEM_cpy             0x800'75e5   0x1e  Code  Gb  user_util.o [1]
UTIL_MEM_set             0x800'7549   0x18  Code  Gb  user_util.o [1]
UTIL_Printf              0x800'7561   0x2c  Code  Gb  user_util.o [1]
UTIL_Printf_Str          0x800'758d   0x1c  Code  Gb  user_util.o [1]
UTIL_TIMER_Create        0x800'd3d1   0x4c  Code  Gb  user_timer.o [1]
UTIL_TIMER_IRQ_Handler   0x800'd583   0xb2  Code  Gb  user_timer.o [1]
UTIL_TIMER_Init          0x800'd3bd   0x14  Code  Gb  user_timer.o [1]
UTIL_TIMER_SetPeriod     0x800'd549   0x3a  Code  Gb  user_timer.o [1]
UTIL_TIMER_Start         0x800'd41d   0x92  Code  Gb  user_timer.o [1]
UTIL_TIMER_Stop          0x800'd4af   0x9a  Code  Gb  user_timer.o [1]
UTIL_TimerDriver         0x801'0ac0   0x2c  Data  Gb  user_rtc.o [1]
UTIL_TraceDriver         0x801'10e0    0xc  Data  Gb  user_app_comm.o [1]
Uart485RxByte           0x2000'297a    0x1  Data  Lc  user_rs485.o [1]
Uart485SSRxByte         0x2000'2978    0x1  Data  Lc  user_connect_sensor.o [1]
UartDebugBuff           0x2000'0c78  0x4b0  Data  Gb  user_app_comm.o [1]
UartDebugCountFail      0x2000'296a    0x2  Data  Lc  user_uart.o [1]
UartDebugRxByte         0x2000'2971    0x1  Data  Gb  user_app_comm.o [1]
Update_ParaDisplay       0x800'45d5  0x1bc  Code  Gb  lcd_display.o [1]
UsageFault_Handler       0x801'073d    0x2  Code  Gb  stm32l4xx_it.o [1]
User_RTC_Init            0x800'f261   0x38  Code  Lc  user_rtc.o [1]
UtilFloatToString        0x800'7661   0x2e  Code  Gb  user_util.o [1]
UtilIntToStringWithScale
                         0x800'74c5   0x60  Code  Gb  user_util.o [1]
VLevelDebug             0x2000'0c74    0x1  Data  Gb  user_util.o [1]
_Cb_Display_Auto_SW      0x800'44d1   0x7e  Code  Lc  lcd_display.o [1]
_Cb_Display_Auto_SW::MarkButtPressed
                        0x2000'296f    0x1  Data  Lc  lcd_display.o [1]
_Cb_Display_Auto_SW::cNext
                        0x2000'2960    0x2  Data  Lc  lcd_display.o [1]
_Cb_Display_Init         0x800'435b   0x52  Code  Lc  lcd_display.o [1]
_Cb_Display_Logo         0x800'43ad   0xa8  Code  Lc  lcd_display.o [1]
_Cb_Display_Logo::step_u8
                        0x2000'296d    0x1  Data  Lc  lcd_display.o [1]
_Cb_Display_Show         0x800'4455   0x7c  Code  Lc  lcd_display.o [1]
_Cb_Display_Show::LandMarkChange_u32
                        0x2000'2924    0x4  Data  Lc  lcd_display.o [1]
_Cb_Display_Show::ScreenLast
                        0x2000'296e    0x1  Data  Lc  lcd_display.o [1]
_Cb_HandLer_IDLE         0x800'b7e7    0x6  Code  Lc  user_app_comm.o [1]
_Cb_Off_Speaker          0x800'459b   0x16  Code  Lc  lcd_display.o [1]
_Cb_R_ModbusRTU_REG_Alarm_Lower
                         0x800'62eb   0x5a  Code  Gb  user_app_modbus_rtu.o [1]
_Cb_R_ModbusRTU_REG_Alarm_State
                         0x800'6127   0x2e  Code  Gb  user_app_modbus_rtu.o [1]
_Cb_R_ModbusRTU_REG_Alarm_Upper
                         0x800'61d1   0x5a  Code  Gb  user_app_modbus_rtu.o [1]
_Cb_R_ModbusRTU_REG_Baudrate
                         0x800'5eb9   0x2e  Code  Gb  user_app_modbus_rtu.o [1]
_Cb_R_ModbusRTU_REG_Clo_Measure
                         0x800'5f55   0x5a  Code  Gb  user_app_modbus_rtu.o [1]
_Cb_R_ModbusRTU_REG_ID   0x800'5e13   0x2e  Code  Gb  user_app_modbus_rtu.o [1]
_Cb_R_ModbusRTU_REG_Temp_Measure
                         0x800'5faf   0x5a  Code  Gb  user_app_modbus_rtu.o [1]
_Cb_R_ModbusRTU_REG_pH_Compensation
                         0x800'6009   0x5a  Code  Gb  user_app_modbus_rtu.o [1]
_Cb_Save_Box             0x800'b7f3    0x6  Code  Lc  user_app_comm.o [1]
_Cb_Set_RTC              0x800'b7cb   0x1c  Code  Lc  user_app_comm.o [1]
_Cb_TX_Timer_Event       0x800'b94d   0x1a  Code  Lc  user_app_comm.o [1]
_Cb_Timer_IRQ            0x800'b73d    0xc  Code  Lc  user_app_comm.o [1]
_Cb_Tx_Timer             0x800'b7ed    0x6  Code  Lc  user_app_comm.o [1]
_Cb_Uart_Error           0x800'b7bf    0xc  Code  Lc  user_app_comm.o [1]
_Cb_Uart_Rx_Debug        0x800'b749   0x76  Code  Lc  user_app_comm.o [1]
_Cb_Uart_Rx_Debug::LastLengthRecv
                        0x2000'2964    0x2  Data  Lc  user_app_comm.o [1]
_Cb_Uart_Rx_Debug::MarkFirstRecvUart
                        0x2000'2972    0x1  Data  Lc  user_app_comm.o [1]
_Cb_W_ModbusRTU_REG_Alarm_Lower
                         0x800'6345   0xc0  Code  Gb  user_app_modbus_rtu.o [1]
_Cb_W_ModbusRTU_REG_Alarm_State
                         0x800'6155   0x7c  Code  Gb  user_app_modbus_rtu.o [1]
_Cb_W_ModbusRTU_REG_Alarm_Upper
                         0x800'622b   0xc0  Code  Gb  user_app_modbus_rtu.o [1]
_Cb_W_ModbusRTU_REG_Baudrate
                         0x800'5ee7   0x6e  Code  Gb  user_app_modbus_rtu.o [1]
_Cb_W_ModbusRTU_REG_ID   0x800'5e41   0x78  Code  Gb  user_app_modbus_rtu.o [1]
_Cb_W_ModbusRTU_REG_pH_Compensation
                         0x800'6063   0xc4  Code  Gb  user_app_modbus_rtu.o [1]
_Cb_button_detect        0x800'4583   0x18  Code  Lc  lcd_display.o [1]
_Cb_button_scan          0x800'454f   0x34  Code  Lc  lcd_display.o [1]
_LitobFullNoMb           0x800'e831  0x10a  Code  Lc  xprintffull_nomb.o [2]
_Locale_lconv           0x2000'0c38   0x38  Data  Lc  xlocale_c.o [2]
_PrintfFullNoMb          0x800'da71  0xd9c  Code  Gb  xprintffull_nomb.o [2]
_PutcharFullNoMb         0x800'e9a1   0x20  Code  Lc  xprintffull_nomb.o [2]
_PutcharsFullNoMb        0x800'e9c1   0x2e  Code  Lc  xprintffull_nomb.o [2]
_SProut                  0x800'3dc7    0xa  Code  Gb  xsprout.o [2]
__NVIC_DisableIRQ        0x800'7351   0x26  Code  Lc  stm32l4xx_hal_cortex.o [1]
__NVIC_EnableIRQ         0x800'7331   0x20  Code  Lc  stm32l4xx_hal_cortex.o [1]
__NVIC_GetPriorityGrouping
                         0x800'7323    0xc  Code  Lc  stm32l4xx_hal_cortex.o [1]
__NVIC_SetPriority       0x800'7377   0x2c  Code  Lc  stm32l4xx_hal_cortex.o [1]
__NVIC_SetPriorityGrouping
                         0x800'7301   0x22  Code  Lc  stm32l4xx_hal_cortex.o [1]
__aeabi_cdcmpeq          0x800'ea39         Code  Gb  DblCmpEq.o [3]
__aeabi_cdcmple          0x800'eac9         Code  Gb  DblCmpLe.o [3]
__aeabi_cdrcmple         0x800'eaf9         Code  Gb  DblCmpGe.o [3]
__aeabi_d2f              0x800'4145         Code  Gb  DblToFlt.o [3]
__aeabi_d2iz             0x800'7c59         Code  Gb  DblToS32.o [3]
__aeabi_d2uiz            0x800'f9dd         Code  Gb  DblToU32.o [3]
__aeabi_dadd             0x800'7add         Code  Gb  DblAdd.o [3]
__aeabi_ddiv             0x800'3efd         Code  Gb  DblDiv.o [3]
__aeabi_dmul             0x800'7939         Code  Gb  DblMul.o [3]
__aeabi_dsub             0x800'3e19         Code  Gb  DblSub.o [3]
__aeabi_f2d              0x800'3dd1         Code  Gb  FltToDbl.o [3]
__aeabi_i2d              0x800'78fd         Code  Gb  S32ToDbl.o [3]
__aeabi_ldiv0            0x800'bcc5         Code  Gb  I64DivZer.o [4]
__aeabi_memcpy           0x800'6869         Code  Gb  ABImemcpy.o [4]
__aeabi_memcpy4          0x800'6889         Code  Gb  ABImemcpy.o [4]
__aeabi_memcpy8          0x800'6889         Code  Gb  ABImemcpy.o [4]
__aeabi_memset           0x800'2979         Code  Gb  ABImemset.o [4]
__aeabi_ui2d             0x800'78e1         Code  Gb  U32ToDbl.o [3]
__aeabi_uldivmod         0x800'76b1         Code  Gb  I64DivMod.o [4]
__cmain                  0x801'0bc9         Code  Gb  cmain.o [4]
__exit                   0x800'fa5d   0x14  Code  Gb  exit.o [5]
__iar_Exp64              0x800'eb29  0x388  Code  Gb  iar_Exp64.o [3]
__iar_Fail_s             0x800'f809   0x1c  Code  Gb  xfail_s.o [2]
__iar_Memchr             0x800'f849         Code  Gb  memchr.o [4]
__iar_Memset             0x800'2979         Code  Gb  ABImemset.o [4]
__iar_Memset_word        0x800'2981         Code  Gb  ABImemset.o [4]
__iar_Strchr             0x800'f7f1         Code  Gb  strchr.o [4]
__iar_dadd               0x800'3e29         Code  Gb  DblSub.o [3]
__iar_data_init3         0x801'0b3d   0x28  Code  Gb  data_init.o [4]
__iar_dsub               0x800'7aed         Code  Gb  DblAdd.o [3]
__iar_dsubStart          0x800'7aff         Code  Gb  DblAdd.o [3]
__iar_frexp              0x800'ea65         Code  Gb  frexp.o [3]
__iar_frexpl             0x800'ea65         Code  Gb  frexp.o [3]
__iar_init_vfp           0x801'0b65         Code  Gb  fpinit_M.o [3]
__iar_ldexp64            0x800'f8a1         Code  Gb  ldexp.o [3]
__iar_lz77_init_single3
                         0x801'09b1   0x78  Code  Gb  lz77_init_single.o [4]
__iar_pow64              0x800'bcc9  0x6ec  Code  Gb  pow64.o [3]
__iar_pow_medium         0x800'bcc9  0x6ec  Code  Gb  pow64.o [3]
__iar_pow_medium64       0x800'bcc9  0x6ec  Code  Gb  pow64.o [3]
__iar_pow_mediuml        0x800'bcc9  0x6ec  Code  Gb  pow64.o [3]
__iar_program_start      0x801'126d         Code  Gb  cstartup_M.o [4]
__iar_scalbln64          0x800'f8a1         Code  Gb  ldexp.o [3]
__iar_scalbn64           0x800'f8a1         Code  Gb  ldexp.o [3]
__iar_softfp___iar_frexp64
                         0x800'ea59         Code  Gb  frexp.o [3]
__iar_softfp_frexp       0x800'ea59         Code  Gb  frexp.o [3]
__iar_softfp_frexpl      0x800'ea59         Code  Gb  frexp.o [3]
__iar_vfp_pow            0x800'7927   0x10  Code  Gb  math_wrappers64.o [3]
__iar_zero_init3         0x800'2d2f   0x3a  Code  Gb  zero_init3.o [4]
__low_level_init         0x801'0be7    0x4  Code  Gb  low_level_init.o [2]
__vector_table           0x800'0000         Data  Gb  startup_stm32l433xx.o [1]
_call_main               0x801'0bd5         Code  Gb  cmain.o [4]
_exit                    0x801'0bf1         Code  Gb  cexit.o [4]
_main                    0x801'0be3         Code  Gb  cmain.o [4]
aAT_CMD                 0x2000'2554   0x80  Data  Lc  user_at_serial.o [1]
aBaudrate_value         0x2000'06a0   0x2c  Data  Gb  user_app_modbus_rtu.o [1]
aDATA_CALIB             0x2000'2934    0x4  Data  Gb  user_app_sensor.o [1]
aDATA_CONFIG            0x2000'2354   0x80  Data  Lc  user_app_modbus_rtu.o [1]
aDATA_CONFIG            0x2000'24d4   0x80  Data  Lc  user_at_serial.o [1]
aDATA_LOG_REGISTER      0x2000'23d4   0x80  Data  Lc  user_app_modbus_rtu.o [1]
aModeSelectONOFF        0x2000'011c    0x8  Data  Gb  lcd_display.o [1]
aPASSWORD               0x2000'00c8    0x4  Data  Gb  lcd_display.o [1]
aSTT_SETTING_DONE       0x2000'00fc   0x10  Data  Gb  lcd_display.o [1]
aSTT_SETTING_ENTER      0x2000'00dc   0x10  Data  Gb  lcd_display.o [1]
aSTT_SETTING_ERROR      0x2000'010c   0x10  Data  Gb  lcd_display.o [1]
aSTT_SETTING_FREE       0x2000'00cc   0x10  Data  Gb  lcd_display.o [1]
aSTT_SETTING_WAIT       0x2000'00ec   0x10  Data  Gb  lcd_display.o [1]
aSampling_STT           0x2000'27a0   0x28  Data  Gb  user_app_sensor.o [1]
aSampling_VALUE         0x2000'27c8   0x28  Data  Gb  user_app_sensor.o [1]
aTEST                   0x2000'0000    0xc  Data  Lc  button.o [1]
aUART_485SS_DATA        0x2000'1d38  0x200  Data  Lc  user_connect_sensor.o [1]
aUART_485_DATA          0x2000'1f38  0x200  Data  Lc  user_rs485.o [1]
aUART_DBG_DMA_RX        0x2000'2638   0x64  Data  Lc  user_app_comm.o [1]
abort                    0x800'fa55    0x6  Code  Gb  abort.o [2]
abs                      0x800'c8df    0x8  Code  Gb  abs.o [2]
aframe                  0x2000'2454   0x80  Data  Gb  user_app_modbus_rtu.o [1]
bmp_SV_logo_12864        0x800'fef8  0x400  Data  Gb  unit_tests.o [1]
charNotDetectPress      0x2000'0c72    0x1  Data  Lc  lcd_display.o [1]
count_gettick           0x2000'292c    0x4  Data  Gb  stm32l4xx_it.o [1]
delay_ms                 0x800'7f91    0xc  Code  Gb  STM32L4.o [1]
ee_number                0x800'ef39  0x146  Code  Lc  user_tiny_vsnprintf.o [1]
ee_skip_atoi             0x800'ef11   0x28  Code  Lc  user_tiny_vsnprintf.o [1]
exit                     0x801'0beb    0x4  Code  Gb  exit.o [2]
fevent_active            0x800'2925   0x1e  Code  Gb  event_driven.o [1]
fevent_detect_ph_recv    0x800'0339   0x1c  Code  Lc  user_app_sensor.o [1]
fevent_disable           0x800'2967   0x12  Code  Gb  event_driven.o [1]
fevent_enable            0x800'2943   0x24  Code  Gb  event_driven.o [1]
fevent_rs485_entry       0x800'd901    0x6  Code  Lc  user_app_rs485.o [1]
fevent_rs485_init_uart   0x800'd907   0x2e  Code  Lc  user_app_rs485.o [1]
fevent_rs485_init_uart::stamp
                        0x2000'2973    0x1  Data  Lc  user_app_rs485.o [1]
fevent_rs485_receive_complete
                         0x800'd935   0x24  Code  Lc  user_app_rs485.o [1]
fevent_rs485_refresh     0x800'd959   0x20  Code  Lc  user_app_rs485.o [1]
fevent_sensor_entry      0x800'018d   0x12  Code  Lc  user_app_sensor.o [1]
fevent_sensor_receive_complete
                         0x800'026f   0xb6  Code  Lc  user_app_sensor.o [1]
fevent_sensor_receive_handle
                         0x800'022f   0x40  Code  Lc  user_app_sensor.o [1]
fevent_sensor_reset      0x800'0403   0x84  Code  Lc  user_app_sensor.o [1]
fevent_sensor_reset::state
                        0x2000'2975    0x1  Data  Lc  user_app_sensor.o [1]
fevent_sensor_transmit   0x800'019f   0x90  Code  Lc  user_app_sensor.o [1]
fevent_sensor_wait_calib
                         0x800'0325   0x14  Code  Lc  user_app_sensor.o [1]
fevent_temp_alarm        0x800'0355   0xae  Code  Lc  user_app_sensor.o [1]
font_current            0x2000'28e4    0xc  Data  Gb  text.o [1]
glcd_ST7565R_init        0x800'8451   0x5c  Code  Gb  ST7565R.o [1]
glcd_bbox               0x2000'2918    0x4  Data  Gb  glcd.o [1]
glcd_bbox_refresh        0x800'82d5   0x1c  Code  Gb  glcd.o [1]
glcd_bbox_selected      0x2000'2920    0x4  Data  Gb  glcd.o [1]
glcd_buffer             0x2000'1128  0x400  Data  Gb  glcd.o [1]
glcd_buffer_selected    0x2000'291c    0x4  Data  Gb  glcd.o [1]
glcd_clear               0x800'82f1   0x28  Code  Gb  glcd.o [1]
glcd_clear_buffer        0x800'8319   0x24  Code  Gb  glcd.o [1]
glcd_command             0x800'8351   0x1a  Code  Gb  ST7565R.o [1]
glcd_data                0x800'836b   0x1a  Code  Gb  ST7565R.o [1]
glcd_draw_bitmap         0x800'a70d   0x1e  Code  Gb  graphics.o [1]
glcd_draw_char_xy        0x800'a1bf  0x33a  Code  Gb  text.o [1]
glcd_draw_line           0x800'a601  0x10c  Code  Gb  graphics.o [1]
glcd_draw_string_xy      0x800'a4f9   0x38  Code  Gb  text.o [1]
glcd_enable_backlight    0x800'7f15    0x2  Code  Gb  STM32L4.o [1]
glcd_init                0x800'7eed   0x28  Code  Gb  STM32L4.o [1]
glcd_reset               0x800'7f41   0x40  Code  Gb  STM32L4.o [1]
glcd_reset_bbox          0x800'82b9   0x1c  Code  Gb  glcd.o [1]
glcd_select_screen       0x800'833d    0xa  Code  Gb  glcd.o [1]
glcd_set_column_lower    0x800'83c5    0xe  Code  Gb  ST7565R.o [1]
glcd_set_column_upper    0x800'83af   0x16  Code  Gb  ST7565R.o [1]
glcd_set_font            0x800'a1a5   0x1a  Code  Gb  text.o [1]
glcd_set_pixel           0x800'a535   0xcc  Code  Gb  graphics.o [1]
glcd_set_x_address       0x800'8399   0x16  Code  Gb  ST7565R.o [1]
glcd_set_y_address       0x800'8385   0x14  Code  Gb  ST7565R.o [1]
glcd_spi_write           0x800'7f17   0x2a  Code  Gb  STM32L4.o [1]
glcd_test_bitmap_128x64
                         0x800'822d    0xe  Code  Gb  unit_tests.o [1]
glcd_tiny_draw_char      0x800'7fb7  0x21a  Code  Gb  text_tiny.o [1]
glcd_tiny_draw_string    0x800'81d1   0x54  Code  Gb  text_tiny.o [1]
glcd_tiny_set_font       0x800'7f9d   0x1a  Code  Gb  text_tiny.o [1]
glcd_update_bbox         0x800'8241   0x78  Code  Gb  glcd.o [1]
glcd_write               0x800'83d3   0x70  Code  Gb  ST7565R.o [1]
hdma_lpuart_rx          0x2000'269c   0x48  Data  Gb  usart.o [1]
hdma_usart1_rx          0x2000'26e4   0x48  Data  Gb  usart.o [1]
hdma_usart3_rx          0x2000'272c   0x48  Data  Gb  usart.o [1]
hlpuart1                0x2000'2138   0x88  Data  Gb  usart.o [1]
hrtc                    0x2000'2818   0x24  Data  Gb  rtc.o [1]
hspi2                   0x2000'25d4   0x64  Data  Gb  spi.o [1]
huart1                  0x2000'21c0   0x88  Data  Gb  usart.o [1]
huart3                  0x2000'2248   0x88  Data  Gb  usart.o [1]
ldexp                    0x800'f8a1         Code  Gb  ldexp.o [3]
ldexpl                   0x800'f8a1         Code  Gb  ldexp.o [3]
lnbias                   0x800'fad8  0x420  Data  Lc  pow64.o [3]
localeconv               0x800'fa05    0x4  Code  Gb  xlocale_c.o [2]
lower_digits            0x2000'0c30    0x4  Data  Lc  user_tiny_vsnprintf.o [1]
main                     0x800'691d   0x2c  Code  Gb  main.o [1]
memchr                   0x800'f849         Code  Gb  memchr.o [4]
memset                   0x800'69df   0x14  Code  Gb  memset.o [4]
pFlash                  0x2000'0548   0x20  Data  Gb  stm32l4xx_hal_flash.o [1]
pFunc_UTIL_Debug_Send   0x2000'2954    0x4  Data  Gb  user_util.o [1]
pFunc_UTIL_Log_To_Mem   0x2000'2950    0x4  Data  Gb  user_util.o [1]
pModemProcessIRQTimer   0x2000'2944    0x4  Data  Gb  user_rtc.o [1]
pow                      0x800'bcc9  0x6ec  Code  Gb  pow64.o [3]
powl                     0x800'bcc9  0x6ec  Code  Gb  pow64.o [3]
quickSort_Sampling       0x800'0589   0x9a  Code  Gb  user_app_sensor.o [1]
quickSort_Sampling_Value
                         0x800'0625   0xdc  Code  Gb  user_app_sensor.o [1]
quickSort_Sampling_Value::Handle_Once
                        0x2000'2976    0x1  Data  Lc  user_app_sensor.o [1]
sButton                 0x2000'287c   0x18  Data  Gb  button.o [1]
sCheckList_Reg_Modbus_RTU
                        0x2000'05ec   0xb4  Data  Gb  user_app_modbus_rtu.o [1]
sConvertChlorine        0x2000'27f0   0x28  Data  Gb  user_app_sensor.o [1]
sData_Calib             0x2000'0794    0x8  Data  Gb  user_app_sensor.o [1]
sEventAppComm           0x2000'056c   0x70  Data  Gb  user_app_comm.o [1]
sEventAppRs485          0x2000'06d4   0x40  Data  Gb  user_app_rs485.o [1]
sEventAppSensor         0x2000'0714   0x80  Data  Gb  user_app_sensor.o [1]
sEventDisplay           0x2000'000c   0x70  Data  Gb  lcd_display.o [1]
sFirmVersion            0x2000'05dc    0x8  Data  Gb  user_app_comm.o [1]
sHandleRs485            0x2000'2908    0x8  Data  Gb  user_app_sensor.o [1]
sKindMode485            0x2000'2968    0x2  Data  Gb  user_app_sensor.o [1]
sLCD                    0x2000'28c4   0x10  Data  Gb  lcd_display.o [1]
sLCDObject              0x2000'0124  0x420  Data  Gb  lcd_display.o [1]
sLogData_ModbusRTU      0x2000'06cc    0x8  Data  Gb  user_app_modbus_rtu.o [1]
sMeasureRange           0x2000'28d4   0x10  Data  Gb  user_app_sensor.o [1]
sModelVersion           0x2000'00c0    0x8  Data  Gb  lcd_display.o [1]
sParaDisplay            0x2000'007c   0x44  Data  Gb  lcd_display.o [1]
sRTC                    0x2000'28fc    0xc  Data  Gb  user_util.o [1]
sSensor_Clo             0x2000'283c   0x24  Data  Gb  user_app_sensor.o [1]
sSlave_ModbusRTU        0x2000'0c70    0x2  Data  Gb  user_app_modbus_rtu.o [1]
sTempAlarm              0x2000'28f0    0xc  Data  Gb  user_app_sensor.o [1]
sUart485                0x2000'0c28    0x8  Data  Gb  user_rs485.o [1]
sUart485SS              0x2000'0c20    0x8  Data  Gb  user_connect_sensor.o [1]
sUartDebug              0x2000'05e4    0x8  Data  Gb  user_app_comm.o [1]
scalbln                  0x800'f8a1         Code  Gb  ldexp.o [3]
scalblnl                 0x800'f8a1         Code  Gb  ldexp.o [3]
scalbn                   0x800'f8a1         Code  Gb  ldexp.o [3]
scalbnl                  0x800'f8a1         Code  Gb  ldexp.o [3]
scale                    0x800'e93b   0x46  Code  Lc  xprintffull_nomb.o [2]
sec_hand                0x2000'2958    0x4  Data  Lc  xfail_s.o [2]
spHRecvMaster           0x2000'079c    0x8  Data  Gb  user_app_sensor.o [1]
sprintf                  0x800'bc85   0x40  Code  Gb  sprintf.o [2]
strATcmd                0x2000'07a8    0x8  Data  Gb  user_at_serial.o [1]
strchr                   0x800'f7f1         Code  Gb  strchr.o [4]
strlen                   0x800'a16d         Code  Gb  strlen.o [4]
sztmp                   0x2000'1b38  0x200  Data  Lc  user_adv_trace.o [1]
tiny_vsnprintf_like      0x800'f07f  0x1d6  Code  Gb  user_tiny_vsnprintf.o [1]
upper_digits            0x2000'0c34    0x4  Data  Lc  user_tiny_vsnprintf.o [1]
uwTick                  0x2000'2928    0x4  Data  Gb  stm32l4xx_hal.o [1]
uwTickFreq              0x2000'0c73    0x1  Data  Gb  stm32l4xx_hal.o [1]
uwTickPrio              0x2000'0544    0x4  Data  Gb  stm32l4xx_hal.o [1]
vcom_DeInit              0x800'bb67   0x1e  Code  Gb  user_app_comm.o [1]
vcom_Init                0x800'bb5d    0xa  Code  Gb  user_app_comm.o [1]
vcom_Trace_DMA           0x800'bb85   0x24  Code  Gb  user_app_comm.o [1]


[1] = D:\Saoviet_Git\Saoviet_EnviroTrack_M_And_S\Project_Slave_LanChang_Clo\Project_Slave_Sensor_EnviroTrack\EWARM\Project_Slave_Sensor_EnviroTrack\Obj
[2] = dl7M_tlf.a
[3] = m7M_tls.a
[4] = rt7M_tl.a
[5] = shb_l.a

  64'869 bytes of readonly  code memory
   7'379 bytes of readonly  data memory
  11'643 bytes of readwrite data memory

Errors: none
Warnings: none
