###############################################################################
#
# IAR ELF Linker V8.40.2.214/W32 for ARM                  04/Nov/2025  14:05:39
# Copyright 2007-2019 IAR Systems AB.
#
#    Output file  =
#        D:\Saoviet_Git\Saoviet_EnviroTrack_M_And_S\Project_Slave_LanChang_Clo\Project_Slave_Sensor_EnviroTrack\EWARM\Project_Slave_Sensor_EnviroTrack\Exe\Project_Slave_Sensor_EnviroTrack.out
#    Map file     =
#        D:\Saoviet_Git\Saoviet_EnviroTrack_M_And_S\Project_Slave_LanChang_Clo\Project_Slave_Sensor_EnviroTrack\EWARM\Project_Slave_Sensor_EnviroTrack\List\Project_Slave_Sensor_EnviroTrack.map
#    Command line =
#        -f C:\Users\PC\AppData\Local\Temp\EW8912.tmp
#        (D:\Saoviet_Git\Saoviet_EnviroTrack_M_And_S\Project_Slave_LanChang_Clo\Project_Slave_Sensor_EnviroTrack\EWARM\Project_Slave_Sensor_EnviroTrack\Obj\button.o
#        D:\Saoviet_Git\Saoviet_EnviroTrack_M_And_S\Project_Slave_LanChang_Clo\Project_Slave_Sensor_EnviroTrack\EWARM\Project_Slave_Sensor_EnviroTrack\Obj\dma.o
#        D:\Saoviet_Git\Saoviet_EnviroTrack_M_And_S\Project_Slave_LanChang_Clo\Project_Slave_Sensor_EnviroTrack\EWARM\Project_Slave_Sensor_EnviroTrack\Obj\event_driven.o
#        D:\Saoviet_Git\Saoviet_EnviroTrack_M_And_S\Project_Slave_LanChang_Clo\Project_Slave_Sensor_EnviroTrack\EWARM\Project_Slave_Sensor_EnviroTrack\Obj\glcd.o
#        D:\Saoviet_Git\Saoviet_EnviroTrack_M_And_S\Project_Slave_LanChang_Clo\Project_Slave_Sensor_EnviroTrack\EWARM\Project_Slave_Sensor_EnviroTrack\Obj\gpio.o
#        D:\Saoviet_Git\Saoviet_EnviroTrack_M_And_S\Project_Slave_LanChang_Clo\Project_Slave_Sensor_EnviroTrack\EWARM\Project_Slave_Sensor_EnviroTrack\Obj\graphics.o
#        D:\Saoviet_Git\Saoviet_EnviroTrack_M_And_S\Project_Slave_LanChang_Clo\Project_Slave_Sensor_EnviroTrack\EWARM\Project_Slave_Sensor_EnviroTrack\Obj\graphs.o
#        D:\Saoviet_Git\Saoviet_EnviroTrack_M_And_S\Project_Slave_LanChang_Clo\Project_Slave_Sensor_EnviroTrack\EWARM\Project_Slave_Sensor_EnviroTrack\Obj\iwdg.o
#        D:\Saoviet_Git\Saoviet_EnviroTrack_M_And_S\Project_Slave_LanChang_Clo\Project_Slave_Sensor_EnviroTrack\EWARM\Project_Slave_Sensor_EnviroTrack\Obj\lcd_display.o
#        D:\Saoviet_Git\Saoviet_EnviroTrack_M_And_S\Project_Slave_LanChang_Clo\Project_Slave_Sensor_EnviroTrack\EWARM\Project_Slave_Sensor_EnviroTrack\Obj\main.o
#        D:\Saoviet_Git\Saoviet_EnviroTrack_M_And_S\Project_Slave_LanChang_Clo\Project_Slave_Sensor_EnviroTrack\EWARM\Project_Slave_Sensor_EnviroTrack\Obj\NT75451.o
#        D:\Saoviet_Git\Saoviet_EnviroTrack_M_And_S\Project_Slave_LanChang_Clo\Project_Slave_Sensor_EnviroTrack\EWARM\Project_Slave_Sensor_EnviroTrack\Obj\onchipflash.o
#        D:\Saoviet_Git\Saoviet_EnviroTrack_M_And_S\Project_Slave_LanChang_Clo\Project_Slave_Sensor_EnviroTrack\EWARM\Project_Slave_Sensor_EnviroTrack\Obj\PCD8544.o
#        D:\Saoviet_Git\Saoviet_EnviroTrack_M_And_S\Project_Slave_LanChang_Clo\Project_Slave_Sensor_EnviroTrack\EWARM\Project_Slave_Sensor_EnviroTrack\Obj\queue_p.o
#        D:\Saoviet_Git\Saoviet_EnviroTrack_M_And_S\Project_Slave_LanChang_Clo\Project_Slave_Sensor_EnviroTrack\EWARM\Project_Slave_Sensor_EnviroTrack\Obj\rtc.o
#        D:\Saoviet_Git\Saoviet_EnviroTrack_M_And_S\Project_Slave_LanChang_Clo\Project_Slave_Sensor_EnviroTrack\EWARM\Project_Slave_Sensor_EnviroTrack\Obj\spi.o
#        D:\Saoviet_Git\Saoviet_EnviroTrack_M_And_S\Project_Slave_LanChang_Clo\Project_Slave_Sensor_EnviroTrack\EWARM\Project_Slave_Sensor_EnviroTrack\Obj\ST7565R.o
#        D:\Saoviet_Git\Saoviet_EnviroTrack_M_And_S\Project_Slave_LanChang_Clo\Project_Slave_Sensor_EnviroTrack\EWARM\Project_Slave_Sensor_EnviroTrack\Obj\startup_stm32l433xx.o
#        D:\Saoviet_Git\Saoviet_EnviroTrack_M_And_S\Project_Slave_LanChang_Clo\Project_Slave_Sensor_EnviroTrack\EWARM\Project_Slave_Sensor_EnviroTrack\Obj\STM32F0xx.o
#        D:\Saoviet_Git\Saoviet_EnviroTrack_M_And_S\Project_Slave_LanChang_Clo\Project_Slave_Sensor_EnviroTrack\EWARM\Project_Slave_Sensor_EnviroTrack\Obj\STM32F10x.o
#        D:\Saoviet_Git\Saoviet_EnviroTrack_M_And_S\Project_Slave_LanChang_Clo\Project_Slave_Sensor_EnviroTrack\EWARM\Project_Slave_Sensor_EnviroTrack\Obj\STM32F4.o
#        D:\Saoviet_Git\Saoviet_EnviroTrack_M_And_S\Project_Slave_LanChang_Clo\Project_Slave_Sensor_EnviroTrack\EWARM\Project_Slave_Sensor_EnviroTrack\Obj\STM32L4.o
#        D:\Saoviet_Git\Saoviet_EnviroTrack_M_And_S\Project_Slave_LanChang_Clo\Project_Slave_Sensor_EnviroTrack\EWARM\Project_Slave_Sensor_EnviroTrack\Obj\stm32l4xx_hal.o
#        D:\Saoviet_Git\Saoviet_EnviroTrack_M_And_S\Project_Slave_LanChang_Clo\Project_Slave_Sensor_EnviroTrack\EWARM\Project_Slave_Sensor_EnviroTrack\Obj\stm32l4xx_hal_cortex.o
#        D:\Saoviet_Git\Saoviet_EnviroTrack_M_And_S\Project_Slave_LanChang_Clo\Project_Slave_Sensor_EnviroTrack\EWARM\Project_Slave_Sensor_EnviroTrack\Obj\stm32l4xx_hal_dma.o
#        D:\Saoviet_Git\Saoviet_EnviroTrack_M_And_S\Project_Slave_LanChang_Clo\Project_Slave_Sensor_EnviroTrack\EWARM\Project_Slave_Sensor_EnviroTrack\Obj\stm32l4xx_hal_dma_ex.o
#        D:\Saoviet_Git\Saoviet_EnviroTrack_M_And_S\Project_Slave_LanChang_Clo\Project_Slave_Sensor_EnviroTrack\EWARM\Project_Slave_Sensor_EnviroTrack\Obj\stm32l4xx_hal_exti.o
#        D:\Saoviet_Git\Saoviet_EnviroTrack_M_And_S\Project_Slave_LanChang_Clo\Project_Slave_Sensor_EnviroTrack\EWARM\Project_Slave_Sensor_EnviroTrack\Obj\stm32l4xx_hal_flash.o
#        D:\Saoviet_Git\Saoviet_EnviroTrack_M_And_S\Project_Slave_LanChang_Clo\Project_Slave_Sensor_EnviroTrack\EWARM\Project_Slave_Sensor_EnviroTrack\Obj\stm32l4xx_hal_flash_ex.o
#        D:\Saoviet_Git\Saoviet_EnviroTrack_M_And_S\Project_Slave_LanChang_Clo\Project_Slave_Sensor_EnviroTrack\EWARM\Project_Slave_Sensor_EnviroTrack\Obj\stm32l4xx_hal_flash_ramfunc.o
#        D:\Saoviet_Git\Saoviet_EnviroTrack_M_And_S\Project_Slave_LanChang_Clo\Project_Slave_Sensor_EnviroTrack\EWARM\Project_Slave_Sensor_EnviroTrack\Obj\stm32l4xx_hal_gpio.o
#        D:\Saoviet_Git\Saoviet_EnviroTrack_M_And_S\Project_Slave_LanChang_Clo\Project_Slave_Sensor_EnviroTrack\EWARM\Project_Slave_Sensor_EnviroTrack\Obj\stm32l4xx_hal_i2c.o
#        D:\Saoviet_Git\Saoviet_EnviroTrack_M_And_S\Project_Slave_LanChang_Clo\Project_Slave_Sensor_EnviroTrack\EWARM\Project_Slave_Sensor_EnviroTrack\Obj\stm32l4xx_hal_i2c_ex.o
#        D:\Saoviet_Git\Saoviet_EnviroTrack_M_And_S\Project_Slave_LanChang_Clo\Project_Slave_Sensor_EnviroTrack\EWARM\Project_Slave_Sensor_EnviroTrack\Obj\stm32l4xx_hal_iwdg.o
#        D:\Saoviet_Git\Saoviet_EnviroTrack_M_And_S\Project_Slave_LanChang_Clo\Project_Slave_Sensor_EnviroTrack\EWARM\Project_Slave_Sensor_EnviroTrack\Obj\stm32l4xx_hal_msp.o
#        D:\Saoviet_Git\Saoviet_EnviroTrack_M_And_S\Project_Slave_LanChang_Clo\Project_Slave_Sensor_EnviroTrack\EWARM\Project_Slave_Sensor_EnviroTrack\Obj\stm32l4xx_hal_pwr.o
#        D:\Saoviet_Git\Saoviet_EnviroTrack_M_And_S\Project_Slave_LanChang_Clo\Project_Slave_Sensor_EnviroTrack\EWARM\Project_Slave_Sensor_EnviroTrack\Obj\stm32l4xx_hal_pwr_ex.o
#        D:\Saoviet_Git\Saoviet_EnviroTrack_M_And_S\Project_Slave_LanChang_Clo\Project_Slave_Sensor_EnviroTrack\EWARM\Project_Slave_Sensor_EnviroTrack\Obj\stm32l4xx_hal_rcc.o
#        D:\Saoviet_Git\Saoviet_EnviroTrack_M_And_S\Project_Slave_LanChang_Clo\Project_Slave_Sensor_EnviroTrack\EWARM\Project_Slave_Sensor_EnviroTrack\Obj\stm32l4xx_hal_rcc_ex.o
#        D:\Saoviet_Git\Saoviet_EnviroTrack_M_And_S\Project_Slave_LanChang_Clo\Project_Slave_Sensor_EnviroTrack\EWARM\Project_Slave_Sensor_EnviroTrack\Obj\stm32l4xx_hal_rtc.o
#        D:\Saoviet_Git\Saoviet_EnviroTrack_M_And_S\Project_Slave_LanChang_Clo\Project_Slave_Sensor_EnviroTrack\EWARM\Project_Slave_Sensor_EnviroTrack\Obj\stm32l4xx_hal_rtc_ex.o
#        D:\Saoviet_Git\Saoviet_EnviroTrack_M_And_S\Project_Slave_LanChang_Clo\Project_Slave_Sensor_EnviroTrack\EWARM\Project_Slave_Sensor_EnviroTrack\Obj\stm32l4xx_hal_spi.o
#        D:\Saoviet_Git\Saoviet_EnviroTrack_M_And_S\Project_Slave_LanChang_Clo\Project_Slave_Sensor_EnviroTrack\EWARM\Project_Slave_Sensor_EnviroTrack\Obj\stm32l4xx_hal_spi_ex.o
#        D:\Saoviet_Git\Saoviet_EnviroTrack_M_And_S\Project_Slave_LanChang_Clo\Project_Slave_Sensor_EnviroTrack\EWARM\Project_Slave_Sensor_EnviroTrack\Obj\stm32l4xx_hal_uart.o
#        D:\Saoviet_Git\Saoviet_EnviroTrack_M_And_S\Project_Slave_LanChang_Clo\Project_Slave_Sensor_EnviroTrack\EWARM\Project_Slave_Sensor_EnviroTrack\Obj\stm32l4xx_hal_uart_ex.o
#        D:\Saoviet_Git\Saoviet_EnviroTrack_M_And_S\Project_Slave_LanChang_Clo\Project_Slave_Sensor_EnviroTrack\EWARM\Project_Slave_Sensor_EnviroTrack\Obj\stm32l4xx_it.o
#        D:\Saoviet_Git\Saoviet_EnviroTrack_M_And_S\Project_Slave_LanChang_Clo\Project_Slave_Sensor_EnviroTrack\EWARM\Project_Slave_Sensor_EnviroTrack\Obj\system_stm32l4xx.o
#        D:\Saoviet_Git\Saoviet_EnviroTrack_M_And_S\Project_Slave_LanChang_Clo\Project_Slave_Sensor_EnviroTrack\EWARM\Project_Slave_Sensor_EnviroTrack\Obj\text.o
#        D:\Saoviet_Git\Saoviet_EnviroTrack_M_And_S\Project_Slave_LanChang_Clo\Project_Slave_Sensor_EnviroTrack\EWARM\Project_Slave_Sensor_EnviroTrack\Obj\text_tiny.o
#        D:\Saoviet_Git\Saoviet_EnviroTrack_M_And_S\Project_Slave_LanChang_Clo\Project_Slave_Sensor_EnviroTrack\EWARM\Project_Slave_Sensor_EnviroTrack\Obj\unit_tests.o
#        D:\Saoviet_Git\Saoviet_EnviroTrack_M_And_S\Project_Slave_LanChang_Clo\Project_Slave_Sensor_EnviroTrack\EWARM\Project_Slave_Sensor_EnviroTrack\Obj\usart.o
#        D:\Saoviet_Git\Saoviet_EnviroTrack_M_And_S\Project_Slave_LanChang_Clo\Project_Slave_Sensor_EnviroTrack\EWARM\Project_Slave_Sensor_EnviroTrack\Obj\user_adv_trace.o
#        D:\Saoviet_Git\Saoviet_EnviroTrack_M_And_S\Project_Slave_LanChang_Clo\Project_Slave_Sensor_EnviroTrack\EWARM\Project_Slave_Sensor_EnviroTrack\Obj\user_app_comm.o
#        D:\Saoviet_Git\Saoviet_EnviroTrack_M_And_S\Project_Slave_LanChang_Clo\Project_Slave_Sensor_EnviroTrack\EWARM\Project_Slave_Sensor_EnviroTrack\Obj\user_app_modbus_rtu.o
#        D:\Saoviet_Git\Saoviet_EnviroTrack_M_And_S\Project_Slave_LanChang_Clo\Project_Slave_Sensor_EnviroTrack\EWARM\Project_Slave_Sensor_EnviroTrack\Obj\user_app_rs485.o
#        D:\Saoviet_Git\Saoviet_EnviroTrack_M_And_S\Project_Slave_LanChang_Clo\Project_Slave_Sensor_EnviroTrack\EWARM\Project_Slave_Sensor_EnviroTrack\Obj\user_app_sensor.o
#        D:\Saoviet_Git\Saoviet_EnviroTrack_M_And_S\Project_Slave_LanChang_Clo\Project_Slave_Sensor_EnviroTrack\EWARM\Project_Slave_Sensor_EnviroTrack\Obj\user_at_serial.o
#        D:\Saoviet_Git\Saoviet_EnviroTrack_M_And_S\Project_Slave_LanChang_Clo\Project_Slave_Sensor_EnviroTrack\EWARM\Project_Slave_Sensor_EnviroTrack\Obj\user_connect_sensor.o
#        D:\Saoviet_Git\Saoviet_EnviroTrack_M_And_S\Project_Slave_LanChang_Clo\Project_Slave_Sensor_EnviroTrack\EWARM\Project_Slave_Sensor_EnviroTrack\Obj\user_convert_variable.o
#        D:\Saoviet_Git\Saoviet_EnviroTrack_M_And_S\Project_Slave_LanChang_Clo\Project_Slave_Sensor_EnviroTrack\EWARM\Project_Slave_Sensor_EnviroTrack\Obj\user_internal_mem.o
#        D:\Saoviet_Git\Saoviet_EnviroTrack_M_And_S\Project_Slave_LanChang_Clo\Project_Slave_Sensor_EnviroTrack\EWARM\Project_Slave_Sensor_EnviroTrack\Obj\user_mem_comm.o
#        D:\Saoviet_Git\Saoviet_EnviroTrack_M_And_S\Project_Slave_LanChang_Clo\Project_Slave_Sensor_EnviroTrack\EWARM\Project_Slave_Sensor_EnviroTrack\Obj\user_modbus_rtu.o
#        D:\Saoviet_Git\Saoviet_EnviroTrack_M_And_S\Project_Slave_LanChang_Clo\Project_Slave_Sensor_EnviroTrack\EWARM\Project_Slave_Sensor_EnviroTrack\Obj\user_obis_sv.o
#        D:\Saoviet_Git\Saoviet_EnviroTrack_M_And_S\Project_Slave_LanChang_Clo\Project_Slave_Sensor_EnviroTrack\EWARM\Project_Slave_Sensor_EnviroTrack\Obj\user_rs485.o
#        D:\Saoviet_Git\Saoviet_EnviroTrack_M_And_S\Project_Slave_LanChang_Clo\Project_Slave_Sensor_EnviroTrack\EWARM\Project_Slave_Sensor_EnviroTrack\Obj\user_rtc.o
#        D:\Saoviet_Git\Saoviet_EnviroTrack_M_And_S\Project_Slave_LanChang_Clo\Project_Slave_Sensor_EnviroTrack\EWARM\Project_Slave_Sensor_EnviroTrack\Obj\user_string.o
#        D:\Saoviet_Git\Saoviet_EnviroTrack_M_And_S\Project_Slave_LanChang_Clo\Project_Slave_Sensor_EnviroTrack\EWARM\Project_Slave_Sensor_EnviroTrack\Obj\user_time.o
#        D:\Saoviet_Git\Saoviet_EnviroTrack_M_And_S\Project_Slave_LanChang_Clo\Project_Slave_Sensor_EnviroTrack\EWARM\Project_Slave_Sensor_EnviroTrack\Obj\user_timer.o
#        D:\Saoviet_Git\Saoviet_EnviroTrack_M_And_S\Project_Slave_LanChang_Clo\Project_Slave_Sensor_EnviroTrack\EWARM\Project_Slave_Sensor_EnviroTrack\Obj\user_tiny_vsnprintf.o
#        D:\Saoviet_Git\Saoviet_EnviroTrack_M_And_S\Project_Slave_LanChang_Clo\Project_Slave_Sensor_EnviroTrack\EWARM\Project_Slave_Sensor_EnviroTrack\Obj\user_uart.o
#        D:\Saoviet_Git\Saoviet_EnviroTrack_M_And_S\Project_Slave_LanChang_Clo\Project_Slave_Sensor_EnviroTrack\EWARM\Project_Slave_Sensor_EnviroTrack\Obj\user_util.o
#        --no_out_extension -o
#        D:\Saoviet_Git\Saoviet_EnviroTrack_M_And_S\Project_Slave_LanChang_Clo\Project_Slave_Sensor_EnviroTrack\EWARM\Project_Slave_Sensor_EnviroTrack\Exe\Project_Slave_Sensor_EnviroTrack.out
#        --redirect _Printf=_PrintfFullNoMb --redirect _Scanf=_ScanfFullNoMb
#        --map
#        D:\Saoviet_Git\Saoviet_EnviroTrack_M_And_S\Project_Slave_LanChang_Clo\Project_Slave_Sensor_EnviroTrack\EWARM\Project_Slave_Sensor_EnviroTrack\List\Project_Slave_Sensor_EnviroTrack.map
#        --config
#        D:\Saoviet_Git\Saoviet_EnviroTrack_M_And_S\Project_Slave_LanChang_Clo\Project_Slave_Sensor_EnviroTrack\EWARM/stm32l433xx_flash.icf
#        --semihosting --entry __iar_program_start --vfe --text_out locale)
#
###############################################################################

*******************************************************************************
*** RUNTIME MODEL ATTRIBUTES
***

CppFlavor       = *
__Heap_Handler  = DLMalloc
__SystemLibrary = DLib
__dlib_version  = 6


*******************************************************************************
*** HEAP SELECTION
***

The advanced heap was selected because the application calls memory
allocation functions outside of system library functions, and there
are calls to deallocation functions in the application.


*******************************************************************************
*** PLACEMENT SUMMARY
***

"A0":  place at address 0x800'0000 { ro section .intvec };
"P1":  place in [from 0x800'0000 to 0x803'ffff] { ro };
define block CSTACK with size = 1K, alignment = 8 { };
define block HEAP with size = 512, alignment = 8 { };
"P2":  place in [from 0x2000'0000 to 0x2000'ffff] {
          rw, block CSTACK, block HEAP };
initialize by copy { rw };

  Section            Kind         Address      Size  Object
  -------            ----         -------      ----  ------
"A0":                                         0x18c
  .intvec            ro code   0x800'0000     0x18c  startup_stm32l433xx.o [1]
                             - 0x800'018c     0x18c

"P1":                                      0x1'0299
  .text              ro code   0x800'018c    0x2218  user_app_sensor.o [1]
  .text              ro code   0x800'23a4      0x66  ABImemset.o [4]
  .text              ro code   0x800'240a      0x54  event_driven.o [1]
  .text              ro code   0x800'245e     0x350  user_modbus_rtu.o [1]
  .text              ro code   0x800'27ae      0x80  stm32l4xx_hal_iwdg.o [1]
  .text              ro code   0x800'282e      0x3a  zero_init3.o [4]
  .text              ro code   0x800'2868     0x380  stm32l4xx_hal_gpio.o [1]
  .text              ro code   0x800'2be8     0x75c  user_convert_variable.o [1]
  .text              ro code   0x800'3344     0x172  onchipflash.o [1]
  .text              ro code   0x800'34b6       0xa  xsprout.o [2]
  .text              ro code   0x800'34c0      0x48  FltToDbl.o [3]
  .text              ro code   0x800'3508      0xe2  DblSub.o [3]
  .rodata            const     0x800'35ea       0x2  xlocale_c.o [2]
  .text              ro code   0x800'35ec     0x246  DblDiv.o [3]
  .rodata            const     0x800'3832       0x1  xlocale_c.o [2]
  .text              ro code   0x800'3834      0x68  DblToFlt.o [3]
  .text              ro code   0x800'389c      0x28  stm32l4xx_hal.o [1]
  .text              ro code   0x800'38c4    0x107c  stm32l4xx_hal_uart.o [1]
  .text              ro code   0x800'4940     0x778  user_app_modbus_rtu.o [1]
  .text              ro code   0x800'50b8      0xa6  ABImemcpy.o [4]
  .text              ro code   0x800'5160      0x64  user_connect_sensor.o [1]
  .text              ro code   0x800'51c4       0xc  stm32l4xx_hal.o [1]
  .text              ro code   0x800'51d0     0x230  I64DivMod.o [4]
  .text              ro code   0x800'5400      0x1a  U32ToDbl.o [3]
  .text              ro code   0x800'541c      0x22  S32ToDbl.o [3]
  .text              ro code   0x800'5440      0x16  math_wrappers64.o [3]
  .text              ro code   0x800'5458     0x1a2  DblMul.o [3]
  .text              ro code   0x800'55fc     0x17a  DblAdd.o [3]
  .text              ro code   0x800'5778      0x3a  DblToS32.o [3]
  .text              ro code   0x800'57b4     0x1b8  stm32l4xx_hal_flash.o [1]
  .text              ro code   0x800'596c      0xa0  stm32l4xx_hal_flash_ex.o [1]
  .text              ro code   0x800'5a0c     0x39c  usart.o [1]
  .text              ro code   0x800'5da8     0x426  stm32l4xx_hal_dma.o [1]
  .text              ro code   0x800'61d0     0x120  user_uart.o [1]
  .text              ro code   0x800'62f0      0x72  stm32l4xx_hal_uart_ex.o [1]
  .text              ro code   0x800'6364     0x9fc  stm32l4xx_hal_rcc.o [1]
  .text              ro code   0x800'6d60       0x2  stm32l4xx_hal_uart.o [1]
  .text              ro code   0x800'6d62       0x2  stm32l4xx_hal_uart.o [1]
  .text              ro code   0x800'6d64     0x21c  user_util.o [1]
  .text              ro code   0x800'6f80     0x194  stm32l4xx_hal_cortex.o [1]
  .text              ro code   0x800'7114       0x2  I64DivZer.o [4]
  .text              ro code   0x800'7118     0x6ec  pow64.o [3]
  .text              ro code   0x800'7804      0xc6  main.o [1]
  .text              ro code   0x800'78ca      0x14  memset.o [4]
  .text              ro code   0x800'78e0     0x4e8  stm32l4xx_hal_rcc_ex.o [1]
  .text              ro code   0x800'7dc8     0x4f4  user_app_comm.o [1]
  .text              ro code   0x800'82bc      0x70  user_rs485.o [1]
  .text              ro code   0x800'832c     0x23a  user_adv_trace.o [1]
  .text              ro code   0x800'8568      0x60  stm32l4xx_hal.o [1]
  .text              ro code   0x800'85c8      0x94  stm32l4xx_hal_pwr_ex.o [1]
  .text              ro code   0x800'865c      0x36  strlen.o [4]
  .text              ro code   0x800'8694      0x40  sprintf.o [2]
  .text              ro code   0x800'86d4      0x20  DblCmpEq.o [3]
  .text              ro code   0x800'86f4      0x70  frexp.o [3]
  .text              ro code   0x800'8764      0x2e  DblCmpLe.o [3]
  .text              ro code   0x800'8794      0x2e  DblCmpGe.o [3]
  .text              ro code   0x800'87c4     0x3e8  iar_Exp64.o [3]
  .text              ro code   0x800'8bac      0x24  stm32l4xx_hal.o [1]
  .text              ro code   0x800'8bd0     0x1d0  gpio.o [1]
  .text              ro code   0x800'8da0      0x60  dma.o [1]
  .text              ro code   0x800'8e00      0x2c  iwdg.o [1]
  .text              ro code   0x800'8e2c     0x150  rtc.o [1]
  .text              ro code   0x800'8f7c      0xc8  spi.o [1]
  .text              ro code   0x800'9044     0x310  user_timer.o [1]
  .text              ro code   0x800'9354     0x1dc  user_at_serial.o [1]
  .text              ro code   0x800'9530      0x58  user_time.o [1]
  .text              ro code   0x800'9588     0x150  user_app_rs485.o [1]
  .text              ro code   0x800'96d8     0xa06  lcd_display.o [1]
  .text              ro code   0x800'a0e0     0x350  user_tiny_vsnprintf.o [1]
  .text              ro code   0x800'a430     0xfc6  xprintffull_nomb.o [2]
  .text              ro code   0x800'b3f8     0x13a  ldexp.o [3]
  .text              ro code   0x800'b534      0x38  stm32l4xx_hal_msp.o [1]
  .text              ro code   0x800'b56c     0x78e  stm32l4xx_hal_rtc.o [1]
  .text              ro code   0x800'bcfc     0x52a  stm32l4xx_hal_spi.o [1]
  .text              ro code   0x800'c226     0x1e6  user_string.o [1]
  .text              ro code   0x800'c40c      0xa0  STM32L4.o [1]
  .text              ro code   0x800'c4ac      0xe8  glcd.o [1]
  .text              ro code   0x800'c594     0x158  ST7565R.o [1]
  .text              ro code   0x800'c6ec     0x290  text_tiny.o [1]
  .text              ro code   0x800'c97c      0x14  unit_tests.o [1]
  .text              ro code   0x800'c990    0x104c  button.o [1]
  .text              ro code   0x800'd9dc     0x390  text.o [1]
  .text              ro code   0x800'dd6c      0x16  strchr.o [4]
  .text              ro code   0x800'dd84      0x40  xfail_s.o [2]
  .text              ro code   0x800'ddc4      0x58  memchr.o [4]
  .text              ro code   0x800'de1c      0x28  DblToU32.o [3]
  .text              ro code   0x800'de44       0x8  xlocale_c.o [2]
  .text              ro code   0x800'de4c     0x3a8  user_rtc.o [1]
  .text              ro code   0x800'e1f4       0x2  stm32l4xx_hal_rtc_ex.o [1]
  .text              ro code   0x800'e1f8      0xf4  graphics.o [1]
  .text              ro code   0x800'e2ec       0x6  abort.o [2]
  .text              ro code   0x800'e2f4      0x48  stm32l4xx_hal_rtc_ex.o [1]
  .text              ro code   0x800'e33c      0x14  exit.o [5]
  .rodata            const     0x800'e350     0x548  lcd_display.o [1]
  .rodata            const     0x800'e898      0x64  user_app_sensor.o [1]
  .rodata            const     0x800'e900     0x420  pow64.o [3]
  .rodata            const     0x800'ed20     0x228  lcd_display.o [1]
  .rodata            const     0x800'ef48     0x214  lcd_display.o [1]
  .rodata            const     0x800'f15c     0x200  unit_tests.o [1]
  .text              ro code   0x800'f35c      0x88  stm32l4xx_it.o [1]
  .text              ro code   0x800'f3e4      0x18  stm32l4xx_hal.o [1]
  .text              ro code   0x800'f3fc      0x78  lz77_init_single.o [4]
  .rodata            const     0x800'f474      0x64  user_app_sensor.o [1]
  .rodata            const     0x800'f4d8      0x64  user_app_sensor.o [1]
  .rodata            const     0x800'f53c      0x34  user_app_sensor.o [1]
  .rodata            const     0x800'f570      0x34  user_app_sensor.o [1]
  .rodata            const     0x800'f5a4      0x30  system_stm32l4xx.o [1]
  .rodata            const     0x800'f5d4      0x2c  user_rtc.o [1]
  .rodata            const     0x800'f600      0x28  user_tiny_vsnprintf.o [1]
  .rodata            const     0x800'f628      0x28  user_tiny_vsnprintf.o [1]
  .text              ro code   0x800'f650      0x28  data_init.o [4]
  .text              ro code   0x800'f678      0x22  fpinit_M.o [3]
  .iar.init_table    const     0x800'f69c      0x20  - Linker created -
  .rodata            const     0x800'f6bc      0x20  user_app_comm.o [1]
  .rodata            const     0x800'f6dc      0x20  user_rtc.o [1]
  .text              ro code   0x800'f6fc      0x1e  cmain.o [4]
  .text              ro code   0x800'f71a       0x4  low_level_init.o [2]
  .text              ro code   0x800'f71e       0x4  exit.o [2]
  .text              ro code   0x800'f724       0xa  cexit.o [4]
  .rodata            const     0x800'f730      0x1c  user_app_comm.o [1]
  .rodata            const     0x800'f74c      0x1c  user_app_comm.o [1]
  .rodata            const     0x800'f768      0x1c  user_app_comm.o [1]
  .rodata            const     0x800'f784      0x1c  user_uart.o [1]
  .rodata            const     0x800'f7a0      0x18  user_app_comm.o [1]
  .rodata            const     0x800'f7b8      0x14  lcd_display.o [1]
  .rodata            const     0x800'f7cc      0x14  lcd_display.o [1]
  .rodata            const     0x800'f7e0      0x14  user_app_comm.o [1]
  .rodata            const     0x800'f7f4      0x14  user_at_serial.o [1]
  .rodata            const     0x800'f808      0x14  user_at_serial.o [1]
  .rodata            const     0x800'f81c      0x14  user_at_serial.o [1]
  .rodata            const     0x800'f830      0x14  user_at_serial.o [1]
  .rodata            const     0x800'f844      0x14  user_at_serial.o [1]
  .rodata            const     0x800'f858      0x14  user_at_serial.o [1]
  .rodata            const     0x800'f86c      0x14  user_at_serial.o [1]
  .rodata            const     0x800'f880      0x14  user_at_serial.o [1]
  .rodata            const     0x800'f894      0x14  user_at_serial.o [1]
  .rodata            const     0x800'f8a8      0x14  user_at_serial.o [1]
  .rodata            const     0x800'f8bc      0x14  user_at_serial.o [1]
  .rodata            const     0x800'f8d0      0x10  lcd_display.o [1]
  .rodata            const     0x800'f8e0      0x10  lcd_display.o [1]
  .rodata            const     0x800'f8f0      0x10  lcd_display.o [1]
  .rodata            const     0x800'f900      0x10  lcd_display.o [1]
  .rodata            const     0x800'f910      0x10  lcd_display.o [1]
  .rodata            const     0x800'f920      0x10  lcd_display.o [1]
  .rodata            const     0x800'f930      0x10  lcd_display.o [1]
  .rodata            const     0x800'f940      0x10  lcd_display.o [1]
  .rodata            const     0x800'f950      0x10  lcd_display.o [1]
  .rodata            const     0x800'f960      0x10  lcd_display.o [1]
  .rodata            const     0x800'f970      0x10  lcd_display.o [1]
  .rodata            const     0x800'f980      0x10  lcd_display.o [1]
  .rodata            const     0x800'f990      0x10  lcd_display.o [1]
  .rodata            const     0x800'f9a0      0x10  system_stm32l4xx.o [1]
  .rodata            const     0x800'f9b0      0x10  user_app_sensor.o [1]
  .rodata            const     0x800'f9c0      0x10  user_at_serial.o [1]
  .rodata            const     0x800'f9d0      0x10  user_at_serial.o [1]
  .rodata            const     0x800'f9e0      0x10  user_at_serial.o [1]
  .rodata            const     0x800'f9f0      0x10  user_at_serial.o [1]
  .rodata            const     0x800'fa00      0x10  user_at_serial.o [1]
  .rodata            const     0x800'fa10      0x10  user_at_serial.o [1]
  .rodata            const     0x800'fa20      0x10  user_at_serial.o [1]
  .rodata            const     0x800'fa30      0x10  user_at_serial.o [1]
  .rodata            const     0x800'fa40      0x10  user_at_serial.o [1]
  .rodata            const     0x800'fa50      0x10  user_at_serial.o [1]
  .rodata            const     0x800'fa60      0x10  user_at_serial.o [1]
  .rodata            const     0x800'fa70      0x10  user_at_serial.o [1]
  .rodata            const     0x800'fa80      0x10  user_at_serial.o [1]
  .rodata            const     0x800'fa90      0x10  user_at_serial.o [1]
  .rodata            const     0x800'faa0      0x10  user_at_serial.o [1]
  .rodata            const     0x800'fab0      0x10  user_at_serial.o [1]
  .rodata            const     0x800'fac0      0x10  user_at_serial.o [1]
  .rodata            const     0x800'fad0      0x10  user_at_serial.o [1]
  .rodata            const     0x800'fae0      0x10  user_at_serial.o [1]
  .rodata            const     0x800'faf0      0x10  user_at_serial.o [1]
  .rodata            const     0x800'fb00      0x10  user_at_serial.o [1]
  .rodata            const     0x800'fb10      0x10  user_at_serial.o [1]
  .rodata            const     0x800'fb20      0x10  user_at_serial.o [1]
  .rodata            const     0x800'fb30      0x10  user_at_serial.o [1]
  .rodata            const     0x800'fb40      0x10  user_at_serial.o [1]
  .rodata            const     0x800'fb50      0x10  user_at_serial.o [1]
  .rodata            const     0x800'fb60      0x10  user_at_serial.o [1]
  .rodata            const     0x800'fb70      0x10  user_at_serial.o [1]
  .text              ro code   0x800'fb80      0x10  startup_stm32l433xx.o [1]
  .text              ro code   0x800'fb90      0x10  system_stm32l4xx.o [1]
  .rodata            const     0x800'fba0       0xc  lcd_display.o [1]
  .rodata            const     0x800'fbac       0xc  lcd_display.o [1]
  .rodata            const     0x800'fbb8       0xc  lcd_display.o [1]
  .rodata            const     0x800'fbc4       0xc  lcd_display.o [1]
  .rodata            const     0x800'fbd0       0xc  lcd_display.o [1]
  .rodata            const     0x800'fbdc       0xc  lcd_display.o [1]
  .rodata            const     0x800'fbe8       0xc  user_app_comm.o [1]
  .rodata            const     0x800'fbf4       0xc  user_app_sensor.o [1]
  .rodata            const     0x800'fc00       0xc  user_app_sensor.o [1]
  .rodata            const     0x800'fc0c       0xc  user_at_serial.o [1]
  .rodata            const     0x800'fc18       0xc  user_at_serial.o [1]
  .rodata            const     0x800'fc24       0xc  user_at_serial.o [1]
  .rodata            const     0x800'fc30       0xc  user_at_serial.o [1]
  .rodata            const     0x800'fc3c       0xc  user_at_serial.o [1]
  .rodata            const     0x800'fc48       0xc  user_at_serial.o [1]
  .rodata            const     0x800'fc54       0xc  user_at_serial.o [1]
  .rodata            const     0x800'fc60       0xc  user_at_serial.o [1]
  .rodata            const     0x800'fc6c       0xc  user_at_serial.o [1]
  .rodata            const     0x800'fc78       0xc  user_at_serial.o [1]
  .rodata            const     0x800'fc84       0xc  user_at_serial.o [1]
  .rodata            const     0x800'fc90       0xc  user_at_serial.o [1]
  .rodata            const     0x800'fc9c       0xc  user_at_serial.o [1]
  .rodata            const     0x800'fca8       0xc  user_at_serial.o [1]
  .rodata            const     0x800'fcb4       0xc  user_at_serial.o [1]
  .rodata            const     0x800'fcc0       0xc  user_at_serial.o [1]
  .rodata            const     0x800'fccc       0xc  user_at_serial.o [1]
  .rodata            const     0x800'fcd8       0xc  user_at_serial.o [1]
  .rodata            const     0x800'fce4       0xc  user_at_serial.o [1]
  .rodata            const     0x800'fcf0       0xc  user_at_serial.o [1]
  .rodata            const     0x800'fcfc       0xc  user_at_serial.o [1]
  .rodata            const     0x800'fd08       0xc  user_at_serial.o [1]
  .rodata            const     0x800'fd14       0xc  user_at_serial.o [1]
  .rodata            const     0x800'fd20       0xc  user_at_serial.o [1]
  .rodata            const     0x800'fd2c       0xc  user_at_serial.o [1]
  .rodata            const     0x800'fd38       0xc  user_at_serial.o [1]
  .rodata            const     0x800'fd44       0xc  user_at_serial.o [1]
  .rodata            const     0x800'fd50       0xc  user_at_serial.o [1]
  .rodata            const     0x800'fd5c       0xc  user_rtc.o [1]
  .rodata            const     0x800'fd68       0xc  user_rtc.o [1]
  .text              ro code   0x800'fd74       0xc  cstartup_M.o [4]
  .rodata            const     0x800'fd80       0x8  lcd_display.o [1]
  .rodata            const     0x800'fd88       0x8  lcd_display.o [1]
  .rodata            const     0x800'fd90       0x8  lcd_display.o [1]
  .rodata            const     0x800'fd98       0x8  lcd_display.o [1]
  .rodata            const     0x800'fda0       0x8  lcd_display.o [1]
  .rodata            const     0x800'fda8       0x8  system_stm32l4xx.o [1]
  .rodata            const     0x800'fdb0       0x8  user_app_modbus_rtu.o [1]
  .rodata            const     0x800'fdb8       0x8  user_app_modbus_rtu.o [1]
  .rodata            const     0x800'fdc0       0x8  user_app_sensor.o [1]
  .rodata            const     0x800'fdc8       0x8  user_app_sensor.o [1]
  .rodata            const     0x800'fdd0       0x8  user_app_sensor.o [1]
  .rodata            const     0x800'fdd8       0x8  user_app_sensor.o [1]
  .rodata            const     0x800'fde0       0x8  user_app_sensor.o [1]
  .rodata            const     0x800'fde8       0x8  user_app_sensor.o [1]
  .rodata            const     0x800'fdf0       0x8  user_app_sensor.o [1]
  .rodata            const     0x800'fdf8       0x8  user_app_sensor.o [1]
  .rodata            const     0x800'fe00       0x8  user_app_sensor.o [1]
  .rodata            const     0x800'fe08       0x8  user_app_sensor.o [1]
  .rodata            const     0x800'fe10       0x8  user_app_sensor.o [1]
  .rodata            const     0x800'fe18       0x8  user_app_sensor.o [1]
  .rodata            const     0x800'fe20       0x8  user_app_sensor.o [1]
  .rodata            const     0x800'fe28       0x8  user_app_sensor.o [1]
  .rodata            const     0x800'fe30       0x8  user_app_sensor.o [1]
  .rodata            const     0x800'fe38       0x8  user_app_sensor.o [1]
  .rodata            const     0x800'fe40       0x8  user_app_sensor.o [1]
  .rodata            const     0x800'fe48       0x8  user_app_sensor.o [1]
  .rodata            const     0x800'fe50       0x8  user_app_sensor.o [1]
  .rodata            const     0x800'fe58       0x8  user_at_serial.o [1]
  .rodata            const     0x800'fe60       0x8  user_at_serial.o [1]
  .rodata            const     0x800'fe68       0x8  user_at_serial.o [1]
  .rodata            const     0x800'fe70       0x8  user_at_serial.o [1]
  .rodata            const     0x800'fe78       0x8  user_at_serial.o [1]
  .rodata            const     0x800'fe80       0x8  user_tiny_vsnprintf.o [1]
  .rodata            const     0x800'fe88       0x8  user_util.o [1]
  .rodata            const     0x800'fe90       0x8  xprintffull_nomb.o [2]
  .text              ro code   0x800'fe98       0x4  startup_stm32l433xx.o [1]
  .text              ro code   0x800'fe9c       0x4  startup_stm32l433xx.o [1]
  .text              ro code   0x800'fea0       0x4  startup_stm32l433xx.o [1]
  .text              ro code   0x800'fea4       0x4  startup_stm32l433xx.o [1]
  .text              ro code   0x800'fea8       0x4  startup_stm32l433xx.o [1]
  .text              ro code   0x800'feac       0x4  startup_stm32l433xx.o [1]
  .text              ro code   0x800'feb0       0x4  startup_stm32l433xx.o [1]
  .text              ro code   0x800'feb4       0x4  startup_stm32l433xx.o [1]
  .text              ro code   0x800'feb8       0x4  startup_stm32l433xx.o [1]
  .text              ro code   0x800'febc       0x4  startup_stm32l433xx.o [1]
  .text              ro code   0x800'fec0       0x4  startup_stm32l433xx.o [1]
  .text              ro code   0x800'fec4       0x4  startup_stm32l433xx.o [1]
  .text              ro code   0x800'fec8       0x4  startup_stm32l433xx.o [1]
  .text              ro code   0x800'fecc       0x4  startup_stm32l433xx.o [1]
  .text              ro code   0x800'fed0       0x4  startup_stm32l433xx.o [1]
  .text              ro code   0x800'fed4       0x4  startup_stm32l433xx.o [1]
  .text              ro code   0x800'fed8       0x4  startup_stm32l433xx.o [1]
  .text              ro code   0x800'fedc       0x4  startup_stm32l433xx.o [1]
  .text              ro code   0x800'fee0       0x4  startup_stm32l433xx.o [1]
  .text              ro code   0x800'fee4       0x4  startup_stm32l433xx.o [1]
  .text              ro code   0x800'fee8       0x4  startup_stm32l433xx.o [1]
  .text              ro code   0x800'feec       0x4  startup_stm32l433xx.o [1]
  .text              ro code   0x800'fef0       0x4  startup_stm32l433xx.o [1]
  .text              ro code   0x800'fef4       0x4  startup_stm32l433xx.o [1]
  .text              ro code   0x800'fef8       0x4  startup_stm32l433xx.o [1]
  .text              ro code   0x800'fefc       0x4  startup_stm32l433xx.o [1]
  .text              ro code   0x800'ff00       0x4  startup_stm32l433xx.o [1]
  .text              ro code   0x800'ff04       0x4  startup_stm32l433xx.o [1]
  .text              ro code   0x800'ff08       0x4  startup_stm32l433xx.o [1]
  .text              ro code   0x800'ff0c       0x4  startup_stm32l433xx.o [1]
  .text              ro code   0x800'ff10       0x4  startup_stm32l433xx.o [1]
  .text              ro code   0x800'ff14       0x4  startup_stm32l433xx.o [1]
  .text              ro code   0x800'ff18       0x4  startup_stm32l433xx.o [1]
  .text              ro code   0x800'ff1c       0x4  startup_stm32l433xx.o [1]
  .text              ro code   0x800'ff20       0x4  startup_stm32l433xx.o [1]
  .text              ro code   0x800'ff24       0x4  startup_stm32l433xx.o [1]
  .text              ro code   0x800'ff28       0x4  startup_stm32l433xx.o [1]
  .text              ro code   0x800'ff2c       0x4  startup_stm32l433xx.o [1]
  .text              ro code   0x800'ff30       0x4  startup_stm32l433xx.o [1]
  .text              ro code   0x800'ff34       0x4  startup_stm32l433xx.o [1]
  .text              ro code   0x800'ff38       0x4  startup_stm32l433xx.o [1]
  .text              ro code   0x800'ff3c       0x4  startup_stm32l433xx.o [1]
  .text              ro code   0x800'ff40       0x4  startup_stm32l433xx.o [1]
  .text              ro code   0x800'ff44       0x4  startup_stm32l433xx.o [1]
  .text              ro code   0x800'ff48       0x4  startup_stm32l433xx.o [1]
  .text              ro code   0x800'ff4c       0x4  startup_stm32l433xx.o [1]
  .text              ro code   0x800'ff50       0x4  startup_stm32l433xx.o [1]
  .text              ro code   0x800'ff54       0x4  startup_stm32l433xx.o [1]
  .text              ro code   0x800'ff58       0x4  startup_stm32l433xx.o [1]
  .text              ro code   0x800'ff5c       0x4  startup_stm32l433xx.o [1]
  .text              ro code   0x800'ff60       0x4  startup_stm32l433xx.o [1]
  .text              ro code   0x800'ff64       0x4  startup_stm32l433xx.o [1]
  .text              ro code   0x800'ff68       0x4  startup_stm32l433xx.o [1]
  .text              ro code   0x800'ff6c       0x4  startup_stm32l433xx.o [1]
  .text              ro code   0x800'ff70       0x4  startup_stm32l433xx.o [1]
  .text              ro code   0x800'ff74       0x4  startup_stm32l433xx.o [1]
  .text              ro code   0x800'ff78       0x4  startup_stm32l433xx.o [1]
  .text              ro code   0x800'ff7c       0x4  startup_stm32l433xx.o [1]
  .text              ro code   0x800'ff80       0x4  startup_stm32l433xx.o [1]
  .rodata            const     0x800'ff84       0x0  zero_init3.o [4]
  .rodata            const     0x800'ff84       0x0  lz77_init_single.o [4]
  Initializer bytes  const     0x800'ff84     0x4a1  <for P2-1>
                             - 0x801'0425  0x1'0299

"P2", part 1 of 3:                            0xa55
  P2-1                        0x2000'0000     0xa55  <Init block>
    .data            inited   0x2000'0000       0xc  button.o [1]
    .data            inited   0x2000'000c      0x60  lcd_display.o [1]
    .data            inited   0x2000'006c       0x8  lcd_display.o [1]
    .data            inited   0x2000'0074       0x4  lcd_display.o [1]
    .data            inited   0x2000'0078      0x10  lcd_display.o [1]
    .data            inited   0x2000'0088      0x10  lcd_display.o [1]
    .data            inited   0x2000'0098      0x10  lcd_display.o [1]
    .data            inited   0x2000'00a8      0x10  lcd_display.o [1]
    .data            inited   0x2000'00b8      0x10  lcd_display.o [1]
    .data            inited   0x2000'00c8     0x288  lcd_display.o [1]
    .data            inited   0x2000'0350       0x4  stm32l4xx_hal.o [1]
    .data            inited   0x2000'0354      0x20  stm32l4xx_hal_flash.o [1]
    .data            inited   0x2000'0374       0x4  system_stm32l4xx.o [1]
    .data            inited   0x2000'0378      0x70  user_app_comm.o [1]
    .data            inited   0x2000'03e8       0x8  user_app_comm.o [1]
    .data            inited   0x2000'03f0       0x8  user_app_comm.o [1]
    .data            inited   0x2000'03f8      0x78  user_app_modbus_rtu.o [1]
    .data            inited   0x2000'0470      0x2c  user_app_modbus_rtu.o [1]
    .data            inited   0x2000'049c       0x8  user_app_modbus_rtu.o [1]
    .data            inited   0x2000'04a4      0x40  user_app_rs485.o [1]
    .data            inited   0x2000'04e4      0x90  user_app_sensor.o [1]
    .data            inited   0x2000'0574       0x8  user_app_sensor.o [1]
    .data            inited   0x2000'057c       0x8  user_app_sensor.o [1]
    .data            inited   0x2000'0584       0x4  user_app_sensor.o [1]
    .data            inited   0x2000'0588       0x8  user_at_serial.o [1]
    .data            inited   0x2000'0590     0x470  user_at_serial.o [1]
    .data            inited   0x2000'0a00       0x8  user_connect_sensor.o [1]
    .data            inited   0x2000'0a08       0x8  user_rs485.o [1]
    .data            inited   0x2000'0a10       0x4  user_tiny_vsnprintf.o [1]
    .data            inited   0x2000'0a14       0x4  user_tiny_vsnprintf.o [1]
    .data            inited   0x2000'0a18      0x38  xlocale_c.o [2]
    .data            inited   0x2000'0a50       0x2  user_app_modbus_rtu.o [1]
    .data            inited   0x2000'0a52       0x1  lcd_display.o [1]
    .data            inited   0x2000'0a53       0x1  stm32l4xx_hal.o [1]
    .data            inited   0x2000'0a54       0x1  user_util.o [1]
                            - 0x2000'0a55     0xa55

"P2", part 2 of 3:                           0x1c24
  .bss               zero     0x2000'0a58     0x4b0  user_app_comm.o [1]
  .bss               zero     0x2000'0f08     0x400  glcd.o [1]
  .bss               zero     0x2000'1308     0x400  user_adv_trace.o [1]
  .bss               zero     0x2000'1708     0x200  user_adv_trace.o [1]
  .bss               zero     0x2000'1908     0x200  user_connect_sensor.o [1]
  .bss               zero     0x2000'1b08     0x200  user_rs485.o [1]
  .bss               zero     0x2000'1d08     0x144  lcd_display.o [1]
  .bss               zero     0x2000'1e4c      0x88  usart.o [1]
  .bss               zero     0x2000'1ed4      0x88  usart.o [1]
  .bss               zero     0x2000'1f5c      0x88  usart.o [1]
  .bss               zero     0x2000'1fe4      0x80  user_app_modbus_rtu.o [1]
  .bss               zero     0x2000'2064      0x80  user_app_modbus_rtu.o [1]
  .bss               zero     0x2000'20e4      0x80  user_app_modbus_rtu.o [1]
  .bss               zero     0x2000'2164      0x80  user_at_serial.o [1]
  .bss               zero     0x2000'21e4      0x80  user_at_serial.o [1]
  .bss               zero     0x2000'2264      0x64  spi.o [1]
  .bss               zero     0x2000'22c8      0x64  user_app_comm.o [1]
  .bss               zero     0x2000'232c      0x54  lcd_display.o [1]
  .bss               zero     0x2000'2380      0x48  usart.o [1]
  .bss               zero     0x2000'23c8      0x48  usart.o [1]
  .bss               zero     0x2000'2410      0x48  usart.o [1]
  .bss               zero     0x2000'2458      0x2c  user_rtc.o [1]
  .bss               zero     0x2000'2484      0x28  user_app_sensor.o [1]
  .bss               zero     0x2000'24ac      0x28  user_app_sensor.o [1]
  .bss               zero     0x2000'24d4      0x28  user_app_sensor.o [1]
  .bss               zero     0x2000'24fc      0x24  rtc.o [1]
  .bss               zero     0x2000'2520      0x24  user_app_sensor.o [1]
  .bss               zero     0x2000'2544      0x20  lcd_display.o [1]
  .bss               zero     0x2000'2564      0x1c  user_rtc.o [1]
  .bss               zero     0x2000'2580      0x18  button.o [1]
  .bss               zero     0x2000'2598      0x18  user_adv_trace.o [1]
  .bss               zero     0x2000'25b0      0x18  user_app_comm.o [1]
  .bss               zero     0x2000'25c8      0x10  iwdg.o [1]
  .bss               zero     0x2000'25d8      0x10  lcd_display.o [1]
  .bss               zero     0x2000'25e8       0xc  text.o [1]
  .bss               zero     0x2000'25f4       0xc  user_app_sensor.o [1]
  .bss               zero     0x2000'2600       0xc  user_util.o [1]
  .bss               zero     0x2000'260c       0x8  user_app_sensor.o [1]
  .bss               zero     0x2000'2614       0x4  button.o [1]
  .bss               zero     0x2000'2618       0x4  button.o [1]
  .bss               zero     0x2000'261c       0x4  glcd.o [1]
  .bss               zero     0x2000'2620       0x4  glcd.o [1]
  .bss               zero     0x2000'2624       0x4  glcd.o [1]
  .bss               zero     0x2000'2628       0x4  lcd_display.o [1]
  .bss               zero     0x2000'262c       0x4  stm32l4xx_hal.o [1]
  .bss               zero     0x2000'2630       0x4  user_app_comm.o [1]
  .bss               zero     0x2000'2634       0x4  user_app_sensor.o [1]
  .bss               zero     0x2000'2638       0x4  user_app_sensor.o [1]
  .bss               zero     0x2000'263c       0x4  user_app_sensor.o [1]
  .bss               zero     0x2000'2640       0x4  user_app_sensor.o [1]
  .bss               zero     0x2000'2644       0x4  user_rtc.o [1]
  .bss               zero     0x2000'2648       0x4  user_timer.o [1]
  .bss               zero     0x2000'264c       0x4  user_util.o [1]
  .bss               zero     0x2000'2650       0x4  user_util.o [1]
  .bss               zero     0x2000'2654       0x4  user_util.o [1]
  .bss               zero     0x2000'2658       0x4  xfail_s.o [2]
  .bss               zero     0x2000'265c       0x2  button.o [1]
  .bss               zero     0x2000'265e       0x2  lcd_display.o [1]
  .bss               zero     0x2000'2660       0x2  user_app_comm.o [1]
  .bss               zero     0x2000'2662       0x2  user_app_comm.o [1]
  .bss               zero     0x2000'2664       0x2  user_app_sensor.o [1]
  .bss               zero     0x2000'2666       0x2  user_app_sensor.o [1]
  .bss               zero     0x2000'2668       0x2  user_uart.o [1]
  .bss               zero     0x2000'266a       0x1  button.o [1]
  .bss               zero     0x2000'266b       0x1  lcd_display.o [1]
  .bss               zero     0x2000'266c       0x1  lcd_display.o [1]
  .bss               zero     0x2000'266d       0x1  lcd_display.o [1]
  .bss               zero     0x2000'266e       0x1  user_app_comm.o [1]
  .bss               zero     0x2000'266f       0x1  user_app_rs485.o [1]
  .bss               zero     0x2000'2670       0x1  user_app_sensor.o [1]
  .bss               zero     0x2000'2671       0x1  user_app_sensor.o [1]
  .bss               zero     0x2000'2672       0x1  user_app_sensor.o [1]
  .bss               zero     0x2000'2673       0x1  user_at_serial.o [1]
  .bss               zero     0x2000'2674       0x1  user_connect_sensor.o [1]
  .bss               zero     0x2000'2675       0x1  user_connect_sensor.o [1]
  .bss               zero     0x2000'2676       0x1  user_rs485.o [1]
  .bss               zero     0x2000'2677       0x1  user_rs485.o [1]
  .bss               zero     0x2000'2678       0x1  user_rtc.o [1]
  .bss               zero     0x2000'2679       0x1  user_uart.o [1]
                            - 0x2000'267a    0x1c22

"P2", part 3 of 3:                            0x400
  CSTACK                      0x2000'2680     0x400  <Block>
    CSTACK           uninit   0x2000'2680     0x400  <Block tail>
                            - 0x2000'2a80     0x400

Unused ranges:

         From           To      Size
         ----           --      ----
   0x801'0425   0x803'ffff  0x2'fbdb
  0x2000'0a55  0x2000'0a57       0x3
  0x2000'267c  0x2000'267f       0x4
  0x2000'2a80  0x2000'ffff    0xd580


*******************************************************************************
*** INIT TABLE
***

          Address      Size
          -------      ----
Zero (__iar_zero_init3)
    1 destination range, total size 0x1c22:
          0x2000'0a58  0x1c22

Copy/lz77 (__iar_lz77_init_single3)
    1 source range, total size 0x4a1 (44% of destination):
           0x800'ff84   0x4a1
    1 destination range, total size 0xa55:
          0x2000'0000   0xa55



*******************************************************************************
*** MODULE SUMMARY
***

    Module                    ro code  ro data  rw data
    ------                    -------  -------  -------
command line/config:
    ---------------------------------------------------
    Total:

D:\Saoviet_Git\Saoviet_EnviroTrack_M_And_S\Project_Slave_LanChang_Clo\Project_Slave_Sensor_EnviroTrack\EWARM\Project_Slave_Sensor_EnviroTrack\Obj: [1]
    ST7565R.o                     344
    STM32L4.o                     160
    button.o                    4'172        5       47
    dma.o                          96
    event_driven.o                 84
    glcd.o                        232             1'036
    gpio.o                        464
    graphics.o                    244
    iwdg.o                         44                16
    lcd_display.o               2'566    3'171    1'302
    main.o                        198
    onchipflash.o                 370
    rtc.o                         336                36
    spi.o                         200               100
    startup_stm32l433xx.o         648
    stm32l4xx_hal.o               208        2        9
    stm32l4xx_hal_cortex.o        404
    stm32l4xx_hal_dma.o         1'062
    stm32l4xx_hal_flash.o         440       15       32
    stm32l4xx_hal_flash_ex.o      160
    stm32l4xx_hal_gpio.o          896
    stm32l4xx_hal_iwdg.o          128
    stm32l4xx_hal_msp.o            56
    stm32l4xx_hal_pwr_ex.o        148
    stm32l4xx_hal_rcc.o         2'556
    stm32l4xx_hal_rcc_ex.o      1'256
    stm32l4xx_hal_rtc.o         1'934
    stm32l4xx_hal_rtc_ex.o         74
    stm32l4xx_hal_spi.o         1'322
    stm32l4xx_hal_uart.o        4'224
    stm32l4xx_hal_uart_ex.o       114
    stm32l4xx_it.o                136
    system_stm32l4xx.o             16       73        4
    text.o                        912                12
    text_tiny.o                   656
    unit_tests.o                   20      512
    usart.o                       924               624
    user_adv_trace.o              570             1'560
    user_app_comm.o             1'268      230    1'461
    user_app_modbus_rtu.o       1'912       94      558
    user_app_rs485.o              336       28       65
    user_app_sensor.o           8'728      670      363
    user_at_serial.o              476    1'556    1'401
    user_connect_sensor.o         100        4      522
    user_convert_variable.o     1'884
    user_modbus_rtu.o             848
    user_rs485.o                  112        4      522
    user_rtc.o                    936      100       77
    user_string.o                 486
    user_time.o                    88
    user_timer.o                  784                 4
    user_tiny_vsnprintf.o         848       91        8
    user_uart.o                   288       28        3
    user_util.o                   540        9       25
    ---------------------------------------------------
    Total:                     48'008    6'592    9'787

dl7M_tlf.a: [2]
    abort.o                         6
    exit.o                          4
    low_level_init.o                4
    sprintf.o                      64
    xfail_s.o                      64                 4
    xlocale_c.o                     8       28       56
    xprintffull_nomb.o          4'038        8
    xsprout.o                      10
    ---------------------------------------------------
    Total:                      4'198       36       60

m7M_tls.a: [3]
    DblAdd.o                      378
    DblCmpEq.o                     32
    DblCmpGe.o                     46
    DblCmpLe.o                     46
    DblDiv.o                      582
    DblMul.o                      418
    DblSub.o                      226
    DblToFlt.o                    104
    DblToS32.o                     58
    DblToU32.o                     40
    FltToDbl.o                     72
    S32ToDbl.o                     34
    U32ToDbl.o                     26
    fpinit_M.o                     34
    frexp.o                       112
    iar_Exp64.o                 1'000
    ldexp.o                       314
    math_wrappers64.o              22
    pow64.o                     1'772    1'056
    ---------------------------------------------------
    Total:                      5'316    1'056

rt7M_tl.a: [4]
    ABImemcpy.o                   166
    ABImemset.o                   102
    I64DivMod.o                   560
    I64DivZer.o                     2
    cexit.o                        10
    cmain.o                        30
    cstartup_M.o                   12
    data_init.o                    40
    lz77_init_single.o            120
    memchr.o                       88
    memset.o                       20
    strchr.o                       22
    strlen.o                       54
    zero_init3.o                   58
    ---------------------------------------------------
    Total:                      1'284

shb_l.a: [5]
    exit.o                         20
    ---------------------------------------------------
    Total:                         20

    Gaps                           47        8
    Linker created                          32    1'024
-------------------------------------------------------
    Grand Total:               58'873    7'724   10'871


*******************************************************************************
*** ENTRY LIST
***

Entry                       Address   Size  Type      Object
-----                       -------   ----  ----      ------
.iar.init_table$$Base    0x800'f69c          --   Gb  - Linker created -
.iar.init_table$$Limit   0x800'f6bc          --   Gb  - Linker created -
?main                    0x800'f6fd         Code  Gb  cmain.o [4]
ADV_TRACE_Buffer        0x2000'1308  0x400  Data  Lc  user_adv_trace.o [1]
ADV_TRACE_Ctx           0x2000'2598   0x18  Data  Lc  user_adv_trace.o [1]
AHBPrescTable            0x800'f9a0   0x10  Data  Gb  system_stm32l4xx.o [1]
APBPrescTable            0x800'fda8    0x8  Data  Gb  system_stm32l4xx.o [1]
AT_CMD_Get_BR_Slave      0x800'1a0b   0x5a  Code  Gb  user_app_sensor.o [1]
AT_CMD_Get_Clo_Calib_Point
                         0x800'1ead  0x124  Code  Gb  user_app_sensor.o [1]
AT_CMD_Get_Clo_Const_Temp
                         0x800'1b09   0x4a  Code  Gb  user_app_sensor.o [1]
AT_CMD_Get_Clo_Zero_Slope
                         0x800'1bfd  0x114  Code  Gb  user_app_sensor.o [1]
AT_CMD_Get_ID_Slave      0x800'1909   0x5a  Code  Gb  user_app_sensor.o [1]
AT_CMD_Reset_Slave       0x800'1819   0x4a  Code  Gb  user_app_sensor.o [1]
AT_CMD_Restore_Slave     0x800'1889   0x66  Code  Gb  user_app_sensor.o [1]
AT_CMD_Set_BR_Slave      0x800'1a69   0xa0  Code  Gb  user_app_sensor.o [1]
AT_CMD_Set_Clo_Calib_Point
                         0x800'2005  0x1f0  Code  Gb  user_app_sensor.o [1]
AT_CMD_Set_Clo_Const_Temp
                         0x800'1b53   0x9c  Code  Gb  user_app_sensor.o [1]
AT_CMD_Set_Clo_Zero_Slope
                         0x800'1d21  0x186  Code  Gb  user_app_sensor.o [1]
AT_CMD_Set_ID_Slave      0x800'1969   0xa2  Code  Gb  user_app_sensor.o [1]
AppComm_DBG_Init_RX_Mode
                         0x800'806d   0x32  Code  Gb  user_app_comm.o [1]
AppComm_DBG_Init_Uart    0x800'8065    0x8  Code  Gb  user_app_comm.o [1]
AppComm_DBG_Rx_Callback
                         0x800'80ad  0x176  Code  Gb  user_app_comm.o [1]
AppComm_DBG_Stop_RX_Mode
                         0x800'809f    0xa  Code  Gb  user_app_comm.o [1]
AppComm_Get_Reset_Source
                         0x800'802d   0x38  Code  Gb  user_app_comm.o [1]
AppComm_IRQ_Timer_CallBack
                         0x800'7fed    0xc  Code  Gb  user_app_comm.o [1]
AppComm_Init             0x800'7f2b   0x20  Code  Gb  user_app_comm.o [1]
AppComm_Set_Next_TxTimer
                         0x800'8013    0x2  Code  Gb  user_app_comm.o [1]
AppComm_Task             0x800'7f4b   0xa0  Code  Gb  user_app_comm.o [1]
AppComm_Uart_Debug_Send
                         0x800'8015   0x18  Code  Lc  user_app_comm.o [1]
AppRs485_Task            0x800'9633   0x84  Code  Gb  user_app_rs485.o [1]
AppSensor_Task           0x800'226d   0x84  Code  Gb  user_app_sensor.o [1]
BUTTON_Down_Process      0x800'd3b7  0x1a4  Code  Gb  button.o [1]
BUTTON_ESC_Process       0x800'd581  0x420  Code  Gb  button.o [1]
BUTTON_Enter_Process     0x800'cabf  0x752  Code  Gb  button.o [1]
BUTTON_Process           0x800'c991   0x34  Code  Gb  button.o [1]
BUTTON_Up_Process        0x800'd211  0x1a6  Code  Gb  button.o [1]
BUTTON_scan              0x800'c9c5   0xfa  Code  Gb  button.o [1]
BUTTON_scan::hold       0x2000'2614    0x4  Data  Lc  button.o [1]
BUTTON_scan::last_value
                        0x2000'266a    0x1  Data  Lc  button.o [1]
BusFault_Handler         0x800'f363    0x2  Code  Gb  stm32l4xx_it.o [1]
CSTACK$$Base            0x2000'2680          --   Gb  - Linker created -
CSTACK$$Limit           0x2000'2a80          --   Gb  - Linker created -
Cal_Time                 0x800'6d83   0x12  Code  Gb  user_util.o [1]
Calculator_Scale         0x800'2be9   0x54  Code  Gb  user_convert_variable.o [1]
CheckList_AT_CONFIG     0x2000'0590  0x470  Data  Gb  user_at_serial.o [1]
Check_Time_Out           0x800'6d65   0x1e  Code  Gb  user_util.o [1]
Chlorine_Compensation_pH
                         0x800'0f41  0x50c  Code  Gb  user_app_sensor.o [1]
Convert_Point_Int_To_String
                         0x800'2c3d   0xce  Code  Gb  user_convert_variable.o [1]
Convert_Point_Int_To_String_Scale
                         0x800'2d0b   0xea  Code  Gb  user_convert_variable.o [1]
Convert_Scale            0x800'6ed5   0x5c  Code  Gb  user_util.o [1]
Convert_String_To_Dec    0x800'2f65   0x5c  Code  Gb  user_convert_variable.o [1]
Convert_uint32Hex_To_Float
                         0x800'2e21  0x144  Code  Gb  user_convert_variable.o [1]
CountBufferHandleRecvSS
                        0x2000'2664    0x2  Data  Gb  user_app_sensor.o [1]
DCU_Enter_Calib          0x800'1469  0x13c  Code  Gb  user_app_sensor.o [1]
DCU_Log_DataCalib       0x2000'2638    0x4  Data  Gb  user_app_sensor.o [1]
DCU_Log_KindCalib       0x2000'2670    0x1  Data  Gb  user_app_sensor.o [1]
DCU_Logdata_Calib        0x800'144d   0x16  Code  Gb  user_app_sensor.o [1]
DMA1_Channel3_IRQHandler
                         0x800'f37d    0xa  Code  Gb  stm32l4xx_it.o [1]
DMA1_Channel5_IRQHandler
                         0x800'f387    0xa  Code  Gb  stm32l4xx_it.o [1]
DMA2_Channel7_IRQHandler
                         0x800'f3af    0xa  Code  Gb  stm32l4xx_it.o [1]
DMA_SetConfig            0x800'619d   0x32  Code  Lc  stm32l4xx_hal_dma.o [1]
DaysInMonth              0x800'fd5c    0xc  Data  Lc  user_rtc.o [1]
DaysInMonthLeapYear      0x800'fd68    0xc  Data  Lc  user_rtc.o [1]
DebugMon_Handler         0x800'f369    0x2  Code  Gb  stm32l4xx_it.o [1]
Deinit_LCD12864          0x800'a0a5   0x3a  Code  Gb  lcd_display.o [1]
Display_Check_Password   0x800'9f3f   0x2e  Code  Gb  lcd_display.o [1]
Display_Check_Toggle     0x800'9dc9   0xac  Code  Gb  lcd_display.o [1]
Display_Check_Toggle::Hide
                        0x2000'232c   0x54  Data  Lc  lcd_display.o [1]
Display_Check_Toggle::LandMarkToggle_u32
                        0x2000'1d08  0x144  Data  Lc  lcd_display.o [1]
Display_Init             0x800'96d9   0x88  Code  Gb  lcd_display.o [1]
Display_Set_Screen       0x800'9f09   0x36  Code  Gb  lcd_display.o [1]
Display_Set_Screen_Flag
                         0x800'9ec3   0x46  Code  Gb  lcd_display.o [1]
Display_Show_Oject       0x800'9a99  0x330  Code  Gb  lcd_display.o [1]
Display_Show_Screen      0x800'9e75   0x4e  Code  Gb  lcd_display.o [1]
Display_Show_State_Sensor_Network
                         0x800'9f6d   0x4c  Code  Gb  lcd_display.o [1]
Display_Show_State_Setting
                         0x800'9fbd   0x5c  Code  Gb  lcd_display.o [1]
Display_Task             0x800'9761   0x7e  Code  Gb  lcd_display.o [1]
Error_Handler            0x800'78c7    0x4  Code  Gb  main.o [1]
FLASH_FlushCaches        0x800'5997   0x6a  Code  Gb  stm32l4xx_hal_flash_ex.o [1]
FLASH_PageErase          0x800'596d   0x2a  Code  Gb  stm32l4xx_hal_flash_ex.o [1]
FLASH_Program_DoubleWord
                         0x800'58fb   0x1a  Code  Lc  stm32l4xx_hal_flash.o [1]
FLASH_Program_Fast       0x800'5915   0x32  Code  Lc  stm32l4xx_hal_flash.o [1]
FLASH_WaitForLastOperation
                         0x800'5895   0x66  Code  Gb  stm32l4xx_hal_flash.o [1]
Filter_Clo               0x800'05fd   0xc0  Code  Gb  user_app_sensor.o [1]
Filter_Clo::P           0x2000'0584    0x4  Data  Lc  user_app_sensor.o [1]
Filter_Clo::x_est       0x2000'263c    0x4  Data  Lc  user_app_sensor.o [1]
Filter_Clo::x_est_last  0x2000'2640    0x4  Data  Lc  user_app_sensor.o [1]
Filter_Temp              0x800'06c5    0x2  Code  Gb  user_app_sensor.o [1]
Find_String_V2           0x800'c227  0x130  Code  Gb  user_string.o [1]
Find_str_fix             0x800'c379   0x94  Code  Gb  user_string.o [1]
Font5x7                  0x800'ef48  0x214  Data  Lc  lcd_display.o [1]
Get_RTC                  0x800'9531   0x4e  Code  Gb  user_time.o [1]
HAL_DMA_Abort            0x800'5ff5   0x54  Code  Gb  stm32l4xx_hal_dma.o [1]
HAL_DMA_Abort_IT         0x800'6049   0x5e  Code  Gb  stm32l4xx_hal_dma.o [1]
HAL_DMA_DeInit           0x800'5e89   0xb8  Code  Gb  stm32l4xx_hal_dma.o [1]
HAL_DMA_GetError         0x800'6199    0x4  Code  Gb  stm32l4xx_hal_dma.o [1]
HAL_DMA_IRQHandler       0x800'60a7   0xf2  Code  Gb  stm32l4xx_hal_dma.o [1]
HAL_DMA_Init             0x800'5da9   0xe0  Code  Gb  stm32l4xx_hal_dma.o [1]
HAL_DMA_Start_IT         0x800'5f5d   0x98  Code  Gb  stm32l4xx_hal_dma.o [1]
HAL_Delay                0x800'389d   0x28  Code  Wk  stm32l4xx_hal.o [1]
HAL_FLASH_Lock           0x800'5887    0xe  Code  Gb  stm32l4xx_hal_flash.o [1]
HAL_FLASH_Program        0x800'57b5   0xb0  Code  Gb  stm32l4xx_hal_flash.o [1]
HAL_FLASH_Unlock         0x800'5865   0x22  Code  Gb  stm32l4xx_hal_flash.o [1]
HAL_GPIO_DeInit          0x800'2a2b  0x166  Code  Gb  stm32l4xx_hal_gpio.o [1]
HAL_GPIO_Init            0x800'2869  0x1c2  Code  Gb  stm32l4xx_hal_gpio.o [1]
HAL_GPIO_ReadPin         0x800'2b91   0x16  Code  Gb  stm32l4xx_hal_gpio.o [1]
HAL_GPIO_WritePin        0x800'2ba7   0x18  Code  Gb  stm32l4xx_hal_gpio.o [1]
HAL_GetTick              0x800'51c5    0xc  Code  Wk  stm32l4xx_hal.o [1]
HAL_IWDG_Init            0x800'27af   0x72  Code  Gb  stm32l4xx_hal_iwdg.o [1]
HAL_IWDG_Refresh         0x800'2821    0xe  Code  Gb  stm32l4xx_hal_iwdg.o [1]
HAL_IncTick              0x800'f3e5   0x18  Code  Wk  stm32l4xx_hal.o [1]
HAL_Init                 0x800'8bad   0x24  Code  Gb  stm32l4xx_hal.o [1]
HAL_InitTick             0x800'8569   0x60  Code  Wk  stm32l4xx_hal.o [1]
HAL_MspInit              0x800'b535   0x38  Code  Gb  stm32l4xx_hal_msp.o [1]
HAL_NVIC_DisableIRQ      0x800'70d7    0xe  Code  Gb  stm32l4xx_hal_cortex.o [1]
HAL_NVIC_EnableIRQ       0x800'70c9    0xe  Code  Gb  stm32l4xx_hal_cortex.o [1]
HAL_NVIC_SetPriority     0x800'709f   0x2a  Code  Gb  stm32l4xx_hal_cortex.o [1]
HAL_NVIC_SetPriorityGrouping
                         0x800'7093    0xc  Code  Gb  stm32l4xx_hal_cortex.o [1]
HAL_PWREx_ControlVoltageScaling
                         0x800'85d5   0x76  Code  Gb  stm32l4xx_hal_pwr_ex.o [1]
HAL_PWREx_GetVoltageRange
                         0x800'85c9    0xc  Code  Gb  stm32l4xx_hal_pwr_ex.o [1]
HAL_RCCEx_PeriphCLKConfig
                         0x800'78e1  0x34c  Code  Gb  stm32l4xx_hal_rcc_ex.o [1]
HAL_RCC_ClockConfig      0x800'69ed  0x17a  Code  Gb  stm32l4xx_hal_rcc.o [1]
HAL_RCC_GetHCLKFreq      0x800'6c3b    0x6  Code  Gb  stm32l4xx_hal_rcc.o [1]
HAL_RCC_GetPCLK1Freq     0x800'6c41   0x1a  Code  Gb  stm32l4xx_hal_rcc.o [1]
HAL_RCC_GetPCLK2Freq     0x800'6c5b   0x1a  Code  Gb  stm32l4xx_hal_rcc.o [1]
HAL_RCC_GetResetSource   0x800'6c85   0x12  Code  Gb  stm32l4xx_hal_rcc.o [1]
HAL_RCC_GetSysClockFreq
                         0x800'6b67   0xd4  Code  Gb  stm32l4xx_hal_rcc.o [1]
HAL_RCC_OscConfig        0x800'6365  0x688  Code  Gb  stm32l4xx_hal_rcc.o [1]
HAL_RTCEx_AlarmBEventCallback
                         0x800'e1f5    0x2  Code  Wk  stm32l4xx_hal_rtc_ex.o [1]
HAL_RTCEx_EnableBypassShadow
                         0x800'e2f5   0x48  Code  Gb  stm32l4xx_hal_rtc_ex.o [1]
HAL_RTC_AlarmAEventCallback
                         0x800'df5d    0xc  Code  Gb  user_rtc.o [1]
HAL_RTC_AlarmIRQHandler
                         0x800'bb71   0x60  Code  Gb  stm32l4xx_hal_rtc.o [1]
HAL_RTC_DeactivateAlarm
                         0x800'ba97   0xda  Code  Gb  stm32l4xx_hal_rtc.o [1]
HAL_RTC_GetDate          0x800'b85f   0x52  Code  Gb  stm32l4xx_hal_rtc.o [1]
HAL_RTC_GetTime          0x800'b72d   0x66  Code  Gb  stm32l4xx_hal_rtc.o [1]
HAL_RTC_Init             0x800'b56d   0xca  Code  Gb  stm32l4xx_hal_rtc.o [1]
HAL_RTC_MspInit          0x800'8f21   0x50  Code  Gb  rtc.o [1]
HAL_RTC_SetAlarm_IT      0x800'b8b1  0x1e6  Code  Gb  stm32l4xx_hal_rtc.o [1]
HAL_RTC_SetDate          0x800'b793   0xcc  Code  Gb  stm32l4xx_hal_rtc.o [1]
HAL_RTC_SetTime          0x800'b637   0xf6  Code  Gb  stm32l4xx_hal_rtc.o [1]
HAL_RTC_WaitForSynchro   0x800'bbd1   0x2e  Code  Gb  stm32l4xx_hal_rtc.o [1]
HAL_SPI_Init             0x800'bcfd   0xf8  Code  Gb  stm32l4xx_hal_spi.o [1]
HAL_SPI_MspInit          0x800'8fcd   0x62  Code  Gb  spi.o [1]
HAL_SPI_Transmit         0x800'bdf5  0x1fe  Code  Gb  stm32l4xx_hal_spi.o [1]
HAL_SYSTICK_Config       0x800'70e5    0xc  Code  Gb  stm32l4xx_hal_cortex.o [1]
HAL_UARTEx_ReceiveToIdle_DMA
                         0x800'62f1   0x70  Code  Gb  stm32l4xx_hal_uart_ex.o [1]
HAL_UARTEx_RxEventCallback
                         0x800'6205   0x3c  Code  Gb  user_uart.o [1]
HAL_UARTEx_WakeupCallback
                         0x800'6361    0x2  Code  Wk  stm32l4xx_hal_uart_ex.o [1]
HAL_UART_DMAStop         0x800'3a69   0xb2  Code  Gb  stm32l4xx_hal_uart.o [1]
HAL_UART_ErrorCallback   0x800'6241   0x3c  Code  Gb  user_uart.o [1]
HAL_UART_IRQHandler      0x800'3b1b  0x35c  Code  Gb  stm32l4xx_hal_uart.o [1]
HAL_UART_Init            0x800'38c5   0x7a  Code  Gb  stm32l4xx_hal_uart.o [1]
HAL_UART_MspDeInit       0x800'5ce1   0x80  Code  Gb  usart.o [1]
HAL_UART_MspInit         0x800'5abd  0x224  Code  Gb  usart.o [1]
HAL_UART_Receive_IT      0x800'3a0b   0x5e  Code  Gb  stm32l4xx_hal_uart.o [1]
HAL_UART_RxCpltCallback
                         0x800'61d1   0x34  Code  Gb  user_uart.o [1]
HAL_UART_Transmit        0x800'393f   0xcc  Code  Gb  stm32l4xx_hal_uart.o [1]
Handle_Data_Measure      0x800'03c5   0xc8  Code  Gb  user_app_sensor.o [1]
Handle_Data_Recv_SS_Clo
                         0x800'0869  0x1b2  Code  Gb  user_app_sensor.o [1]
Handle_Data_Recv_Sensor
                         0x800'06d9   0x20  Code  Gb  user_app_sensor.o [1]
Handle_Data_Trans_SS_Clo
                         0x800'070d  0x14c  Code  Gb  user_app_sensor.o [1]
Handle_Data_Trans_Sensor
                         0x800'06c7   0x12  Code  Gb  user_app_sensor.o [1]
Handle_Float_To_hexUint32
                         0x800'3321   0x24  Code  Gb  user_convert_variable.o [1]
Handle_HexFloat_To_Int32_Round
                         0x800'2fcd  0x14c  Code  Gb  user_convert_variable.o [1]
Handle_State_SS_Clo      0x800'0a21   0x78  Code  Gb  user_app_sensor.o [1]
Handle_State_Sensor      0x800'06f9   0x14  Code  Gb  user_app_sensor.o [1]
Handle_int32_To_Float_Scale
                         0x800'3145  0x1ac  Code  Gb  user_convert_variable.o [1]
HardFault_Handler        0x800'f35f    0x2  Code  Gb  stm32l4xx_it.o [1]
IndexUartError          0x2000'2679    0x1  Data  Lc  user_uart.o [1]
Init_AppRs485            0x800'961d   0x16  Code  Gb  user_app_rs485.o [1]
Init_AppSensor           0x800'21f9   0x6a  Code  Gb  user_app_sensor.o [1]
Init_Chlorine_Calib      0x800'0bed   0xb6  Code  Gb  user_app_sensor.o [1]
Init_Chlorine_PointCalib_1
                         0x800'0df5  0x114  Code  Gb  user_app_sensor.o [1]
Init_Const_Temp_Compensation_Chlorine
                         0x800'0add   0x3e  Code  Gb  user_app_sensor.o [1]
Init_InforSlaveModbusRTU
                         0x800'4cd7   0x30  Code  Gb  user_app_modbus_rtu.o [1]
Init_ParamCalib          0x800'1745   0x96  Code  Gb  user_app_sensor.o [1]
Init_Parameter_Sensor    0x800'1805    0xe  Code  Gb  user_app_sensor.o [1]
Init_UartRs485           0x800'95df   0x3e  Code  Gb  user_app_rs485.o [1]
Insert_String_To_String
                         0x800'2df5   0x2a  Code  Gb  user_convert_variable.o [1]
LPUART1_IRQHandler       0x800'f3b9    0xa  Code  Gb  stm32l4xx_it.o [1]
Liberation_Sans15x21_Numbers
                         0x800'ed20  0x228  Data  Lc  lcd_display.o [1]
Liberation_Sans17x17_Alpha
                         0x800'e350  0x548  Data  Lc  lcd_display.o [1]
MSIRangeTable            0x800'f5a4   0x30  Data  Gb  system_stm32l4xx.o [1]
MX_DMA_Init              0x800'8da1   0x60  Code  Gb  dma.o [1]
MX_GPIO_Init             0x800'8bd1  0x1d0  Code  Gb  gpio.o [1]
MX_IWDG_Init             0x800'8e01   0x2c  Code  Gb  iwdg.o [1]
MX_LPUART1_UART_Init     0x800'5a0d   0x38  Code  Gb  usart.o [1]
MX_RTC_Init              0x800'8e2d   0xf4  Code  Gb  rtc.o [1]
MX_SPI2_Init             0x800'8f7d   0x50  Code  Gb  spi.o [1]
MX_USART1_UART_Init      0x800'5a45   0x3c  Code  Gb  usart.o [1]
MX_USART3_UART_Init      0x800'5a81   0x3c  Code  Gb  usart.o [1]
Main_Task                0x800'7ed1   0x5a  Code  Gb  user_app_comm.o [1]
MemManage_Handler        0x800'f361    0x2  Code  Gb  stm32l4xx_it.o [1]
ModRTU_CRC               0x800'245f   0x3c  Code  Gb  user_modbus_rtu.o [1]
ModRTU_Master_Read_Frame
                         0x800'249b   0x9c  Code  Gb  user_modbus_rtu.o [1]
ModRTU_Master_Write_Frame
                         0x800'2537   0xe8  Code  Gb  user_modbus_rtu.o [1]
ModRTU_Slave_ACK_Read_Frame
                         0x800'261f   0xa2  Code  Gb  user_modbus_rtu.o [1]
ModRTU_Slave_ACK_Write_Frame
                         0x800'26c1   0xee  Code  Gb  user_modbus_rtu.o [1]
Modem_Check_AT           0x800'9355  0x1dc  Code  Gb  user_at_serial.o [1]
Modem_Check_RTU          0x800'4d07  0x37e  Code  Gb  user_app_modbus_rtu.o [1]
NMI_Handler              0x800'f35d    0x2  Code  Gb  stm32l4xx_it.o [1]
NONE_Register_CallBack   0x800'4941    0x6  Code  Gb  user_app_modbus_rtu.o [1]
NVIC_EncodePriority      0x800'7023   0x40  Code  Lc  stm32l4xx_hal_cortex.o [1]
OldPosDMADebug          0x2000'2660    0x2  Data  Lc  user_app_comm.o [1]
Old_Value_f             0x2000'2618    0x4  Data  Gb  button.o [1]
Old_Value_i16           0x2000'265c    0x2  Data  Gb  button.o [1]
OnchipFlashPageErase     0x800'33d1   0x5a  Code  Gb  onchipflash.o [1]
OnchipFlashWriteData     0x800'3345   0x8c  Code  Gb  onchipflash.o [1]
PendSV_Handler           0x800'f36b    0x2  Code  Gb  stm32l4xx_it.o [1]
PortConfig              0x2000'2673    0x1  Data  Gb  user_at_serial.o [1]
RC                       0x800'c357   0x22  Code  Gb  user_string.o [1]
RCCEx_PLLSAI1_Config     0x800'7c41  0x16e  Code  Lc  stm32l4xx_hal_rcc_ex.o [1]
RCC_SetFlashLatencyFromMSIRange
                         0x800'6c9d   0x8a  Code  Lc  stm32l4xx_hal_rcc.o [1]
RS485SS_Init_RX_Mode     0x800'5161   0x1e  Code  Gb  user_connect_sensor.o [1]
RS485SS_Rx_Callback      0x800'5181   0x34  Code  Gb  user_connect_sensor.o [1]
RS485SS_Stop_RX_Mode     0x800'517f    0x2  Code  Gb  user_connect_sensor.o [1]
RS485_Done_Calib         0x800'15a5   0x16  Code  Gb  user_app_sensor.o [1]
RS485_Init_RX_Mode       0x800'82bd   0x1e  Code  Gb  user_rs485.o [1]
RS485_Rx_Callback        0x800'82dd   0x3c  Code  Gb  user_rs485.o [1]
RS485_Stop_RX_Mode       0x800'82db    0x2  Code  Gb  user_rs485.o [1]
RTC_AlarmStructure      0x2000'2458   0x2c  Data  Lc  user_rtc.o [1]
RTC_Alarm_IRQHandler     0x800'f3a5    0xa  Code  Gb  stm32l4xx_it.o [1]
RTC_Bcd2ToByte           0x800'bce5   0x16  Code  Gb  stm32l4xx_hal_rtc.o [1]
RTC_ByteToBcd2           0x800'bcc9   0x1c  Code  Gb  stm32l4xx_hal_rtc.o [1]
RTC_EnterInitMode        0x800'bbff   0x4c  Code  Gb  stm32l4xx_hal_rtc.o [1]
RTC_ExitInitMode         0x800'bc4b   0x58  Code  Gb  stm32l4xx_hal_rtc.o [1]
RTC_GetCalendarValue     0x800'e12f   0x90  Code  Lc  user_rtc.o [1]
RTC_IF_Convert_Tick2ms   0x800'df4d   0x10  Code  Gb  user_rtc.o [1]
RTC_IF_Convert_ms2Tick   0x800'df3b   0x12  Code  Gb  user_rtc.o [1]
RTC_IF_GetMinimumTimeout
                         0x800'df37    0x4  Code  Gb  user_rtc.o [1]
RTC_IF_GetTimerContext   0x800'defb    0x8  Code  Gb  user_rtc.o [1]
RTC_IF_GetTimerElapsedTime
                         0x800'df03   0x16  Code  Gb  user_rtc.o [1]
RTC_IF_GetTimerValue     0x800'df19   0x1e  Code  Gb  user_rtc.o [1]
RTC_IF_Init              0x800'de85   0x30  Code  Gb  user_rtc.o [1]
RTC_IF_SetTimerContext   0x800'dee5   0x16  Code  Gb  user_rtc.o [1]
RTC_IF_StartTimer        0x800'deb5    0xe  Code  Gb  user_rtc.o [1]
RTC_IF_StopTimer         0x800'dec3   0x22  Code  Gb  user_rtc.o [1]
RTC_Initalized          0x2000'2678    0x1  Data  Lc  user_rtc.o [1]
RTC_StartWakeUpAlarm     0x800'df69  0x1c6  Code  Lc  user_rtc.o [1]
ReInit_Rx_Mode_Uart_Error
                         0x800'627d   0x5a  Code  Gb  user_uart.o [1]
Read_Register_Rs485      0x800'15c9   0x66  Code  Gb  user_app_sensor.o [1]
Region$$Table$$Base      0x800'f69c          --   Gb  - Linker created -
Region$$Table$$Limit     0x800'f6bc          --   Gb  - Linker created -
Reset_Buff               0x800'6df5   0x24  Code  Gb  user_util.o [1]
Rs485SSStatus_u8        0x2000'2675    0x1  Data  Gb  user_connect_sensor.o [1]
Rs485Status_u8          0x2000'2677    0x1  Data  Gb  user_rs485.o [1]
RtCountSystick_u32      0x2000'264c    0x4  Data  Gb  user_util.o [1]
RtcTimerContext         0x2000'2564   0x1c  Data  Lc  user_rtc.o [1]
SPI_EndRxTxTransaction   0x800'c1bd   0x6a  Code  Lc  stm32l4xx_hal_spi.o [1]
SPI_WaitFifoStateUntilTimeout
                         0x800'c0cb   0xee  Code  Lc  stm32l4xx_hal_spi.o [1]
SPI_WaitFlagStateUntilTimeout
                         0x800'bff3   0xd8  Code  Lc  stm32l4xx_hal_spi.o [1]
SVC_Handler              0x800'f367    0x2  Code  Gb  stm32l4xx_it.o [1]
Save_Array               0x800'3431   0x86  Code  Gb  onchipflash.o [1]
Save_Chlorine_Calib      0x800'0b1b   0xce  Code  Gb  user_app_sensor.o [1]
Save_Chlorine_PointCalib
                         0x800'0ca3  0x13c  Code  Gb  user_app_sensor.o [1]
Save_Const_Temp_Compensation_Chlorine
                         0x800'0a99   0x44  Code  Gb  user_app_sensor.o [1]
Save_InforSlaveModbusRTU
                         0x800'4c93   0x44  Code  Gb  user_app_modbus_rtu.o [1]
Save_ParamCalib          0x800'167d   0xba  Code  Gb  user_app_sensor.o [1]
Send_RS458_Master        0x800'4c5b   0x38  Code  Gb  user_app_modbus_rtu.o [1]
Send_RS458_Sensor        0x800'162f   0x3c  Code  Gb  user_app_sensor.o [1]
SysApp_Init              0x800'7e85    0xc  Code  Gb  user_app_comm.o [1]
SysApp_Setting           0x800'7e91   0x40  Code  Gb  user_app_comm.o [1]
SysTick_Config           0x800'7063   0x30  Code  Lc  stm32l4xx_hal_cortex.o [1]
SysTick_Handler          0x800'f36d   0x10  Code  Gb  stm32l4xx_it.o [1]
SystemClock_Config       0x800'7835   0x92  Code  Gb  main.o [1]
SystemCoreClock         0x2000'0374    0x4  Data  Gb  system_stm32l4xx.o [1]
SystemInit               0x800'fb91    0xc  Code  Gb  system_stm32l4xx.o [1]
TRACE_AllocateBufer      0x800'848d   0xa2  Code  Lc  user_adv_trace.o [1]
TRACE_IsLocked           0x800'8543   0x10  Code  Lc  user_adv_trace.o [1]
TRACE_Lock               0x800'852f    0xa  Code  Lc  user_adv_trace.o [1]
TRACE_Send               0x800'8407   0x84  Code  Lc  user_adv_trace.o [1]
TRACE_UnLock             0x800'8539    0xa  Code  Lc  user_adv_trace.o [1]
TimerExists              0x800'92bd   0x1a  Code  Gb  user_timer.o [1]
TimerInsertNewHeadTimer
                         0x800'9331   0x1c  Code  Gb  user_timer.o [1]
TimerInsertTimer         0x800'9303   0x2e  Code  Gb  user_timer.o [1]
TimerListHead           0x2000'2648    0x4  Data  Lc  user_timer.o [1]
TimerSetTimeout          0x800'92d7   0x2c  Code  Gb  user_timer.o [1]
TimerTx                 0x2000'25b0   0x18  Data  Lc  user_app_comm.o [1]
TxCpltCallback          0x2000'2630    0x4  Data  Lc  user_app_comm.o [1]
UART_AdvFeatureConfig    0x800'4175   0xda  Code  Gb  stm32l4xx_hal_uart.o [1]
UART_CheckIdleState      0x800'424f   0xd2  Code  Gb  stm32l4xx_hal_uart.o [1]
UART_DMAAbortOnError     0x800'4701   0x1a  Code  Lc  stm32l4xx_hal_uart.o [1]
UART_DMAError            0x800'46b1   0x50  Code  Lc  stm32l4xx_hal_uart.o [1]
UART_DMAReceiveCplt      0x800'45e5   0xa2  Code  Lc  stm32l4xx_hal_uart.o [1]
UART_DMARxHalfCplt       0x800'4689   0x28  Code  Lc  stm32l4xx_hal_uart.o [1]
UART_EndRxTransfer       0x800'4587   0x5e  Code  Lc  stm32l4xx_hal_uart.o [1]
UART_EndTransmit_IT      0x800'471b   0x2a  Code  Lc  stm32l4xx_hal_uart.o [1]
UART_EndTxTransfer       0x800'456b   0x1c  Code  Lc  stm32l4xx_hal_uart.o [1]
UART_RxISR_16BIT         0x800'4839   0xee  Code  Lc  stm32l4xx_hal_uart.o [1]
UART_RxISR_8BIT          0x800'4745   0xec  Code  Lc  stm32l4xx_hal_uart.o [1]
UART_SetConfig           0x800'3e7d  0x2ec  Code  Gb  stm32l4xx_hal_uart.o [1]
UART_Start_Receive_DMA   0x800'44af   0xbc  Code  Gb  stm32l4xx_hal_uart.o [1]
UART_Start_Receive_IT    0x800'43bf   0xf0  Code  Gb  stm32l4xx_hal_uart.o [1]
UART_WaitOnFlagUntilTimeout
                         0x800'4321   0x9e  Code  Gb  stm32l4xx_hal_uart.o [1]
USART1_IRQHandler        0x800'f391    0xa  Code  Gb  stm32l4xx_it.o [1]
USART3_IRQHandler        0x800'f39b    0xa  Code  Gb  stm32l4xx_it.o [1]
UTIL_ADV_TRACE_COND_FSend
                         0x800'832d   0xda  Code  Gb  user_adv_trace.o [1]
UTIL_Log_Str             0x800'6e79   0x36  Code  Gb  user_util.o [1]
UTIL_MEM_cpy             0x800'6eb5   0x1e  Code  Gb  user_util.o [1]
UTIL_MEM_set             0x800'6e19   0x18  Code  Gb  user_util.o [1]
UTIL_Printf              0x800'6e31   0x2c  Code  Gb  user_util.o [1]
UTIL_Printf_Str          0x800'6e5d   0x1c  Code  Gb  user_util.o [1]
UTIL_TIMER_Create        0x800'9059   0x4c  Code  Gb  user_timer.o [1]
UTIL_TIMER_IRQ_Handler   0x800'920b   0xb2  Code  Gb  user_timer.o [1]
UTIL_TIMER_Init          0x800'9045   0x14  Code  Gb  user_timer.o [1]
UTIL_TIMER_SetPeriod     0x800'91d1   0x3a  Code  Gb  user_timer.o [1]
UTIL_TIMER_Start         0x800'90a5   0x92  Code  Gb  user_timer.o [1]
UTIL_TIMER_Stop          0x800'9137   0x9a  Code  Gb  user_timer.o [1]
UTIL_TimerDriver         0x800'f5d4   0x2c  Data  Gb  user_rtc.o [1]
UTIL_TraceDriver         0x800'fbe8    0xc  Data  Gb  user_app_comm.o [1]
Uart485RxByte           0x2000'2676    0x1  Data  Lc  user_rs485.o [1]
Uart485SSRxByte         0x2000'2674    0x1  Data  Lc  user_connect_sensor.o [1]
UartDebugBuff           0x2000'0a58  0x4b0  Data  Gb  user_app_comm.o [1]
UartDebugCountFail      0x2000'2668    0x2  Data  Lc  user_uart.o [1]
Update_ParaDisplay       0x800'9a11   0x82  Code  Gb  lcd_display.o [1]
UsageFault_Handler       0x800'f365    0x2  Code  Gb  stm32l4xx_it.o [1]
User_RTC_Init            0x800'de4d   0x38  Code  Lc  user_rtc.o [1]
UtilFloatToString        0x800'6f31   0x2e  Code  Gb  user_util.o [1]
UtilIntToStringWithScale
                         0x800'6d95   0x60  Code  Gb  user_util.o [1]
VLevelDebug             0x2000'0a54    0x1  Data  Gb  user_util.o [1]
_Cb_Display_Auto_SW      0x800'9945   0x7e  Code  Lc  lcd_display.o [1]
_Cb_Display_Auto_SW::MarkButtPressed
                        0x2000'266d    0x1  Data  Lc  lcd_display.o [1]
_Cb_Display_Auto_SW::cNext
                        0x2000'265e    0x2  Data  Lc  lcd_display.o [1]
_Cb_Display_Init         0x800'97df   0x42  Code  Lc  lcd_display.o [1]
_Cb_Display_Logo         0x800'9821   0xa8  Code  Lc  lcd_display.o [1]
_Cb_Display_Logo::step_u8
                        0x2000'266b    0x1  Data  Lc  lcd_display.o [1]
_Cb_Display_Show         0x800'98c9   0x7c  Code  Lc  lcd_display.o [1]
_Cb_Display_Show::LandMarkChange_u32
                        0x2000'2628    0x4  Data  Lc  lcd_display.o [1]
_Cb_Display_Show::ScreenLast
                        0x2000'266c    0x1  Data  Lc  lcd_display.o [1]
_Cb_HandLer_IDLE         0x800'7e73    0x6  Code  Lc  user_app_comm.o [1]
_Cb_R_ModbusRTU_REG_Baudrate
                         0x800'49ed   0x2e  Code  Gb  user_app_modbus_rtu.o [1]
_Cb_R_ModbusRTU_REG_Clo_Measure
                         0x800'4a89   0x5a  Code  Gb  user_app_modbus_rtu.o [1]
_Cb_R_ModbusRTU_REG_ID   0x800'4947   0x2e  Code  Gb  user_app_modbus_rtu.o [1]
_Cb_R_ModbusRTU_REG_Temp_Measure
                         0x800'4ae3   0x5a  Code  Gb  user_app_modbus_rtu.o [1]
_Cb_R_ModbusRTU_REG_pH_Compensation
                         0x800'4b3d   0x5a  Code  Gb  user_app_modbus_rtu.o [1]
_Cb_Save_Box             0x800'7e7f    0x6  Code  Lc  user_app_comm.o [1]
_Cb_Set_RTC              0x800'7e57   0x1c  Code  Lc  user_app_comm.o [1]
_Cb_TX_Timer_Event       0x800'7ff9   0x1a  Code  Lc  user_app_comm.o [1]
_Cb_Timer_IRQ            0x800'7dc9    0xc  Code  Lc  user_app_comm.o [1]
_Cb_Tx_Timer             0x800'7e79    0x6  Code  Lc  user_app_comm.o [1]
_Cb_Uart_Error           0x800'7e4b    0xc  Code  Lc  user_app_comm.o [1]
_Cb_Uart_Rx_Debug        0x800'7dd5   0x76  Code  Lc  user_app_comm.o [1]
_Cb_Uart_Rx_Debug::LastLengthRecv
                        0x2000'2662    0x2  Data  Lc  user_app_comm.o [1]
_Cb_Uart_Rx_Debug::MarkFirstRecvUart
                        0x2000'266e    0x1  Data  Lc  user_app_comm.o [1]
_Cb_W_ModbusRTU_REG_Baudrate
                         0x800'4a1b   0x6e  Code  Gb  user_app_modbus_rtu.o [1]
_Cb_W_ModbusRTU_REG_ID   0x800'4975   0x78  Code  Gb  user_app_modbus_rtu.o [1]
_Cb_W_ModbusRTU_REG_pH_Compensation
                         0x800'4b97   0xc4  Code  Gb  user_app_modbus_rtu.o [1]
_Cb_button_detect        0x800'99f7   0x18  Code  Lc  lcd_display.o [1]
_Cb_button_scan          0x800'99c3   0x34  Code  Lc  lcd_display.o [1]
_LitobFullNoMb           0x800'b1f1  0x10a  Code  Lc  xprintffull_nomb.o [2]
_Locale_lconv           0x2000'0a18   0x38  Data  Lc  xlocale_c.o [2]
_PrintfFullNoMb          0x800'a431  0xd9c  Code  Gb  xprintffull_nomb.o [2]
_PutcharFullNoMb         0x800'b361   0x20  Code  Lc  xprintffull_nomb.o [2]
_PutcharsFullNoMb        0x800'b381   0x2e  Code  Lc  xprintffull_nomb.o [2]
_SProut                  0x800'34b7    0xa  Code  Gb  xsprout.o [2]
__NVIC_DisableIRQ        0x800'6fd1   0x26  Code  Lc  stm32l4xx_hal_cortex.o [1]
__NVIC_EnableIRQ         0x800'6fb1   0x20  Code  Lc  stm32l4xx_hal_cortex.o [1]
__NVIC_GetPriorityGrouping
                         0x800'6fa3    0xc  Code  Lc  stm32l4xx_hal_cortex.o [1]
__NVIC_SetPriority       0x800'6ff7   0x2c  Code  Lc  stm32l4xx_hal_cortex.o [1]
__NVIC_SetPriorityGrouping
                         0x800'6f81   0x22  Code  Lc  stm32l4xx_hal_cortex.o [1]
__aeabi_cdcmpeq          0x800'86d5         Code  Gb  DblCmpEq.o [3]
__aeabi_cdcmple          0x800'8765         Code  Gb  DblCmpLe.o [3]
__aeabi_cdrcmple         0x800'8795         Code  Gb  DblCmpGe.o [3]
__aeabi_d2f              0x800'3835         Code  Gb  DblToFlt.o [3]
__aeabi_d2iz             0x800'5779         Code  Gb  DblToS32.o [3]
__aeabi_d2uiz            0x800'de1d         Code  Gb  DblToU32.o [3]
__aeabi_dadd             0x800'55fd         Code  Gb  DblAdd.o [3]
__aeabi_ddiv             0x800'35ed         Code  Gb  DblDiv.o [3]
__aeabi_dmul             0x800'5459         Code  Gb  DblMul.o [3]
__aeabi_dsub             0x800'3509         Code  Gb  DblSub.o [3]
__aeabi_f2d              0x800'34c1         Code  Gb  FltToDbl.o [3]
__aeabi_i2d              0x800'541d         Code  Gb  S32ToDbl.o [3]
__aeabi_ldiv0            0x800'7115         Code  Gb  I64DivZer.o [4]
__aeabi_memcpy           0x800'50b9         Code  Gb  ABImemcpy.o [4]
__aeabi_memcpy4          0x800'50d9         Code  Gb  ABImemcpy.o [4]
__aeabi_memcpy8          0x800'50d9         Code  Gb  ABImemcpy.o [4]
__aeabi_memset           0x800'23a5         Code  Gb  ABImemset.o [4]
__aeabi_ui2d             0x800'5401         Code  Gb  U32ToDbl.o [3]
__aeabi_uldivmod         0x800'51d1         Code  Gb  I64DivMod.o [4]
__cmain                  0x800'f6fd         Code  Gb  cmain.o [4]
__exit                   0x800'e33d   0x14  Code  Gb  exit.o [5]
__iar_Exp64              0x800'87c5  0x388  Code  Gb  iar_Exp64.o [3]
__iar_Fail_s             0x800'dd85   0x1c  Code  Gb  xfail_s.o [2]
__iar_Memchr             0x800'ddc5         Code  Gb  memchr.o [4]
__iar_Memset             0x800'23a5         Code  Gb  ABImemset.o [4]
__iar_Memset_word        0x800'23ad         Code  Gb  ABImemset.o [4]
__iar_Strchr             0x800'dd6d         Code  Gb  strchr.o [4]
__iar_dadd               0x800'3519         Code  Gb  DblSub.o [3]
__iar_data_init3         0x800'f651   0x28  Code  Gb  data_init.o [4]
__iar_dsub               0x800'560d         Code  Gb  DblAdd.o [3]
__iar_dsubStart          0x800'561f         Code  Gb  DblAdd.o [3]
__iar_frexp              0x800'8701         Code  Gb  frexp.o [3]
__iar_frexpl             0x800'8701         Code  Gb  frexp.o [3]
__iar_init_vfp           0x800'f679         Code  Gb  fpinit_M.o [3]
__iar_ldexp64            0x800'b3f9         Code  Gb  ldexp.o [3]
__iar_lz77_init_single3
                         0x800'f3fd   0x78  Code  Gb  lz77_init_single.o [4]
__iar_pow64              0x800'7119  0x6ec  Code  Gb  pow64.o [3]
__iar_pow_medium         0x800'7119  0x6ec  Code  Gb  pow64.o [3]
__iar_pow_medium64       0x800'7119  0x6ec  Code  Gb  pow64.o [3]
__iar_pow_mediuml        0x800'7119  0x6ec  Code  Gb  pow64.o [3]
__iar_program_start      0x800'fd75         Code  Gb  cstartup_M.o [4]
__iar_scalbln64          0x800'b3f9         Code  Gb  ldexp.o [3]
__iar_scalbn64           0x800'b3f9         Code  Gb  ldexp.o [3]
__iar_softfp___iar_frexp64
                         0x800'86f5         Code  Gb  frexp.o [3]
__iar_softfp_frexp       0x800'86f5         Code  Gb  frexp.o [3]
__iar_softfp_frexpl      0x800'86f5         Code  Gb  frexp.o [3]
__iar_vfp_pow            0x800'5447   0x10  Code  Gb  math_wrappers64.o [3]
__iar_zero_init3         0x800'282f   0x3a  Code  Gb  zero_init3.o [4]
__low_level_init         0x800'f71b    0x4  Code  Gb  low_level_init.o [2]
__vector_table           0x800'0000         Data  Gb  startup_stm32l433xx.o [1]
_call_main               0x800'f709         Code  Gb  cmain.o [4]
_exit                    0x800'f725         Code  Gb  cexit.o [4]
_main                    0x800'f717         Code  Gb  cmain.o [4]
aAT_CMD                 0x2000'21e4   0x80  Data  Lc  user_at_serial.o [1]
aBaudrate_value         0x2000'0470   0x2c  Data  Gb  user_app_modbus_rtu.o [1]
aDATA_CALIB             0x2000'2634    0x4  Data  Gb  user_app_sensor.o [1]
aDATA_CONFIG            0x2000'1fe4   0x80  Data  Lc  user_app_modbus_rtu.o [1]
aDATA_CONFIG            0x2000'2164   0x80  Data  Lc  user_at_serial.o [1]
aDATA_LOG_REGISTER      0x2000'2064   0x80  Data  Lc  user_app_modbus_rtu.o [1]
aPASSWORD               0x2000'0074    0x4  Data  Gb  lcd_display.o [1]
aSTT_SETTING_DONE       0x2000'00a8   0x10  Data  Gb  lcd_display.o [1]
aSTT_SETTING_ENTER      0x2000'0088   0x10  Data  Gb  lcd_display.o [1]
aSTT_SETTING_ERROR      0x2000'00b8   0x10  Data  Gb  lcd_display.o [1]
aSTT_SETTING_FREE       0x2000'0078   0x10  Data  Gb  lcd_display.o [1]
aSTT_SETTING_WAIT       0x2000'0098   0x10  Data  Gb  lcd_display.o [1]
aSampling_STT           0x2000'2484   0x28  Data  Gb  user_app_sensor.o [1]
aSampling_VALUE         0x2000'24ac   0x28  Data  Gb  user_app_sensor.o [1]
aTEST                   0x2000'0000    0xc  Data  Lc  button.o [1]
aUART_485SS_DATA        0x2000'1908  0x200  Data  Lc  user_connect_sensor.o [1]
aUART_485_DATA          0x2000'1b08  0x200  Data  Lc  user_rs485.o [1]
aUART_DBG_DMA_RX        0x2000'22c8   0x64  Data  Lc  user_app_comm.o [1]
abort                    0x800'e2ed    0x6  Code  Gb  abort.o [2]
aframe                  0x2000'20e4   0x80  Data  Gb  user_app_modbus_rtu.o [1]
bmp_SV_logo_12832        0x800'f15c  0x200  Data  Gb  unit_tests.o [1]
charNotDetectPress      0x2000'0a52    0x1  Data  Lc  lcd_display.o [1]
delay_ms                 0x800'c4a1    0xc  Code  Gb  STM32L4.o [1]
ee_number                0x800'a109  0x146  Code  Lc  user_tiny_vsnprintf.o [1]
ee_skip_atoi             0x800'a0e1   0x28  Code  Lc  user_tiny_vsnprintf.o [1]
exit                     0x800'f71f    0x4  Code  Gb  exit.o [2]
fevent_active            0x800'240b   0x1e  Code  Gb  event_driven.o [1]
fevent_detect_ph_recv    0x800'031f   0x1c  Code  Lc  user_app_sensor.o [1]
fevent_disable           0x800'244d   0x12  Code  Gb  event_driven.o [1]
fevent_enable            0x800'2429   0x24  Code  Gb  event_driven.o [1]
fevent_refresh_iwdg      0x800'034f   0x1c  Code  Lc  user_app_sensor.o [1]
fevent_refresh_wdg_hard
                         0x800'036b   0x58  Code  Lc  user_app_sensor.o [1]
fevent_refresh_wdg_hard::state
                        0x2000'2671    0x1  Data  Lc  user_app_sensor.o [1]
fevent_rs485_entry       0x800'9589    0x6  Code  Lc  user_app_rs485.o [1]
fevent_rs485_init_uart   0x800'958f   0x2e  Code  Lc  user_app_rs485.o [1]
fevent_rs485_init_uart::stamp
                        0x2000'266f    0x1  Data  Lc  user_app_rs485.o [1]
fevent_rs485_receive_complete
                         0x800'95bd   0x1c  Code  Lc  user_app_rs485.o [1]
fevent_rs485_refresh     0x800'95d9    0x6  Code  Lc  user_app_rs485.o [1]
fevent_sensor_entry      0x800'018d    0x6  Code  Lc  user_app_sensor.o [1]
fevent_sensor_receive_complete
                         0x800'0255   0xb6  Code  Lc  user_app_sensor.o [1]
fevent_sensor_receive_handle
                         0x800'0215   0x40  Code  Lc  user_app_sensor.o [1]
fevent_sensor_transmit   0x800'0193   0x82  Code  Lc  user_app_sensor.o [1]
fevent_sensor_wait_calib
                         0x800'030b   0x14  Code  Lc  user_app_sensor.o [1]
fevent_temp_alarm        0x800'033b   0x14  Code  Lc  user_app_sensor.o [1]
font_current            0x2000'25e8    0xc  Data  Gb  text.o [1]
glcd_ST7565R_init        0x800'c6b9   0x34  Code  Gb  ST7565R.o [1]
glcd_bbox               0x2000'261c    0x4  Data  Gb  glcd.o [1]
glcd_bbox_refresh        0x800'c541   0x1c  Code  Gb  glcd.o [1]
glcd_bbox_selected      0x2000'2624    0x4  Data  Gb  glcd.o [1]
glcd_buffer             0x2000'0f08  0x400  Data  Gb  glcd.o [1]
glcd_buffer_selected    0x2000'2620    0x4  Data  Gb  glcd.o [1]
glcd_clear_buffer        0x800'c55d   0x24  Code  Gb  glcd.o [1]
glcd_command             0x800'c595   0x1a  Code  Gb  ST7565R.o [1]
glcd_data                0x800'c5af   0x1a  Code  Gb  ST7565R.o [1]
glcd_draw_bitmap         0x800'e2c5   0x1e  Code  Gb  graphics.o [1]
glcd_draw_char_xy        0x800'd9f7  0x33a  Code  Gb  text.o [1]
glcd_draw_string_xy      0x800'dd31   0x38  Code  Gb  text.o [1]
glcd_enable_backlight    0x800'c431    0x2  Code  Gb  STM32L4.o [1]
glcd_init                0x800'c40d   0x24  Code  Gb  STM32L4.o [1]
glcd_reset               0x800'c45d   0x34  Code  Gb  STM32L4.o [1]
glcd_reset_bbox          0x800'c525   0x1c  Code  Gb  glcd.o [1]
glcd_select_screen       0x800'c581    0xa  Code  Gb  glcd.o [1]
glcd_set_column_lower    0x800'c62d    0xe  Code  Gb  ST7565R.o [1]
glcd_set_column_upper    0x800'c617   0x16  Code  Gb  ST7565R.o [1]
glcd_set_contrast        0x800'c5c9   0x24  Code  Gb  ST7565R.o [1]
glcd_set_font            0x800'd9dd   0x1a  Code  Gb  text.o [1]
glcd_set_pixel           0x800'e1f9   0xcc  Code  Gb  graphics.o [1]
glcd_set_x_address       0x800'c601   0x16  Code  Gb  ST7565R.o [1]
glcd_set_y_address       0x800'c5ed   0x14  Code  Gb  ST7565R.o [1]
glcd_spi_write           0x800'c433   0x2a  Code  Gb  STM32L4.o [1]
glcd_test_bitmap_128x64
                         0x800'c97d    0xe  Code  Gb  unit_tests.o [1]
glcd_tiny_draw_char      0x800'c707  0x21a  Code  Gb  text_tiny.o [1]
glcd_tiny_draw_string    0x800'c921   0x54  Code  Gb  text_tiny.o [1]
glcd_tiny_set_font       0x800'c6ed   0x1a  Code  Gb  text_tiny.o [1]
glcd_update_bbox         0x800'c4ad   0x78  Code  Gb  glcd.o [1]
glcd_write               0x800'c63b   0x70  Code  Gb  ST7565R.o [1]
hdma_lpuart_rx          0x2000'2380   0x48  Data  Gb  usart.o [1]
hdma_usart1_rx          0x2000'23c8   0x48  Data  Gb  usart.o [1]
hdma_usart3_rx          0x2000'2410   0x48  Data  Gb  usart.o [1]
hiwdg                   0x2000'25c8   0x10  Data  Gb  iwdg.o [1]
hlpuart1                0x2000'1e4c   0x88  Data  Gb  usart.o [1]
hrtc                    0x2000'24fc   0x24  Data  Gb  rtc.o [1]
hspi2                   0x2000'2264   0x64  Data  Gb  spi.o [1]
huart1                  0x2000'1ed4   0x88  Data  Gb  usart.o [1]
huart3                  0x2000'1f5c   0x88  Data  Gb  usart.o [1]
ldexp                    0x800'b3f9         Code  Gb  ldexp.o [3]
ldexpl                   0x800'b3f9         Code  Gb  ldexp.o [3]
lnbias                   0x800'e900  0x420  Data  Lc  pow64.o [3]
localeconv               0x800'de45    0x4  Code  Gb  xlocale_c.o [2]
lower_digits            0x2000'0a10    0x4  Data  Lc  user_tiny_vsnprintf.o [1]
main                     0x800'7805   0x30  Code  Gb  main.o [1]
memchr                   0x800'ddc5         Code  Gb  memchr.o [4]
memset                   0x800'78cb   0x14  Code  Gb  memset.o [4]
pFlash                  0x2000'0354   0x20  Data  Gb  stm32l4xx_hal_flash.o [1]
pFunc_UTIL_Debug_Send   0x2000'2654    0x4  Data  Gb  user_util.o [1]
pFunc_UTIL_Log_To_Mem   0x2000'2650    0x4  Data  Gb  user_util.o [1]
pModemProcessIRQTimer   0x2000'2644    0x4  Data  Gb  user_rtc.o [1]
pow                      0x800'7119  0x6ec  Code  Gb  pow64.o [3]
powl                     0x800'7119  0x6ec  Code  Gb  pow64.o [3]
quickSort_Sampling       0x800'048d   0x9a  Code  Gb  user_app_sensor.o [1]
quickSort_Sampling_Value
                         0x800'0529   0xd4  Code  Gb  user_app_sensor.o [1]
quickSort_Sampling_Value::Handle_Once
                        0x2000'2672    0x1  Data  Lc  user_app_sensor.o [1]
sButton                 0x2000'2580   0x18  Data  Gb  button.o [1]
sCheckList_Reg_Modbus_RTU
                        0x2000'03f8   0x78  Data  Gb  user_app_modbus_rtu.o [1]
sConvertChlorine        0x2000'24d4   0x28  Data  Gb  user_app_sensor.o [1]
sData_Calib             0x2000'0574    0x8  Data  Gb  user_app_sensor.o [1]
sEventAppComm           0x2000'0378   0x70  Data  Gb  user_app_comm.o [1]
sEventAppRs485          0x2000'04a4   0x40  Data  Gb  user_app_rs485.o [1]
sEventAppSensor         0x2000'04e4   0x90  Data  Gb  user_app_sensor.o [1]
sEventDisplay           0x2000'000c   0x60  Data  Gb  lcd_display.o [1]
sFirmVersion            0x2000'03e8    0x8  Data  Gb  user_app_comm.o [1]
sHandleRs485            0x2000'260c    0x8  Data  Gb  user_app_sensor.o [1]
sKindMode485            0x2000'2666    0x2  Data  Gb  user_app_sensor.o [1]
sLCD                    0x2000'25d8   0x10  Data  Gb  lcd_display.o [1]
sLCDObject              0x2000'00c8  0x288  Data  Gb  lcd_display.o [1]
sLogData_ModbusRTU      0x2000'049c    0x8  Data  Gb  user_app_modbus_rtu.o [1]
sModelVersion           0x2000'006c    0x8  Data  Gb  lcd_display.o [1]
sParaDisplay            0x2000'2544   0x20  Data  Gb  lcd_display.o [1]
sRTC                    0x2000'2600    0xc  Data  Gb  user_util.o [1]
sSensor_Clo             0x2000'2520   0x24  Data  Gb  user_app_sensor.o [1]
sSlave_ModbusRTU        0x2000'0a50    0x2  Data  Gb  user_app_modbus_rtu.o [1]
sTempAlarm              0x2000'25f4    0xc  Data  Gb  user_app_sensor.o [1]
sUart485                0x2000'0a08    0x8  Data  Gb  user_rs485.o [1]
sUart485SS              0x2000'0a00    0x8  Data  Gb  user_connect_sensor.o [1]
sUartDebug              0x2000'03f0    0x8  Data  Gb  user_app_comm.o [1]
scalbln                  0x800'b3f9         Code  Gb  ldexp.o [3]
scalblnl                 0x800'b3f9         Code  Gb  ldexp.o [3]
scalbn                   0x800'b3f9         Code  Gb  ldexp.o [3]
scalbnl                  0x800'b3f9         Code  Gb  ldexp.o [3]
scale                    0x800'b2fb   0x46  Code  Lc  xprintffull_nomb.o [2]
sec_hand                0x2000'2658    0x4  Data  Lc  xfail_s.o [2]
spHRecvMaster           0x2000'057c    0x8  Data  Gb  user_app_sensor.o [1]
sprintf                  0x800'8695   0x40  Code  Gb  sprintf.o [2]
strATcmd                0x2000'0588    0x8  Data  Gb  user_at_serial.o [1]
strchr                   0x800'dd6d         Code  Gb  strchr.o [4]
strlen                   0x800'865d         Code  Gb  strlen.o [4]
sztmp                   0x2000'1708  0x200  Data  Lc  user_adv_trace.o [1]
tiny_vsnprintf_like      0x800'a24f  0x1d6  Code  Gb  user_tiny_vsnprintf.o [1]
upper_digits            0x2000'0a14    0x4  Data  Lc  user_tiny_vsnprintf.o [1]
uwTick                  0x2000'262c    0x4  Data  Gb  stm32l4xx_hal.o [1]
uwTickFreq              0x2000'0a53    0x1  Data  Gb  stm32l4xx_hal.o [1]
uwTickPrio              0x2000'0350    0x4  Data  Gb  stm32l4xx_hal.o [1]
vcom_DeInit              0x800'822d   0x1e  Code  Gb  user_app_comm.o [1]
vcom_Init                0x800'8223    0xa  Code  Gb  user_app_comm.o [1]
vcom_Trace_DMA           0x800'824b   0x24  Code  Gb  user_app_comm.o [1]


[1] = D:\Saoviet_Git\Saoviet_EnviroTrack_M_And_S\Project_Slave_LanChang_Clo\Project_Slave_Sensor_EnviroTrack\EWARM\Project_Slave_Sensor_EnviroTrack\Obj
[2] = dl7M_tlf.a
[3] = m7M_tls.a
[4] = rt7M_tl.a
[5] = shb_l.a

  58'873 bytes of readonly  code memory
   7'724 bytes of readonly  data memory
  10'871 bytes of readwrite data memory

Errors: none
Warnings: none
