###############################################################################
#
# IAR ELF Linker V8.40.2.214/W32 for ARM                  03/Nov/2025  10:43:22
# Copyright 2007-2019 IAR Systems AB.
#
#    Output file  =
#        D:\Saoviet_Git\Saoviet_EnviroTrack_M_And_S\Project_Slave_LanChang_EC\Project_Slave_Sensor_EnviroTrack\EWARM\Project_Slave_Sensor_EnviroTrack\Exe\Project_Slave_Sensor_EnviroTrack.out
#    Map file     =
#        D:\Saoviet_Git\Saoviet_EnviroTrack_M_And_S\Project_Slave_LanChang_EC\Project_Slave_Sensor_EnviroTrack\EWARM\Project_Slave_Sensor_EnviroTrack\List\Project_Slave_Sensor_EnviroTrack.map
#    Command line =
#        -f C:\Users\PC\AppData\Local\Temp\EW7A74.tmp
#        (D:\Saoviet_Git\Saoviet_EnviroTrack_M_And_S\Project_Slave_LanChang_EC\Project_Slave_Sensor_EnviroTrack\EWARM\Project_Slave_Sensor_EnviroTrack\Obj\button.o
#        D:\Saoviet_Git\Saoviet_EnviroTrack_M_And_S\Project_Slave_LanChang_EC\Project_Slave_Sensor_EnviroTrack\EWARM\Project_Slave_Sensor_EnviroTrack\Obj\dma.o
#        D:\Saoviet_Git\Saoviet_EnviroTrack_M_And_S\Project_Slave_LanChang_EC\Project_Slave_Sensor_EnviroTrack\EWARM\Project_Slave_Sensor_EnviroTrack\Obj\event_driven.o
#        D:\Saoviet_Git\Saoviet_EnviroTrack_M_And_S\Project_Slave_LanChang_EC\Project_Slave_Sensor_EnviroTrack\EWARM\Project_Slave_Sensor_EnviroTrack\Obj\glcd.o
#        D:\Saoviet_Git\Saoviet_EnviroTrack_M_And_S\Project_Slave_LanChang_EC\Project_Slave_Sensor_EnviroTrack\EWARM\Project_Slave_Sensor_EnviroTrack\Obj\gpio.o
#        D:\Saoviet_Git\Saoviet_EnviroTrack_M_And_S\Project_Slave_LanChang_EC\Project_Slave_Sensor_EnviroTrack\EWARM\Project_Slave_Sensor_EnviroTrack\Obj\graphics.o
#        D:\Saoviet_Git\Saoviet_EnviroTrack_M_And_S\Project_Slave_LanChang_EC\Project_Slave_Sensor_EnviroTrack\EWARM\Project_Slave_Sensor_EnviroTrack\Obj\graphs.o
#        D:\Saoviet_Git\Saoviet_EnviroTrack_M_And_S\Project_Slave_LanChang_EC\Project_Slave_Sensor_EnviroTrack\EWARM\Project_Slave_Sensor_EnviroTrack\Obj\iwdg.o
#        D:\Saoviet_Git\Saoviet_EnviroTrack_M_And_S\Project_Slave_LanChang_EC\Project_Slave_Sensor_EnviroTrack\EWARM\Project_Slave_Sensor_EnviroTrack\Obj\lcd_display.o
#        D:\Saoviet_Git\Saoviet_EnviroTrack_M_And_S\Project_Slave_LanChang_EC\Project_Slave_Sensor_EnviroTrack\EWARM\Project_Slave_Sensor_EnviroTrack\Obj\main.o
#        D:\Saoviet_Git\Saoviet_EnviroTrack_M_And_S\Project_Slave_LanChang_EC\Project_Slave_Sensor_EnviroTrack\EWARM\Project_Slave_Sensor_EnviroTrack\Obj\NT75451.o
#        D:\Saoviet_Git\Saoviet_EnviroTrack_M_And_S\Project_Slave_LanChang_EC\Project_Slave_Sensor_EnviroTrack\EWARM\Project_Slave_Sensor_EnviroTrack\Obj\onchipflash.o
#        D:\Saoviet_Git\Saoviet_EnviroTrack_M_And_S\Project_Slave_LanChang_EC\Project_Slave_Sensor_EnviroTrack\EWARM\Project_Slave_Sensor_EnviroTrack\Obj\PCD8544.o
#        D:\Saoviet_Git\Saoviet_EnviroTrack_M_And_S\Project_Slave_LanChang_EC\Project_Slave_Sensor_EnviroTrack\EWARM\Project_Slave_Sensor_EnviroTrack\Obj\queue_p.o
#        D:\Saoviet_Git\Saoviet_EnviroTrack_M_And_S\Project_Slave_LanChang_EC\Project_Slave_Sensor_EnviroTrack\EWARM\Project_Slave_Sensor_EnviroTrack\Obj\rtc.o
#        D:\Saoviet_Git\Saoviet_EnviroTrack_M_And_S\Project_Slave_LanChang_EC\Project_Slave_Sensor_EnviroTrack\EWARM\Project_Slave_Sensor_EnviroTrack\Obj\spi.o
#        D:\Saoviet_Git\Saoviet_EnviroTrack_M_And_S\Project_Slave_LanChang_EC\Project_Slave_Sensor_EnviroTrack\EWARM\Project_Slave_Sensor_EnviroTrack\Obj\ST7565R.o
#        D:\Saoviet_Git\Saoviet_EnviroTrack_M_And_S\Project_Slave_LanChang_EC\Project_Slave_Sensor_EnviroTrack\EWARM\Project_Slave_Sensor_EnviroTrack\Obj\startup_stm32l433xx.o
#        D:\Saoviet_Git\Saoviet_EnviroTrack_M_And_S\Project_Slave_LanChang_EC\Project_Slave_Sensor_EnviroTrack\EWARM\Project_Slave_Sensor_EnviroTrack\Obj\STM32F0xx.o
#        D:\Saoviet_Git\Saoviet_EnviroTrack_M_And_S\Project_Slave_LanChang_EC\Project_Slave_Sensor_EnviroTrack\EWARM\Project_Slave_Sensor_EnviroTrack\Obj\STM32F10x.o
#        D:\Saoviet_Git\Saoviet_EnviroTrack_M_And_S\Project_Slave_LanChang_EC\Project_Slave_Sensor_EnviroTrack\EWARM\Project_Slave_Sensor_EnviroTrack\Obj\STM32F4.o
#        D:\Saoviet_Git\Saoviet_EnviroTrack_M_And_S\Project_Slave_LanChang_EC\Project_Slave_Sensor_EnviroTrack\EWARM\Project_Slave_Sensor_EnviroTrack\Obj\STM32L4.o
#        D:\Saoviet_Git\Saoviet_EnviroTrack_M_And_S\Project_Slave_LanChang_EC\Project_Slave_Sensor_EnviroTrack\EWARM\Project_Slave_Sensor_EnviroTrack\Obj\stm32l4xx_hal.o
#        D:\Saoviet_Git\Saoviet_EnviroTrack_M_And_S\Project_Slave_LanChang_EC\Project_Slave_Sensor_EnviroTrack\EWARM\Project_Slave_Sensor_EnviroTrack\Obj\stm32l4xx_hal_cortex.o
#        D:\Saoviet_Git\Saoviet_EnviroTrack_M_And_S\Project_Slave_LanChang_EC\Project_Slave_Sensor_EnviroTrack\EWARM\Project_Slave_Sensor_EnviroTrack\Obj\stm32l4xx_hal_dma.o
#        D:\Saoviet_Git\Saoviet_EnviroTrack_M_And_S\Project_Slave_LanChang_EC\Project_Slave_Sensor_EnviroTrack\EWARM\Project_Slave_Sensor_EnviroTrack\Obj\stm32l4xx_hal_dma_ex.o
#        D:\Saoviet_Git\Saoviet_EnviroTrack_M_And_S\Project_Slave_LanChang_EC\Project_Slave_Sensor_EnviroTrack\EWARM\Project_Slave_Sensor_EnviroTrack\Obj\stm32l4xx_hal_exti.o
#        D:\Saoviet_Git\Saoviet_EnviroTrack_M_And_S\Project_Slave_LanChang_EC\Project_Slave_Sensor_EnviroTrack\EWARM\Project_Slave_Sensor_EnviroTrack\Obj\stm32l4xx_hal_flash.o
#        D:\Saoviet_Git\Saoviet_EnviroTrack_M_And_S\Project_Slave_LanChang_EC\Project_Slave_Sensor_EnviroTrack\EWARM\Project_Slave_Sensor_EnviroTrack\Obj\stm32l4xx_hal_flash_ex.o
#        D:\Saoviet_Git\Saoviet_EnviroTrack_M_And_S\Project_Slave_LanChang_EC\Project_Slave_Sensor_EnviroTrack\EWARM\Project_Slave_Sensor_EnviroTrack\Obj\stm32l4xx_hal_flash_ramfunc.o
#        D:\Saoviet_Git\Saoviet_EnviroTrack_M_And_S\Project_Slave_LanChang_EC\Project_Slave_Sensor_EnviroTrack\EWARM\Project_Slave_Sensor_EnviroTrack\Obj\stm32l4xx_hal_gpio.o
#        D:\Saoviet_Git\Saoviet_EnviroTrack_M_And_S\Project_Slave_LanChang_EC\Project_Slave_Sensor_EnviroTrack\EWARM\Project_Slave_Sensor_EnviroTrack\Obj\stm32l4xx_hal_i2c.o
#        D:\Saoviet_Git\Saoviet_EnviroTrack_M_And_S\Project_Slave_LanChang_EC\Project_Slave_Sensor_EnviroTrack\EWARM\Project_Slave_Sensor_EnviroTrack\Obj\stm32l4xx_hal_i2c_ex.o
#        D:\Saoviet_Git\Saoviet_EnviroTrack_M_And_S\Project_Slave_LanChang_EC\Project_Slave_Sensor_EnviroTrack\EWARM\Project_Slave_Sensor_EnviroTrack\Obj\stm32l4xx_hal_iwdg.o
#        D:\Saoviet_Git\Saoviet_EnviroTrack_M_And_S\Project_Slave_LanChang_EC\Project_Slave_Sensor_EnviroTrack\EWARM\Project_Slave_Sensor_EnviroTrack\Obj\stm32l4xx_hal_msp.o
#        D:\Saoviet_Git\Saoviet_EnviroTrack_M_And_S\Project_Slave_LanChang_EC\Project_Slave_Sensor_EnviroTrack\EWARM\Project_Slave_Sensor_EnviroTrack\Obj\stm32l4xx_hal_pwr.o
#        D:\Saoviet_Git\Saoviet_EnviroTrack_M_And_S\Project_Slave_LanChang_EC\Project_Slave_Sensor_EnviroTrack\EWARM\Project_Slave_Sensor_EnviroTrack\Obj\stm32l4xx_hal_pwr_ex.o
#        D:\Saoviet_Git\Saoviet_EnviroTrack_M_And_S\Project_Slave_LanChang_EC\Project_Slave_Sensor_EnviroTrack\EWARM\Project_Slave_Sensor_EnviroTrack\Obj\stm32l4xx_hal_rcc.o
#        D:\Saoviet_Git\Saoviet_EnviroTrack_M_And_S\Project_Slave_LanChang_EC\Project_Slave_Sensor_EnviroTrack\EWARM\Project_Slave_Sensor_EnviroTrack\Obj\stm32l4xx_hal_rcc_ex.o
#        D:\Saoviet_Git\Saoviet_EnviroTrack_M_And_S\Project_Slave_LanChang_EC\Project_Slave_Sensor_EnviroTrack\EWARM\Project_Slave_Sensor_EnviroTrack\Obj\stm32l4xx_hal_rtc.o
#        D:\Saoviet_Git\Saoviet_EnviroTrack_M_And_S\Project_Slave_LanChang_EC\Project_Slave_Sensor_EnviroTrack\EWARM\Project_Slave_Sensor_EnviroTrack\Obj\stm32l4xx_hal_rtc_ex.o
#        D:\Saoviet_Git\Saoviet_EnviroTrack_M_And_S\Project_Slave_LanChang_EC\Project_Slave_Sensor_EnviroTrack\EWARM\Project_Slave_Sensor_EnviroTrack\Obj\stm32l4xx_hal_spi.o
#        D:\Saoviet_Git\Saoviet_EnviroTrack_M_And_S\Project_Slave_LanChang_EC\Project_Slave_Sensor_EnviroTrack\EWARM\Project_Slave_Sensor_EnviroTrack\Obj\stm32l4xx_hal_spi_ex.o
#        D:\Saoviet_Git\Saoviet_EnviroTrack_M_And_S\Project_Slave_LanChang_EC\Project_Slave_Sensor_EnviroTrack\EWARM\Project_Slave_Sensor_EnviroTrack\Obj\stm32l4xx_hal_uart.o
#        D:\Saoviet_Git\Saoviet_EnviroTrack_M_And_S\Project_Slave_LanChang_EC\Project_Slave_Sensor_EnviroTrack\EWARM\Project_Slave_Sensor_EnviroTrack\Obj\stm32l4xx_hal_uart_ex.o
#        D:\Saoviet_Git\Saoviet_EnviroTrack_M_And_S\Project_Slave_LanChang_EC\Project_Slave_Sensor_EnviroTrack\EWARM\Project_Slave_Sensor_EnviroTrack\Obj\stm32l4xx_it.o
#        D:\Saoviet_Git\Saoviet_EnviroTrack_M_And_S\Project_Slave_LanChang_EC\Project_Slave_Sensor_EnviroTrack\EWARM\Project_Slave_Sensor_EnviroTrack\Obj\system_stm32l4xx.o
#        D:\Saoviet_Git\Saoviet_EnviroTrack_M_And_S\Project_Slave_LanChang_EC\Project_Slave_Sensor_EnviroTrack\EWARM\Project_Slave_Sensor_EnviroTrack\Obj\text.o
#        D:\Saoviet_Git\Saoviet_EnviroTrack_M_And_S\Project_Slave_LanChang_EC\Project_Slave_Sensor_EnviroTrack\EWARM\Project_Slave_Sensor_EnviroTrack\Obj\text_tiny.o
#        D:\Saoviet_Git\Saoviet_EnviroTrack_M_And_S\Project_Slave_LanChang_EC\Project_Slave_Sensor_EnviroTrack\EWARM\Project_Slave_Sensor_EnviroTrack\Obj\unit_tests.o
#        D:\Saoviet_Git\Saoviet_EnviroTrack_M_And_S\Project_Slave_LanChang_EC\Project_Slave_Sensor_EnviroTrack\EWARM\Project_Slave_Sensor_EnviroTrack\Obj\usart.o
#        D:\Saoviet_Git\Saoviet_EnviroTrack_M_And_S\Project_Slave_LanChang_EC\Project_Slave_Sensor_EnviroTrack\EWARM\Project_Slave_Sensor_EnviroTrack\Obj\user_adv_trace.o
#        D:\Saoviet_Git\Saoviet_EnviroTrack_M_And_S\Project_Slave_LanChang_EC\Project_Slave_Sensor_EnviroTrack\EWARM\Project_Slave_Sensor_EnviroTrack\Obj\user_app_comm.o
#        D:\Saoviet_Git\Saoviet_EnviroTrack_M_And_S\Project_Slave_LanChang_EC\Project_Slave_Sensor_EnviroTrack\EWARM\Project_Slave_Sensor_EnviroTrack\Obj\user_app_modbus_rtu.o
#        D:\Saoviet_Git\Saoviet_EnviroTrack_M_And_S\Project_Slave_LanChang_EC\Project_Slave_Sensor_EnviroTrack\EWARM\Project_Slave_Sensor_EnviroTrack\Obj\user_app_rs485.o
#        D:\Saoviet_Git\Saoviet_EnviroTrack_M_And_S\Project_Slave_LanChang_EC\Project_Slave_Sensor_EnviroTrack\EWARM\Project_Slave_Sensor_EnviroTrack\Obj\user_app_sensor.o
#        D:\Saoviet_Git\Saoviet_EnviroTrack_M_And_S\Project_Slave_LanChang_EC\Project_Slave_Sensor_EnviroTrack\EWARM\Project_Slave_Sensor_EnviroTrack\Obj\user_at_serial.o
#        D:\Saoviet_Git\Saoviet_EnviroTrack_M_And_S\Project_Slave_LanChang_EC\Project_Slave_Sensor_EnviroTrack\EWARM\Project_Slave_Sensor_EnviroTrack\Obj\user_connect_sensor.o
#        D:\Saoviet_Git\Saoviet_EnviroTrack_M_And_S\Project_Slave_LanChang_EC\Project_Slave_Sensor_EnviroTrack\EWARM\Project_Slave_Sensor_EnviroTrack\Obj\user_convert_variable.o
#        D:\Saoviet_Git\Saoviet_EnviroTrack_M_And_S\Project_Slave_LanChang_EC\Project_Slave_Sensor_EnviroTrack\EWARM\Project_Slave_Sensor_EnviroTrack\Obj\user_internal_mem.o
#        D:\Saoviet_Git\Saoviet_EnviroTrack_M_And_S\Project_Slave_LanChang_EC\Project_Slave_Sensor_EnviroTrack\EWARM\Project_Slave_Sensor_EnviroTrack\Obj\user_mem_comm.o
#        D:\Saoviet_Git\Saoviet_EnviroTrack_M_And_S\Project_Slave_LanChang_EC\Project_Slave_Sensor_EnviroTrack\EWARM\Project_Slave_Sensor_EnviroTrack\Obj\user_modbus_rtu.o
#        D:\Saoviet_Git\Saoviet_EnviroTrack_M_And_S\Project_Slave_LanChang_EC\Project_Slave_Sensor_EnviroTrack\EWARM\Project_Slave_Sensor_EnviroTrack\Obj\user_obis_sv.o
#        D:\Saoviet_Git\Saoviet_EnviroTrack_M_And_S\Project_Slave_LanChang_EC\Project_Slave_Sensor_EnviroTrack\EWARM\Project_Slave_Sensor_EnviroTrack\Obj\user_rs485.o
#        D:\Saoviet_Git\Saoviet_EnviroTrack_M_And_S\Project_Slave_LanChang_EC\Project_Slave_Sensor_EnviroTrack\EWARM\Project_Slave_Sensor_EnviroTrack\Obj\user_rtc.o
#        D:\Saoviet_Git\Saoviet_EnviroTrack_M_And_S\Project_Slave_LanChang_EC\Project_Slave_Sensor_EnviroTrack\EWARM\Project_Slave_Sensor_EnviroTrack\Obj\user_string.o
#        D:\Saoviet_Git\Saoviet_EnviroTrack_M_And_S\Project_Slave_LanChang_EC\Project_Slave_Sensor_EnviroTrack\EWARM\Project_Slave_Sensor_EnviroTrack\Obj\user_time.o
#        D:\Saoviet_Git\Saoviet_EnviroTrack_M_And_S\Project_Slave_LanChang_EC\Project_Slave_Sensor_EnviroTrack\EWARM\Project_Slave_Sensor_EnviroTrack\Obj\user_timer.o
#        D:\Saoviet_Git\Saoviet_EnviroTrack_M_And_S\Project_Slave_LanChang_EC\Project_Slave_Sensor_EnviroTrack\EWARM\Project_Slave_Sensor_EnviroTrack\Obj\user_tiny_vsnprintf.o
#        D:\Saoviet_Git\Saoviet_EnviroTrack_M_And_S\Project_Slave_LanChang_EC\Project_Slave_Sensor_EnviroTrack\EWARM\Project_Slave_Sensor_EnviroTrack\Obj\user_uart.o
#        D:\Saoviet_Git\Saoviet_EnviroTrack_M_And_S\Project_Slave_LanChang_EC\Project_Slave_Sensor_EnviroTrack\EWARM\Project_Slave_Sensor_EnviroTrack\Obj\user_util.o
#        --no_out_extension -o
#        D:\Saoviet_Git\Saoviet_EnviroTrack_M_And_S\Project_Slave_LanChang_EC\Project_Slave_Sensor_EnviroTrack\EWARM\Project_Slave_Sensor_EnviroTrack\Exe\Project_Slave_Sensor_EnviroTrack.out
#        --redirect _Printf=_PrintfFullNoMb --redirect _Scanf=_ScanfFullNoMb
#        --map
#        D:\Saoviet_Git\Saoviet_EnviroTrack_M_And_S\Project_Slave_LanChang_EC\Project_Slave_Sensor_EnviroTrack\EWARM\Project_Slave_Sensor_EnviroTrack\List\Project_Slave_Sensor_EnviroTrack.map
#        --config
#        D:\Saoviet_Git\Saoviet_EnviroTrack_M_And_S\Project_Slave_LanChang_EC\Project_Slave_Sensor_EnviroTrack\EWARM/stm32l433xx_flash.icf
#        --semihosting --entry __iar_program_start --vfe --text_out locale)
#
###############################################################################

*******************************************************************************
*** RUNTIME MODEL ATTRIBUTES
***

CppFlavor       = *
__Heap_Handler  = DLMalloc
__SystemLibrary = DLib
__dlib_version  = 6


*******************************************************************************
*** HEAP SELECTION
***

The advanced heap was selected because the application calls memory
allocation functions outside of system library functions, and there
are calls to deallocation functions in the application.


*******************************************************************************
*** PLACEMENT SUMMARY
***

"A0":  place at address 0x800'0000 { ro section .intvec };
"P1":  place in [from 0x800'0000 to 0x803'ffff] { ro };
define block CSTACK with size = 1K, alignment = 8 { };
define block HEAP with size = 512, alignment = 8 { };
"P2":  place in [from 0x2000'0000 to 0x2000'ffff] {
          rw, block CSTACK, block HEAP };
initialize by copy { rw };

  Section            Kind         Address    Size  Object
  -------            ----         -------    ----  ------
"A0":                                       0x18c
  .intvec            ro code   0x800'0000   0x18c  startup_stm32l433xx.o [1]
                             - 0x800'018c   0x18c

"P1":                                      0xed7d
  .text              ro code   0x800'018c  0x10ec  button.o [1]
  .text              ro code   0x800'1278   0x380  stm32l4xx_hal_gpio.o [1]
  .text              ro code   0x800'15f8   0x21c  user_util.o [1]
  .text              ro code   0x800'1814   0xa7e  lcd_display.o [1]
  .text              ro code   0x800'2292    0x3a  zero_init3.o [4]
  .text              ro code   0x800'22cc  0x100c  user_app_sensor.o [1]
  .text              ro code   0x800'32d8   0x5e4  user_convert_variable.o [1]
  .text              ro code   0x800'38bc   0x708  user_app_modbus_rtu.o [1]
  .text              ro code   0x800'3fc4    0x36  strlen.o [4]
  .text              ro code   0x800'3ffa     0xa  xsprout.o [2]
  .text              ro code   0x800'4004    0x22  S32ToDbl.o [3]
  .rodata            const     0x800'4026     0x2  xlocale_c.o [2]
  .text              ro code   0x800'4028    0x16  math_wrappers64.o [3]
  .rodata            const     0x800'403e     0x1  xlocale_c.o [2]
  .text              ro code   0x800'4040   0x246  DblDiv.o [3]
  .text              ro code   0x800'4288    0x68  DblToFlt.o [3]
  .text              ro code   0x800'42f0    0x1a  U32ToDbl.o [3]
  .text              ro code   0x800'430c    0x48  FltToDbl.o [3]
  .text              ro code   0x800'4354    0x40  sprintf.o [2]
  .text              ro code   0x800'4394    0xa0  STM32L4.o [1]
  .text              ro code   0x800'4434    0xe8  glcd.o [1]
  .text              ro code   0x800'451c   0x158  ST7565R.o [1]
  .text              ro code   0x800'4674     0xc  stm32l4xx_hal.o [1]
  .text              ro code   0x800'4680   0x290  text_tiny.o [1]
  .text              ro code   0x800'4910    0x54  event_driven.o [1]
  .text              ro code   0x800'4964    0x14  unit_tests.o [1]
  .text              ro code   0x800'4978    0x66  ABImemset.o [4]
  .text              ro code   0x800'49e0   0x390  text.o [1]
  .text              ro code   0x800'4d70   0x350  user_modbus_rtu.o [1]
  .text              ro code   0x800'50c0    0x80  stm32l4xx_hal_iwdg.o [1]
  .text              ro code   0x800'5140    0x28  stm32l4xx_hal.o [1]
  .text              ro code   0x800'5168  0x107c  stm32l4xx_hal_uart.o [1]
  .text              ro code   0x800'61e4   0x172  onchipflash.o [1]
  .text              ro code   0x800'6358    0xa6  ABImemcpy.o [4]
  .text              ro code   0x800'6400    0x64  user_connect_sensor.o [1]
  .text              ro code   0x800'6464   0x230  I64DivMod.o [4]
  .text              ro code   0x800'6694   0x1a2  DblMul.o [3]
  .text              ro code   0x800'6838   0x17a  DblAdd.o [3]
  .text              ro code   0x800'69b4    0x3a  DblToS32.o [3]
  .text              ro code   0x800'69f0   0x6ec  pow64.o [3]
  .text              ro code   0x800'70dc   0xfc6  xprintffull_nomb.o [2]
  .text              ro code   0x800'80a4   0x52a  stm32l4xx_hal_spi.o [1]
  .text              ro code   0x800'85d0    0xf4  graphics.o [1]
  .text              ro code   0x800'86c4   0x39c  usart.o [1]
  .text              ro code   0x800'8a60   0x426  stm32l4xx_hal_dma.o [1]
  .text              ro code   0x800'8e88   0x120  user_uart.o [1]
  .text              ro code   0x800'8fa8    0x72  stm32l4xx_hal_uart_ex.o [1]
  .text              ro code   0x800'901c   0x9fc  stm32l4xx_hal_rcc.o [1]
  .text              ro code   0x800'9a18     0x2  stm32l4xx_hal_uart.o [1]
  .text              ro code   0x800'9a1a     0x2  stm32l4xx_hal_uart.o [1]
  .text              ro code   0x800'9a1c   0x1b8  stm32l4xx_hal_flash.o [1]
  .text              ro code   0x800'9bd4    0xa0  stm32l4xx_hal_flash_ex.o [1]
  .text              ro code   0x800'9c74   0x194  stm32l4xx_hal_cortex.o [1]
  .text              ro code   0x800'9e08     0x2  I64DivZer.o [4]
  .text              ro code   0x800'9e0c    0xe2  DblSub.o [3]
  .text              ro code   0x800'9ef0    0x20  DblCmpEq.o [3]
  .text              ro code   0x800'9f10    0x70  frexp.o [3]
  .text              ro code   0x800'9f80    0x2e  DblCmpLe.o [3]
  .text              ro code   0x800'9fb0    0x2e  DblCmpGe.o [3]
  .text              ro code   0x800'9fe0   0x3e8  iar_Exp64.o [3]
  .text              ro code   0x800'a3c8    0x16  strchr.o [4]
  .text              ro code   0x800'a3e0    0x40  xfail_s.o [2]
  .text              ro code   0x800'a420    0x58  memchr.o [4]
  .text              ro code   0x800'a478   0x13a  ldexp.o [3]
  .text              ro code   0x800'a5b4    0x28  DblToU32.o [3]
  .text              ro code   0x800'a5dc     0x8  xlocale_c.o [2]
  .text              ro code   0x800'a5e4    0xc8  spi.o [1]
  .text              ro code   0x800'a6ac    0xc6  main.o [1]
  .text              ro code   0x800'a772    0x14  memset.o [4]
  .text              ro code   0x800'a788   0x4e8  stm32l4xx_hal_rcc_ex.o [1]
  .text              ro code   0x800'ac70   0x4f4  user_app_comm.o [1]
  .text              ro code   0x800'b164    0x70  user_rs485.o [1]
  .text              ro code   0x800'b1d4   0x23a  user_adv_trace.o [1]
  .text              ro code   0x800'b410    0x60  stm32l4xx_hal.o [1]
  .text              ro code   0x800'b470    0x94  stm32l4xx_hal_pwr_ex.o [1]
  .text              ro code   0x800'b504     0x6  abort.o [2]
  .text              ro code   0x800'b50c    0x24  stm32l4xx_hal.o [1]
  .text              ro code   0x800'b530   0x1d0  gpio.o [1]
  .text              ro code   0x800'b700    0x60  dma.o [1]
  .text              ro code   0x800'b760    0x2c  iwdg.o [1]
  .text              ro code   0x800'b78c   0x150  rtc.o [1]
  .text              ro code   0x800'b8dc   0x310  user_timer.o [1]
  .text              ro code   0x800'bbec   0x1dc  user_at_serial.o [1]
  .text              ro code   0x800'bdc8    0x58  user_time.o [1]
  .text              ro code   0x800'be20   0x150  user_app_rs485.o [1]
  .text              ro code   0x800'bf70   0x350  user_tiny_vsnprintf.o [1]
  .text              ro code   0x800'c2c0    0x14  exit.o [5]
  .text              ro code   0x800'c2d4    0x38  stm32l4xx_hal_msp.o [1]
  .text              ro code   0x800'c30c   0x78e  stm32l4xx_hal_rtc.o [1]
  .text              ro code   0x800'ca9a   0x1e6  user_string.o [1]
  .text              ro code   0x800'cc80   0x3a8  user_rtc.o [1]
  .text              ro code   0x800'd028     0x2  stm32l4xx_hal_rtc_ex.o [1]
  .text              ro code   0x800'd02c    0x48  stm32l4xx_hal_rtc_ex.o [1]
  .rodata            const     0x800'd074   0x548  lcd_display.o [1]
  .rodata            const     0x800'd5c0   0x420  pow64.o [3]
  .rodata            const     0x800'd9e0   0x228  lcd_display.o [1]
  .rodata            const     0x800'dc08   0x214  lcd_display.o [1]
  .rodata            const     0x800'de1c   0x200  unit_tests.o [1]
  .text              ro code   0x800'e01c    0x88  stm32l4xx_it.o [1]
  .text              ro code   0x800'e0a4    0x18  stm32l4xx_hal.o [1]
  .text              ro code   0x800'e0bc    0x78  lz77_init_single.o [4]
  .rodata            const     0x800'e134    0x34  user_app_sensor.o [1]
  .rodata            const     0x800'e168    0x34  user_app_sensor.o [1]
  .rodata            const     0x800'e19c    0x30  system_stm32l4xx.o [1]
  .rodata            const     0x800'e1cc    0x2c  user_rtc.o [1]
  .rodata            const     0x800'e1f8    0x28  user_tiny_vsnprintf.o [1]
  .rodata            const     0x800'e220    0x28  user_tiny_vsnprintf.o [1]
  .text              ro code   0x800'e248    0x28  data_init.o [4]
  .text              ro code   0x800'e270    0x22  fpinit_M.o [3]
  .iar.init_table    const     0x800'e294    0x20  - Linker created -
  .rodata            const     0x800'e2b4    0x20  user_app_comm.o [1]
  .rodata            const     0x800'e2d4    0x20  user_rtc.o [1]
  .text              ro code   0x800'e2f4    0x1e  cmain.o [4]
  .text              ro code   0x800'e312     0x4  low_level_init.o [2]
  .text              ro code   0x800'e316     0x4  exit.o [2]
  .text              ro code   0x800'e31c     0xa  cexit.o [4]
  .rodata            const     0x800'e328    0x1c  user_app_comm.o [1]
  .rodata            const     0x800'e344    0x1c  user_app_comm.o [1]
  .rodata            const     0x800'e360    0x1c  user_app_comm.o [1]
  .rodata            const     0x800'e37c    0x1c  user_uart.o [1]
  .rodata            const     0x800'e398    0x18  user_app_comm.o [1]
  .rodata            const     0x800'e3b0    0x14  lcd_display.o [1]
  .rodata            const     0x800'e3c4    0x14  lcd_display.o [1]
  .rodata            const     0x800'e3d8    0x14  user_app_comm.o [1]
  .rodata            const     0x800'e3ec    0x14  user_at_serial.o [1]
  .rodata            const     0x800'e400    0x14  user_at_serial.o [1]
  .rodata            const     0x800'e414    0x14  user_at_serial.o [1]
  .rodata            const     0x800'e428    0x14  user_at_serial.o [1]
  .rodata            const     0x800'e43c    0x14  user_at_serial.o [1]
  .rodata            const     0x800'e450    0x10  lcd_display.o [1]
  .rodata            const     0x800'e460    0x10  lcd_display.o [1]
  .rodata            const     0x800'e470    0x10  lcd_display.o [1]
  .rodata            const     0x800'e480    0x10  lcd_display.o [1]
  .rodata            const     0x800'e490    0x10  lcd_display.o [1]
  .rodata            const     0x800'e4a0    0x10  lcd_display.o [1]
  .rodata            const     0x800'e4b0    0x10  lcd_display.o [1]
  .rodata            const     0x800'e4c0    0x10  lcd_display.o [1]
  .rodata            const     0x800'e4d0    0x10  lcd_display.o [1]
  .rodata            const     0x800'e4e0    0x10  lcd_display.o [1]
  .rodata            const     0x800'e4f0    0x10  lcd_display.o [1]
  .rodata            const     0x800'e500    0x10  lcd_display.o [1]
  .rodata            const     0x800'e510    0x10  lcd_display.o [1]
  .rodata            const     0x800'e520    0x10  system_stm32l4xx.o [1]
  .rodata            const     0x800'e530    0x10  user_app_sensor.o [1]
  .rodata            const     0x800'e540    0x10  user_at_serial.o [1]
  .rodata            const     0x800'e550    0x10  user_at_serial.o [1]
  .rodata            const     0x800'e560    0x10  user_at_serial.o [1]
  .rodata            const     0x800'e570    0x10  user_at_serial.o [1]
  .rodata            const     0x800'e580    0x10  user_at_serial.o [1]
  .rodata            const     0x800'e590    0x10  user_at_serial.o [1]
  .rodata            const     0x800'e5a0    0x10  user_at_serial.o [1]
  .rodata            const     0x800'e5b0    0x10  user_at_serial.o [1]
  .rodata            const     0x800'e5c0    0x10  user_at_serial.o [1]
  .rodata            const     0x800'e5d0    0x10  user_at_serial.o [1]
  .rodata            const     0x800'e5e0    0x10  user_at_serial.o [1]
  .rodata            const     0x800'e5f0    0x10  user_at_serial.o [1]
  .rodata            const     0x800'e600    0x10  user_at_serial.o [1]
  .rodata            const     0x800'e610    0x10  user_at_serial.o [1]
  .rodata            const     0x800'e620    0x10  user_at_serial.o [1]
  .rodata            const     0x800'e630    0x10  user_at_serial.o [1]
  .rodata            const     0x800'e640    0x10  user_at_serial.o [1]
  .rodata            const     0x800'e650    0x10  user_at_serial.o [1]
  .rodata            const     0x800'e660    0x10  user_at_serial.o [1]
  .rodata            const     0x800'e670    0x10  user_at_serial.o [1]
  .rodata            const     0x800'e680    0x10  user_at_serial.o [1]
  .rodata            const     0x800'e690    0x10  user_at_serial.o [1]
  .rodata            const     0x800'e6a0    0x10  user_at_serial.o [1]
  .rodata            const     0x800'e6b0    0x10  user_at_serial.o [1]
  .rodata            const     0x800'e6c0    0x10  user_at_serial.o [1]
  .rodata            const     0x800'e6d0    0x10  user_at_serial.o [1]
  .rodata            const     0x800'e6e0    0x10  user_at_serial.o [1]
  .rodata            const     0x800'e6f0    0x10  user_at_serial.o [1]
  .text              ro code   0x800'e700    0x10  startup_stm32l433xx.o [1]
  .text              ro code   0x800'e710    0x10  system_stm32l4xx.o [1]
  .rodata            const     0x800'e720     0xc  lcd_display.o [1]
  .rodata            const     0x800'e72c     0xc  lcd_display.o [1]
  .rodata            const     0x800'e738     0xc  lcd_display.o [1]
  .rodata            const     0x800'e744     0xc  lcd_display.o [1]
  .rodata            const     0x800'e750     0xc  lcd_display.o [1]
  .rodata            const     0x800'e75c     0xc  lcd_display.o [1]
  .rodata            const     0x800'e768     0xc  lcd_display.o [1]
  .rodata            const     0x800'e774     0xc  lcd_display.o [1]
  .rodata            const     0x800'e780     0xc  lcd_display.o [1]
  .rodata            const     0x800'e78c     0xc  user_app_comm.o [1]
  .rodata            const     0x800'e798     0xc  user_app_sensor.o [1]
  .rodata            const     0x800'e7a4     0xc  user_at_serial.o [1]
  .rodata            const     0x800'e7b0     0xc  user_at_serial.o [1]
  .rodata            const     0x800'e7bc     0xc  user_at_serial.o [1]
  .rodata            const     0x800'e7c8     0xc  user_at_serial.o [1]
  .rodata            const     0x800'e7d4     0xc  user_at_serial.o [1]
  .rodata            const     0x800'e7e0     0xc  user_at_serial.o [1]
  .rodata            const     0x800'e7ec     0xc  user_at_serial.o [1]
  .rodata            const     0x800'e7f8     0xc  user_at_serial.o [1]
  .rodata            const     0x800'e804     0xc  user_at_serial.o [1]
  .rodata            const     0x800'e810     0xc  user_at_serial.o [1]
  .rodata            const     0x800'e81c     0xc  user_at_serial.o [1]
  .rodata            const     0x800'e828     0xc  user_at_serial.o [1]
  .rodata            const     0x800'e834     0xc  user_at_serial.o [1]
  .rodata            const     0x800'e840     0xc  user_at_serial.o [1]
  .rodata            const     0x800'e84c     0xc  user_at_serial.o [1]
  .rodata            const     0x800'e858     0xc  user_at_serial.o [1]
  .rodata            const     0x800'e864     0xc  user_at_serial.o [1]
  .rodata            const     0x800'e870     0xc  user_at_serial.o [1]
  .rodata            const     0x800'e87c     0xc  user_at_serial.o [1]
  .rodata            const     0x800'e888     0xc  user_at_serial.o [1]
  .rodata            const     0x800'e894     0xc  user_at_serial.o [1]
  .rodata            const     0x800'e8a0     0xc  user_at_serial.o [1]
  .rodata            const     0x800'e8ac     0xc  user_at_serial.o [1]
  .rodata            const     0x800'e8b8     0xc  user_at_serial.o [1]
  .rodata            const     0x800'e8c4     0xc  user_at_serial.o [1]
  .rodata            const     0x800'e8d0     0xc  user_at_serial.o [1]
  .rodata            const     0x800'e8dc     0xc  user_at_serial.o [1]
  .rodata            const     0x800'e8e8     0xc  user_at_serial.o [1]
  .rodata            const     0x800'e8f4     0xc  user_rtc.o [1]
  .rodata            const     0x800'e900     0xc  user_rtc.o [1]
  .text              ro code   0x800'e90c     0xc  cstartup_M.o [4]
  .rodata            const     0x800'e918     0x8  lcd_display.o [1]
  .rodata            const     0x800'e920     0x8  lcd_display.o [1]
  .rodata            const     0x800'e928     0x8  lcd_display.o [1]
  .rodata            const     0x800'e930     0x8  system_stm32l4xx.o [1]
  .rodata            const     0x800'e938     0x8  user_app_modbus_rtu.o [1]
  .rodata            const     0x800'e940     0x8  user_app_modbus_rtu.o [1]
  .rodata            const     0x800'e948     0x8  user_app_sensor.o [1]
  .rodata            const     0x800'e950     0x8  user_app_sensor.o [1]
  .rodata            const     0x800'e958     0x8  user_app_sensor.o [1]
  .rodata            const     0x800'e960     0x8  user_app_sensor.o [1]
  .rodata            const     0x800'e968     0x8  user_at_serial.o [1]
  .rodata            const     0x800'e970     0x8  user_at_serial.o [1]
  .rodata            const     0x800'e978     0x8  user_at_serial.o [1]
  .rodata            const     0x800'e980     0x8  user_at_serial.o [1]
  .rodata            const     0x800'e988     0x8  user_at_serial.o [1]
  .rodata            const     0x800'e990     0x8  user_tiny_vsnprintf.o [1]
  .rodata            const     0x800'e998     0x8  user_util.o [1]
  .rodata            const     0x800'e9a0     0x8  xprintffull_nomb.o [2]
  .text              ro code   0x800'e9a8     0x4  startup_stm32l433xx.o [1]
  .text              ro code   0x800'e9ac     0x4  startup_stm32l433xx.o [1]
  .text              ro code   0x800'e9b0     0x4  startup_stm32l433xx.o [1]
  .text              ro code   0x800'e9b4     0x4  startup_stm32l433xx.o [1]
  .text              ro code   0x800'e9b8     0x4  startup_stm32l433xx.o [1]
  .text              ro code   0x800'e9bc     0x4  startup_stm32l433xx.o [1]
  .text              ro code   0x800'e9c0     0x4  startup_stm32l433xx.o [1]
  .text              ro code   0x800'e9c4     0x4  startup_stm32l433xx.o [1]
  .text              ro code   0x800'e9c8     0x4  startup_stm32l433xx.o [1]
  .text              ro code   0x800'e9cc     0x4  startup_stm32l433xx.o [1]
  .text              ro code   0x800'e9d0     0x4  startup_stm32l433xx.o [1]
  .text              ro code   0x800'e9d4     0x4  startup_stm32l433xx.o [1]
  .text              ro code   0x800'e9d8     0x4  startup_stm32l433xx.o [1]
  .text              ro code   0x800'e9dc     0x4  startup_stm32l433xx.o [1]
  .text              ro code   0x800'e9e0     0x4  startup_stm32l433xx.o [1]
  .text              ro code   0x800'e9e4     0x4  startup_stm32l433xx.o [1]
  .text              ro code   0x800'e9e8     0x4  startup_stm32l433xx.o [1]
  .text              ro code   0x800'e9ec     0x4  startup_stm32l433xx.o [1]
  .text              ro code   0x800'e9f0     0x4  startup_stm32l433xx.o [1]
  .text              ro code   0x800'e9f4     0x4  startup_stm32l433xx.o [1]
  .text              ro code   0x800'e9f8     0x4  startup_stm32l433xx.o [1]
  .text              ro code   0x800'e9fc     0x4  startup_stm32l433xx.o [1]
  .text              ro code   0x800'ea00     0x4  startup_stm32l433xx.o [1]
  .text              ro code   0x800'ea04     0x4  startup_stm32l433xx.o [1]
  .text              ro code   0x800'ea08     0x4  startup_stm32l433xx.o [1]
  .text              ro code   0x800'ea0c     0x4  startup_stm32l433xx.o [1]
  .text              ro code   0x800'ea10     0x4  startup_stm32l433xx.o [1]
  .text              ro code   0x800'ea14     0x4  startup_stm32l433xx.o [1]
  .text              ro code   0x800'ea18     0x4  startup_stm32l433xx.o [1]
  .text              ro code   0x800'ea1c     0x4  startup_stm32l433xx.o [1]
  .text              ro code   0x800'ea20     0x4  startup_stm32l433xx.o [1]
  .text              ro code   0x800'ea24     0x4  startup_stm32l433xx.o [1]
  .text              ro code   0x800'ea28     0x4  startup_stm32l433xx.o [1]
  .text              ro code   0x800'ea2c     0x4  startup_stm32l433xx.o [1]
  .text              ro code   0x800'ea30     0x4  startup_stm32l433xx.o [1]
  .text              ro code   0x800'ea34     0x4  startup_stm32l433xx.o [1]
  .text              ro code   0x800'ea38     0x4  startup_stm32l433xx.o [1]
  .text              ro code   0x800'ea3c     0x4  startup_stm32l433xx.o [1]
  .text              ro code   0x800'ea40     0x4  startup_stm32l433xx.o [1]
  .text              ro code   0x800'ea44     0x4  startup_stm32l433xx.o [1]
  .text              ro code   0x800'ea48     0x4  startup_stm32l433xx.o [1]
  .text              ro code   0x800'ea4c     0x4  startup_stm32l433xx.o [1]
  .text              ro code   0x800'ea50     0x4  startup_stm32l433xx.o [1]
  .text              ro code   0x800'ea54     0x4  startup_stm32l433xx.o [1]
  .text              ro code   0x800'ea58     0x4  startup_stm32l433xx.o [1]
  .text              ro code   0x800'ea5c     0x4  startup_stm32l433xx.o [1]
  .text              ro code   0x800'ea60     0x4  startup_stm32l433xx.o [1]
  .text              ro code   0x800'ea64     0x4  startup_stm32l433xx.o [1]
  .text              ro code   0x800'ea68     0x4  startup_stm32l433xx.o [1]
  .text              ro code   0x800'ea6c     0x4  startup_stm32l433xx.o [1]
  .text              ro code   0x800'ea70     0x4  startup_stm32l433xx.o [1]
  .text              ro code   0x800'ea74     0x4  startup_stm32l433xx.o [1]
  .text              ro code   0x800'ea78     0x4  startup_stm32l433xx.o [1]
  .text              ro code   0x800'ea7c     0x4  startup_stm32l433xx.o [1]
  .text              ro code   0x800'ea80     0x4  startup_stm32l433xx.o [1]
  .text              ro code   0x800'ea84     0x4  startup_stm32l433xx.o [1]
  .text              ro code   0x800'ea88     0x4  startup_stm32l433xx.o [1]
  .text              ro code   0x800'ea8c     0x4  startup_stm32l433xx.o [1]
  .text              ro code   0x800'ea90     0x4  startup_stm32l433xx.o [1]
  .rodata            const     0x800'ea94     0x0  zero_init3.o [4]
  .rodata            const     0x800'ea94     0x0  lz77_init_single.o [4]
  Initializer bytes  const     0x800'ea94   0x475  <for P2-1>
                             - 0x800'ef09  0xed7d

"P2", part 1 of 3:                          0xa05
  P2-1                        0x2000'0000   0xa05  <Init block>
    .data            inited   0x2000'0000     0xc  button.o [1]
    .data            inited   0x2000'000c    0x60  lcd_display.o [1]
    .data            inited   0x2000'006c     0x8  lcd_display.o [1]
    .data            inited   0x2000'0074     0x4  lcd_display.o [1]
    .data            inited   0x2000'0078    0x10  lcd_display.o [1]
    .data            inited   0x2000'0088    0x10  lcd_display.o [1]
    .data            inited   0x2000'0098    0x10  lcd_display.o [1]
    .data            inited   0x2000'00a8    0x10  lcd_display.o [1]
    .data            inited   0x2000'00b8    0x10  lcd_display.o [1]
    .data            inited   0x2000'00c8   0x2a0  lcd_display.o [1]
    .data            inited   0x2000'0368     0x4  stm32l4xx_hal.o [1]
    .data            inited   0x2000'036c    0x20  stm32l4xx_hal_flash.o [1]
    .data            inited   0x2000'038c     0x4  system_stm32l4xx.o [1]
    .data            inited   0x2000'0390    0x70  user_app_comm.o [1]
    .data            inited   0x2000'0400     0x8  user_app_comm.o [1]
    .data            inited   0x2000'0408     0x8  user_app_comm.o [1]
    .data            inited   0x2000'0410    0x8c  user_app_modbus_rtu.o [1]
    .data            inited   0x2000'049c    0x2c  user_app_modbus_rtu.o [1]
    .data            inited   0x2000'04c8     0x8  user_app_modbus_rtu.o [1]
    .data            inited   0x2000'04d0    0x40  user_app_rs485.o [1]
    .data            inited   0x2000'0510    0x80  user_app_sensor.o [1]
    .data            inited   0x2000'0590     0x8  user_app_sensor.o [1]
    .data            inited   0x2000'0598     0x8  user_at_serial.o [1]
    .data            inited   0x2000'05a0   0x410  user_at_serial.o [1]
    .data            inited   0x2000'09b0     0x8  user_connect_sensor.o [1]
    .data            inited   0x2000'09b8     0x8  user_rs485.o [1]
    .data            inited   0x2000'09c0     0x4  user_tiny_vsnprintf.o [1]
    .data            inited   0x2000'09c4     0x4  user_tiny_vsnprintf.o [1]
    .data            inited   0x2000'09c8    0x38  xlocale_c.o [2]
    .data            inited   0x2000'0a00     0x2  user_app_modbus_rtu.o [1]
    .data            inited   0x2000'0a02     0x1  lcd_display.o [1]
    .data            inited   0x2000'0a03     0x1  stm32l4xx_hal.o [1]
    .data            inited   0x2000'0a04     0x1  user_util.o [1]
                            - 0x2000'0a05   0xa05

"P2", part 2 of 3:                         0x1c40
  .bss               zero     0x2000'0a08   0x4b0  user_app_comm.o [1]
  .bss               zero     0x2000'0eb8   0x400  glcd.o [1]
  .bss               zero     0x2000'12b8   0x400  user_adv_trace.o [1]
  .bss               zero     0x2000'16b8   0x200  user_adv_trace.o [1]
  .bss               zero     0x2000'18b8   0x200  user_connect_sensor.o [1]
  .bss               zero     0x2000'1ab8   0x200  user_rs485.o [1]
  .bss               zero     0x2000'1cb8   0x150  lcd_display.o [1]
  .bss               zero     0x2000'1e08    0x88  usart.o [1]
  .bss               zero     0x2000'1e90    0x88  usart.o [1]
  .bss               zero     0x2000'1f18    0x88  usart.o [1]
  .bss               zero     0x2000'1fa0    0x80  user_app_modbus_rtu.o [1]
  .bss               zero     0x2000'2020    0x80  user_app_modbus_rtu.o [1]
  .bss               zero     0x2000'20a0    0x80  user_app_modbus_rtu.o [1]
  .bss               zero     0x2000'2120    0x80  user_at_serial.o [1]
  .bss               zero     0x2000'21a0    0x80  user_at_serial.o [1]
  .bss               zero     0x2000'2220    0x64  spi.o [1]
  .bss               zero     0x2000'2284    0x64  user_app_comm.o [1]
  .bss               zero     0x2000'22e8    0x54  lcd_display.o [1]
  .bss               zero     0x2000'233c    0x48  usart.o [1]
  .bss               zero     0x2000'2384    0x48  usart.o [1]
  .bss               zero     0x2000'23cc    0x48  usart.o [1]
  .bss               zero     0x2000'2414    0x48  user_app_sensor.o [1]
  .bss               zero     0x2000'245c    0x40  lcd_display.o [1]
  .bss               zero     0x2000'249c    0x2c  user_rtc.o [1]
  .bss               zero     0x2000'24c8    0x28  user_app_sensor.o [1]
  .bss               zero     0x2000'24f0    0x28  user_app_sensor.o [1]
  .bss               zero     0x2000'2518    0x24  rtc.o [1]
  .bss               zero     0x2000'253c    0x1c  user_rtc.o [1]
  .bss               zero     0x2000'2558    0x18  button.o [1]
  .bss               zero     0x2000'2570    0x18  user_adv_trace.o [1]
  .bss               zero     0x2000'2588    0x18  user_app_comm.o [1]
  .bss               zero     0x2000'25a0    0x10  iwdg.o [1]
  .bss               zero     0x2000'25b0    0x10  lcd_display.o [1]
  .bss               zero     0x2000'25c0     0xc  text.o [1]
  .bss               zero     0x2000'25cc     0xc  user_app_sensor.o [1]
  .bss               zero     0x2000'25d8     0xc  user_util.o [1]
  .bss               zero     0x2000'25e4     0x4  button.o [1]
  .bss               zero     0x2000'25e8     0x4  button.o [1]
  .bss               zero     0x2000'25ec     0x4  button.o [1]
  .bss               zero     0x2000'25f0     0x4  button.o [1]
  .bss               zero     0x2000'25f4     0x4  glcd.o [1]
  .bss               zero     0x2000'25f8     0x4  glcd.o [1]
  .bss               zero     0x2000'25fc     0x4  glcd.o [1]
  .bss               zero     0x2000'2600     0x4  lcd_display.o [1]
  .bss               zero     0x2000'2604     0x4  stm32l4xx_hal.o [1]
  .bss               zero     0x2000'2608     0x4  user_app_comm.o [1]
  .bss               zero     0x2000'260c     0x4  user_app_sensor.o [1]
  .bss               zero     0x2000'2610     0x4  user_app_sensor.o [1]
  .bss               zero     0x2000'2614     0x4  user_rtc.o [1]
  .bss               zero     0x2000'2618     0x4  user_timer.o [1]
  .bss               zero     0x2000'261c     0x4  user_util.o [1]
  .bss               zero     0x2000'2620     0x4  user_util.o [1]
  .bss               zero     0x2000'2624     0x4  user_util.o [1]
  .bss               zero     0x2000'2628     0x4  xfail_s.o [2]
  .bss               zero     0x2000'262c     0x2  lcd_display.o [1]
  .bss               zero     0x2000'262e     0x2  user_app_comm.o [1]
  .bss               zero     0x2000'2630     0x2  user_app_comm.o [1]
  .bss               zero     0x2000'2632     0x2  user_app_sensor.o [1]
  .bss               zero     0x2000'2634     0x2  user_app_sensor.o [1]
  .bss               zero     0x2000'2636     0x2  user_uart.o [1]
  .bss               zero     0x2000'2638     0x1  button.o [1]
  .bss               zero     0x2000'2639     0x1  lcd_display.o [1]
  .bss               zero     0x2000'263a     0x1  lcd_display.o [1]
  .bss               zero     0x2000'263b     0x1  lcd_display.o [1]
  .bss               zero     0x2000'263c     0x1  user_app_comm.o [1]
  .bss               zero     0x2000'263d     0x1  user_app_rs485.o [1]
  .bss               zero     0x2000'263e     0x1  user_app_sensor.o [1]
  .bss               zero     0x2000'263f     0x1  user_app_sensor.o [1]
  .bss               zero     0x2000'2640     0x1  user_at_serial.o [1]
  .bss               zero     0x2000'2641     0x1  user_connect_sensor.o [1]
  .bss               zero     0x2000'2642     0x1  user_connect_sensor.o [1]
  .bss               zero     0x2000'2643     0x1  user_rs485.o [1]
  .bss               zero     0x2000'2644     0x1  user_rs485.o [1]
  .bss               zero     0x2000'2645     0x1  user_rtc.o [1]
  .bss               zero     0x2000'2646     0x1  user_uart.o [1]
                            - 0x2000'2647  0x1c3f

"P2", part 3 of 3:                          0x400
  CSTACK                      0x2000'2648   0x400  <Block>
    CSTACK           uninit   0x2000'2648   0x400  <Block tail>
                            - 0x2000'2a48   0x400

Unused ranges:

         From           To      Size
         ----           --      ----
   0x800'ef09   0x803'ffff  0x3'10f7
  0x2000'0a05  0x2000'0a07       0x3
  0x2000'2a48  0x2000'ffff    0xd5b8


*******************************************************************************
*** INIT TABLE
***

          Address      Size
          -------      ----
Zero (__iar_zero_init3)
    1 destination range, total size 0x1c3f:
          0x2000'0a08  0x1c3f

Copy/lz77 (__iar_lz77_init_single3)
    1 source range, total size 0x475 (44% of destination):
           0x800'ea94   0x475
    1 destination range, total size 0xa05:
          0x2000'0000   0xa05



*******************************************************************************
*** MODULE SUMMARY
***

    Module                    ro code  ro data  rw data
    ------                    -------  -------  -------
command line/config:
    ---------------------------------------------------
    Total:

D:\Saoviet_Git\Saoviet_EnviroTrack_M_And_S\Project_Slave_LanChang_EC\Project_Slave_Sensor_EnviroTrack\EWARM\Project_Slave_Sensor_EnviroTrack\Obj: [1]
    ST7565R.o                     344
    STM32L4.o                     160
    button.o                    4'332        5       53
    dma.o                          96
    event_driven.o                 84
    glcd.o                        232             1'036
    gpio.o                        464
    graphics.o                    244
    iwdg.o                         44                16
    lcd_display.o               2'686    3'199    1'370
    main.o                        198
    onchipflash.o                 370
    rtc.o                         336                36
    spi.o                         200               100
    startup_stm32l433xx.o         648
    stm32l4xx_hal.o               208        2        9
    stm32l4xx_hal_cortex.o        404
    stm32l4xx_hal_dma.o         1'062
    stm32l4xx_hal_flash.o         440       14       32
    stm32l4xx_hal_flash_ex.o      160
    stm32l4xx_hal_gpio.o          896
    stm32l4xx_hal_iwdg.o          128
    stm32l4xx_hal_msp.o            56
    stm32l4xx_hal_pwr_ex.o        148
    stm32l4xx_hal_rcc.o         2'556
    stm32l4xx_hal_rcc_ex.o      1'256
    stm32l4xx_hal_rtc.o         1'934
    stm32l4xx_hal_rtc_ex.o         74
    stm32l4xx_hal_spi.o         1'322
    stm32l4xx_hal_uart.o        4'224
    stm32l4xx_hal_uart_ex.o       114
    stm32l4xx_it.o                136
    system_stm32l4xx.o             16       74        4
    text.o                        912                12
    text_tiny.o                   656
    unit_tests.o                   20      512
    usart.o                       924               624
    user_adv_trace.o              570             1'560
    user_app_comm.o             1'268      229    1'461
    user_app_modbus_rtu.o       1'800      103      578
    user_app_rs485.o              336       28       65
    user_app_sensor.o           4'108      225      314
    user_at_serial.o              476    1'390    1'305
    user_connect_sensor.o         100        3      522
    user_convert_variable.o     1'508
    user_modbus_rtu.o             848
    user_rs485.o                  112        4      522
    user_rtc.o                    936      100       77
    user_string.o                 486
    user_time.o                    88
    user_timer.o                  784                 4
    user_tiny_vsnprintf.o         848       91        8
    user_uart.o                   288       28        3
    user_util.o                   540        9       25
    ---------------------------------------------------
    Total:                     43'180    6'016    9'736

dl7M_tlf.a: [2]
    abort.o                         6
    exit.o                          4
    low_level_init.o                4
    sprintf.o                      64
    xfail_s.o                      64                 4
    xlocale_c.o                     8       28       56
    xprintffull_nomb.o          4'038        8
    xsprout.o                      10
    ---------------------------------------------------
    Total:                      4'198       36       60

m7M_tls.a: [3]
    DblAdd.o                      378
    DblCmpEq.o                     32
    DblCmpGe.o                     46
    DblCmpLe.o                     46
    DblDiv.o                      582
    DblMul.o                      418
    DblSub.o                      226
    DblToFlt.o                    104
    DblToS32.o                     58
    DblToU32.o                     40
    FltToDbl.o                     72
    S32ToDbl.o                     34
    U32ToDbl.o                     26
    fpinit_M.o                     34
    frexp.o                       112
    iar_Exp64.o                 1'000
    ldexp.o                       314
    math_wrappers64.o              22
    pow64.o                     1'772    1'056
    ---------------------------------------------------
    Total:                      5'316    1'056

rt7M_tl.a: [4]
    ABImemcpy.o                   166
    ABImemset.o                   102
    I64DivMod.o                   560
    I64DivZer.o                     2
    cexit.o                        10
    cmain.o                        30
    cstartup_M.o                   12
    data_init.o                    40
    lz77_init_single.o            120
    memchr.o                       88
    memset.o                       20
    strchr.o                       22
    strlen.o                       54
    zero_init3.o                   58
    ---------------------------------------------------
    Total:                      1'284

shb_l.a: [5]
    exit.o                         20
    ---------------------------------------------------
    Total:                         20

    Gaps                           47        8
    Linker created                          32    1'024
-------------------------------------------------------
    Grand Total:               54'045    7'148   10'820


*******************************************************************************
*** ENTRY LIST
***

Entry                       Address   Size  Type      Object
-----                       -------   ----  ----      ------
.iar.init_table$$Base    0x800'e294          --   Gb  - Linker created -
.iar.init_table$$Limit   0x800'e2b4          --   Gb  - Linker created -
?main                    0x800'e2f5         Code  Gb  cmain.o [4]
ADV_TRACE_Buffer        0x2000'12b8  0x400  Data  Lc  user_adv_trace.o [1]
ADV_TRACE_Ctx           0x2000'2570   0x18  Data  Lc  user_adv_trace.o [1]
AHBPrescTable            0x800'e520   0x10  Data  Gb  system_stm32l4xx.o [1]
APBPrescTable            0x800'e930    0x8  Data  Gb  system_stm32l4xx.o [1]
AT_CMD_Get_BR_Slave      0x800'303b   0x52  Code  Gb  user_app_sensor.o [1]
AT_CMD_Get_ID_Slave      0x800'2f49   0x52  Code  Gb  user_app_sensor.o [1]
AT_CMD_Reset_Slave       0x800'2ea1   0x48  Code  Gb  user_app_sensor.o [1]
AT_CMD_Restore_Slave     0x800'2ee9   0x60  Code  Gb  user_app_sensor.o [1]
AT_CMD_Set_BR_Slave      0x800'3095   0x94  Code  Gb  user_app_sensor.o [1]
AT_CMD_Set_ID_Slave      0x800'2fa5   0x96  Code  Gb  user_app_sensor.o [1]
AppComm_DBG_Init_RX_Mode
                         0x800'af15   0x32  Code  Gb  user_app_comm.o [1]
AppComm_DBG_Init_Uart    0x800'af0d    0x8  Code  Gb  user_app_comm.o [1]
AppComm_DBG_Rx_Callback
                         0x800'af55  0x176  Code  Gb  user_app_comm.o [1]
AppComm_DBG_Stop_RX_Mode
                         0x800'af47    0xa  Code  Gb  user_app_comm.o [1]
AppComm_Get_Reset_Source
                         0x800'aed5   0x38  Code  Gb  user_app_comm.o [1]
AppComm_IRQ_Timer_CallBack
                         0x800'ae95    0xc  Code  Gb  user_app_comm.o [1]
AppComm_Init             0x800'add3   0x20  Code  Gb  user_app_comm.o [1]
AppComm_Set_Next_TxTimer
                         0x800'aebb    0x2  Code  Gb  user_app_comm.o [1]
AppComm_Task             0x800'adf3   0xa0  Code  Gb  user_app_comm.o [1]
AppComm_Uart_Debug_Send
                         0x800'aebd   0x18  Code  Lc  user_app_comm.o [1]
AppRs485_Task            0x800'becb   0x84  Code  Gb  user_app_rs485.o [1]
AppSensor_Task           0x800'3179   0x84  Code  Gb  user_app_sensor.o [1]
BUTTON_Down_Process      0x800'0c2d  0x208  Code  Gb  button.o [1]
BUTTON_ESC_Process       0x800'0e51  0x3f0  Code  Gb  button.o [1]
BUTTON_Enter_Process     0x800'02bb  0x76c  Code  Gb  button.o [1]
BUTTON_Process           0x800'018d   0x34  Code  Gb  button.o [1]
BUTTON_Up_Process        0x800'0a27  0x1f6  Code  Gb  button.o [1]
BUTTON_scan              0x800'01c1   0xfa  Code  Gb  button.o [1]
BUTTON_scan::hold       0x2000'25e4    0x4  Data  Lc  button.o [1]
BUTTON_scan::last_value
                        0x2000'2638    0x1  Data  Lc  button.o [1]
BusFault_Handler         0x800'e023    0x2  Code  Gb  stm32l4xx_it.o [1]
Button_Stamp1_f         0x2000'25ec    0x4  Data  Gb  button.o [1]
Button_Stamp2_f         0x2000'25f0    0x4  Data  Gb  button.o [1]
CSTACK$$Base            0x2000'2648          --   Gb  - Linker created -
CSTACK$$Limit           0x2000'2a48          --   Gb  - Linker created -
Cal_Time                 0x800'1617   0x12  Code  Gb  user_util.o [1]
Calculator_Scale         0x800'32d9   0x54  Code  Gb  user_convert_variable.o [1]
CheckList_AT_CONFIG     0x2000'05a0  0x410  Data  Gb  user_at_serial.o [1]
Check_Time_Out           0x800'15f9   0x1e  Code  Gb  user_util.o [1]
Convert_Point_Int_To_String
                         0x800'332d   0xce  Code  Gb  user_convert_variable.o [1]
Convert_Point_Int_To_String_Scale
                         0x800'33fb   0xea  Code  Gb  user_convert_variable.o [1]
Convert_Scale            0x800'1769   0x5c  Code  Gb  user_util.o [1]
Convert_String_To_Dec    0x800'3655   0x5c  Code  Gb  user_convert_variable.o [1]
Convert_uint32Hex_To_Float
                         0x800'3511  0x144  Code  Gb  user_convert_variable.o [1]
CountBufferHandleRecvSS
                        0x2000'2632    0x2  Data  Gb  user_app_sensor.o [1]
DMA1_Channel3_IRQHandler
                         0x800'e03d    0xa  Code  Gb  stm32l4xx_it.o [1]
DMA1_Channel5_IRQHandler
                         0x800'e047    0xa  Code  Gb  stm32l4xx_it.o [1]
DMA2_Channel7_IRQHandler
                         0x800'e06f    0xa  Code  Gb  stm32l4xx_it.o [1]
DMA_SetConfig            0x800'8e55   0x32  Code  Lc  stm32l4xx_hal_dma.o [1]
DaysInMonth              0x800'e8f4    0xc  Data  Lc  user_rtc.o [1]
DaysInMonthLeapYear      0x800'e900    0xc  Data  Lc  user_rtc.o [1]
DebugMon_Handler         0x800'e029    0x2  Code  Gb  stm32l4xx_it.o [1]
Deinit_LCD12864          0x800'2259   0x3a  Code  Gb  lcd_display.o [1]
Display_Check_Password   0x800'20f7   0x2e  Code  Gb  lcd_display.o [1]
Display_Check_Toggle     0x800'1f81   0xac  Code  Gb  lcd_display.o [1]
Display_Check_Toggle::Hide
                        0x2000'22e8   0x54  Data  Lc  lcd_display.o [1]
Display_Check_Toggle::LandMarkToggle_u32
                        0x2000'1cb8  0x150  Data  Lc  lcd_display.o [1]
Display_Init             0x800'1815   0x82  Code  Gb  lcd_display.o [1]
Display_Set_Screen       0x800'20c1   0x36  Code  Gb  lcd_display.o [1]
Display_Set_Screen_Flag
                         0x800'207b   0x46  Code  Gb  lcd_display.o [1]
Display_Show_Oject       0x800'1c51  0x330  Code  Gb  lcd_display.o [1]
Display_Show_Screen      0x800'202d   0x4e  Code  Gb  lcd_display.o [1]
Display_Show_State_Sensor_Network
                         0x800'2125   0x4c  Code  Gb  lcd_display.o [1]
Display_Show_State_Setting
                         0x800'2175   0x5c  Code  Gb  lcd_display.o [1]
Display_Task             0x800'1897   0x7e  Code  Gb  lcd_display.o [1]
Error_Handler            0x800'a76f    0x4  Code  Gb  main.o [1]
FLASH_FlushCaches        0x800'9bff   0x6a  Code  Gb  stm32l4xx_hal_flash_ex.o [1]
FLASH_PageErase          0x800'9bd5   0x2a  Code  Gb  stm32l4xx_hal_flash_ex.o [1]
FLASH_Program_DoubleWord
                         0x800'9b63   0x1a  Code  Lc  stm32l4xx_hal_flash.o [1]
FLASH_Program_Fast       0x800'9b7d   0x32  Code  Lc  stm32l4xx_hal_flash.o [1]
FLASH_WaitForLastOperation
                         0x800'9afd   0x66  Code  Gb  stm32l4xx_hal_flash.o [1]
Filter_EC                0x800'27c5    0x2  Code  Gb  user_app_sensor.o [1]
Filter_Salinity          0x800'27c9    0x2  Code  Gb  user_app_sensor.o [1]
Filter_TDS               0x800'27c7    0x2  Code  Gb  user_app_sensor.o [1]
Filter_Temp              0x800'27cb    0x2  Code  Gb  user_app_sensor.o [1]
Find_String_V2           0x800'ca9b  0x130  Code  Gb  user_string.o [1]
Find_str_fix             0x800'cbed   0x94  Code  Gb  user_string.o [1]
Font5x7                  0x800'dc08  0x214  Data  Lc  lcd_display.o [1]
Get_RTC                  0x800'bdc9   0x4e  Code  Gb  user_time.o [1]
HAL_DMA_Abort            0x800'8cad   0x54  Code  Gb  stm32l4xx_hal_dma.o [1]
HAL_DMA_Abort_IT         0x800'8d01   0x5e  Code  Gb  stm32l4xx_hal_dma.o [1]
HAL_DMA_DeInit           0x800'8b41   0xb8  Code  Gb  stm32l4xx_hal_dma.o [1]
HAL_DMA_GetError         0x800'8e51    0x4  Code  Gb  stm32l4xx_hal_dma.o [1]
HAL_DMA_IRQHandler       0x800'8d5f   0xf2  Code  Gb  stm32l4xx_hal_dma.o [1]
HAL_DMA_Init             0x800'8a61   0xe0  Code  Gb  stm32l4xx_hal_dma.o [1]
HAL_DMA_Start_IT         0x800'8c15   0x98  Code  Gb  stm32l4xx_hal_dma.o [1]
HAL_Delay                0x800'5141   0x28  Code  Wk  stm32l4xx_hal.o [1]
HAL_FLASH_Lock           0x800'9aef    0xe  Code  Gb  stm32l4xx_hal_flash.o [1]
HAL_FLASH_Program        0x800'9a1d   0xb0  Code  Gb  stm32l4xx_hal_flash.o [1]
HAL_FLASH_Unlock         0x800'9acd   0x22  Code  Gb  stm32l4xx_hal_flash.o [1]
HAL_GPIO_DeInit          0x800'143b  0x166  Code  Gb  stm32l4xx_hal_gpio.o [1]
HAL_GPIO_Init            0x800'1279  0x1c2  Code  Gb  stm32l4xx_hal_gpio.o [1]
HAL_GPIO_ReadPin         0x800'15a1   0x16  Code  Gb  stm32l4xx_hal_gpio.o [1]
HAL_GPIO_WritePin        0x800'15b7   0x18  Code  Gb  stm32l4xx_hal_gpio.o [1]
HAL_GetTick              0x800'4675    0xc  Code  Wk  stm32l4xx_hal.o [1]
HAL_IWDG_Init            0x800'50c1   0x72  Code  Gb  stm32l4xx_hal_iwdg.o [1]
HAL_IWDG_Refresh         0x800'5133    0xe  Code  Gb  stm32l4xx_hal_iwdg.o [1]
HAL_IncTick              0x800'e0a5   0x18  Code  Wk  stm32l4xx_hal.o [1]
HAL_Init                 0x800'b50d   0x24  Code  Gb  stm32l4xx_hal.o [1]
HAL_InitTick             0x800'b411   0x60  Code  Wk  stm32l4xx_hal.o [1]
HAL_MspInit              0x800'c2d5   0x38  Code  Gb  stm32l4xx_hal_msp.o [1]
HAL_NVIC_DisableIRQ      0x800'9dcb    0xe  Code  Gb  stm32l4xx_hal_cortex.o [1]
HAL_NVIC_EnableIRQ       0x800'9dbd    0xe  Code  Gb  stm32l4xx_hal_cortex.o [1]
HAL_NVIC_SetPriority     0x800'9d93   0x2a  Code  Gb  stm32l4xx_hal_cortex.o [1]
HAL_NVIC_SetPriorityGrouping
                         0x800'9d87    0xc  Code  Gb  stm32l4xx_hal_cortex.o [1]
HAL_PWREx_ControlVoltageScaling
                         0x800'b47d   0x76  Code  Gb  stm32l4xx_hal_pwr_ex.o [1]
HAL_PWREx_GetVoltageRange
                         0x800'b471    0xc  Code  Gb  stm32l4xx_hal_pwr_ex.o [1]
HAL_RCCEx_PeriphCLKConfig
                         0x800'a789  0x34c  Code  Gb  stm32l4xx_hal_rcc_ex.o [1]
HAL_RCC_ClockConfig      0x800'96a5  0x17a  Code  Gb  stm32l4xx_hal_rcc.o [1]
HAL_RCC_GetHCLKFreq      0x800'98f3    0x6  Code  Gb  stm32l4xx_hal_rcc.o [1]
HAL_RCC_GetPCLK1Freq     0x800'98f9   0x1a  Code  Gb  stm32l4xx_hal_rcc.o [1]
HAL_RCC_GetPCLK2Freq     0x800'9913   0x1a  Code  Gb  stm32l4xx_hal_rcc.o [1]
HAL_RCC_GetResetSource   0x800'993d   0x12  Code  Gb  stm32l4xx_hal_rcc.o [1]
HAL_RCC_GetSysClockFreq
                         0x800'981f   0xd4  Code  Gb  stm32l4xx_hal_rcc.o [1]
HAL_RCC_OscConfig        0x800'901d  0x688  Code  Gb  stm32l4xx_hal_rcc.o [1]
HAL_RTCEx_AlarmBEventCallback
                         0x800'd029    0x2  Code  Wk  stm32l4xx_hal_rtc_ex.o [1]
HAL_RTCEx_EnableBypassShadow
                         0x800'd02d   0x48  Code  Gb  stm32l4xx_hal_rtc_ex.o [1]
HAL_RTC_AlarmAEventCallback
                         0x800'cd91    0xc  Code  Gb  user_rtc.o [1]
HAL_RTC_AlarmIRQHandler
                         0x800'c911   0x60  Code  Gb  stm32l4xx_hal_rtc.o [1]
HAL_RTC_DeactivateAlarm
                         0x800'c837   0xda  Code  Gb  stm32l4xx_hal_rtc.o [1]
HAL_RTC_GetDate          0x800'c5ff   0x52  Code  Gb  stm32l4xx_hal_rtc.o [1]
HAL_RTC_GetTime          0x800'c4cd   0x66  Code  Gb  stm32l4xx_hal_rtc.o [1]
HAL_RTC_Init             0x800'c30d   0xca  Code  Gb  stm32l4xx_hal_rtc.o [1]
HAL_RTC_MspInit          0x800'b881   0x50  Code  Gb  rtc.o [1]
HAL_RTC_SetAlarm_IT      0x800'c651  0x1e6  Code  Gb  stm32l4xx_hal_rtc.o [1]
HAL_RTC_SetDate          0x800'c533   0xcc  Code  Gb  stm32l4xx_hal_rtc.o [1]
HAL_RTC_SetTime          0x800'c3d7   0xf6  Code  Gb  stm32l4xx_hal_rtc.o [1]
HAL_RTC_WaitForSynchro   0x800'c971   0x2e  Code  Gb  stm32l4xx_hal_rtc.o [1]
HAL_SPI_Init             0x800'80a5   0xf8  Code  Gb  stm32l4xx_hal_spi.o [1]
HAL_SPI_MspInit          0x800'a635   0x62  Code  Gb  spi.o [1]
HAL_SPI_Transmit         0x800'819d  0x1fe  Code  Gb  stm32l4xx_hal_spi.o [1]
HAL_SYSTICK_Config       0x800'9dd9    0xc  Code  Gb  stm32l4xx_hal_cortex.o [1]
HAL_UARTEx_ReceiveToIdle_DMA
                         0x800'8fa9   0x70  Code  Gb  stm32l4xx_hal_uart_ex.o [1]
HAL_UARTEx_RxEventCallback
                         0x800'8ebd   0x3c  Code  Gb  user_uart.o [1]
HAL_UARTEx_WakeupCallback
                         0x800'9019    0x2  Code  Wk  stm32l4xx_hal_uart_ex.o [1]
HAL_UART_DMAStop         0x800'530d   0xb2  Code  Gb  stm32l4xx_hal_uart.o [1]
HAL_UART_ErrorCallback   0x800'8ef9   0x3c  Code  Gb  user_uart.o [1]
HAL_UART_IRQHandler      0x800'53bf  0x35c  Code  Gb  stm32l4xx_hal_uart.o [1]
HAL_UART_Init            0x800'5169   0x7a  Code  Gb  stm32l4xx_hal_uart.o [1]
HAL_UART_MspDeInit       0x800'8999   0x80  Code  Gb  usart.o [1]
HAL_UART_MspInit         0x800'8775  0x224  Code  Gb  usart.o [1]
HAL_UART_Receive_IT      0x800'52af   0x5e  Code  Gb  stm32l4xx_hal_uart.o [1]
HAL_UART_RxCpltCallback
                         0x800'8e89   0x34  Code  Gb  user_uart.o [1]
HAL_UART_Transmit        0x800'51e3   0xcc  Code  Gb  stm32l4xx_hal_uart.o [1]
Handle_Data_Measure      0x800'24a5  0x1a4  Code  Gb  user_app_sensor.o [1]
Handle_Data_Recv_SS_EC   0x800'28a9   0xfa  Code  Gb  user_app_sensor.o [1]
Handle_Data_Recv_Sensor
                         0x800'27df   0x20  Code  Gb  user_app_sensor.o [1]
Handle_Data_Trans_SS_EC
                         0x800'2813   0x90  Code  Gb  user_app_sensor.o [1]
Handle_Data_Trans_Sensor
                         0x800'27cd   0x12  Code  Gb  user_app_sensor.o [1]
Handle_Float_To_hexUint32
                         0x800'3899   0x24  Code  Gb  user_convert_variable.o [1]
Handle_State_SS_EC       0x800'29a3   0x78  Code  Gb  user_app_sensor.o [1]
Handle_State_Sensor      0x800'27ff   0x14  Code  Gb  user_app_sensor.o [1]
Handle_int32_To_Float_Scale
                         0x800'36bd  0x1ac  Code  Gb  user_convert_variable.o [1]
HardFault_Handler        0x800'e01f    0x2  Code  Gb  stm32l4xx_it.o [1]
IndexUartError          0x2000'2646    0x1  Data  Lc  user_uart.o [1]
Init_AppRs485            0x800'beb5   0x16  Code  Gb  user_app_rs485.o [1]
Init_AppSensor           0x800'312d   0x3a  Code  Gb  user_app_sensor.o [1]
Init_InforSlaveModbusRTU
                         0x800'3be9   0x30  Code  Gb  user_app_modbus_rtu.o [1]
Init_ParamCalib          0x800'2cd3  0x116  Code  Gb  user_app_sensor.o [1]
Init_TempAlarm           0x800'2df5   0xa4  Code  Gb  user_app_sensor.o [1]
Init_UartRs485           0x800'be77   0x3e  Code  Gb  user_app_rs485.o [1]
Insert_String_To_String
                         0x800'34e5   0x2a  Code  Gb  user_convert_variable.o [1]
Kind_Trans_Calib        0x2000'263e    0x1  Data  Gb  user_app_sensor.o [1]
LPUART1_IRQHandler       0x800'e079    0xa  Code  Gb  stm32l4xx_it.o [1]
Liberation_Sans15x21_Numbers
                         0x800'd9e0  0x228  Data  Lc  lcd_display.o [1]
Liberation_Sans17x17_Alpha
                         0x800'd074  0x548  Data  Lc  lcd_display.o [1]
MSIRangeTable            0x800'e19c   0x30  Data  Gb  system_stm32l4xx.o [1]
MX_DMA_Init              0x800'b701   0x60  Code  Gb  dma.o [1]
MX_GPIO_Init             0x800'b531  0x1d0  Code  Gb  gpio.o [1]
MX_IWDG_Init             0x800'b761   0x2c  Code  Gb  iwdg.o [1]
MX_LPUART1_UART_Init     0x800'86c5   0x38  Code  Gb  usart.o [1]
MX_RTC_Init              0x800'b78d   0xf4  Code  Gb  rtc.o [1]
MX_SPI2_Init             0x800'a5e5   0x50  Code  Gb  spi.o [1]
MX_USART1_UART_Init      0x800'86fd   0x3c  Code  Gb  usart.o [1]
MX_USART3_UART_Init      0x800'8739   0x3c  Code  Gb  usart.o [1]
Main_Task                0x800'ad79   0x5a  Code  Gb  user_app_comm.o [1]
MemManage_Handler        0x800'e021    0x2  Code  Gb  stm32l4xx_it.o [1]
ModRTU_CRC               0x800'4d71   0x3c  Code  Gb  user_modbus_rtu.o [1]
ModRTU_Master_Read_Frame
                         0x800'4dad   0x9c  Code  Gb  user_modbus_rtu.o [1]
ModRTU_Master_Write_Frame
                         0x800'4e49   0xe8  Code  Gb  user_modbus_rtu.o [1]
ModRTU_Slave_ACK_Read_Frame
                         0x800'4f31   0xa2  Code  Gb  user_modbus_rtu.o [1]
ModRTU_Slave_ACK_Write_Frame
                         0x800'4fd3   0xee  Code  Gb  user_modbus_rtu.o [1]
Modem_Check_AT           0x800'bbed  0x1dc  Code  Gb  user_at_serial.o [1]
Modem_Check_RTU          0x800'3c19  0x37e  Code  Gb  user_app_modbus_rtu.o [1]
NMI_Handler              0x800'e01d    0x2  Code  Gb  stm32l4xx_it.o [1]
NONE_Register_CallBack   0x800'38bd    0x6  Code  Gb  user_app_modbus_rtu.o [1]
NVIC_EncodePriority      0x800'9d17   0x40  Code  Lc  stm32l4xx_hal_cortex.o [1]
OldPosDMADebug          0x2000'262e    0x2  Data  Lc  user_app_comm.o [1]
Old_Value_f             0x2000'25e8    0x4  Data  Gb  button.o [1]
OnchipFlashPageErase     0x800'6271   0x5a  Code  Gb  onchipflash.o [1]
OnchipFlashWriteData     0x800'61e5   0x8c  Code  Gb  onchipflash.o [1]
PendSV_Handler           0x800'e02b    0x2  Code  Gb  stm32l4xx_it.o [1]
PortConfig              0x2000'2640    0x1  Data  Gb  user_at_serial.o [1]
RC                       0x800'cbcb   0x22  Code  Gb  user_string.o [1]
RCCEx_PLLSAI1_Config     0x800'aae9  0x16e  Code  Lc  stm32l4xx_hal_rcc_ex.o [1]
RCC_SetFlashLatencyFromMSIRange
                         0x800'9955   0x8a  Code  Lc  stm32l4xx_hal_rcc.o [1]
RS485SS_Init_RX_Mode     0x800'6401   0x1e  Code  Gb  user_connect_sensor.o [1]
RS485SS_Rx_Callback      0x800'6421   0x34  Code  Gb  user_connect_sensor.o [1]
RS485SS_Stop_RX_Mode     0x800'641f    0x2  Code  Gb  user_connect_sensor.o [1]
RS485_Done_Calib         0x800'2a1b   0x16  Code  Gb  user_app_sensor.o [1]
RS485_Enter_Calib        0x800'2a31   0x22  Code  Gb  user_app_sensor.o [1]
RS485_Init_RX_Mode       0x800'b165   0x1e  Code  Gb  user_rs485.o [1]
RS485_LogData_Calib      0x800'2a53   0x78  Code  Gb  user_app_sensor.o [1]
RS485_Rx_Callback        0x800'b185   0x3c  Code  Gb  user_rs485.o [1]
RS485_Stop_RX_Mode       0x800'b183    0x2  Code  Gb  user_rs485.o [1]
RTC_AlarmStructure      0x2000'249c   0x2c  Data  Lc  user_rtc.o [1]
RTC_Alarm_IRQHandler     0x800'e065    0xa  Code  Gb  stm32l4xx_it.o [1]
RTC_Bcd2ToByte           0x800'ca85   0x16  Code  Gb  stm32l4xx_hal_rtc.o [1]
RTC_ByteToBcd2           0x800'ca69   0x1c  Code  Gb  stm32l4xx_hal_rtc.o [1]
RTC_EnterInitMode        0x800'c99f   0x4c  Code  Gb  stm32l4xx_hal_rtc.o [1]
RTC_ExitInitMode         0x800'c9eb   0x58  Code  Gb  stm32l4xx_hal_rtc.o [1]
RTC_GetCalendarValue     0x800'cf63   0x90  Code  Lc  user_rtc.o [1]
RTC_IF_Convert_Tick2ms   0x800'cd81   0x10  Code  Gb  user_rtc.o [1]
RTC_IF_Convert_ms2Tick   0x800'cd6f   0x12  Code  Gb  user_rtc.o [1]
RTC_IF_GetMinimumTimeout
                         0x800'cd6b    0x4  Code  Gb  user_rtc.o [1]
RTC_IF_GetTimerContext   0x800'cd2f    0x8  Code  Gb  user_rtc.o [1]
RTC_IF_GetTimerElapsedTime
                         0x800'cd37   0x16  Code  Gb  user_rtc.o [1]
RTC_IF_GetTimerValue     0x800'cd4d   0x1e  Code  Gb  user_rtc.o [1]
RTC_IF_Init              0x800'ccb9   0x30  Code  Gb  user_rtc.o [1]
RTC_IF_SetTimerContext   0x800'cd19   0x16  Code  Gb  user_rtc.o [1]
RTC_IF_StartTimer        0x800'cce9    0xe  Code  Gb  user_rtc.o [1]
RTC_IF_StopTimer         0x800'ccf7   0x22  Code  Gb  user_rtc.o [1]
RTC_Initalized          0x2000'2645    0x1  Data  Lc  user_rtc.o [1]
RTC_StartWakeUpAlarm     0x800'cd9d  0x1c6  Code  Lc  user_rtc.o [1]
ReInit_Rx_Mode_Uart_Error
                         0x800'8f35   0x5a  Code  Gb  user_uart.o [1]
Read_Register_Rs485      0x800'2acb   0x66  Code  Gb  user_app_sensor.o [1]
Region$$Table$$Base      0x800'e294          --   Gb  - Linker created -
Region$$Table$$Limit     0x800'e2b4          --   Gb  - Linker created -
Reset_Buff               0x800'1689   0x24  Code  Gb  user_util.o [1]
Rs485SSStatus_u8        0x2000'2642    0x1  Data  Gb  user_connect_sensor.o [1]
Rs485Status_u8          0x2000'2644    0x1  Data  Gb  user_rs485.o [1]
RtCountSystick_u32      0x2000'261c    0x4  Data  Gb  user_util.o [1]
RtcTimerContext         0x2000'253c   0x1c  Data  Lc  user_rtc.o [1]
SPI_EndRxTxTransaction   0x800'8565   0x6a  Code  Lc  stm32l4xx_hal_spi.o [1]
SPI_WaitFifoStateUntilTimeout
                         0x800'8473   0xee  Code  Lc  stm32l4xx_hal_spi.o [1]
SPI_WaitFlagStateUntilTimeout
                         0x800'839b   0xd8  Code  Lc  stm32l4xx_hal_spi.o [1]
SVC_Handler              0x800'e027    0x2  Code  Gb  stm32l4xx_it.o [1]
Save_Array               0x800'62d1   0x86  Code  Gb  onchipflash.o [1]
Save_InforSlaveModbusRTU
                         0x800'3ba5   0x44  Code  Gb  user_app_modbus_rtu.o [1]
Save_ParamCalib          0x800'2b71  0x162  Code  Gb  user_app_sensor.o [1]
Send_RS458_Master        0x800'3b6d   0x38  Code  Gb  user_app_modbus_rtu.o [1]
Send_RS458_Sensor        0x800'2b31   0x3c  Code  Gb  user_app_sensor.o [1]
SysApp_Init              0x800'ad2d    0xc  Code  Gb  user_app_comm.o [1]
SysApp_Setting           0x800'ad39   0x40  Code  Gb  user_app_comm.o [1]
SysTick_Config           0x800'9d57   0x30  Code  Lc  stm32l4xx_hal_cortex.o [1]
SysTick_Handler          0x800'e02d   0x10  Code  Gb  stm32l4xx_it.o [1]
SystemClock_Config       0x800'a6dd   0x92  Code  Gb  main.o [1]
SystemCoreClock         0x2000'038c    0x4  Data  Gb  system_stm32l4xx.o [1]
SystemInit               0x800'e711    0xc  Code  Gb  system_stm32l4xx.o [1]
TRACE_AllocateBufer      0x800'b335   0xa2  Code  Lc  user_adv_trace.o [1]
TRACE_IsLocked           0x800'b3eb   0x10  Code  Lc  user_adv_trace.o [1]
TRACE_Lock               0x800'b3d7    0xa  Code  Lc  user_adv_trace.o [1]
TRACE_Send               0x800'b2af   0x84  Code  Lc  user_adv_trace.o [1]
TRACE_UnLock             0x800'b3e1    0xa  Code  Lc  user_adv_trace.o [1]
TimerExists              0x800'bb55   0x1a  Code  Gb  user_timer.o [1]
TimerInsertNewHeadTimer
                         0x800'bbc9   0x1c  Code  Gb  user_timer.o [1]
TimerInsertTimer         0x800'bb9b   0x2e  Code  Gb  user_timer.o [1]
TimerListHead           0x2000'2618    0x4  Data  Lc  user_timer.o [1]
TimerSetTimeout          0x800'bb6f   0x2c  Code  Gb  user_timer.o [1]
TimerTx                 0x2000'2588   0x18  Data  Lc  user_app_comm.o [1]
TxCpltCallback          0x2000'2608    0x4  Data  Lc  user_app_comm.o [1]
UART_AdvFeatureConfig    0x800'5a19   0xda  Code  Gb  stm32l4xx_hal_uart.o [1]
UART_CheckIdleState      0x800'5af3   0xd2  Code  Gb  stm32l4xx_hal_uart.o [1]
UART_DMAAbortOnError     0x800'5fa5   0x1a  Code  Lc  stm32l4xx_hal_uart.o [1]
UART_DMAError            0x800'5f55   0x50  Code  Lc  stm32l4xx_hal_uart.o [1]
UART_DMAReceiveCplt      0x800'5e89   0xa2  Code  Lc  stm32l4xx_hal_uart.o [1]
UART_DMARxHalfCplt       0x800'5f2d   0x28  Code  Lc  stm32l4xx_hal_uart.o [1]
UART_EndRxTransfer       0x800'5e2b   0x5e  Code  Lc  stm32l4xx_hal_uart.o [1]
UART_EndTransmit_IT      0x800'5fbf   0x2a  Code  Lc  stm32l4xx_hal_uart.o [1]
UART_EndTxTransfer       0x800'5e0f   0x1c  Code  Lc  stm32l4xx_hal_uart.o [1]
UART_RxISR_16BIT         0x800'60dd   0xee  Code  Lc  stm32l4xx_hal_uart.o [1]
UART_RxISR_8BIT          0x800'5fe9   0xec  Code  Lc  stm32l4xx_hal_uart.o [1]
UART_SetConfig           0x800'5721  0x2ec  Code  Gb  stm32l4xx_hal_uart.o [1]
UART_Start_Receive_DMA   0x800'5d53   0xbc  Code  Gb  stm32l4xx_hal_uart.o [1]
UART_Start_Receive_IT    0x800'5c63   0xf0  Code  Gb  stm32l4xx_hal_uart.o [1]
UART_WaitOnFlagUntilTimeout
                         0x800'5bc5   0x9e  Code  Gb  stm32l4xx_hal_uart.o [1]
USART1_IRQHandler        0x800'e051    0xa  Code  Gb  stm32l4xx_it.o [1]
USART3_IRQHandler        0x800'e05b    0xa  Code  Gb  stm32l4xx_it.o [1]
UTIL_ADV_TRACE_COND_FSend
                         0x800'b1d5   0xda  Code  Gb  user_adv_trace.o [1]
UTIL_Log_Str             0x800'170d   0x36  Code  Gb  user_util.o [1]
UTIL_MEM_cpy             0x800'1749   0x1e  Code  Gb  user_util.o [1]
UTIL_MEM_set             0x800'16ad   0x18  Code  Gb  user_util.o [1]
UTIL_Printf              0x800'16c5   0x2c  Code  Gb  user_util.o [1]
UTIL_Printf_Str          0x800'16f1   0x1c  Code  Gb  user_util.o [1]
UTIL_TIMER_Create        0x800'b8f1   0x4c  Code  Gb  user_timer.o [1]
UTIL_TIMER_IRQ_Handler   0x800'baa3   0xb2  Code  Gb  user_timer.o [1]
UTIL_TIMER_Init          0x800'b8dd   0x14  Code  Gb  user_timer.o [1]
UTIL_TIMER_SetPeriod     0x800'ba69   0x3a  Code  Gb  user_timer.o [1]
UTIL_TIMER_Start         0x800'b93d   0x92  Code  Gb  user_timer.o [1]
UTIL_TIMER_Stop          0x800'b9cf   0x9a  Code  Gb  user_timer.o [1]
UTIL_TimerDriver         0x800'e1cc   0x2c  Data  Gb  user_rtc.o [1]
UTIL_TraceDriver         0x800'e78c    0xc  Data  Gb  user_app_comm.o [1]
Uart485RxByte           0x2000'2643    0x1  Data  Lc  user_rs485.o [1]
Uart485SSRxByte         0x2000'2641    0x1  Data  Lc  user_connect_sensor.o [1]
UartDebugBuff           0x2000'0a08  0x4b0  Data  Gb  user_app_comm.o [1]
UartDebugCountFail      0x2000'2636    0x2  Data  Lc  user_uart.o [1]
Update_ParaDisplay       0x800'1b45  0x102  Code  Gb  lcd_display.o [1]
UsageFault_Handler       0x800'e025    0x2  Code  Gb  stm32l4xx_it.o [1]
User_RTC_Init            0x800'cc81   0x38  Code  Lc  user_rtc.o [1]
UtilFloatToString        0x800'17c5   0x2e  Code  Gb  user_util.o [1]
UtilIntToStringWithScale
                         0x800'1629   0x60  Code  Gb  user_util.o [1]
VLevelDebug             0x2000'0a04    0x1  Data  Gb  user_util.o [1]
_Cb_Display_Auto_SW      0x800'1a7b   0x7e  Code  Lc  lcd_display.o [1]
_Cb_Display_Auto_SW::MarkButtPressed
                        0x2000'263b    0x1  Data  Lc  lcd_display.o [1]
_Cb_Display_Auto_SW::cNext
                        0x2000'262c    0x2  Data  Lc  lcd_display.o [1]
_Cb_Display_Init         0x800'1915   0x42  Code  Lc  lcd_display.o [1]
_Cb_Display_Logo         0x800'1957   0xa8  Code  Lc  lcd_display.o [1]
_Cb_Display_Logo::step_u8
                        0x2000'2639    0x1  Data  Lc  lcd_display.o [1]
_Cb_Display_Show         0x800'19ff   0x7c  Code  Lc  lcd_display.o [1]
_Cb_Display_Show::LandMarkChange_u32
                        0x2000'2600    0x4  Data  Lc  lcd_display.o [1]
_Cb_Display_Show::ScreenLast
                        0x2000'263a    0x1  Data  Lc  lcd_display.o [1]
_Cb_HandLer_IDLE         0x800'ad1b    0x6  Code  Lc  user_app_comm.o [1]
_Cb_R_ModbusRTU_REG_Baudrate
                         0x800'3969   0x2e  Code  Gb  user_app_modbus_rtu.o [1]
_Cb_R_ModbusRTU_REG_ID   0x800'38c3   0x2e  Code  Gb  user_app_modbus_rtu.o [1]
_Cb_R_ModbusRTU_REG_Sal_Measure
                         0x800'3b13   0x5a  Code  Gb  user_app_modbus_rtu.o [1]
_Cb_R_ModbusRTU_REG_TDS_Measure
                         0x800'3ab9   0x5a  Code  Gb  user_app_modbus_rtu.o [1]
_Cb_R_ModbusRTU_REG_Temp_Measure
                         0x800'3a5f   0x5a  Code  Gb  user_app_modbus_rtu.o [1]
_Cb_R_ModbusRTU_REG_pH_Measure
                         0x800'3a05   0x5a  Code  Gb  user_app_modbus_rtu.o [1]
_Cb_Save_Box             0x800'ad27    0x6  Code  Lc  user_app_comm.o [1]
_Cb_Set_RTC              0x800'acff   0x1c  Code  Lc  user_app_comm.o [1]
_Cb_TX_Timer_Event       0x800'aea1   0x1a  Code  Lc  user_app_comm.o [1]
_Cb_Timer_IRQ            0x800'ac71    0xc  Code  Lc  user_app_comm.o [1]
_Cb_Tx_Timer             0x800'ad21    0x6  Code  Lc  user_app_comm.o [1]
_Cb_Uart_Error           0x800'acf3    0xc  Code  Lc  user_app_comm.o [1]
_Cb_Uart_Rx_Debug        0x800'ac7d   0x76  Code  Lc  user_app_comm.o [1]
_Cb_Uart_Rx_Debug::LastLengthRecv
                        0x2000'2630    0x2  Data  Lc  user_app_comm.o [1]
_Cb_Uart_Rx_Debug::MarkFirstRecvUart
                        0x2000'263c    0x1  Data  Lc  user_app_comm.o [1]
_Cb_W_ModbusRTU_REG_Baudrate
                         0x800'3997   0x6e  Code  Gb  user_app_modbus_rtu.o [1]
_Cb_W_ModbusRTU_REG_ID   0x800'38f1   0x78  Code  Gb  user_app_modbus_rtu.o [1]
_Cb_button_detect        0x800'1b2d   0x18  Code  Lc  lcd_display.o [1]
_Cb_button_scan          0x800'1af9   0x34  Code  Lc  lcd_display.o [1]
_LitobFullNoMb           0x800'7e9d  0x10a  Code  Lc  xprintffull_nomb.o [2]
_Locale_lconv           0x2000'09c8   0x38  Data  Lc  xlocale_c.o [2]
_PrintfFullNoMb          0x800'70dd  0xd9c  Code  Gb  xprintffull_nomb.o [2]
_PutcharFullNoMb         0x800'800d   0x20  Code  Lc  xprintffull_nomb.o [2]
_PutcharsFullNoMb        0x800'802d   0x2e  Code  Lc  xprintffull_nomb.o [2]
_SProut                  0x800'3ffb    0xa  Code  Gb  xsprout.o [2]
__NVIC_DisableIRQ        0x800'9cc5   0x26  Code  Lc  stm32l4xx_hal_cortex.o [1]
__NVIC_EnableIRQ         0x800'9ca5   0x20  Code  Lc  stm32l4xx_hal_cortex.o [1]
__NVIC_GetPriorityGrouping
                         0x800'9c97    0xc  Code  Lc  stm32l4xx_hal_cortex.o [1]
__NVIC_SetPriority       0x800'9ceb   0x2c  Code  Lc  stm32l4xx_hal_cortex.o [1]
__NVIC_SetPriorityGrouping
                         0x800'9c75   0x22  Code  Lc  stm32l4xx_hal_cortex.o [1]
__aeabi_cdcmpeq          0x800'9ef1         Code  Gb  DblCmpEq.o [3]
__aeabi_cdcmple          0x800'9f81         Code  Gb  DblCmpLe.o [3]
__aeabi_cdrcmple         0x800'9fb1         Code  Gb  DblCmpGe.o [3]
__aeabi_d2f              0x800'4289         Code  Gb  DblToFlt.o [3]
__aeabi_d2iz             0x800'69b5         Code  Gb  DblToS32.o [3]
__aeabi_d2uiz            0x800'a5b5         Code  Gb  DblToU32.o [3]
__aeabi_dadd             0x800'6839         Code  Gb  DblAdd.o [3]
__aeabi_ddiv             0x800'4041         Code  Gb  DblDiv.o [3]
__aeabi_dmul             0x800'6695         Code  Gb  DblMul.o [3]
__aeabi_dsub             0x800'9e0d         Code  Gb  DblSub.o [3]
__aeabi_f2d              0x800'430d         Code  Gb  FltToDbl.o [3]
__aeabi_i2d              0x800'4005         Code  Gb  S32ToDbl.o [3]
__aeabi_ldiv0            0x800'9e09         Code  Gb  I64DivZer.o [4]
__aeabi_memcpy           0x800'6359         Code  Gb  ABImemcpy.o [4]
__aeabi_memcpy4          0x800'6379         Code  Gb  ABImemcpy.o [4]
__aeabi_memcpy8          0x800'6379         Code  Gb  ABImemcpy.o [4]
__aeabi_memset           0x800'4979         Code  Gb  ABImemset.o [4]
__aeabi_ui2d             0x800'42f1         Code  Gb  U32ToDbl.o [3]
__aeabi_uldivmod         0x800'6465         Code  Gb  I64DivMod.o [4]
__cmain                  0x800'e2f5         Code  Gb  cmain.o [4]
__exit                   0x800'c2c1   0x14  Code  Gb  exit.o [5]
__iar_Exp64              0x800'9fe1  0x388  Code  Gb  iar_Exp64.o [3]
__iar_Fail_s             0x800'a3e1   0x1c  Code  Gb  xfail_s.o [2]
__iar_Memchr             0x800'a421         Code  Gb  memchr.o [4]
__iar_Memset             0x800'4979         Code  Gb  ABImemset.o [4]
__iar_Memset_word        0x800'4981         Code  Gb  ABImemset.o [4]
__iar_Strchr             0x800'a3c9         Code  Gb  strchr.o [4]
__iar_dadd               0x800'9e1d         Code  Gb  DblSub.o [3]
__iar_data_init3         0x800'e249   0x28  Code  Gb  data_init.o [4]
__iar_dsub               0x800'6849         Code  Gb  DblAdd.o [3]
__iar_dsubStart          0x800'685b         Code  Gb  DblAdd.o [3]
__iar_frexp              0x800'9f1d         Code  Gb  frexp.o [3]
__iar_frexpl             0x800'9f1d         Code  Gb  frexp.o [3]
__iar_init_vfp           0x800'e271         Code  Gb  fpinit_M.o [3]
__iar_ldexp64            0x800'a479         Code  Gb  ldexp.o [3]
__iar_lz77_init_single3
                         0x800'e0bd   0x78  Code  Gb  lz77_init_single.o [4]
__iar_pow64              0x800'69f1  0x6ec  Code  Gb  pow64.o [3]
__iar_pow_medium         0x800'69f1  0x6ec  Code  Gb  pow64.o [3]
__iar_pow_medium64       0x800'69f1  0x6ec  Code  Gb  pow64.o [3]
__iar_pow_mediuml        0x800'69f1  0x6ec  Code  Gb  pow64.o [3]
__iar_program_start      0x800'e90d         Code  Gb  cstartup_M.o [4]
__iar_scalbln64          0x800'a479         Code  Gb  ldexp.o [3]
__iar_scalbn64           0x800'a479         Code  Gb  ldexp.o [3]
__iar_softfp___iar_frexp64
                         0x800'9f11         Code  Gb  frexp.o [3]
__iar_softfp_frexp       0x800'9f11         Code  Gb  frexp.o [3]
__iar_softfp_frexpl      0x800'9f11         Code  Gb  frexp.o [3]
__iar_vfp_pow            0x800'402f   0x10  Code  Gb  math_wrappers64.o [3]
__iar_zero_init3         0x800'2293   0x3a  Code  Gb  zero_init3.o [4]
__low_level_init         0x800'e313    0x4  Code  Gb  low_level_init.o [2]
__vector_table           0x800'0000         Data  Gb  startup_stm32l433xx.o [1]
_call_main               0x800'e301         Code  Gb  cmain.o [4]
_exit                    0x800'e31d         Code  Gb  cexit.o [4]
_main                    0x800'e30f         Code  Gb  cmain.o [4]
aAT_CMD                 0x2000'21a0   0x80  Data  Lc  user_at_serial.o [1]
aBaudrate_value         0x2000'049c   0x2c  Data  Gb  user_app_modbus_rtu.o [1]
aDATA_CALIB             0x2000'260c    0x4  Data  Gb  user_app_sensor.o [1]
aDATA_CONFIG            0x2000'1fa0   0x80  Data  Lc  user_app_modbus_rtu.o [1]
aDATA_CONFIG            0x2000'2120   0x80  Data  Lc  user_at_serial.o [1]
aDATA_LOG_REGISTER      0x2000'2020   0x80  Data  Lc  user_app_modbus_rtu.o [1]
aPASSWORD               0x2000'0074    0x4  Data  Gb  lcd_display.o [1]
aSTT_SETTING_DONE       0x2000'00a8   0x10  Data  Gb  lcd_display.o [1]
aSTT_SETTING_ENTER      0x2000'0088   0x10  Data  Gb  lcd_display.o [1]
aSTT_SETTING_ERROR      0x2000'00b8   0x10  Data  Gb  lcd_display.o [1]
aSTT_SETTING_FREE       0x2000'0078   0x10  Data  Gb  lcd_display.o [1]
aSTT_SETTING_WAIT       0x2000'0098   0x10  Data  Gb  lcd_display.o [1]
aSampling_STT           0x2000'24c8   0x28  Data  Gb  user_app_sensor.o [1]
aSampling_VALUE         0x2000'24f0   0x28  Data  Gb  user_app_sensor.o [1]
aTEST                   0x2000'0000    0xc  Data  Lc  button.o [1]
aUART_485SS_DATA        0x2000'18b8  0x200  Data  Lc  user_connect_sensor.o [1]
aUART_485_DATA          0x2000'1ab8  0x200  Data  Lc  user_rs485.o [1]
aUART_DBG_DMA_RX        0x2000'2284   0x64  Data  Lc  user_app_comm.o [1]
abort                    0x800'b505    0x6  Code  Gb  abort.o [2]
aframe                  0x2000'20a0   0x80  Data  Gb  user_app_modbus_rtu.o [1]
bmp_SV_logo_12832        0x800'de1c  0x200  Data  Gb  unit_tests.o [1]
charNotDetectPress      0x2000'0a02    0x1  Data  Lc  lcd_display.o [1]
delay_ms                 0x800'4429    0xc  Code  Gb  STM32L4.o [1]
ee_number                0x800'bf99  0x146  Code  Lc  user_tiny_vsnprintf.o [1]
ee_skip_atoi             0x800'bf71   0x28  Code  Lc  user_tiny_vsnprintf.o [1]
exit                     0x800'e317    0x4  Code  Gb  exit.o [2]
fevent_active            0x800'4911   0x1e  Code  Gb  event_driven.o [1]
fevent_detect_connect    0x800'245f   0x14  Code  Lc  user_app_sensor.o [1]
fevent_disable           0x800'4953   0x12  Code  Gb  event_driven.o [1]
fevent_enable            0x800'492f   0x24  Code  Gb  event_driven.o [1]
fevent_refresh_iwdg      0x800'2487   0x1c  Code  Lc  user_app_sensor.o [1]
fevent_rs485_entry       0x800'be21    0x6  Code  Lc  user_app_rs485.o [1]
fevent_rs485_init_uart   0x800'be27   0x2e  Code  Lc  user_app_rs485.o [1]
fevent_rs485_init_uart::stamp
                        0x2000'263d    0x1  Data  Lc  user_app_rs485.o [1]
fevent_rs485_receive_complete
                         0x800'be55   0x1c  Code  Lc  user_app_rs485.o [1]
fevent_rs485_refresh     0x800'be71    0x6  Code  Lc  user_app_rs485.o [1]
fevent_sensor_entry      0x800'22cd    0x6  Code  Lc  user_app_sensor.o [1]
fevent_sensor_receive_complete
                         0x800'2395   0xb6  Code  Lc  user_app_sensor.o [1]
fevent_sensor_receive_handle
                         0x800'2355   0x40  Code  Lc  user_app_sensor.o [1]
fevent_sensor_transmit   0x800'22d3   0x82  Code  Lc  user_app_sensor.o [1]
fevent_sensor_wait_calib
                         0x800'244b   0x14  Code  Lc  user_app_sensor.o [1]
fevent_temp_alarm        0x800'2473   0x14  Code  Lc  user_app_sensor.o [1]
font_current            0x2000'25c0    0xc  Data  Gb  text.o [1]
glcd_ST7565R_init        0x800'4641   0x34  Code  Gb  ST7565R.o [1]
glcd_bbox               0x2000'25f4    0x4  Data  Gb  glcd.o [1]
glcd_bbox_refresh        0x800'44c9   0x1c  Code  Gb  glcd.o [1]
glcd_bbox_selected      0x2000'25fc    0x4  Data  Gb  glcd.o [1]
glcd_buffer             0x2000'0eb8  0x400  Data  Gb  glcd.o [1]
glcd_buffer_selected    0x2000'25f8    0x4  Data  Gb  glcd.o [1]
glcd_clear_buffer        0x800'44e5   0x24  Code  Gb  glcd.o [1]
glcd_command             0x800'451d   0x1a  Code  Gb  ST7565R.o [1]
glcd_data                0x800'4537   0x1a  Code  Gb  ST7565R.o [1]
glcd_draw_bitmap         0x800'869d   0x1e  Code  Gb  graphics.o [1]
glcd_draw_char_xy        0x800'49fb  0x33a  Code  Gb  text.o [1]
glcd_draw_string_xy      0x800'4d35   0x38  Code  Gb  text.o [1]
glcd_enable_backlight    0x800'43b9    0x2  Code  Gb  STM32L4.o [1]
glcd_init                0x800'4395   0x24  Code  Gb  STM32L4.o [1]
glcd_reset               0x800'43e5   0x34  Code  Gb  STM32L4.o [1]
glcd_reset_bbox          0x800'44ad   0x1c  Code  Gb  glcd.o [1]
glcd_select_screen       0x800'4509    0xa  Code  Gb  glcd.o [1]
glcd_set_column_lower    0x800'45b5    0xe  Code  Gb  ST7565R.o [1]
glcd_set_column_upper    0x800'459f   0x16  Code  Gb  ST7565R.o [1]
glcd_set_contrast        0x800'4551   0x24  Code  Gb  ST7565R.o [1]
glcd_set_font            0x800'49e1   0x1a  Code  Gb  text.o [1]
glcd_set_pixel           0x800'85d1   0xcc  Code  Gb  graphics.o [1]
glcd_set_x_address       0x800'4589   0x16  Code  Gb  ST7565R.o [1]
glcd_set_y_address       0x800'4575   0x14  Code  Gb  ST7565R.o [1]
glcd_spi_write           0x800'43bb   0x2a  Code  Gb  STM32L4.o [1]
glcd_test_bitmap_128x64
                         0x800'4965    0xe  Code  Gb  unit_tests.o [1]
glcd_tiny_draw_char      0x800'469b  0x21a  Code  Gb  text_tiny.o [1]
glcd_tiny_draw_string    0x800'48b5   0x54  Code  Gb  text_tiny.o [1]
glcd_tiny_set_font       0x800'4681   0x1a  Code  Gb  text_tiny.o [1]
glcd_update_bbox         0x800'4435   0x78  Code  Gb  glcd.o [1]
glcd_write               0x800'45c3   0x70  Code  Gb  ST7565R.o [1]
hdma_lpuart_rx          0x2000'233c   0x48  Data  Gb  usart.o [1]
hdma_usart1_rx          0x2000'2384   0x48  Data  Gb  usart.o [1]
hdma_usart3_rx          0x2000'23cc   0x48  Data  Gb  usart.o [1]
hiwdg                   0x2000'25a0   0x10  Data  Gb  iwdg.o [1]
hlpuart1                0x2000'1e08   0x88  Data  Gb  usart.o [1]
hrtc                    0x2000'2518   0x24  Data  Gb  rtc.o [1]
hspi2                   0x2000'2220   0x64  Data  Gb  spi.o [1]
huart1                  0x2000'1e90   0x88  Data  Gb  usart.o [1]
huart3                  0x2000'1f18   0x88  Data  Gb  usart.o [1]
ldexp                    0x800'a479         Code  Gb  ldexp.o [3]
ldexpl                   0x800'a479         Code  Gb  ldexp.o [3]
lnbias                   0x800'd5c0  0x420  Data  Lc  pow64.o [3]
localeconv               0x800'a5dd    0x4  Code  Gb  xlocale_c.o [2]
lower_digits            0x2000'09c0    0x4  Data  Lc  user_tiny_vsnprintf.o [1]
main                     0x800'a6ad   0x30  Code  Gb  main.o [1]
memchr                   0x800'a421         Code  Gb  memchr.o [4]
memset                   0x800'a773   0x14  Code  Gb  memset.o [4]
pFlash                  0x2000'036c   0x20  Data  Gb  stm32l4xx_hal_flash.o [1]
pFunc_UTIL_Debug_Send   0x2000'2624    0x4  Data  Gb  user_util.o [1]
pFunc_UTIL_Log_To_Mem   0x2000'2620    0x4  Data  Gb  user_util.o [1]
pModemProcessIRQTimer   0x2000'2614    0x4  Data  Gb  user_rtc.o [1]
pow                      0x800'69f1  0x6ec  Code  Gb  pow64.o [3]
powl                     0x800'69f1  0x6ec  Code  Gb  pow64.o [3]
quickSort_Sampling       0x800'2649   0x9a  Code  Gb  user_app_sensor.o [1]
quickSort_Sampling_Value
                         0x800'26e5   0xd4  Code  Gb  user_app_sensor.o [1]
quickSort_Sampling_Value::Handle_Once
                        0x2000'263f    0x1  Data  Lc  user_app_sensor.o [1]
sButton                 0x2000'2558   0x18  Data  Gb  button.o [1]
sCheckList_Reg_Modbus_RTU
                        0x2000'0410   0x8c  Data  Gb  user_app_modbus_rtu.o [1]
sData_Calib             0x2000'0590    0x8  Data  Gb  user_app_sensor.o [1]
sEventAppComm           0x2000'0390   0x70  Data  Gb  user_app_comm.o [1]
sEventAppRs485          0x2000'04d0   0x40  Data  Gb  user_app_rs485.o [1]
sEventAppSensor         0x2000'0510   0x80  Data  Gb  user_app_sensor.o [1]
sEventDisplay           0x2000'000c   0x60  Data  Gb  lcd_display.o [1]
sFirmVersion            0x2000'0400    0x8  Data  Gb  user_app_comm.o [1]
sHandleRs485            0x2000'2610    0x4  Data  Gb  user_app_sensor.o [1]
sKindMode485            0x2000'2634    0x2  Data  Gb  user_app_sensor.o [1]
sLCD                    0x2000'25b0   0x10  Data  Gb  lcd_display.o [1]
sLCDObject              0x2000'00c8  0x2a0  Data  Gb  lcd_display.o [1]
sLogData_ModbusRTU      0x2000'04c8    0x8  Data  Gb  user_app_modbus_rtu.o [1]
sModelVersion           0x2000'006c    0x8  Data  Gb  lcd_display.o [1]
sParaDisplay            0x2000'245c   0x40  Data  Gb  lcd_display.o [1]
sRTC                    0x2000'25d8    0xc  Data  Gb  user_util.o [1]
sSensor_EC              0x2000'2414   0x48  Data  Gb  user_app_sensor.o [1]
sSlave_ModbusRTU        0x2000'0a00    0x2  Data  Gb  user_app_modbus_rtu.o [1]
sTempAlarm              0x2000'25cc    0xc  Data  Gb  user_app_sensor.o [1]
sUart485                0x2000'09b8    0x8  Data  Gb  user_rs485.o [1]
sUart485SS              0x2000'09b0    0x8  Data  Gb  user_connect_sensor.o [1]
sUartDebug              0x2000'0408    0x8  Data  Gb  user_app_comm.o [1]
scalbln                  0x800'a479         Code  Gb  ldexp.o [3]
scalblnl                 0x800'a479         Code  Gb  ldexp.o [3]
scalbn                   0x800'a479         Code  Gb  ldexp.o [3]
scalbnl                  0x800'a479         Code  Gb  ldexp.o [3]
scale                    0x800'7fa7   0x46  Code  Lc  xprintffull_nomb.o [2]
sec_hand                0x2000'2628    0x4  Data  Lc  xfail_s.o [2]
sprintf                  0x800'4355   0x40  Code  Gb  sprintf.o [2]
strATcmd                0x2000'0598    0x8  Data  Gb  user_at_serial.o [1]
strchr                   0x800'a3c9         Code  Gb  strchr.o [4]
strlen                   0x800'3fc5         Code  Gb  strlen.o [4]
sztmp                   0x2000'16b8  0x200  Data  Lc  user_adv_trace.o [1]
tiny_vsnprintf_like      0x800'c0df  0x1d6  Code  Gb  user_tiny_vsnprintf.o [1]
upper_digits            0x2000'09c4    0x4  Data  Lc  user_tiny_vsnprintf.o [1]
uwTick                  0x2000'2604    0x4  Data  Gb  stm32l4xx_hal.o [1]
uwTickFreq              0x2000'0a03    0x1  Data  Gb  stm32l4xx_hal.o [1]
uwTickPrio              0x2000'0368    0x4  Data  Gb  stm32l4xx_hal.o [1]
vcom_DeInit              0x800'b0d5   0x1e  Code  Gb  user_app_comm.o [1]
vcom_Init                0x800'b0cb    0xa  Code  Gb  user_app_comm.o [1]
vcom_Trace_DMA           0x800'b0f3   0x24  Code  Gb  user_app_comm.o [1]


[1] = D:\Saoviet_Git\Saoviet_EnviroTrack_M_And_S\Project_Slave_LanChang_EC\Project_Slave_Sensor_EnviroTrack\EWARM\Project_Slave_Sensor_EnviroTrack\Obj
[2] = dl7M_tlf.a
[3] = m7M_tls.a
[4] = rt7M_tl.a
[5] = shb_l.a

  54'045 bytes of readonly  code memory
   7'148 bytes of readonly  data memory
  10'820 bytes of readwrite data memory

Errors: none
Warnings: none
