###############################################################################
#
# IAR ELF Linker V8.40.2.214/W32 for ARM                  20/Nov/2025  17:42:18
# Copyright 2007-2019 IAR Systems AB.
#
#    Output file  =
#        D:\Saoviet_Git\Saoviet_EnviroTrack_M_And_S\Project_Slave_LanChang_EC\Project_Slave_Sensor_EnviroTrack\EWARM\Project_Slave_Sensor_EnviroTrack\Exe\Project_Slave_Sensor_EnviroTrack.out
#    Map file     =
#        D:\Saoviet_Git\Saoviet_EnviroTrack_M_And_S\Project_Slave_LanChang_EC\Project_Slave_Sensor_EnviroTrack\EWARM\Project_Slave_Sensor_EnviroTrack\List\Project_Slave_Sensor_EnviroTrack.map
#    Command line =
#        -f C:\Users\PC\AppData\Local\Temp\EW5825.tmp
#        (D:\Saoviet_Git\Saoviet_EnviroTrack_M_And_S\Project_Slave_LanChang_EC\Project_Slave_Sensor_EnviroTrack\EWARM\Project_Slave_Sensor_EnviroTrack\Obj\button.o
#        D:\Saoviet_Git\Saoviet_EnviroTrack_M_And_S\Project_Slave_LanChang_EC\Project_Slave_Sensor_EnviroTrack\EWARM\Project_Slave_Sensor_EnviroTrack\Obj\dma.o
#        D:\Saoviet_Git\Saoviet_EnviroTrack_M_And_S\Project_Slave_LanChang_EC\Project_Slave_Sensor_EnviroTrack\EWARM\Project_Slave_Sensor_EnviroTrack\Obj\event_driven.o
#        D:\Saoviet_Git\Saoviet_EnviroTrack_M_And_S\Project_Slave_LanChang_EC\Project_Slave_Sensor_EnviroTrack\EWARM\Project_Slave_Sensor_EnviroTrack\Obj\glcd.o
#        D:\Saoviet_Git\Saoviet_EnviroTrack_M_And_S\Project_Slave_LanChang_EC\Project_Slave_Sensor_EnviroTrack\EWARM\Project_Slave_Sensor_EnviroTrack\Obj\gpio.o
#        D:\Saoviet_Git\Saoviet_EnviroTrack_M_And_S\Project_Slave_LanChang_EC\Project_Slave_Sensor_EnviroTrack\EWARM\Project_Slave_Sensor_EnviroTrack\Obj\graphics.o
#        D:\Saoviet_Git\Saoviet_EnviroTrack_M_And_S\Project_Slave_LanChang_EC\Project_Slave_Sensor_EnviroTrack\EWARM\Project_Slave_Sensor_EnviroTrack\Obj\graphs.o
#        D:\Saoviet_Git\Saoviet_EnviroTrack_M_And_S\Project_Slave_LanChang_EC\Project_Slave_Sensor_EnviroTrack\EWARM\Project_Slave_Sensor_EnviroTrack\Obj\lcd_display.o
#        D:\Saoviet_Git\Saoviet_EnviroTrack_M_And_S\Project_Slave_LanChang_EC\Project_Slave_Sensor_EnviroTrack\EWARM\Project_Slave_Sensor_EnviroTrack\Obj\main.o
#        D:\Saoviet_Git\Saoviet_EnviroTrack_M_And_S\Project_Slave_LanChang_EC\Project_Slave_Sensor_EnviroTrack\EWARM\Project_Slave_Sensor_EnviroTrack\Obj\NT75451.o
#        D:\Saoviet_Git\Saoviet_EnviroTrack_M_And_S\Project_Slave_LanChang_EC\Project_Slave_Sensor_EnviroTrack\EWARM\Project_Slave_Sensor_EnviroTrack\Obj\onchipflash.o
#        D:\Saoviet_Git\Saoviet_EnviroTrack_M_And_S\Project_Slave_LanChang_EC\Project_Slave_Sensor_EnviroTrack\EWARM\Project_Slave_Sensor_EnviroTrack\Obj\PCD8544.o
#        D:\Saoviet_Git\Saoviet_EnviroTrack_M_And_S\Project_Slave_LanChang_EC\Project_Slave_Sensor_EnviroTrack\EWARM\Project_Slave_Sensor_EnviroTrack\Obj\queue_p.o
#        D:\Saoviet_Git\Saoviet_EnviroTrack_M_And_S\Project_Slave_LanChang_EC\Project_Slave_Sensor_EnviroTrack\EWARM\Project_Slave_Sensor_EnviroTrack\Obj\rtc.o
#        D:\Saoviet_Git\Saoviet_EnviroTrack_M_And_S\Project_Slave_LanChang_EC\Project_Slave_Sensor_EnviroTrack\EWARM\Project_Slave_Sensor_EnviroTrack\Obj\spi.o
#        D:\Saoviet_Git\Saoviet_EnviroTrack_M_And_S\Project_Slave_LanChang_EC\Project_Slave_Sensor_EnviroTrack\EWARM\Project_Slave_Sensor_EnviroTrack\Obj\ST7565R.o
#        D:\Saoviet_Git\Saoviet_EnviroTrack_M_And_S\Project_Slave_LanChang_EC\Project_Slave_Sensor_EnviroTrack\EWARM\Project_Slave_Sensor_EnviroTrack\Obj\startup_stm32l433xx.o
#        D:\Saoviet_Git\Saoviet_EnviroTrack_M_And_S\Project_Slave_LanChang_EC\Project_Slave_Sensor_EnviroTrack\EWARM\Project_Slave_Sensor_EnviroTrack\Obj\STM32F0xx.o
#        D:\Saoviet_Git\Saoviet_EnviroTrack_M_And_S\Project_Slave_LanChang_EC\Project_Slave_Sensor_EnviroTrack\EWARM\Project_Slave_Sensor_EnviroTrack\Obj\STM32F10x.o
#        D:\Saoviet_Git\Saoviet_EnviroTrack_M_And_S\Project_Slave_LanChang_EC\Project_Slave_Sensor_EnviroTrack\EWARM\Project_Slave_Sensor_EnviroTrack\Obj\STM32F4.o
#        D:\Saoviet_Git\Saoviet_EnviroTrack_M_And_S\Project_Slave_LanChang_EC\Project_Slave_Sensor_EnviroTrack\EWARM\Project_Slave_Sensor_EnviroTrack\Obj\STM32L4.o
#        D:\Saoviet_Git\Saoviet_EnviroTrack_M_And_S\Project_Slave_LanChang_EC\Project_Slave_Sensor_EnviroTrack\EWARM\Project_Slave_Sensor_EnviroTrack\Obj\stm32l4xx_hal.o
#        D:\Saoviet_Git\Saoviet_EnviroTrack_M_And_S\Project_Slave_LanChang_EC\Project_Slave_Sensor_EnviroTrack\EWARM\Project_Slave_Sensor_EnviroTrack\Obj\stm32l4xx_hal_cortex.o
#        D:\Saoviet_Git\Saoviet_EnviroTrack_M_And_S\Project_Slave_LanChang_EC\Project_Slave_Sensor_EnviroTrack\EWARM\Project_Slave_Sensor_EnviroTrack\Obj\stm32l4xx_hal_dma.o
#        D:\Saoviet_Git\Saoviet_EnviroTrack_M_And_S\Project_Slave_LanChang_EC\Project_Slave_Sensor_EnviroTrack\EWARM\Project_Slave_Sensor_EnviroTrack\Obj\stm32l4xx_hal_dma_ex.o
#        D:\Saoviet_Git\Saoviet_EnviroTrack_M_And_S\Project_Slave_LanChang_EC\Project_Slave_Sensor_EnviroTrack\EWARM\Project_Slave_Sensor_EnviroTrack\Obj\stm32l4xx_hal_exti.o
#        D:\Saoviet_Git\Saoviet_EnviroTrack_M_And_S\Project_Slave_LanChang_EC\Project_Slave_Sensor_EnviroTrack\EWARM\Project_Slave_Sensor_EnviroTrack\Obj\stm32l4xx_hal_flash.o
#        D:\Saoviet_Git\Saoviet_EnviroTrack_M_And_S\Project_Slave_LanChang_EC\Project_Slave_Sensor_EnviroTrack\EWARM\Project_Slave_Sensor_EnviroTrack\Obj\stm32l4xx_hal_flash_ex.o
#        D:\Saoviet_Git\Saoviet_EnviroTrack_M_And_S\Project_Slave_LanChang_EC\Project_Slave_Sensor_EnviroTrack\EWARM\Project_Slave_Sensor_EnviroTrack\Obj\stm32l4xx_hal_flash_ramfunc.o
#        D:\Saoviet_Git\Saoviet_EnviroTrack_M_And_S\Project_Slave_LanChang_EC\Project_Slave_Sensor_EnviroTrack\EWARM\Project_Slave_Sensor_EnviroTrack\Obj\stm32l4xx_hal_gpio.o
#        D:\Saoviet_Git\Saoviet_EnviroTrack_M_And_S\Project_Slave_LanChang_EC\Project_Slave_Sensor_EnviroTrack\EWARM\Project_Slave_Sensor_EnviroTrack\Obj\stm32l4xx_hal_i2c.o
#        D:\Saoviet_Git\Saoviet_EnviroTrack_M_And_S\Project_Slave_LanChang_EC\Project_Slave_Sensor_EnviroTrack\EWARM\Project_Slave_Sensor_EnviroTrack\Obj\stm32l4xx_hal_i2c_ex.o
#        D:\Saoviet_Git\Saoviet_EnviroTrack_M_And_S\Project_Slave_LanChang_EC\Project_Slave_Sensor_EnviroTrack\EWARM\Project_Slave_Sensor_EnviroTrack\Obj\stm32l4xx_hal_msp.o
#        D:\Saoviet_Git\Saoviet_EnviroTrack_M_And_S\Project_Slave_LanChang_EC\Project_Slave_Sensor_EnviroTrack\EWARM\Project_Slave_Sensor_EnviroTrack\Obj\stm32l4xx_hal_pwr.o
#        D:\Saoviet_Git\Saoviet_EnviroTrack_M_And_S\Project_Slave_LanChang_EC\Project_Slave_Sensor_EnviroTrack\EWARM\Project_Slave_Sensor_EnviroTrack\Obj\stm32l4xx_hal_pwr_ex.o
#        D:\Saoviet_Git\Saoviet_EnviroTrack_M_And_S\Project_Slave_LanChang_EC\Project_Slave_Sensor_EnviroTrack\EWARM\Project_Slave_Sensor_EnviroTrack\Obj\stm32l4xx_hal_rcc.o
#        D:\Saoviet_Git\Saoviet_EnviroTrack_M_And_S\Project_Slave_LanChang_EC\Project_Slave_Sensor_EnviroTrack\EWARM\Project_Slave_Sensor_EnviroTrack\Obj\stm32l4xx_hal_rcc_ex.o
#        D:\Saoviet_Git\Saoviet_EnviroTrack_M_And_S\Project_Slave_LanChang_EC\Project_Slave_Sensor_EnviroTrack\EWARM\Project_Slave_Sensor_EnviroTrack\Obj\stm32l4xx_hal_rtc.o
#        D:\Saoviet_Git\Saoviet_EnviroTrack_M_And_S\Project_Slave_LanChang_EC\Project_Slave_Sensor_EnviroTrack\EWARM\Project_Slave_Sensor_EnviroTrack\Obj\stm32l4xx_hal_rtc_ex.o
#        D:\Saoviet_Git\Saoviet_EnviroTrack_M_And_S\Project_Slave_LanChang_EC\Project_Slave_Sensor_EnviroTrack\EWARM\Project_Slave_Sensor_EnviroTrack\Obj\stm32l4xx_hal_spi.o
#        D:\Saoviet_Git\Saoviet_EnviroTrack_M_And_S\Project_Slave_LanChang_EC\Project_Slave_Sensor_EnviroTrack\EWARM\Project_Slave_Sensor_EnviroTrack\Obj\stm32l4xx_hal_spi_ex.o
#        D:\Saoviet_Git\Saoviet_EnviroTrack_M_And_S\Project_Slave_LanChang_EC\Project_Slave_Sensor_EnviroTrack\EWARM\Project_Slave_Sensor_EnviroTrack\Obj\stm32l4xx_hal_uart.o
#        D:\Saoviet_Git\Saoviet_EnviroTrack_M_And_S\Project_Slave_LanChang_EC\Project_Slave_Sensor_EnviroTrack\EWARM\Project_Slave_Sensor_EnviroTrack\Obj\stm32l4xx_hal_uart_ex.o
#        D:\Saoviet_Git\Saoviet_EnviroTrack_M_And_S\Project_Slave_LanChang_EC\Project_Slave_Sensor_EnviroTrack\EWARM\Project_Slave_Sensor_EnviroTrack\Obj\stm32l4xx_it.o
#        D:\Saoviet_Git\Saoviet_EnviroTrack_M_And_S\Project_Slave_LanChang_EC\Project_Slave_Sensor_EnviroTrack\EWARM\Project_Slave_Sensor_EnviroTrack\Obj\system_stm32l4xx.o
#        D:\Saoviet_Git\Saoviet_EnviroTrack_M_And_S\Project_Slave_LanChang_EC\Project_Slave_Sensor_EnviroTrack\EWARM\Project_Slave_Sensor_EnviroTrack\Obj\text.o
#        D:\Saoviet_Git\Saoviet_EnviroTrack_M_And_S\Project_Slave_LanChang_EC\Project_Slave_Sensor_EnviroTrack\EWARM\Project_Slave_Sensor_EnviroTrack\Obj\text_tiny.o
#        D:\Saoviet_Git\Saoviet_EnviroTrack_M_And_S\Project_Slave_LanChang_EC\Project_Slave_Sensor_EnviroTrack\EWARM\Project_Slave_Sensor_EnviroTrack\Obj\unit_tests.o
#        D:\Saoviet_Git\Saoviet_EnviroTrack_M_And_S\Project_Slave_LanChang_EC\Project_Slave_Sensor_EnviroTrack\EWARM\Project_Slave_Sensor_EnviroTrack\Obj\usart.o
#        D:\Saoviet_Git\Saoviet_EnviroTrack_M_And_S\Project_Slave_LanChang_EC\Project_Slave_Sensor_EnviroTrack\EWARM\Project_Slave_Sensor_EnviroTrack\Obj\user_adv_trace.o
#        D:\Saoviet_Git\Saoviet_EnviroTrack_M_And_S\Project_Slave_LanChang_EC\Project_Slave_Sensor_EnviroTrack\EWARM\Project_Slave_Sensor_EnviroTrack\Obj\user_app_comm.o
#        D:\Saoviet_Git\Saoviet_EnviroTrack_M_And_S\Project_Slave_LanChang_EC\Project_Slave_Sensor_EnviroTrack\EWARM\Project_Slave_Sensor_EnviroTrack\Obj\user_app_modbus_rtu.o
#        D:\Saoviet_Git\Saoviet_EnviroTrack_M_And_S\Project_Slave_LanChang_EC\Project_Slave_Sensor_EnviroTrack\EWARM\Project_Slave_Sensor_EnviroTrack\Obj\user_app_rs485.o
#        D:\Saoviet_Git\Saoviet_EnviroTrack_M_And_S\Project_Slave_LanChang_EC\Project_Slave_Sensor_EnviroTrack\EWARM\Project_Slave_Sensor_EnviroTrack\Obj\user_app_sensor.o
#        D:\Saoviet_Git\Saoviet_EnviroTrack_M_And_S\Project_Slave_LanChang_EC\Project_Slave_Sensor_EnviroTrack\EWARM\Project_Slave_Sensor_EnviroTrack\Obj\user_at_serial.o
#        D:\Saoviet_Git\Saoviet_EnviroTrack_M_And_S\Project_Slave_LanChang_EC\Project_Slave_Sensor_EnviroTrack\EWARM\Project_Slave_Sensor_EnviroTrack\Obj\user_connect_sensor.o
#        D:\Saoviet_Git\Saoviet_EnviroTrack_M_And_S\Project_Slave_LanChang_EC\Project_Slave_Sensor_EnviroTrack\EWARM\Project_Slave_Sensor_EnviroTrack\Obj\user_convert_variable.o
#        D:\Saoviet_Git\Saoviet_EnviroTrack_M_And_S\Project_Slave_LanChang_EC\Project_Slave_Sensor_EnviroTrack\EWARM\Project_Slave_Sensor_EnviroTrack\Obj\user_internal_mem.o
#        D:\Saoviet_Git\Saoviet_EnviroTrack_M_And_S\Project_Slave_LanChang_EC\Project_Slave_Sensor_EnviroTrack\EWARM\Project_Slave_Sensor_EnviroTrack\Obj\user_mem_comm.o
#        D:\Saoviet_Git\Saoviet_EnviroTrack_M_And_S\Project_Slave_LanChang_EC\Project_Slave_Sensor_EnviroTrack\EWARM\Project_Slave_Sensor_EnviroTrack\Obj\user_modbus_rtu.o
#        D:\Saoviet_Git\Saoviet_EnviroTrack_M_And_S\Project_Slave_LanChang_EC\Project_Slave_Sensor_EnviroTrack\EWARM\Project_Slave_Sensor_EnviroTrack\Obj\user_obis_sv.o
#        D:\Saoviet_Git\Saoviet_EnviroTrack_M_And_S\Project_Slave_LanChang_EC\Project_Slave_Sensor_EnviroTrack\EWARM\Project_Slave_Sensor_EnviroTrack\Obj\user_rs485.o
#        D:\Saoviet_Git\Saoviet_EnviroTrack_M_And_S\Project_Slave_LanChang_EC\Project_Slave_Sensor_EnviroTrack\EWARM\Project_Slave_Sensor_EnviroTrack\Obj\user_rtc.o
#        D:\Saoviet_Git\Saoviet_EnviroTrack_M_And_S\Project_Slave_LanChang_EC\Project_Slave_Sensor_EnviroTrack\EWARM\Project_Slave_Sensor_EnviroTrack\Obj\user_string.o
#        D:\Saoviet_Git\Saoviet_EnviroTrack_M_And_S\Project_Slave_LanChang_EC\Project_Slave_Sensor_EnviroTrack\EWARM\Project_Slave_Sensor_EnviroTrack\Obj\user_time.o
#        D:\Saoviet_Git\Saoviet_EnviroTrack_M_And_S\Project_Slave_LanChang_EC\Project_Slave_Sensor_EnviroTrack\EWARM\Project_Slave_Sensor_EnviroTrack\Obj\user_timer.o
#        D:\Saoviet_Git\Saoviet_EnviroTrack_M_And_S\Project_Slave_LanChang_EC\Project_Slave_Sensor_EnviroTrack\EWARM\Project_Slave_Sensor_EnviroTrack\Obj\user_tiny_vsnprintf.o
#        D:\Saoviet_Git\Saoviet_EnviroTrack_M_And_S\Project_Slave_LanChang_EC\Project_Slave_Sensor_EnviroTrack\EWARM\Project_Slave_Sensor_EnviroTrack\Obj\user_uart.o
#        D:\Saoviet_Git\Saoviet_EnviroTrack_M_And_S\Project_Slave_LanChang_EC\Project_Slave_Sensor_EnviroTrack\EWARM\Project_Slave_Sensor_EnviroTrack\Obj\user_util.o
#        --no_out_extension -o
#        D:\Saoviet_Git\Saoviet_EnviroTrack_M_And_S\Project_Slave_LanChang_EC\Project_Slave_Sensor_EnviroTrack\EWARM\Project_Slave_Sensor_EnviroTrack\Exe\Project_Slave_Sensor_EnviroTrack.out
#        --redirect _Printf=_PrintfFullNoMb --redirect _Scanf=_ScanfFullNoMb
#        --map
#        D:\Saoviet_Git\Saoviet_EnviroTrack_M_And_S\Project_Slave_LanChang_EC\Project_Slave_Sensor_EnviroTrack\EWARM\Project_Slave_Sensor_EnviroTrack\List\Project_Slave_Sensor_EnviroTrack.map
#        --config
#        D:\Saoviet_Git\Saoviet_EnviroTrack_M_And_S\Project_Slave_LanChang_EC\Project_Slave_Sensor_EnviroTrack\EWARM/stm32l433xx_flash.icf
#        --semihosting --entry __iar_program_start --vfe --text_out locale)
#
###############################################################################

*******************************************************************************
*** RUNTIME MODEL ATTRIBUTES
***

CppFlavor       = *
__Heap_Handler  = DLMalloc
__SystemLibrary = DLib
__dlib_version  = 6


*******************************************************************************
*** HEAP SELECTION
***

The advanced heap was selected because the application calls memory
allocation functions outside of system library functions, and there
are calls to deallocation functions in the application.


*******************************************************************************
*** PLACEMENT SUMMARY
***

"A0":  place at address 0x800'0000 { ro section .intvec };
"P1":  place in [from 0x800'0000 to 0x803'ffff] { ro };
define block CSTACK with size = 1K, alignment = 8 { };
define block HEAP with size = 512, alignment = 8 { };
"P2":  place in [from 0x2000'0000 to 0x2000'ffff] {
          rw, block CSTACK, block HEAP };
initialize by copy { rw };

  Section            Kind         Address    Size  Object
  -------            ----         -------    ----  ------
"A0":                                       0x18c
  .intvec            ro code   0x800'0000   0x18c  startup_stm32l433xx.o [1]
                             - 0x800'018c   0x18c

"P1":                                      0xeb63
  .text              ro code   0x800'018c  0x10e4  button.o [1]
  .text              ro code   0x800'1270   0x380  stm32l4xx_hal_gpio.o [1]
  .text              ro code   0x800'15f0   0x21c  user_util.o [1]
  .text              ro code   0x800'180c   0xb20  lcd_display.o [1]
  .text              ro code   0x800'232c  0x10a0  user_app_sensor.o [1]
  .text              ro code   0x800'33cc   0x5e4  user_convert_variable.o [1]
  .text              ro code   0x800'39b0   0x708  user_app_modbus_rtu.o [1]
  .text              ro code   0x800'40b8    0x36  strlen.o [4]
  .text              ro code   0x800'40ee    0x3a  zero_init3.o [4]
  .text              ro code   0x800'4128    0x22  S32ToDbl.o [3]
  .text              ro code   0x800'414a     0xa  xsprout.o [2]
  .text              ro code   0x800'4154    0x16  math_wrappers64.o [3]
  .rodata            const     0x800'416a     0x2  xlocale_c.o [2]
  .text              ro code   0x800'416c   0x246  DblDiv.o [3]
  .rodata            const     0x800'43b2     0x1  xlocale_c.o [2]
  .text              ro code   0x800'43b4    0x68  DblToFlt.o [3]
  .text              ro code   0x800'441c    0x1a  U32ToDbl.o [3]
  .text              ro code   0x800'4438    0x48  FltToDbl.o [3]
  .text              ro code   0x800'4480    0x40  sprintf.o [2]
  .text              ro code   0x800'44c0    0xa0  STM32L4.o [1]
  .text              ro code   0x800'4560     0xc  stm32l4xx_hal.o [1]
  .text              ro code   0x800'456c   0x290  text_tiny.o [1]
  .text              ro code   0x800'47fc    0x54  event_driven.o [1]
  .text              ro code   0x800'4850    0x14  unit_tests.o [1]
  .text              ro code   0x800'4864    0xe8  glcd.o [1]
  .text              ro code   0x800'494c   0x158  ST7565R.o [1]
  .text              ro code   0x800'4aa4    0x66  ABImemset.o [4]
  .text              ro code   0x800'4b0c   0x390  text.o [1]
  .text              ro code   0x800'4e9c   0x200  graphics.o [1]
  .text              ro code   0x800'509c   0x350  user_modbus_rtu.o [1]
  .text              ro code   0x800'53ec    0x28  stm32l4xx_hal.o [1]
  .text              ro code   0x800'5414    0x74  user_connect_sensor.o [1]
  .text              ro code   0x800'5488   0xfc8  stm32l4xx_hal_uart.o [1]
  .text              ro code   0x800'6450   0x172  onchipflash.o [1]
  .text              ro code   0x800'65c4    0xa6  ABImemcpy.o [4]
  .text              ro code   0x800'666c   0x230  I64DivMod.o [4]
  .text              ro code   0x800'689c   0x1a2  DblMul.o [3]
  .text              ro code   0x800'6a40   0x17a  DblAdd.o [3]
  .text              ro code   0x800'6bbc    0x3a  DblToS32.o [3]
  .text              ro code   0x800'6bf8   0x6ec  pow64.o [3]
  .text              ro code   0x800'72e4   0xfc6  xprintffull_nomb.o [2]
  .text              ro code   0x800'82ac   0x52a  stm32l4xx_hal_spi.o [1]
  .text              ro code   0x800'87d6     0x8  abs.o [2]
  .text              ro code   0x800'87e0   0x194  stm32l4xx_hal_cortex.o [1]
  .text              ro code   0x800'8974   0x39c  usart.o [1]
  .text              ro code   0x800'8d10   0x422  stm32l4xx_hal_dma.o [1]
  .text              ro code   0x800'9134   0x128  user_uart.o [1]
  .text              ro code   0x800'925c    0x72  stm32l4xx_hal_uart_ex.o [1]
  .text              ro code   0x800'92d0   0x9fc  stm32l4xx_hal_rcc.o [1]
  .text              ro code   0x800'9ccc     0x2  stm32l4xx_hal_uart.o [1]
  .text              ro code   0x800'9cce     0x2  stm32l4xx_hal_uart.o [1]
  .text              ro code   0x800'9cd0   0x1b8  stm32l4xx_hal_flash.o [1]
  .text              ro code   0x800'9e88    0xa0  stm32l4xx_hal_flash_ex.o [1]
  .text              ro code   0x800'9f28     0x2  I64DivZer.o [4]
  .text              ro code   0x800'9f2c    0xe2  DblSub.o [3]
  .text              ro code   0x800'a010    0x20  DblCmpEq.o [3]
  .text              ro code   0x800'a030    0x70  frexp.o [3]
  .text              ro code   0x800'a0a0    0x2e  DblCmpLe.o [3]
  .text              ro code   0x800'a0d0    0x2e  DblCmpGe.o [3]
  .text              ro code   0x800'a100   0x3e8  iar_Exp64.o [3]
  .text              ro code   0x800'a4e8    0x16  strchr.o [4]
  .text              ro code   0x800'a500    0x40  xfail_s.o [2]
  .text              ro code   0x800'a540    0x58  memchr.o [4]
  .text              ro code   0x800'a598   0x13a  ldexp.o [3]
  .text              ro code   0x800'a6d4    0x28  DblToU32.o [3]
  .text              ro code   0x800'a6fc     0x8  xlocale_c.o [2]
  .text              ro code   0x800'a704    0xc8  spi.o [1]
  .text              ro code   0x800'a7cc    0xc2  main.o [1]
  .text              ro code   0x800'a88e    0x14  memset.o [4]
  .text              ro code   0x800'a8a4   0x4e8  stm32l4xx_hal_rcc_ex.o [1]
  .text              ro code   0x800'ad8c   0x4dc  user_app_comm.o [1]
  .text              ro code   0x800'b268    0x70  user_rs485.o [1]
  .text              ro code   0x800'b2d8   0x23a  user_adv_trace.o [1]
  .text              ro code   0x800'b514    0x60  stm32l4xx_hal.o [1]
  .text              ro code   0x800'b574    0x94  stm32l4xx_hal_pwr_ex.o [1]
  .text              ro code   0x800'b608     0x6  abort.o [2]
  .text              ro code   0x800'b610    0x24  stm32l4xx_hal.o [1]
  .text              ro code   0x800'b634   0x1d0  gpio.o [1]
  .text              ro code   0x800'b804    0x60  dma.o [1]
  .text              ro code   0x800'b864   0x150  rtc.o [1]
  .text              ro code   0x800'b9b4   0x310  user_timer.o [1]
  .text              ro code   0x800'bcc4   0x1dc  user_at_serial.o [1]
  .text              ro code   0x800'bea0    0x58  user_time.o [1]
  .text              ro code   0x800'bef8   0x160  user_app_rs485.o [1]
  .text              ro code   0x800'c058   0x350  user_tiny_vsnprintf.o [1]
  .text              ro code   0x800'c3a8    0x14  exit.o [5]
  .text              ro code   0x800'c3bc    0x38  stm32l4xx_hal_msp.o [1]
  .text              ro code   0x800'c3f4   0x78e  stm32l4xx_hal_rtc.o [1]
  .text              ro code   0x800'cb82   0x1e6  user_string.o [1]
  .text              ro code   0x800'cd68   0x3a8  user_rtc.o [1]
  .text              ro code   0x800'd110     0x2  stm32l4xx_hal_rtc_ex.o [1]
  .text              ro code   0x800'd114    0x48  stm32l4xx_hal_rtc_ex.o [1]
  .rodata            const     0x800'd160   0x420  pow64.o [3]
  .rodata            const     0x800'd580   0x400  unit_tests.o [1]
  .rodata            const     0x800'd980   0x228  lcd_display.o [1]
  .rodata            const     0x800'dba8   0x214  lcd_display.o [1]
  .text              ro code   0x800'ddbc    0x88  stm32l4xx_it.o [1]
  .text              ro code   0x800'de44    0x18  stm32l4xx_hal.o [1]
  .text              ro code   0x800'de5c    0x78  lz77_init_single.o [4]
  .rodata            const     0x800'ded4    0x34  user_app_sensor.o [1]
  .rodata            const     0x800'df08    0x34  user_app_sensor.o [1]
  .rodata            const     0x800'df3c    0x30  system_stm32l4xx.o [1]
  .rodata            const     0x800'df6c    0x2c  user_rtc.o [1]
  .rodata            const     0x800'df98    0x28  user_tiny_vsnprintf.o [1]
  .rodata            const     0x800'dfc0    0x28  user_tiny_vsnprintf.o [1]
  .text              ro code   0x800'dfe8    0x28  data_init.o [4]
  .text              ro code   0x800'e010    0x22  fpinit_M.o [3]
  .iar.init_table    const     0x800'e034    0x20  - Linker created -
  .rodata            const     0x800'e054    0x20  user_app_comm.o [1]
  .rodata            const     0x800'e074    0x20  user_rtc.o [1]
  .text              ro code   0x800'e094    0x1e  cmain.o [4]
  .text              ro code   0x800'e0b2     0x4  low_level_init.o [2]
  .text              ro code   0x800'e0b6     0x4  exit.o [2]
  .text              ro code   0x800'e0bc     0xa  cexit.o [4]
  .rodata            const     0x800'e0c8    0x1c  user_app_comm.o [1]
  .rodata            const     0x800'e0e4    0x1c  user_app_comm.o [1]
  .rodata            const     0x800'e100    0x1c  user_app_comm.o [1]
  .rodata            const     0x800'e11c    0x1c  user_uart.o [1]
  .rodata            const     0x800'e138    0x18  user_app_comm.o [1]
  .rodata            const     0x800'e150    0x14  lcd_display.o [1]
  .rodata            const     0x800'e164    0x14  lcd_display.o [1]
  .rodata            const     0x800'e178    0x14  user_app_comm.o [1]
  .rodata            const     0x800'e18c    0x14  user_at_serial.o [1]
  .rodata            const     0x800'e1a0    0x14  user_at_serial.o [1]
  .rodata            const     0x800'e1b4    0x14  user_at_serial.o [1]
  .rodata            const     0x800'e1c8    0x14  user_at_serial.o [1]
  .rodata            const     0x800'e1dc    0x14  user_at_serial.o [1]
  .rodata            const     0x800'e1f0    0x10  lcd_display.o [1]
  .rodata            const     0x800'e200    0x10  lcd_display.o [1]
  .rodata            const     0x800'e210    0x10  lcd_display.o [1]
  .rodata            const     0x800'e220    0x10  lcd_display.o [1]
  .rodata            const     0x800'e230    0x10  lcd_display.o [1]
  .rodata            const     0x800'e240    0x10  lcd_display.o [1]
  .rodata            const     0x800'e250    0x10  lcd_display.o [1]
  .rodata            const     0x800'e260    0x10  lcd_display.o [1]
  .rodata            const     0x800'e270    0x10  lcd_display.o [1]
  .rodata            const     0x800'e280    0x10  lcd_display.o [1]
  .rodata            const     0x800'e290    0x10  lcd_display.o [1]
  .rodata            const     0x800'e2a0    0x10  lcd_display.o [1]
  .rodata            const     0x800'e2b0    0x10  lcd_display.o [1]
  .rodata            const     0x800'e2c0    0x10  lcd_display.o [1]
  .rodata            const     0x800'e2d0    0x10  system_stm32l4xx.o [1]
  .rodata            const     0x800'e2e0    0x10  user_app_sensor.o [1]
  .rodata            const     0x800'e2f0    0x10  user_at_serial.o [1]
  .rodata            const     0x800'e300    0x10  user_at_serial.o [1]
  .rodata            const     0x800'e310    0x10  user_at_serial.o [1]
  .rodata            const     0x800'e320    0x10  user_at_serial.o [1]
  .rodata            const     0x800'e330    0x10  user_at_serial.o [1]
  .rodata            const     0x800'e340    0x10  user_at_serial.o [1]
  .rodata            const     0x800'e350    0x10  user_at_serial.o [1]
  .rodata            const     0x800'e360    0x10  user_at_serial.o [1]
  .rodata            const     0x800'e370    0x10  user_at_serial.o [1]
  .rodata            const     0x800'e380    0x10  user_at_serial.o [1]
  .rodata            const     0x800'e390    0x10  user_at_serial.o [1]
  .rodata            const     0x800'e3a0    0x10  user_at_serial.o [1]
  .rodata            const     0x800'e3b0    0x10  user_at_serial.o [1]
  .rodata            const     0x800'e3c0    0x10  user_at_serial.o [1]
  .rodata            const     0x800'e3d0    0x10  user_at_serial.o [1]
  .rodata            const     0x800'e3e0    0x10  user_at_serial.o [1]
  .rodata            const     0x800'e3f0    0x10  user_at_serial.o [1]
  .rodata            const     0x800'e400    0x10  user_at_serial.o [1]
  .rodata            const     0x800'e410    0x10  user_at_serial.o [1]
  .rodata            const     0x800'e420    0x10  user_at_serial.o [1]
  .rodata            const     0x800'e430    0x10  user_at_serial.o [1]
  .rodata            const     0x800'e440    0x10  user_at_serial.o [1]
  .rodata            const     0x800'e450    0x10  user_at_serial.o [1]
  .rodata            const     0x800'e460    0x10  user_at_serial.o [1]
  .rodata            const     0x800'e470    0x10  user_at_serial.o [1]
  .rodata            const     0x800'e480    0x10  user_at_serial.o [1]
  .rodata            const     0x800'e490    0x10  user_at_serial.o [1]
  .rodata            const     0x800'e4a0    0x10  user_at_serial.o [1]
  .text              ro code   0x800'e4b0    0x10  startup_stm32l433xx.o [1]
  .text              ro code   0x800'e4c0    0x10  system_stm32l4xx.o [1]
  .rodata            const     0x800'e4d0     0xc  lcd_display.o [1]
  .rodata            const     0x800'e4dc     0xc  lcd_display.o [1]
  .rodata            const     0x800'e4e8     0xc  lcd_display.o [1]
  .rodata            const     0x800'e4f4     0xc  lcd_display.o [1]
  .rodata            const     0x800'e500     0xc  lcd_display.o [1]
  .rodata            const     0x800'e50c     0xc  user_app_comm.o [1]
  .rodata            const     0x800'e518     0xc  user_app_sensor.o [1]
  .rodata            const     0x800'e524     0xc  user_at_serial.o [1]
  .rodata            const     0x800'e530     0xc  user_at_serial.o [1]
  .rodata            const     0x800'e53c     0xc  user_at_serial.o [1]
  .rodata            const     0x800'e548     0xc  user_at_serial.o [1]
  .rodata            const     0x800'e554     0xc  user_at_serial.o [1]
  .rodata            const     0x800'e560     0xc  user_at_serial.o [1]
  .rodata            const     0x800'e56c     0xc  user_at_serial.o [1]
  .rodata            const     0x800'e578     0xc  user_at_serial.o [1]
  .rodata            const     0x800'e584     0xc  user_at_serial.o [1]
  .rodata            const     0x800'e590     0xc  user_at_serial.o [1]
  .rodata            const     0x800'e59c     0xc  user_at_serial.o [1]
  .rodata            const     0x800'e5a8     0xc  user_at_serial.o [1]
  .rodata            const     0x800'e5b4     0xc  user_at_serial.o [1]
  .rodata            const     0x800'e5c0     0xc  user_at_serial.o [1]
  .rodata            const     0x800'e5cc     0xc  user_at_serial.o [1]
  .rodata            const     0x800'e5d8     0xc  user_at_serial.o [1]
  .rodata            const     0x800'e5e4     0xc  user_at_serial.o [1]
  .rodata            const     0x800'e5f0     0xc  user_at_serial.o [1]
  .rodata            const     0x800'e5fc     0xc  user_at_serial.o [1]
  .rodata            const     0x800'e608     0xc  user_at_serial.o [1]
  .rodata            const     0x800'e614     0xc  user_at_serial.o [1]
  .rodata            const     0x800'e620     0xc  user_at_serial.o [1]
  .rodata            const     0x800'e62c     0xc  user_at_serial.o [1]
  .rodata            const     0x800'e638     0xc  user_at_serial.o [1]
  .rodata            const     0x800'e644     0xc  user_at_serial.o [1]
  .rodata            const     0x800'e650     0xc  user_at_serial.o [1]
  .rodata            const     0x800'e65c     0xc  user_at_serial.o [1]
  .rodata            const     0x800'e668     0xc  user_at_serial.o [1]
  .rodata            const     0x800'e674     0xc  user_rtc.o [1]
  .rodata            const     0x800'e680     0xc  user_rtc.o [1]
  .text              ro code   0x800'e68c     0xc  cstartup_M.o [4]
  .rodata            const     0x800'e698     0x8  lcd_display.o [1]
  .rodata            const     0x800'e6a0     0x8  lcd_display.o [1]
  .rodata            const     0x800'e6a8     0x8  lcd_display.o [1]
  .rodata            const     0x800'e6b0     0x8  lcd_display.o [1]
  .rodata            const     0x800'e6b8     0x8  lcd_display.o [1]
  .rodata            const     0x800'e6c0     0x8  lcd_display.o [1]
  .rodata            const     0x800'e6c8     0x8  lcd_display.o [1]
  .rodata            const     0x800'e6d0     0x8  lcd_display.o [1]
  .rodata            const     0x800'e6d8     0x8  lcd_display.o [1]
  .rodata            const     0x800'e6e0     0x8  lcd_display.o [1]
  .rodata            const     0x800'e6e8     0x8  system_stm32l4xx.o [1]
  .rodata            const     0x800'e6f0     0x8  user_app_modbus_rtu.o [1]
  .rodata            const     0x800'e6f8     0x8  user_app_modbus_rtu.o [1]
  .rodata            const     0x800'e700     0x8  user_app_sensor.o [1]
  .rodata            const     0x800'e708     0x8  user_app_sensor.o [1]
  .rodata            const     0x800'e710     0x8  user_app_sensor.o [1]
  .rodata            const     0x800'e718     0x8  user_app_sensor.o [1]
  .rodata            const     0x800'e720     0x8  user_at_serial.o [1]
  .rodata            const     0x800'e728     0x8  user_at_serial.o [1]
  .rodata            const     0x800'e730     0x8  user_at_serial.o [1]
  .rodata            const     0x800'e738     0x8  user_at_serial.o [1]
  .rodata            const     0x800'e740     0x8  user_at_serial.o [1]
  .rodata            const     0x800'e748     0x8  user_tiny_vsnprintf.o [1]
  .rodata            const     0x800'e750     0x8  user_util.o [1]
  .rodata            const     0x800'e758     0x8  xprintffull_nomb.o [2]
  .rodata            const     0x800'e760     0x4  lcd_display.o [1]
  .text              ro code   0x800'e764     0x4  startup_stm32l433xx.o [1]
  .text              ro code   0x800'e768     0x4  startup_stm32l433xx.o [1]
  .text              ro code   0x800'e76c     0x4  startup_stm32l433xx.o [1]
  .text              ro code   0x800'e770     0x4  startup_stm32l433xx.o [1]
  .text              ro code   0x800'e774     0x4  startup_stm32l433xx.o [1]
  .text              ro code   0x800'e778     0x4  startup_stm32l433xx.o [1]
  .text              ro code   0x800'e77c     0x4  startup_stm32l433xx.o [1]
  .text              ro code   0x800'e780     0x4  startup_stm32l433xx.o [1]
  .text              ro code   0x800'e784     0x4  startup_stm32l433xx.o [1]
  .text              ro code   0x800'e788     0x4  startup_stm32l433xx.o [1]
  .text              ro code   0x800'e78c     0x4  startup_stm32l433xx.o [1]
  .text              ro code   0x800'e790     0x4  startup_stm32l433xx.o [1]
  .text              ro code   0x800'e794     0x4  startup_stm32l433xx.o [1]
  .text              ro code   0x800'e798     0x4  startup_stm32l433xx.o [1]
  .text              ro code   0x800'e79c     0x4  startup_stm32l433xx.o [1]
  .text              ro code   0x800'e7a0     0x4  startup_stm32l433xx.o [1]
  .text              ro code   0x800'e7a4     0x4  startup_stm32l433xx.o [1]
  .text              ro code   0x800'e7a8     0x4  startup_stm32l433xx.o [1]
  .text              ro code   0x800'e7ac     0x4  startup_stm32l433xx.o [1]
  .text              ro code   0x800'e7b0     0x4  startup_stm32l433xx.o [1]
  .text              ro code   0x800'e7b4     0x4  startup_stm32l433xx.o [1]
  .text              ro code   0x800'e7b8     0x4  startup_stm32l433xx.o [1]
  .text              ro code   0x800'e7bc     0x4  startup_stm32l433xx.o [1]
  .text              ro code   0x800'e7c0     0x4  startup_stm32l433xx.o [1]
  .text              ro code   0x800'e7c4     0x4  startup_stm32l433xx.o [1]
  .text              ro code   0x800'e7c8     0x4  startup_stm32l433xx.o [1]
  .text              ro code   0x800'e7cc     0x4  startup_stm32l433xx.o [1]
  .text              ro code   0x800'e7d0     0x4  startup_stm32l433xx.o [1]
  .text              ro code   0x800'e7d4     0x4  startup_stm32l433xx.o [1]
  .text              ro code   0x800'e7d8     0x4  startup_stm32l433xx.o [1]
  .text              ro code   0x800'e7dc     0x4  startup_stm32l433xx.o [1]
  .text              ro code   0x800'e7e0     0x4  startup_stm32l433xx.o [1]
  .text              ro code   0x800'e7e4     0x4  startup_stm32l433xx.o [1]
  .text              ro code   0x800'e7e8     0x4  startup_stm32l433xx.o [1]
  .text              ro code   0x800'e7ec     0x4  startup_stm32l433xx.o [1]
  .text              ro code   0x800'e7f0     0x4  startup_stm32l433xx.o [1]
  .text              ro code   0x800'e7f4     0x4  startup_stm32l433xx.o [1]
  .text              ro code   0x800'e7f8     0x4  startup_stm32l433xx.o [1]
  .text              ro code   0x800'e7fc     0x4  startup_stm32l433xx.o [1]
  .text              ro code   0x800'e800     0x4  startup_stm32l433xx.o [1]
  .text              ro code   0x800'e804     0x4  startup_stm32l433xx.o [1]
  .text              ro code   0x800'e808     0x4  startup_stm32l433xx.o [1]
  .text              ro code   0x800'e80c     0x4  startup_stm32l433xx.o [1]
  .text              ro code   0x800'e810     0x4  startup_stm32l433xx.o [1]
  .text              ro code   0x800'e814     0x4  startup_stm32l433xx.o [1]
  .text              ro code   0x800'e818     0x4  startup_stm32l433xx.o [1]
  .text              ro code   0x800'e81c     0x4  startup_stm32l433xx.o [1]
  .text              ro code   0x800'e820     0x4  startup_stm32l433xx.o [1]
  .text              ro code   0x800'e824     0x4  startup_stm32l433xx.o [1]
  .text              ro code   0x800'e828     0x4  startup_stm32l433xx.o [1]
  .text              ro code   0x800'e82c     0x4  startup_stm32l433xx.o [1]
  .text              ro code   0x800'e830     0x4  startup_stm32l433xx.o [1]
  .text              ro code   0x800'e834     0x4  startup_stm32l433xx.o [1]
  .text              ro code   0x800'e838     0x4  startup_stm32l433xx.o [1]
  .text              ro code   0x800'e83c     0x4  startup_stm32l433xx.o [1]
  .text              ro code   0x800'e840     0x4  startup_stm32l433xx.o [1]
  .text              ro code   0x800'e844     0x4  startup_stm32l433xx.o [1]
  .text              ro code   0x800'e848     0x4  startup_stm32l433xx.o [1]
  .text              ro code   0x800'e84c     0x4  startup_stm32l433xx.o [1]
  .rodata            const     0x800'e850     0x0  zero_init3.o [4]
  .rodata            const     0x800'e850     0x0  lz77_init_single.o [4]
  Initializer bytes  const     0x800'e850   0x49f  <for P2-1>
                             - 0x800'ecef  0xeb63

"P2", part 1 of 3:                          0xa6d
  P2-1                        0x2000'0000   0xa6d  <Init block>
    .data            inited   0x2000'0000     0xc  button.o [1]
    .data            inited   0x2000'000c    0x70  lcd_display.o [1]
    .data            inited   0x2000'007c     0x8  lcd_display.o [1]
    .data            inited   0x2000'0084     0x4  lcd_display.o [1]
    .data            inited   0x2000'0088    0x10  lcd_display.o [1]
    .data            inited   0x2000'0098    0x10  lcd_display.o [1]
    .data            inited   0x2000'00a8    0x10  lcd_display.o [1]
    .data            inited   0x2000'00b8    0x10  lcd_display.o [1]
    .data            inited   0x2000'00c8    0x10  lcd_display.o [1]
    .data            inited   0x2000'00d8   0x2e8  lcd_display.o [1]
    .data            inited   0x2000'03c0     0x4  stm32l4xx_hal.o [1]
    .data            inited   0x2000'03c4    0x20  stm32l4xx_hal_flash.o [1]
    .data            inited   0x2000'03e4     0x4  system_stm32l4xx.o [1]
    .data            inited   0x2000'03e8    0x70  user_app_comm.o [1]
    .data            inited   0x2000'0458     0x8  user_app_comm.o [1]
    .data            inited   0x2000'0460     0x8  user_app_comm.o [1]
    .data            inited   0x2000'0468    0x8c  user_app_modbus_rtu.o [1]
    .data            inited   0x2000'04f4    0x2c  user_app_modbus_rtu.o [1]
    .data            inited   0x2000'0520     0x8  user_app_modbus_rtu.o [1]
    .data            inited   0x2000'0528    0x40  user_app_rs485.o [1]
    .data            inited   0x2000'0568    0x90  user_app_sensor.o [1]
    .data            inited   0x2000'05f8     0x8  user_app_sensor.o [1]
    .data            inited   0x2000'0600     0x8  user_at_serial.o [1]
    .data            inited   0x2000'0608   0x410  user_at_serial.o [1]
    .data            inited   0x2000'0a18     0x8  user_connect_sensor.o [1]
    .data            inited   0x2000'0a20     0x8  user_rs485.o [1]
    .data            inited   0x2000'0a28     0x4  user_tiny_vsnprintf.o [1]
    .data            inited   0x2000'0a2c     0x4  user_tiny_vsnprintf.o [1]
    .data            inited   0x2000'0a30    0x38  xlocale_c.o [2]
    .data            inited   0x2000'0a68     0x2  user_app_modbus_rtu.o [1]
    .data            inited   0x2000'0a6a     0x1  lcd_display.o [1]
    .data            inited   0x2000'0a6b     0x1  stm32l4xx_hal.o [1]
    .data            inited   0x2000'0a6c     0x1  user_util.o [1]
                            - 0x2000'0a6d   0xa6d

"P2", part 2 of 3:                         0x1c64
  .bss               zero     0x2000'0a70   0x4b0  user_app_comm.o [1]
  .bss               zero     0x2000'0f20   0x400  glcd.o [1]
  .bss               zero     0x2000'1320   0x400  user_adv_trace.o [1]
  .bss               zero     0x2000'1720   0x200  user_adv_trace.o [1]
  .bss               zero     0x2000'1920   0x200  user_connect_sensor.o [1]
  .bss               zero     0x2000'1b20   0x200  user_rs485.o [1]
  .bss               zero     0x2000'1d20   0x174  lcd_display.o [1]
  .bss               zero     0x2000'1e94    0x88  usart.o [1]
  .bss               zero     0x2000'1f1c    0x88  usart.o [1]
  .bss               zero     0x2000'1fa4    0x88  usart.o [1]
  .bss               zero     0x2000'202c    0x80  user_app_modbus_rtu.o [1]
  .bss               zero     0x2000'20ac    0x80  user_app_modbus_rtu.o [1]
  .bss               zero     0x2000'212c    0x80  user_app_modbus_rtu.o [1]
  .bss               zero     0x2000'21ac    0x80  user_at_serial.o [1]
  .bss               zero     0x2000'222c    0x80  user_at_serial.o [1]
  .bss               zero     0x2000'22ac    0x64  spi.o [1]
  .bss               zero     0x2000'2310    0x64  user_app_comm.o [1]
  .bss               zero     0x2000'2374    0x60  lcd_display.o [1]
  .bss               zero     0x2000'23d4    0x48  usart.o [1]
  .bss               zero     0x2000'241c    0x48  usart.o [1]
  .bss               zero     0x2000'2464    0x48  usart.o [1]
  .bss               zero     0x2000'24ac    0x48  user_app_sensor.o [1]
  .bss               zero     0x2000'24f4    0x40  lcd_display.o [1]
  .bss               zero     0x2000'2534    0x2c  user_rtc.o [1]
  .bss               zero     0x2000'2560    0x28  user_app_sensor.o [1]
  .bss               zero     0x2000'2588    0x28  user_app_sensor.o [1]
  .bss               zero     0x2000'25b0    0x24  rtc.o [1]
  .bss               zero     0x2000'25d4    0x1c  user_rtc.o [1]
  .bss               zero     0x2000'25f0    0x18  button.o [1]
  .bss               zero     0x2000'2608    0x18  user_adv_trace.o [1]
  .bss               zero     0x2000'2620    0x18  user_app_comm.o [1]
  .bss               zero     0x2000'2638    0x10  lcd_display.o [1]
  .bss               zero     0x2000'2648     0xc  text.o [1]
  .bss               zero     0x2000'2654     0xc  user_app_sensor.o [1]
  .bss               zero     0x2000'2660     0xc  user_util.o [1]
  .bss               zero     0x2000'266c     0x4  button.o [1]
  .bss               zero     0x2000'2670     0x4  button.o [1]
  .bss               zero     0x2000'2674     0x4  button.o [1]
  .bss               zero     0x2000'2678     0x4  button.o [1]
  .bss               zero     0x2000'267c     0x4  glcd.o [1]
  .bss               zero     0x2000'2680     0x4  glcd.o [1]
  .bss               zero     0x2000'2684     0x4  glcd.o [1]
  .bss               zero     0x2000'2688     0x4  lcd_display.o [1]
  .bss               zero     0x2000'268c     0x4  stm32l4xx_hal.o [1]
  .bss               zero     0x2000'2690     0x4  user_app_comm.o [1]
  .bss               zero     0x2000'2694     0x4  user_app_sensor.o [1]
  .bss               zero     0x2000'2698     0x4  user_app_sensor.o [1]
  .bss               zero     0x2000'269c     0x4  user_rtc.o [1]
  .bss               zero     0x2000'26a0     0x4  user_timer.o [1]
  .bss               zero     0x2000'26a4     0x4  user_util.o [1]
  .bss               zero     0x2000'26a8     0x4  user_util.o [1]
  .bss               zero     0x2000'26ac     0x4  user_util.o [1]
  .bss               zero     0x2000'26b0     0x4  xfail_s.o [2]
  .bss               zero     0x2000'26b4     0x2  lcd_display.o [1]
  .bss               zero     0x2000'26b6     0x2  user_app_comm.o [1]
  .bss               zero     0x2000'26b8     0x2  user_app_comm.o [1]
  .bss               zero     0x2000'26ba     0x2  user_app_sensor.o [1]
  .bss               zero     0x2000'26bc     0x2  user_app_sensor.o [1]
  .bss               zero     0x2000'26be     0x2  user_uart.o [1]
  .bss               zero     0x2000'26c0     0x1  button.o [1]
  .bss               zero     0x2000'26c1     0x1  lcd_display.o [1]
  .bss               zero     0x2000'26c2     0x1  lcd_display.o [1]
  .bss               zero     0x2000'26c3     0x1  lcd_display.o [1]
  .bss               zero     0x2000'26c4     0x1  user_app_comm.o [1]
  .bss               zero     0x2000'26c5     0x1  user_app_comm.o [1]
  .bss               zero     0x2000'26c6     0x1  user_app_rs485.o [1]
  .bss               zero     0x2000'26c7     0x1  user_app_sensor.o [1]
  .bss               zero     0x2000'26c8     0x1  user_app_sensor.o [1]
  .bss               zero     0x2000'26c9     0x1  user_app_sensor.o [1]
  .bss               zero     0x2000'26ca     0x1  user_app_sensor.o [1]
  .bss               zero     0x2000'26cb     0x1  user_at_serial.o [1]
  .bss               zero     0x2000'26cc     0x1  user_connect_sensor.o [1]
  .bss               zero     0x2000'26cd     0x1  user_connect_sensor.o [1]
  .bss               zero     0x2000'26ce     0x1  user_rs485.o [1]
  .bss               zero     0x2000'26cf     0x1  user_rs485.o [1]
  .bss               zero     0x2000'26d0     0x1  user_rtc.o [1]
  .bss               zero     0x2000'26d1     0x1  user_uart.o [1]
                            - 0x2000'26d2  0x1c62

"P2", part 3 of 3:                          0x400
  CSTACK                      0x2000'26d8   0x400  <Block>
    CSTACK           uninit   0x2000'26d8   0x400  <Block tail>
                            - 0x2000'2ad8   0x400

Unused ranges:

         From           To      Size
         ----           --      ----
   0x800'ecef   0x803'ffff  0x3'1311
  0x2000'0a6d  0x2000'0a6f       0x3
  0x2000'26d4  0x2000'26d7       0x4
  0x2000'2ad8  0x2000'ffff    0xd528


*******************************************************************************
*** INIT TABLE
***

          Address      Size
          -------      ----
Zero (__iar_zero_init3)
    1 destination range, total size 0x1c62:
          0x2000'0a70  0x1c62

Copy/lz77 (__iar_lz77_init_single3)
    1 source range, total size 0x49f (44% of destination):
           0x800'e850   0x49f
    1 destination range, total size 0xa6d:
          0x2000'0000   0xa6d



*******************************************************************************
*** MODULE SUMMARY
***

    Module                    ro code  ro data  rw data
    ------                    -------  -------  -------
command line/config:
    ---------------------------------------------------
    Total:

D:\Saoviet_Git\Saoviet_EnviroTrack_M_And_S\Project_Slave_LanChang_EC\Project_Slave_Sensor_EnviroTrack\EWARM\Project_Slave_Sensor_EnviroTrack\Obj: [1]
    ST7565R.o                     344
    STM32L4.o                     160
    button.o                    4'324        5       53
    dma.o                          96
    event_driven.o                 84
    glcd.o                        232             1'036
    gpio.o                        464
    graphics.o                    512
    lcd_display.o               2'848    1'913    1'506
    main.o                        194
    onchipflash.o                 370
    rtc.o                         336                36
    spi.o                         200               100
    startup_stm32l433xx.o         648
    stm32l4xx_hal.o               208        2        9
    stm32l4xx_hal_cortex.o        404
    stm32l4xx_hal_dma.o         1'058
    stm32l4xx_hal_flash.o         440       14       32
    stm32l4xx_hal_flash_ex.o      160
    stm32l4xx_hal_gpio.o          896
    stm32l4xx_hal_msp.o            56
    stm32l4xx_hal_pwr_ex.o        148
    stm32l4xx_hal_rcc.o         2'556
    stm32l4xx_hal_rcc_ex.o      1'256
    stm32l4xx_hal_rtc.o         1'934
    stm32l4xx_hal_rtc_ex.o         74
    stm32l4xx_hal_spi.o         1'322
    stm32l4xx_hal_uart.o        4'044
    stm32l4xx_hal_uart_ex.o       114
    stm32l4xx_it.o                136
    system_stm32l4xx.o             16       74        4
    text.o                        912                12
    text_tiny.o                   656
    unit_tests.o                   20    1'024
    usart.o                       924               624
    user_adv_trace.o              570             1'560
    user_app_comm.o             1'244      228    1'462
    user_app_modbus_rtu.o       1'800      103      578
    user_app_rs485.o              352       28       65
    user_app_sensor.o           4'256      231      332
    user_at_serial.o              476    1'389    1'305
    user_connect_sensor.o         116        3      522
    user_convert_variable.o     1'508
    user_modbus_rtu.o             848
    user_rs485.o                  112        4      522
    user_rtc.o                    936      100       77
    user_string.o                 486
    user_time.o                    88
    user_timer.o                  784                 4
    user_tiny_vsnprintf.o         848       91        8
    user_uart.o                   296       28        3
    user_util.o                   540        9       25
    ---------------------------------------------------
    Total:                     43'406    5'246    9'875

dl7M_tlf.a: [2]
    abort.o                         6
    abs.o                           8
    exit.o                          4
    low_level_init.o                4
    sprintf.o                      64
    xfail_s.o                      64                 4
    xlocale_c.o                     8       28       56
    xprintffull_nomb.o          4'038        8
    xsprout.o                      10
    ---------------------------------------------------
    Total:                      4'206       36       60

m7M_tls.a: [3]
    DblAdd.o                      378
    DblCmpEq.o                     32
    DblCmpGe.o                     46
    DblCmpLe.o                     46
    DblDiv.o                      582
    DblMul.o                      418
    DblSub.o                      226
    DblToFlt.o                    104
    DblToS32.o                     58
    DblToU32.o                     40
    FltToDbl.o                     72
    S32ToDbl.o                     34
    U32ToDbl.o                     26
    fpinit_M.o                     34
    frexp.o                       112
    iar_Exp64.o                 1'000
    ldexp.o                       314
    math_wrappers64.o              22
    pow64.o                     1'772    1'056
    ---------------------------------------------------
    Total:                      5'316    1'056

rt7M_tl.a: [4]
    ABImemcpy.o                   166
    ABImemset.o                   102
    I64DivMod.o                   560
    I64DivZer.o                     2
    cexit.o                        10
    cmain.o                        30
    cstartup_M.o                   12
    data_init.o                    40
    lz77_init_single.o            120
    memchr.o                       88
    memset.o                       20
    strchr.o                       22
    strlen.o                       54
    zero_init3.o                   58
    ---------------------------------------------------
    Total:                      1'284

shb_l.a: [5]
    exit.o                         20
    ---------------------------------------------------
    Total:                         20

    Gaps                           45        8
    Linker created                          32    1'024
-------------------------------------------------------
    Grand Total:               54'277    6'378   10'959


*******************************************************************************
*** ENTRY LIST
***

Entry                       Address   Size  Type      Object
-----                       -------   ----  ----      ------
.iar.init_table$$Base    0x800'e034          --   Gb  - Linker created -
.iar.init_table$$Limit   0x800'e054          --   Gb  - Linker created -
?main                    0x800'e095         Code  Gb  cmain.o [4]
ADV_TRACE_Buffer        0x2000'1320  0x400  Data  Lc  user_adv_trace.o [1]
ADV_TRACE_Ctx           0x2000'2608   0x18  Data  Lc  user_adv_trace.o [1]
AHBPrescTable            0x800'e2d0   0x10  Data  Gb  system_stm32l4xx.o [1]
APBPrescTable            0x800'e6e8    0x8  Data  Gb  system_stm32l4xx.o [1]
AT_CMD_Get_BR_Slave      0x800'3139   0x52  Code  Gb  user_app_sensor.o [1]
AT_CMD_Get_ID_Slave      0x800'304d   0x52  Code  Gb  user_app_sensor.o [1]
AT_CMD_Reset_Slave       0x800'2f89   0x4a  Code  Gb  user_app_sensor.o [1]
AT_CMD_Restore_Slave     0x800'2fdd   0x60  Code  Gb  user_app_sensor.o [1]
AT_CMD_Set_BR_Slave      0x800'318b   0x94  Code  Gb  user_app_sensor.o [1]
AT_CMD_Set_ID_Slave      0x800'309f   0x96  Code  Gb  user_app_sensor.o [1]
AppComm_DBG_Init_RX_Mode
                         0x800'b02d   0x1e  Code  Gb  user_app_comm.o [1]
AppComm_DBG_Init_Uart    0x800'b025    0x8  Code  Gb  user_app_comm.o [1]
AppComm_DBG_Rx_Callback
                         0x800'b053  0x176  Code  Gb  user_app_comm.o [1]
AppComm_DBG_Stop_RX_Mode
                         0x800'b051    0x2  Code  Gb  user_app_comm.o [1]
AppComm_Get_Reset_Source
                         0x800'afed   0x38  Code  Gb  user_app_comm.o [1]
AppComm_IRQ_Timer_CallBack
                         0x800'afad    0xc  Code  Gb  user_app_comm.o [1]
AppComm_Init             0x800'aeef   0x20  Code  Gb  user_app_comm.o [1]
AppComm_Set_Next_TxTimer
                         0x800'afd3    0x2  Code  Gb  user_app_comm.o [1]
AppComm_Task             0x800'af0f   0x9e  Code  Gb  user_app_comm.o [1]
AppComm_Uart_Debug_Send
                         0x800'afd5   0x18  Code  Lc  user_app_comm.o [1]
AppRs485_Task            0x800'bfaf   0x84  Code  Gb  user_app_rs485.o [1]
AppSensor_Task           0x800'326d   0x84  Code  Gb  user_app_sensor.o [1]
BUTTON_Down_Process      0x800'0c25  0x208  Code  Gb  button.o [1]
BUTTON_ESC_Process       0x800'0e49  0x3f0  Code  Gb  button.o [1]
BUTTON_Enter_Process     0x800'02bb  0x764  Code  Gb  button.o [1]
BUTTON_Process           0x800'018d   0x34  Code  Gb  button.o [1]
BUTTON_Up_Process        0x800'0a1f  0x1f6  Code  Gb  button.o [1]
BUTTON_scan              0x800'01c1   0xfa  Code  Gb  button.o [1]
BUTTON_scan::hold       0x2000'266c    0x4  Data  Lc  button.o [1]
BUTTON_scan::last_value
                        0x2000'26c0    0x1  Data  Lc  button.o [1]
BusFault_Handler         0x800'ddc3    0x2  Code  Gb  stm32l4xx_it.o [1]
Button_Stamp1_f         0x2000'2674    0x4  Data  Gb  button.o [1]
Button_Stamp2_f         0x2000'2678    0x4  Data  Gb  button.o [1]
CSTACK$$Base            0x2000'26d8          --   Gb  - Linker created -
CSTACK$$Limit           0x2000'2ad8          --   Gb  - Linker created -
Cal_Time                 0x800'160f   0x12  Code  Gb  user_util.o [1]
Calculator_Scale         0x800'33cd   0x54  Code  Gb  user_convert_variable.o [1]
CheckList_AT_CONFIG     0x2000'0608  0x410  Data  Gb  user_at_serial.o [1]
Check_Time_Out           0x800'15f1   0x1e  Code  Gb  user_util.o [1]
Convert_Point_Int_To_String
                         0x800'3421   0xce  Code  Gb  user_convert_variable.o [1]
Convert_Point_Int_To_String_Scale
                         0x800'34ef   0xea  Code  Gb  user_convert_variable.o [1]
Convert_Scale            0x800'1761   0x5c  Code  Gb  user_util.o [1]
Convert_String_To_Dec    0x800'3749   0x5c  Code  Gb  user_convert_variable.o [1]
Convert_uint32Hex_To_Float
                         0x800'3605  0x144  Code  Gb  user_convert_variable.o [1]
CountBufferHandleRecvSS
                        0x2000'26ba    0x2  Data  Gb  user_app_sensor.o [1]
DMA1_Channel3_IRQHandler
                         0x800'dddd    0xa  Code  Gb  stm32l4xx_it.o [1]
DMA1_Channel5_IRQHandler
                         0x800'dde7    0xa  Code  Gb  stm32l4xx_it.o [1]
DMA2_Channel7_IRQHandler
                         0x800'de0f    0xa  Code  Gb  stm32l4xx_it.o [1]
DMA_SetConfig            0x800'9101   0x32  Code  Lc  stm32l4xx_hal_dma.o [1]
DaysInMonth              0x800'e674    0xc  Data  Lc  user_rtc.o [1]
DaysInMonthLeapYear      0x800'e680    0xc  Data  Lc  user_rtc.o [1]
DebugMon_Handler         0x800'ddc9    0x2  Code  Gb  stm32l4xx_it.o [1]
Display_Check_Password   0x800'21b5   0x2e  Code  Gb  lcd_display.o [1]
Display_Check_Toggle     0x800'2039   0xae  Code  Gb  lcd_display.o [1]
Display_Check_Toggle::Hide
                        0x2000'2374   0x60  Data  Lc  lcd_display.o [1]
Display_Check_Toggle::LandMarkToggle_u32
                        0x2000'1d20  0x174  Data  Lc  lcd_display.o [1]
Display_Init             0x800'180d   0x8c  Code  Gb  lcd_display.o [1]
Display_Set_Screen       0x800'217f   0x36  Code  Gb  lcd_display.o [1]
Display_Set_Screen_Flag
                         0x800'2139   0x46  Code  Gb  lcd_display.o [1]
Display_Show_Oject       0x800'1c99  0x3a0  Code  Gb  lcd_display.o [1]
Display_Show_Screen      0x800'20e7   0x52  Code  Gb  lcd_display.o [1]
Display_Show_State_Sensor_Network
                         0x800'21f7   0x50  Code  Gb  lcd_display.o [1]
Display_Show_State_Setting
                         0x800'2247   0x5c  Code  Gb  lcd_display.o [1]
Display_Show_Static_Param
                         0x800'21e3   0x14  Code  Gb  lcd_display.o [1]
Display_Task             0x800'1899   0x7e  Code  Gb  lcd_display.o [1]
Error_Handler            0x800'a88b    0x4  Code  Gb  main.o [1]
FLASH_FlushCaches        0x800'9eb3   0x6a  Code  Gb  stm32l4xx_hal_flash_ex.o [1]
FLASH_PageErase          0x800'9e89   0x2a  Code  Gb  stm32l4xx_hal_flash_ex.o [1]
FLASH_Program_DoubleWord
                         0x800'9e17   0x1a  Code  Lc  stm32l4xx_hal_flash.o [1]
FLASH_Program_Fast       0x800'9e31   0x32  Code  Lc  stm32l4xx_hal_flash.o [1]
FLASH_WaitForLastOperation
                         0x800'9db1   0x66  Code  Gb  stm32l4xx_hal_flash.o [1]
Filter_EC                0x800'28a5    0x2  Code  Gb  user_app_sensor.o [1]
Filter_Salinity          0x800'28a9    0x2  Code  Gb  user_app_sensor.o [1]
Filter_TDS               0x800'28a7    0x2  Code  Gb  user_app_sensor.o [1]
Filter_Temp              0x800'28ab    0x2  Code  Gb  user_app_sensor.o [1]
Find_String_V2           0x800'cb83  0x130  Code  Gb  user_string.o [1]
Find_str_fix             0x800'ccd5   0x94  Code  Gb  user_string.o [1]
Font5x7                  0x800'dba8  0x214  Data  Lc  lcd_display.o [1]
Get_RTC                  0x800'bea1   0x4e  Code  Gb  user_time.o [1]
HAL_DMA_Abort            0x800'8f5d   0x54  Code  Gb  stm32l4xx_hal_dma.o [1]
HAL_DMA_Abort_IT         0x800'8fb1   0x5e  Code  Gb  stm32l4xx_hal_dma.o [1]
HAL_DMA_DeInit           0x800'8df1   0xb8  Code  Gb  stm32l4xx_hal_dma.o [1]
HAL_DMA_IRQHandler       0x800'900f   0xf2  Code  Gb  stm32l4xx_hal_dma.o [1]
HAL_DMA_Init             0x800'8d11   0xe0  Code  Gb  stm32l4xx_hal_dma.o [1]
HAL_DMA_Start_IT         0x800'8ec5   0x98  Code  Gb  stm32l4xx_hal_dma.o [1]
HAL_Delay                0x800'53ed   0x28  Code  Wk  stm32l4xx_hal.o [1]
HAL_FLASH_Lock           0x800'9da3    0xe  Code  Gb  stm32l4xx_hal_flash.o [1]
HAL_FLASH_Program        0x800'9cd1   0xb0  Code  Gb  stm32l4xx_hal_flash.o [1]
HAL_FLASH_Unlock         0x800'9d81   0x22  Code  Gb  stm32l4xx_hal_flash.o [1]
HAL_GPIO_DeInit          0x800'1433  0x166  Code  Gb  stm32l4xx_hal_gpio.o [1]
HAL_GPIO_Init            0x800'1271  0x1c2  Code  Gb  stm32l4xx_hal_gpio.o [1]
HAL_GPIO_ReadPin         0x800'1599   0x16  Code  Gb  stm32l4xx_hal_gpio.o [1]
HAL_GPIO_WritePin        0x800'15af   0x18  Code  Gb  stm32l4xx_hal_gpio.o [1]
HAL_GetTick              0x800'4561    0xc  Code  Wk  stm32l4xx_hal.o [1]
HAL_IncTick              0x800'de45   0x18  Code  Wk  stm32l4xx_hal.o [1]
HAL_Init                 0x800'b611   0x24  Code  Gb  stm32l4xx_hal.o [1]
HAL_InitTick             0x800'b515   0x60  Code  Wk  stm32l4xx_hal.o [1]
HAL_MspInit              0x800'c3bd   0x38  Code  Gb  stm32l4xx_hal_msp.o [1]
HAL_NVIC_DisableIRQ      0x800'8937    0xe  Code  Gb  stm32l4xx_hal_cortex.o [1]
HAL_NVIC_EnableIRQ       0x800'8929    0xe  Code  Gb  stm32l4xx_hal_cortex.o [1]
HAL_NVIC_SetPriority     0x800'88ff   0x2a  Code  Gb  stm32l4xx_hal_cortex.o [1]
HAL_NVIC_SetPriorityGrouping
                         0x800'88f3    0xc  Code  Gb  stm32l4xx_hal_cortex.o [1]
HAL_PWREx_ControlVoltageScaling
                         0x800'b581   0x76  Code  Gb  stm32l4xx_hal_pwr_ex.o [1]
HAL_PWREx_GetVoltageRange
                         0x800'b575    0xc  Code  Gb  stm32l4xx_hal_pwr_ex.o [1]
HAL_RCCEx_PeriphCLKConfig
                         0x800'a8a5  0x34c  Code  Gb  stm32l4xx_hal_rcc_ex.o [1]
HAL_RCC_ClockConfig      0x800'9959  0x17a  Code  Gb  stm32l4xx_hal_rcc.o [1]
HAL_RCC_GetHCLKFreq      0x800'9ba7    0x6  Code  Gb  stm32l4xx_hal_rcc.o [1]
HAL_RCC_GetPCLK1Freq     0x800'9bad   0x1a  Code  Gb  stm32l4xx_hal_rcc.o [1]
HAL_RCC_GetPCLK2Freq     0x800'9bc7   0x1a  Code  Gb  stm32l4xx_hal_rcc.o [1]
HAL_RCC_GetResetSource   0x800'9bf1   0x12  Code  Gb  stm32l4xx_hal_rcc.o [1]
HAL_RCC_GetSysClockFreq
                         0x800'9ad3   0xd4  Code  Gb  stm32l4xx_hal_rcc.o [1]
HAL_RCC_OscConfig        0x800'92d1  0x688  Code  Gb  stm32l4xx_hal_rcc.o [1]
HAL_RTCEx_AlarmBEventCallback
                         0x800'd111    0x2  Code  Wk  stm32l4xx_hal_rtc_ex.o [1]
HAL_RTCEx_EnableBypassShadow
                         0x800'd115   0x48  Code  Gb  stm32l4xx_hal_rtc_ex.o [1]
HAL_RTC_AlarmAEventCallback
                         0x800'ce79    0xc  Code  Gb  user_rtc.o [1]
HAL_RTC_AlarmIRQHandler
                         0x800'c9f9   0x60  Code  Gb  stm32l4xx_hal_rtc.o [1]
HAL_RTC_DeactivateAlarm
                         0x800'c91f   0xda  Code  Gb  stm32l4xx_hal_rtc.o [1]
HAL_RTC_GetDate          0x800'c6e7   0x52  Code  Gb  stm32l4xx_hal_rtc.o [1]
HAL_RTC_GetTime          0x800'c5b5   0x66  Code  Gb  stm32l4xx_hal_rtc.o [1]
HAL_RTC_Init             0x800'c3f5   0xca  Code  Gb  stm32l4xx_hal_rtc.o [1]
HAL_RTC_MspInit          0x800'b959   0x50  Code  Gb  rtc.o [1]
HAL_RTC_SetAlarm_IT      0x800'c739  0x1e6  Code  Gb  stm32l4xx_hal_rtc.o [1]
HAL_RTC_SetDate          0x800'c61b   0xcc  Code  Gb  stm32l4xx_hal_rtc.o [1]
HAL_RTC_SetTime          0x800'c4bf   0xf6  Code  Gb  stm32l4xx_hal_rtc.o [1]
HAL_RTC_WaitForSynchro   0x800'ca59   0x2e  Code  Gb  stm32l4xx_hal_rtc.o [1]
HAL_SPI_Init             0x800'82ad   0xf8  Code  Gb  stm32l4xx_hal_spi.o [1]
HAL_SPI_MspInit          0x800'a755   0x62  Code  Gb  spi.o [1]
HAL_SPI_Transmit         0x800'83a5  0x1fe  Code  Gb  stm32l4xx_hal_spi.o [1]
HAL_SYSTICK_Config       0x800'8945    0xc  Code  Gb  stm32l4xx_hal_cortex.o [1]
HAL_UARTEx_ReceiveToIdle_DMA
                         0x800'925d   0x70  Code  Gb  stm32l4xx_hal_uart_ex.o [1]
HAL_UARTEx_RxEventCallback
                         0x800'916b   0x3e  Code  Gb  user_uart.o [1]
HAL_UARTEx_WakeupCallback
                         0x800'92cd    0x2  Code  Wk  stm32l4xx_hal_uart_ex.o [1]
HAL_UART_ErrorCallback   0x800'91a9   0x3e  Code  Gb  user_uart.o [1]
HAL_UART_IRQHandler      0x800'562d  0x35c  Code  Gb  stm32l4xx_hal_uart.o [1]
HAL_UART_Init            0x800'5489   0x7a  Code  Gb  stm32l4xx_hal_uart.o [1]
HAL_UART_MspDeInit       0x800'8c49   0x80  Code  Gb  usart.o [1]
HAL_UART_MspInit         0x800'8a25  0x224  Code  Gb  usart.o [1]
HAL_UART_Receive_IT      0x800'55cf   0x5e  Code  Gb  stm32l4xx_hal_uart.o [1]
HAL_UART_RxCpltCallback
                         0x800'9135   0x36  Code  Gb  user_uart.o [1]
HAL_UART_Transmit        0x800'5503   0xcc  Code  Gb  stm32l4xx_hal_uart.o [1]
Handle_Data_Measure      0x800'25b5  0x176  Code  Gb  user_app_sensor.o [1]
Handle_Data_Recv_SS_EC   0x800'298d   0xfa  Code  Gb  user_app_sensor.o [1]
Handle_Data_Recv_Sensor
                         0x800'28bf   0x20  Code  Gb  user_app_sensor.o [1]
Handle_Data_Trans_SS_EC
                         0x800'28f3   0x90  Code  Gb  user_app_sensor.o [1]
Handle_Data_Trans_Sensor
                         0x800'28ad   0x12  Code  Gb  user_app_sensor.o [1]
Handle_Float_To_hexUint32
                         0x800'398d   0x24  Code  Gb  user_convert_variable.o [1]
Handle_State_SS_EC       0x800'2a87   0x78  Code  Gb  user_app_sensor.o [1]
Handle_State_Sensor      0x800'28df   0x14  Code  Gb  user_app_sensor.o [1]
Handle_int32_To_Float_Scale
                         0x800'37b1  0x1ac  Code  Gb  user_convert_variable.o [1]
HardFault_Handler        0x800'ddbf    0x2  Code  Gb  stm32l4xx_it.o [1]
IndexUartError          0x2000'26d1    0x1  Data  Lc  user_uart.o [1]
Init_AppRs485            0x800'bf99   0x16  Code  Gb  user_app_rs485.o [1]
Init_AppSensor           0x800'3225   0x3a  Code  Gb  user_app_sensor.o [1]
Init_InforSlaveModbusRTU
                         0x800'3cdd   0x30  Code  Gb  user_app_modbus_rtu.o [1]
Init_ParamCalib          0x800'2dbb  0x116  Code  Gb  user_app_sensor.o [1]
Init_TempAlarm           0x800'2ee5   0xa4  Code  Gb  user_app_sensor.o [1]
Init_UartRs485           0x800'bf5b   0x3e  Code  Gb  user_app_rs485.o [1]
Insert_String_To_String
                         0x800'35d9   0x2a  Code  Gb  user_convert_variable.o [1]
Kind_Trans_Calib        0x2000'26c7    0x1  Data  Gb  user_app_sensor.o [1]
LPUART1_IRQHandler       0x800'de19    0xa  Code  Gb  stm32l4xx_it.o [1]
Liberation_Sans15x21_Numbers
                         0x800'd980  0x228  Data  Lc  lcd_display.o [1]
MSIRangeTable            0x800'df3c   0x30  Data  Gb  system_stm32l4xx.o [1]
MX_DMA_Init              0x800'b805   0x60  Code  Gb  dma.o [1]
MX_GPIO_Init             0x800'b635  0x1d0  Code  Gb  gpio.o [1]
MX_LPUART1_UART_Init     0x800'8975   0x38  Code  Gb  usart.o [1]
MX_RTC_Init              0x800'b865   0xf4  Code  Gb  rtc.o [1]
MX_SPI2_Init             0x800'a705   0x50  Code  Gb  spi.o [1]
MX_USART1_UART_Init      0x800'89ad   0x3c  Code  Gb  usart.o [1]
MX_USART3_UART_Init      0x800'89e9   0x3c  Code  Gb  usart.o [1]
Main_Task                0x800'ae95   0x5a  Code  Gb  user_app_comm.o [1]
MemManage_Handler        0x800'ddc1    0x2  Code  Gb  stm32l4xx_it.o [1]
ModRTU_CRC               0x800'509d   0x3c  Code  Gb  user_modbus_rtu.o [1]
ModRTU_Master_Read_Frame
                         0x800'50d9   0x9c  Code  Gb  user_modbus_rtu.o [1]
ModRTU_Master_Write_Frame
                         0x800'5175   0xe8  Code  Gb  user_modbus_rtu.o [1]
ModRTU_Slave_ACK_Read_Frame
                         0x800'525d   0xa2  Code  Gb  user_modbus_rtu.o [1]
ModRTU_Slave_ACK_Write_Frame
                         0x800'52ff   0xee  Code  Gb  user_modbus_rtu.o [1]
Modem_Check_AT           0x800'bcc5  0x1dc  Code  Gb  user_at_serial.o [1]
Modem_Check_RTU          0x800'3d0d  0x37e  Code  Gb  user_app_modbus_rtu.o [1]
NMI_Handler              0x800'ddbd    0x2  Code  Gb  stm32l4xx_it.o [1]
NONE_Register_CallBack   0x800'39b1    0x6  Code  Gb  user_app_modbus_rtu.o [1]
NVIC_EncodePriority      0x800'8883   0x40  Code  Lc  stm32l4xx_hal_cortex.o [1]
OldPosDMADebug          0x2000'26b6    0x2  Data  Lc  user_app_comm.o [1]
Old_Value_f             0x2000'2670    0x4  Data  Gb  button.o [1]
On_Speaker               0x800'1b73   0x24  Code  Gb  lcd_display.o [1]
OnchipFlashPageErase     0x800'64dd   0x5a  Code  Gb  onchipflash.o [1]
OnchipFlashWriteData     0x800'6451   0x8c  Code  Gb  onchipflash.o [1]
PendSV_Handler           0x800'ddcb    0x2  Code  Gb  stm32l4xx_it.o [1]
PortConfig              0x2000'26cb    0x1  Data  Gb  user_at_serial.o [1]
RC                       0x800'ccb3   0x22  Code  Gb  user_string.o [1]
RCCEx_PLLSAI1_Config     0x800'ac05  0x16e  Code  Lc  stm32l4xx_hal_rcc_ex.o [1]
RCC_SetFlashLatencyFromMSIRange
                         0x800'9c09   0x8a  Code  Lc  stm32l4xx_hal_rcc.o [1]
RS485SS_Init_Data        0x800'5415   0x10  Code  Gb  user_connect_sensor.o [1]
RS485SS_Init_RX_Mode     0x800'5425   0x1e  Code  Gb  user_connect_sensor.o [1]
RS485SS_Rx_Callback      0x800'5445   0x34  Code  Gb  user_connect_sensor.o [1]
RS485SS_Stop_RX_Mode     0x800'5443    0x2  Code  Gb  user_connect_sensor.o [1]
RS485_Done_Calib         0x800'2aff   0x16  Code  Gb  user_app_sensor.o [1]
RS485_Enter_Calib        0x800'2b15   0x20  Code  Gb  user_app_sensor.o [1]
RS485_Init_RX_Mode       0x800'b269   0x1e  Code  Gb  user_rs485.o [1]
RS485_LogData_Calib      0x800'2b35   0x78  Code  Gb  user_app_sensor.o [1]
RS485_Rx_Callback        0x800'b289   0x3c  Code  Gb  user_rs485.o [1]
RS485_Stop_RX_Mode       0x800'b287    0x2  Code  Gb  user_rs485.o [1]
RTC_AlarmStructure      0x2000'2534   0x2c  Data  Lc  user_rtc.o [1]
RTC_Alarm_IRQHandler     0x800'de05    0xa  Code  Gb  stm32l4xx_it.o [1]
RTC_Bcd2ToByte           0x800'cb6d   0x16  Code  Gb  stm32l4xx_hal_rtc.o [1]
RTC_ByteToBcd2           0x800'cb51   0x1c  Code  Gb  stm32l4xx_hal_rtc.o [1]
RTC_EnterInitMode        0x800'ca87   0x4c  Code  Gb  stm32l4xx_hal_rtc.o [1]
RTC_ExitInitMode         0x800'cad3   0x58  Code  Gb  stm32l4xx_hal_rtc.o [1]
RTC_GetCalendarValue     0x800'd04b   0x90  Code  Lc  user_rtc.o [1]
RTC_IF_Convert_Tick2ms   0x800'ce69   0x10  Code  Gb  user_rtc.o [1]
RTC_IF_Convert_ms2Tick   0x800'ce57   0x12  Code  Gb  user_rtc.o [1]
RTC_IF_GetMinimumTimeout
                         0x800'ce53    0x4  Code  Gb  user_rtc.o [1]
RTC_IF_GetTimerContext   0x800'ce17    0x8  Code  Gb  user_rtc.o [1]
RTC_IF_GetTimerElapsedTime
                         0x800'ce1f   0x16  Code  Gb  user_rtc.o [1]
RTC_IF_GetTimerValue     0x800'ce35   0x1e  Code  Gb  user_rtc.o [1]
RTC_IF_Init              0x800'cda1   0x30  Code  Gb  user_rtc.o [1]
RTC_IF_SetTimerContext   0x800'ce01   0x16  Code  Gb  user_rtc.o [1]
RTC_IF_StartTimer        0x800'cdd1    0xe  Code  Gb  user_rtc.o [1]
RTC_IF_StopTimer         0x800'cddf   0x22  Code  Gb  user_rtc.o [1]
RTC_Initalized          0x2000'26d0    0x1  Data  Lc  user_rtc.o [1]
RTC_StartWakeUpAlarm     0x800'ce85  0x1c6  Code  Lc  user_rtc.o [1]
ReInit_Rx_Mode_Uart_Error
                         0x800'91e7   0x5a  Code  Gb  user_uart.o [1]
Read_Register_Rs485      0x800'2bad   0x66  Code  Gb  user_app_sensor.o [1]
Region$$Table$$Base      0x800'e034          --   Gb  - Linker created -
Region$$Table$$Limit     0x800'e054          --   Gb  - Linker created -
Reset_Buff               0x800'1681   0x24  Code  Gb  user_util.o [1]
Rs485SSStatus_u8        0x2000'26cd    0x1  Data  Gb  user_connect_sensor.o [1]
Rs485Status_u8          0x2000'26cf    0x1  Data  Gb  user_rs485.o [1]
RtCountSystick_u32      0x2000'26a4    0x4  Data  Gb  user_util.o [1]
RtcTimerContext         0x2000'25d4   0x1c  Data  Lc  user_rtc.o [1]
SPI_EndRxTxTransaction   0x800'876d   0x6a  Code  Lc  stm32l4xx_hal_spi.o [1]
SPI_WaitFifoStateUntilTimeout
                         0x800'867b   0xee  Code  Lc  stm32l4xx_hal_spi.o [1]
SPI_WaitFlagStateUntilTimeout
                         0x800'85a3   0xd8  Code  Lc  stm32l4xx_hal_spi.o [1]
SVC_Handler              0x800'ddc7    0x2  Code  Gb  stm32l4xx_it.o [1]
Save_Array               0x800'653d   0x86  Code  Gb  onchipflash.o [1]
Save_InforSlaveModbusRTU
                         0x800'3c99   0x44  Code  Gb  user_app_modbus_rtu.o [1]
Save_ParamCalib          0x800'2c59  0x162  Code  Gb  user_app_sensor.o [1]
Send_RS458_Master        0x800'3c61   0x38  Code  Gb  user_app_modbus_rtu.o [1]
Send_RS458_Sensor        0x800'2c13   0x40  Code  Gb  user_app_sensor.o [1]
SysApp_Init              0x800'ae49    0xc  Code  Gb  user_app_comm.o [1]
SysApp_Setting           0x800'ae55   0x40  Code  Gb  user_app_comm.o [1]
SysTick_Config           0x800'88c3   0x30  Code  Lc  stm32l4xx_hal_cortex.o [1]
SysTick_Handler          0x800'ddcd   0x10  Code  Gb  stm32l4xx_it.o [1]
SystemClock_Config       0x800'a7f9   0x92  Code  Gb  main.o [1]
SystemCoreClock         0x2000'03e4    0x4  Data  Gb  system_stm32l4xx.o [1]
SystemInit               0x800'e4c1    0xc  Code  Gb  system_stm32l4xx.o [1]
TRACE_AllocateBufer      0x800'b439   0xa2  Code  Lc  user_adv_trace.o [1]
TRACE_IsLocked           0x800'b4ef   0x10  Code  Lc  user_adv_trace.o [1]
TRACE_Lock               0x800'b4db    0xa  Code  Lc  user_adv_trace.o [1]
TRACE_Send               0x800'b3b3   0x84  Code  Lc  user_adv_trace.o [1]
TRACE_UnLock             0x800'b4e5    0xa  Code  Lc  user_adv_trace.o [1]
TimerExists              0x800'bc2d   0x1a  Code  Gb  user_timer.o [1]
TimerInsertNewHeadTimer
                         0x800'bca1   0x1c  Code  Gb  user_timer.o [1]
TimerInsertTimer         0x800'bc73   0x2e  Code  Gb  user_timer.o [1]
TimerListHead           0x2000'26a0    0x4  Data  Lc  user_timer.o [1]
TimerSetTimeout          0x800'bc47   0x2c  Code  Gb  user_timer.o [1]
TimerTx                 0x2000'2620   0x18  Data  Lc  user_app_comm.o [1]
TxCpltCallback          0x2000'2690    0x4  Data  Lc  user_app_comm.o [1]
UART_AdvFeatureConfig    0x800'5c85   0xda  Code  Gb  stm32l4xx_hal_uart.o [1]
UART_CheckIdleState      0x800'5d5f   0xd2  Code  Gb  stm32l4xx_hal_uart.o [1]
UART_DMAAbortOnError     0x800'6211   0x1a  Code  Lc  stm32l4xx_hal_uart.o [1]
UART_DMAError            0x800'61c1   0x50  Code  Lc  stm32l4xx_hal_uart.o [1]
UART_DMAReceiveCplt      0x800'60f5   0xa2  Code  Lc  stm32l4xx_hal_uart.o [1]
UART_DMARxHalfCplt       0x800'6199   0x28  Code  Lc  stm32l4xx_hal_uart.o [1]
UART_EndRxTransfer       0x800'6097   0x5e  Code  Lc  stm32l4xx_hal_uart.o [1]
UART_EndTransmit_IT      0x800'622b   0x2a  Code  Lc  stm32l4xx_hal_uart.o [1]
UART_EndTxTransfer       0x800'607b   0x1c  Code  Lc  stm32l4xx_hal_uart.o [1]
UART_RxISR_16BIT         0x800'6349   0xee  Code  Lc  stm32l4xx_hal_uart.o [1]
UART_RxISR_8BIT          0x800'6255   0xec  Code  Lc  stm32l4xx_hal_uart.o [1]
UART_SetConfig           0x800'598d  0x2ec  Code  Gb  stm32l4xx_hal_uart.o [1]
UART_Start_Receive_DMA   0x800'5fbf   0xbc  Code  Gb  stm32l4xx_hal_uart.o [1]
UART_Start_Receive_IT    0x800'5ecf   0xf0  Code  Gb  stm32l4xx_hal_uart.o [1]
UART_WaitOnFlagUntilTimeout
                         0x800'5e31   0x9e  Code  Gb  stm32l4xx_hal_uart.o [1]
USART1_IRQHandler        0x800'ddf1    0xa  Code  Gb  stm32l4xx_it.o [1]
USART3_IRQHandler        0x800'ddfb    0xa  Code  Gb  stm32l4xx_it.o [1]
UTIL_ADV_TRACE_COND_FSend
                         0x800'b2d9   0xda  Code  Gb  user_adv_trace.o [1]
UTIL_Log_Str             0x800'1705   0x36  Code  Gb  user_util.o [1]
UTIL_MEM_cpy             0x800'1741   0x1e  Code  Gb  user_util.o [1]
UTIL_MEM_set             0x800'16a5   0x18  Code  Gb  user_util.o [1]
UTIL_Printf              0x800'16bd   0x2c  Code  Gb  user_util.o [1]
UTIL_Printf_Str          0x800'16e9   0x1c  Code  Gb  user_util.o [1]
UTIL_TIMER_Create        0x800'b9c9   0x4c  Code  Gb  user_timer.o [1]
UTIL_TIMER_IRQ_Handler   0x800'bb7b   0xb2  Code  Gb  user_timer.o [1]
UTIL_TIMER_Init          0x800'b9b5   0x14  Code  Gb  user_timer.o [1]
UTIL_TIMER_SetPeriod     0x800'bb41   0x3a  Code  Gb  user_timer.o [1]
UTIL_TIMER_Start         0x800'ba15   0x92  Code  Gb  user_timer.o [1]
UTIL_TIMER_Stop          0x800'baa7   0x9a  Code  Gb  user_timer.o [1]
UTIL_TimerDriver         0x800'df6c   0x2c  Data  Gb  user_rtc.o [1]
UTIL_TraceDriver         0x800'e50c    0xc  Data  Gb  user_app_comm.o [1]
Uart485RxByte           0x2000'26ce    0x1  Data  Lc  user_rs485.o [1]
Uart485SSRxByte         0x2000'26cc    0x1  Data  Lc  user_connect_sensor.o [1]
UartDebugBuff           0x2000'0a70  0x4b0  Data  Gb  user_app_comm.o [1]
UartDebugCountFail      0x2000'26be    0x2  Data  Lc  user_uart.o [1]
UartDebugRxByte         0x2000'26c4    0x1  Data  Gb  user_app_comm.o [1]
Update_ParaDisplay       0x800'1b99   0xf6  Code  Gb  lcd_display.o [1]
UsageFault_Handler       0x800'ddc5    0x2  Code  Gb  stm32l4xx_it.o [1]
User_RTC_Init            0x800'cd69   0x38  Code  Lc  user_rtc.o [1]
UtilFloatToString        0x800'17bd   0x2e  Code  Gb  user_util.o [1]
UtilIntToStringWithScale
                         0x800'1621   0x60  Code  Gb  user_util.o [1]
VLevelDebug             0x2000'0a6c    0x1  Data  Gb  user_util.o [1]
_Cb_Display_Auto_SW      0x800'1a8d   0x7e  Code  Lc  lcd_display.o [1]
_Cb_Display_Auto_SW::MarkButtPressed
                        0x2000'26c3    0x1  Data  Lc  lcd_display.o [1]
_Cb_Display_Auto_SW::cNext
                        0x2000'26b4    0x2  Data  Lc  lcd_display.o [1]
_Cb_Display_Init         0x800'1917   0x52  Code  Lc  lcd_display.o [1]
_Cb_Display_Logo         0x800'1969   0xa8  Code  Lc  lcd_display.o [1]
_Cb_Display_Logo::step_u8
                        0x2000'26c1    0x1  Data  Lc  lcd_display.o [1]
_Cb_Display_Show         0x800'1a11   0x7c  Code  Lc  lcd_display.o [1]
_Cb_Display_Show::LandMarkChange_u32
                        0x2000'2688    0x4  Data  Lc  lcd_display.o [1]
_Cb_Display_Show::ScreenLast
                        0x2000'26c2    0x1  Data  Lc  lcd_display.o [1]
_Cb_HandLer_IDLE         0x800'ae37    0x6  Code  Lc  user_app_comm.o [1]
_Cb_Off_Speaker          0x800'1b5d   0x16  Code  Lc  lcd_display.o [1]
_Cb_R_ModbusRTU_REG_Baudrate
                         0x800'3a5d   0x2e  Code  Gb  user_app_modbus_rtu.o [1]
_Cb_R_ModbusRTU_REG_ID   0x800'39b7   0x2e  Code  Gb  user_app_modbus_rtu.o [1]
_Cb_R_ModbusRTU_REG_Sal_Measure
                         0x800'3c07   0x5a  Code  Gb  user_app_modbus_rtu.o [1]
_Cb_R_ModbusRTU_REG_TDS_Measure
                         0x800'3bad   0x5a  Code  Gb  user_app_modbus_rtu.o [1]
_Cb_R_ModbusRTU_REG_Temp_Measure
                         0x800'3b53   0x5a  Code  Gb  user_app_modbus_rtu.o [1]
_Cb_R_ModbusRTU_REG_pH_Measure
                         0x800'3af9   0x5a  Code  Gb  user_app_modbus_rtu.o [1]
_Cb_Save_Box             0x800'ae43    0x6  Code  Lc  user_app_comm.o [1]
_Cb_Set_RTC              0x800'ae1b   0x1c  Code  Lc  user_app_comm.o [1]
_Cb_TX_Timer_Event       0x800'afb9   0x1a  Code  Lc  user_app_comm.o [1]
_Cb_Timer_IRQ            0x800'ad8d    0xc  Code  Lc  user_app_comm.o [1]
_Cb_Tx_Timer             0x800'ae3d    0x6  Code  Lc  user_app_comm.o [1]
_Cb_Uart_Error           0x800'ae0f    0xc  Code  Lc  user_app_comm.o [1]
_Cb_Uart_Rx_Debug        0x800'ad99   0x76  Code  Lc  user_app_comm.o [1]
_Cb_Uart_Rx_Debug::LastLengthRecv
                        0x2000'26b8    0x2  Data  Lc  user_app_comm.o [1]
_Cb_Uart_Rx_Debug::MarkFirstRecvUart
                        0x2000'26c5    0x1  Data  Lc  user_app_comm.o [1]
_Cb_W_ModbusRTU_REG_Baudrate
                         0x800'3a8b   0x6e  Code  Gb  user_app_modbus_rtu.o [1]
_Cb_W_ModbusRTU_REG_ID   0x800'39e5   0x78  Code  Gb  user_app_modbus_rtu.o [1]
_Cb_button_detect        0x800'1b45   0x18  Code  Lc  lcd_display.o [1]
_Cb_button_scan          0x800'1b0b   0x3a  Code  Lc  lcd_display.o [1]
_LitobFullNoMb           0x800'80a5  0x10a  Code  Lc  xprintffull_nomb.o [2]
_Locale_lconv           0x2000'0a30   0x38  Data  Lc  xlocale_c.o [2]
_PrintfFullNoMb          0x800'72e5  0xd9c  Code  Gb  xprintffull_nomb.o [2]
_PutcharFullNoMb         0x800'8215   0x20  Code  Lc  xprintffull_nomb.o [2]
_PutcharsFullNoMb        0x800'8235   0x2e  Code  Lc  xprintffull_nomb.o [2]
_SProut                  0x800'414b    0xa  Code  Gb  xsprout.o [2]
__NVIC_DisableIRQ        0x800'8831   0x26  Code  Lc  stm32l4xx_hal_cortex.o [1]
__NVIC_EnableIRQ         0x800'8811   0x20  Code  Lc  stm32l4xx_hal_cortex.o [1]
__NVIC_GetPriorityGrouping
                         0x800'8803    0xc  Code  Lc  stm32l4xx_hal_cortex.o [1]
__NVIC_SetPriority       0x800'8857   0x2c  Code  Lc  stm32l4xx_hal_cortex.o [1]
__NVIC_SetPriorityGrouping
                         0x800'87e1   0x22  Code  Lc  stm32l4xx_hal_cortex.o [1]
__aeabi_cdcmpeq          0x800'a011         Code  Gb  DblCmpEq.o [3]
__aeabi_cdcmple          0x800'a0a1         Code  Gb  DblCmpLe.o [3]
__aeabi_cdrcmple         0x800'a0d1         Code  Gb  DblCmpGe.o [3]
__aeabi_d2f              0x800'43b5         Code  Gb  DblToFlt.o [3]
__aeabi_d2iz             0x800'6bbd         Code  Gb  DblToS32.o [3]
__aeabi_d2uiz            0x800'a6d5         Code  Gb  DblToU32.o [3]
__aeabi_dadd             0x800'6a41         Code  Gb  DblAdd.o [3]
__aeabi_ddiv             0x800'416d         Code  Gb  DblDiv.o [3]
__aeabi_dmul             0x800'689d         Code  Gb  DblMul.o [3]
__aeabi_dsub             0x800'9f2d         Code  Gb  DblSub.o [3]
__aeabi_f2d              0x800'4439         Code  Gb  FltToDbl.o [3]
__aeabi_i2d              0x800'4129         Code  Gb  S32ToDbl.o [3]
__aeabi_ldiv0            0x800'9f29         Code  Gb  I64DivZer.o [4]
__aeabi_memcpy           0x800'65c5         Code  Gb  ABImemcpy.o [4]
__aeabi_memcpy4          0x800'65e5         Code  Gb  ABImemcpy.o [4]
__aeabi_memcpy8          0x800'65e5         Code  Gb  ABImemcpy.o [4]
__aeabi_memset           0x800'4aa5         Code  Gb  ABImemset.o [4]
__aeabi_ui2d             0x800'441d         Code  Gb  U32ToDbl.o [3]
__aeabi_uldivmod         0x800'666d         Code  Gb  I64DivMod.o [4]
__cmain                  0x800'e095         Code  Gb  cmain.o [4]
__exit                   0x800'c3a9   0x14  Code  Gb  exit.o [5]
__iar_Exp64              0x800'a101  0x388  Code  Gb  iar_Exp64.o [3]
__iar_Fail_s             0x800'a501   0x1c  Code  Gb  xfail_s.o [2]
__iar_Memchr             0x800'a541         Code  Gb  memchr.o [4]
__iar_Memset             0x800'4aa5         Code  Gb  ABImemset.o [4]
__iar_Memset_word        0x800'4aad         Code  Gb  ABImemset.o [4]
__iar_Strchr             0x800'a4e9         Code  Gb  strchr.o [4]
__iar_dadd               0x800'9f3d         Code  Gb  DblSub.o [3]
__iar_data_init3         0x800'dfe9   0x28  Code  Gb  data_init.o [4]
__iar_dsub               0x800'6a51         Code  Gb  DblAdd.o [3]
__iar_dsubStart          0x800'6a63         Code  Gb  DblAdd.o [3]
__iar_frexp              0x800'a03d         Code  Gb  frexp.o [3]
__iar_frexpl             0x800'a03d         Code  Gb  frexp.o [3]
__iar_init_vfp           0x800'e011         Code  Gb  fpinit_M.o [3]
__iar_ldexp64            0x800'a599         Code  Gb  ldexp.o [3]
__iar_lz77_init_single3
                         0x800'de5d   0x78  Code  Gb  lz77_init_single.o [4]
__iar_pow64              0x800'6bf9  0x6ec  Code  Gb  pow64.o [3]
__iar_pow_medium         0x800'6bf9  0x6ec  Code  Gb  pow64.o [3]
__iar_pow_medium64       0x800'6bf9  0x6ec  Code  Gb  pow64.o [3]
__iar_pow_mediuml        0x800'6bf9  0x6ec  Code  Gb  pow64.o [3]
__iar_program_start      0x800'e68d         Code  Gb  cstartup_M.o [4]
__iar_scalbln64          0x800'a599         Code  Gb  ldexp.o [3]
__iar_scalbn64           0x800'a599         Code  Gb  ldexp.o [3]
__iar_softfp___iar_frexp64
                         0x800'a031         Code  Gb  frexp.o [3]
__iar_softfp_frexp       0x800'a031         Code  Gb  frexp.o [3]
__iar_softfp_frexpl      0x800'a031         Code  Gb  frexp.o [3]
__iar_vfp_pow            0x800'415b   0x10  Code  Gb  math_wrappers64.o [3]
__iar_zero_init3         0x800'40ef   0x3a  Code  Gb  zero_init3.o [4]
__low_level_init         0x800'e0b3    0x4  Code  Gb  low_level_init.o [2]
__vector_table           0x800'0000         Data  Gb  startup_stm32l433xx.o [1]
_call_main               0x800'e0a1         Code  Gb  cmain.o [4]
_exit                    0x800'e0bd         Code  Gb  cexit.o [4]
_main                    0x800'e0af         Code  Gb  cmain.o [4]
aAT_CMD                 0x2000'222c   0x80  Data  Lc  user_at_serial.o [1]
aBaudrate_value         0x2000'04f4   0x2c  Data  Gb  user_app_modbus_rtu.o [1]
aDATA_CALIB             0x2000'2694    0x4  Data  Gb  user_app_sensor.o [1]
aDATA_CONFIG            0x2000'202c   0x80  Data  Lc  user_app_modbus_rtu.o [1]
aDATA_CONFIG            0x2000'21ac   0x80  Data  Lc  user_at_serial.o [1]
aDATA_LOG_REGISTER      0x2000'20ac   0x80  Data  Lc  user_app_modbus_rtu.o [1]
aPASSWORD               0x2000'0084    0x4  Data  Gb  lcd_display.o [1]
aSTT_SETTING_DONE       0x2000'00b8   0x10  Data  Gb  lcd_display.o [1]
aSTT_SETTING_ENTER      0x2000'0098   0x10  Data  Gb  lcd_display.o [1]
aSTT_SETTING_ERROR      0x2000'00c8   0x10  Data  Gb  lcd_display.o [1]
aSTT_SETTING_FREE       0x2000'0088   0x10  Data  Gb  lcd_display.o [1]
aSTT_SETTING_WAIT       0x2000'00a8   0x10  Data  Gb  lcd_display.o [1]
aSampling_STT           0x2000'2560   0x28  Data  Gb  user_app_sensor.o [1]
aSampling_VALUE         0x2000'2588   0x28  Data  Gb  user_app_sensor.o [1]
aTEST                   0x2000'0000    0xc  Data  Lc  button.o [1]
aUART_485SS_DATA        0x2000'1920  0x200  Data  Lc  user_connect_sensor.o [1]
aUART_485_DATA          0x2000'1b20  0x200  Data  Lc  user_rs485.o [1]
aUART_DBG_DMA_RX        0x2000'2310   0x64  Data  Lc  user_app_comm.o [1]
abort                    0x800'b609    0x6  Code  Gb  abort.o [2]
abs                      0x800'87d7    0x8  Code  Gb  abs.o [2]
aframe                  0x2000'212c   0x80  Data  Gb  user_app_modbus_rtu.o [1]
bmp_SV_logo_12864        0x800'd580  0x400  Data  Gb  unit_tests.o [1]
charNotDetectPress      0x2000'0a6a    0x1  Data  Lc  lcd_display.o [1]
delay_ms                 0x800'4555    0xc  Code  Gb  STM32L4.o [1]
ee_number                0x800'c081  0x146  Code  Lc  user_tiny_vsnprintf.o [1]
ee_skip_atoi             0x800'c059   0x28  Code  Lc  user_tiny_vsnprintf.o [1]
exit                     0x800'e0b7    0x4  Code  Gb  exit.o [2]
fevent_active            0x800'47fd   0x1e  Code  Gb  event_driven.o [1]
fevent_detect_connect    0x800'24bf   0x14  Code  Lc  user_app_sensor.o [1]
fevent_disable           0x800'483f   0x12  Code  Gb  event_driven.o [1]
fevent_enable            0x800'481b   0x24  Code  Gb  event_driven.o [1]
fevent_refresh_wdg_hard
                         0x800'24e7   0x52  Code  Lc  user_app_sensor.o [1]
fevent_refresh_wdg_hard::state
                        0x2000'26c8    0x1  Data  Lc  user_app_sensor.o [1]
fevent_rs485_entry       0x800'bef9   0x12  Code  Lc  user_app_rs485.o [1]
fevent_rs485_init_uart   0x800'bf0b   0x2e  Code  Lc  user_app_rs485.o [1]
fevent_rs485_init_uart::stamp
                        0x2000'26c6    0x1  Data  Lc  user_app_rs485.o [1]
fevent_rs485_receive_complete
                         0x800'bf39   0x1c  Code  Lc  user_app_rs485.o [1]
fevent_rs485_refresh     0x800'bf55    0x6  Code  Lc  user_app_rs485.o [1]
fevent_sensor_entry      0x800'232d    0x6  Code  Lc  user_app_sensor.o [1]
fevent_sensor_receive_complete
                         0x800'23f5   0xb6  Code  Lc  user_app_sensor.o [1]
fevent_sensor_receive_handle
                         0x800'23b5   0x40  Code  Lc  user_app_sensor.o [1]
fevent_sensor_reset      0x800'2539   0x7c  Code  Lc  user_app_sensor.o [1]
fevent_sensor_reset::state
                        0x2000'26c9    0x1  Data  Lc  user_app_sensor.o [1]
fevent_sensor_transmit   0x800'2333   0x82  Code  Lc  user_app_sensor.o [1]
fevent_sensor_wait_calib
                         0x800'24ab   0x14  Code  Lc  user_app_sensor.o [1]
fevent_temp_alarm        0x800'24d3   0x14  Code  Lc  user_app_sensor.o [1]
font_current            0x2000'2648    0xc  Data  Gb  text.o [1]
glcd_ST7565R_init        0x800'4a71   0x34  Code  Gb  ST7565R.o [1]
glcd_bbox               0x2000'267c    0x4  Data  Gb  glcd.o [1]
glcd_bbox_refresh        0x800'48f9   0x1c  Code  Gb  glcd.o [1]
glcd_bbox_selected      0x2000'2684    0x4  Data  Gb  glcd.o [1]
glcd_buffer             0x2000'0f20  0x400  Data  Gb  glcd.o [1]
glcd_buffer_selected    0x2000'2680    0x4  Data  Gb  glcd.o [1]
glcd_clear_buffer        0x800'4915   0x24  Code  Gb  glcd.o [1]
glcd_command             0x800'494d   0x1a  Code  Gb  ST7565R.o [1]
glcd_data                0x800'4967   0x1a  Code  Gb  ST7565R.o [1]
glcd_draw_bitmap         0x800'5075   0x1e  Code  Gb  graphics.o [1]
glcd_draw_char_xy        0x800'4b27  0x33a  Code  Gb  text.o [1]
glcd_draw_line           0x800'4f69  0x10c  Code  Gb  graphics.o [1]
glcd_draw_string_xy      0x800'4e61   0x38  Code  Gb  text.o [1]
glcd_enable_backlight    0x800'44e5    0x2  Code  Gb  STM32L4.o [1]
glcd_init                0x800'44c1   0x24  Code  Gb  STM32L4.o [1]
glcd_reset               0x800'4511   0x34  Code  Gb  STM32L4.o [1]
glcd_reset_bbox          0x800'48dd   0x1c  Code  Gb  glcd.o [1]
glcd_select_screen       0x800'4939    0xa  Code  Gb  glcd.o [1]
glcd_set_column_lower    0x800'49e5    0xe  Code  Gb  ST7565R.o [1]
glcd_set_column_upper    0x800'49cf   0x16  Code  Gb  ST7565R.o [1]
glcd_set_contrast        0x800'4981   0x24  Code  Gb  ST7565R.o [1]
glcd_set_font            0x800'4b0d   0x1a  Code  Gb  text.o [1]
glcd_set_pixel           0x800'4e9d   0xcc  Code  Gb  graphics.o [1]
glcd_set_x_address       0x800'49b9   0x16  Code  Gb  ST7565R.o [1]
glcd_set_y_address       0x800'49a5   0x14  Code  Gb  ST7565R.o [1]
glcd_spi_write           0x800'44e7   0x2a  Code  Gb  STM32L4.o [1]
glcd_test_bitmap_128x64
                         0x800'4851    0xe  Code  Gb  unit_tests.o [1]
glcd_tiny_draw_char      0x800'4587  0x21a  Code  Gb  text_tiny.o [1]
glcd_tiny_draw_string    0x800'47a1   0x54  Code  Gb  text_tiny.o [1]
glcd_tiny_set_font       0x800'456d   0x1a  Code  Gb  text_tiny.o [1]
glcd_update_bbox         0x800'4865   0x78  Code  Gb  glcd.o [1]
glcd_write               0x800'49f3   0x70  Code  Gb  ST7565R.o [1]
hdma_lpuart_rx          0x2000'23d4   0x48  Data  Gb  usart.o [1]
hdma_usart1_rx          0x2000'241c   0x48  Data  Gb  usart.o [1]
hdma_usart3_rx          0x2000'2464   0x48  Data  Gb  usart.o [1]
hlpuart1                0x2000'1e94   0x88  Data  Gb  usart.o [1]
hrtc                    0x2000'25b0   0x24  Data  Gb  rtc.o [1]
hspi2                   0x2000'22ac   0x64  Data  Gb  spi.o [1]
huart1                  0x2000'1f1c   0x88  Data  Gb  usart.o [1]
huart3                  0x2000'1fa4   0x88  Data  Gb  usart.o [1]
ldexp                    0x800'a599         Code  Gb  ldexp.o [3]
ldexpl                   0x800'a599         Code  Gb  ldexp.o [3]
lnbias                   0x800'd160  0x420  Data  Lc  pow64.o [3]
localeconv               0x800'a6fd    0x4  Code  Gb  xlocale_c.o [2]
lower_digits            0x2000'0a28    0x4  Data  Lc  user_tiny_vsnprintf.o [1]
main                     0x800'a7cd   0x2c  Code  Gb  main.o [1]
memchr                   0x800'a541         Code  Gb  memchr.o [4]
memset                   0x800'a88f   0x14  Code  Gb  memset.o [4]
pFlash                  0x2000'03c4   0x20  Data  Gb  stm32l4xx_hal_flash.o [1]
pFunc_UTIL_Debug_Send   0x2000'26ac    0x4  Data  Gb  user_util.o [1]
pFunc_UTIL_Log_To_Mem   0x2000'26a8    0x4  Data  Gb  user_util.o [1]
pModemProcessIRQTimer   0x2000'269c    0x4  Data  Gb  user_rtc.o [1]
pow                      0x800'6bf9  0x6ec  Code  Gb  pow64.o [3]
powl                     0x800'6bf9  0x6ec  Code  Gb  pow64.o [3]
quickSort_Sampling       0x800'272b   0x9a  Code  Gb  user_app_sensor.o [1]
quickSort_Sampling_Value
                         0x800'27c5   0xd4  Code  Gb  user_app_sensor.o [1]
quickSort_Sampling_Value::Handle_Once
                        0x2000'26ca    0x1  Data  Lc  user_app_sensor.o [1]
sButton                 0x2000'25f0   0x18  Data  Gb  button.o [1]
sCheckList_Reg_Modbus_RTU
                        0x2000'0468   0x8c  Data  Gb  user_app_modbus_rtu.o [1]
sData_Calib             0x2000'05f8    0x8  Data  Gb  user_app_sensor.o [1]
sEventAppComm           0x2000'03e8   0x70  Data  Gb  user_app_comm.o [1]
sEventAppRs485          0x2000'0528   0x40  Data  Gb  user_app_rs485.o [1]
sEventAppSensor         0x2000'0568   0x90  Data  Gb  user_app_sensor.o [1]
sEventDisplay           0x2000'000c   0x70  Data  Gb  lcd_display.o [1]
sFirmVersion            0x2000'0458    0x8  Data  Gb  user_app_comm.o [1]
sHandleRs485            0x2000'2698    0x4  Data  Gb  user_app_sensor.o [1]
sKindMode485            0x2000'26bc    0x2  Data  Gb  user_app_sensor.o [1]
sLCD                    0x2000'2638   0x10  Data  Gb  lcd_display.o [1]
sLCDObject              0x2000'00d8  0x2e8  Data  Gb  lcd_display.o [1]
sLogData_ModbusRTU      0x2000'0520    0x8  Data  Gb  user_app_modbus_rtu.o [1]
sModelVersion           0x2000'007c    0x8  Data  Gb  lcd_display.o [1]
sParaDisplay            0x2000'24f4   0x40  Data  Gb  lcd_display.o [1]
sRTC                    0x2000'2660    0xc  Data  Gb  user_util.o [1]
sSensor_EC              0x2000'24ac   0x48  Data  Gb  user_app_sensor.o [1]
sSlave_ModbusRTU        0x2000'0a68    0x2  Data  Gb  user_app_modbus_rtu.o [1]
sTempAlarm              0x2000'2654    0xc  Data  Gb  user_app_sensor.o [1]
sUart485                0x2000'0a20    0x8  Data  Gb  user_rs485.o [1]
sUart485SS              0x2000'0a18    0x8  Data  Gb  user_connect_sensor.o [1]
sUartDebug              0x2000'0460    0x8  Data  Gb  user_app_comm.o [1]
scalbln                  0x800'a599         Code  Gb  ldexp.o [3]
scalblnl                 0x800'a599         Code  Gb  ldexp.o [3]
scalbn                   0x800'a599         Code  Gb  ldexp.o [3]
scalbnl                  0x800'a599         Code  Gb  ldexp.o [3]
scale                    0x800'81af   0x46  Code  Lc  xprintffull_nomb.o [2]
sec_hand                0x2000'26b0    0x4  Data  Lc  xfail_s.o [2]
sprintf                  0x800'4481   0x40  Code  Gb  sprintf.o [2]
strATcmd                0x2000'0600    0x8  Data  Gb  user_at_serial.o [1]
strchr                   0x800'a4e9         Code  Gb  strchr.o [4]
strlen                   0x800'40b9         Code  Gb  strlen.o [4]
sztmp                   0x2000'1720  0x200  Data  Lc  user_adv_trace.o [1]
tiny_vsnprintf_like      0x800'c1c7  0x1d6  Code  Gb  user_tiny_vsnprintf.o [1]
upper_digits            0x2000'0a2c    0x4  Data  Lc  user_tiny_vsnprintf.o [1]
uwTick                  0x2000'268c    0x4  Data  Gb  stm32l4xx_hal.o [1]
uwTickFreq              0x2000'0a6b    0x1  Data  Gb  stm32l4xx_hal.o [1]
uwTickPrio              0x2000'03c0    0x4  Data  Gb  stm32l4xx_hal.o [1]
vcom_DeInit              0x800'b1d3   0x1e  Code  Gb  user_app_comm.o [1]
vcom_Init                0x800'b1c9    0xa  Code  Gb  user_app_comm.o [1]
vcom_Trace_DMA           0x800'b1f1   0x24  Code  Gb  user_app_comm.o [1]


[1] = D:\Saoviet_Git\Saoviet_EnviroTrack_M_And_S\Project_Slave_LanChang_EC\Project_Slave_Sensor_EnviroTrack\EWARM\Project_Slave_Sensor_EnviroTrack\Obj
[2] = dl7M_tlf.a
[3] = m7M_tls.a
[4] = rt7M_tl.a
[5] = shb_l.a

  54'277 bytes of readonly  code memory
   6'378 bytes of readonly  data memory
  10'959 bytes of readwrite data memory

Errors: none
Warnings: none
