###############################################################################
#
# IAR ELF Linker V8.40.2.214/W32 for ARM                  21/Nov/2025  16:03:47
# Copyright 2007-2019 IAR Systems AB.
#
#    Output file  =
#        D:\Saoviet_Git\Saoviet_EnviroTrack_M_And_S\Project_Slave_LanChang_EC\Project_Slave_Sensor_EnviroTrack\EWARM\Project_Slave_Sensor_EnviroTrack\Exe\Project_Slave_Sensor_EnviroTrack.out
#    Map file     =
#        D:\Saoviet_Git\Saoviet_EnviroTrack_M_And_S\Project_Slave_LanChang_EC\Project_Slave_Sensor_EnviroTrack\EWARM\Project_Slave_Sensor_EnviroTrack\List\Project_Slave_Sensor_EnviroTrack.map
#    Command line =
#        -f C:\Users\PC\AppData\Local\Temp\EWC7D2.tmp
#        (D:\Saoviet_Git\Saoviet_EnviroTrack_M_And_S\Project_Slave_LanChang_EC\Project_Slave_Sensor_EnviroTrack\EWARM\Project_Slave_Sensor_EnviroTrack\Obj\button.o
#        D:\Saoviet_Git\Saoviet_EnviroTrack_M_And_S\Project_Slave_LanChang_EC\Project_Slave_Sensor_EnviroTrack\EWARM\Project_Slave_Sensor_EnviroTrack\Obj\dma.o
#        D:\Saoviet_Git\Saoviet_EnviroTrack_M_And_S\Project_Slave_LanChang_EC\Project_Slave_Sensor_EnviroTrack\EWARM\Project_Slave_Sensor_EnviroTrack\Obj\event_driven.o
#        D:\Saoviet_Git\Saoviet_EnviroTrack_M_And_S\Project_Slave_LanChang_EC\Project_Slave_Sensor_EnviroTrack\EWARM\Project_Slave_Sensor_EnviroTrack\Obj\glcd.o
#        D:\Saoviet_Git\Saoviet_EnviroTrack_M_And_S\Project_Slave_LanChang_EC\Project_Slave_Sensor_EnviroTrack\EWARM\Project_Slave_Sensor_EnviroTrack\Obj\gpio.o
#        D:\Saoviet_Git\Saoviet_EnviroTrack_M_And_S\Project_Slave_LanChang_EC\Project_Slave_Sensor_EnviroTrack\EWARM\Project_Slave_Sensor_EnviroTrack\Obj\graphics.o
#        D:\Saoviet_Git\Saoviet_EnviroTrack_M_And_S\Project_Slave_LanChang_EC\Project_Slave_Sensor_EnviroTrack\EWARM\Project_Slave_Sensor_EnviroTrack\Obj\graphs.o
#        D:\Saoviet_Git\Saoviet_EnviroTrack_M_And_S\Project_Slave_LanChang_EC\Project_Slave_Sensor_EnviroTrack\EWARM\Project_Slave_Sensor_EnviroTrack\Obj\lcd_display.o
#        D:\Saoviet_Git\Saoviet_EnviroTrack_M_And_S\Project_Slave_LanChang_EC\Project_Slave_Sensor_EnviroTrack\EWARM\Project_Slave_Sensor_EnviroTrack\Obj\main.o
#        D:\Saoviet_Git\Saoviet_EnviroTrack_M_And_S\Project_Slave_LanChang_EC\Project_Slave_Sensor_EnviroTrack\EWARM\Project_Slave_Sensor_EnviroTrack\Obj\NT75451.o
#        D:\Saoviet_Git\Saoviet_EnviroTrack_M_And_S\Project_Slave_LanChang_EC\Project_Slave_Sensor_EnviroTrack\EWARM\Project_Slave_Sensor_EnviroTrack\Obj\onchipflash.o
#        D:\Saoviet_Git\Saoviet_EnviroTrack_M_And_S\Project_Slave_LanChang_EC\Project_Slave_Sensor_EnviroTrack\EWARM\Project_Slave_Sensor_EnviroTrack\Obj\PCD8544.o
#        D:\Saoviet_Git\Saoviet_EnviroTrack_M_And_S\Project_Slave_LanChang_EC\Project_Slave_Sensor_EnviroTrack\EWARM\Project_Slave_Sensor_EnviroTrack\Obj\queue_p.o
#        D:\Saoviet_Git\Saoviet_EnviroTrack_M_And_S\Project_Slave_LanChang_EC\Project_Slave_Sensor_EnviroTrack\EWARM\Project_Slave_Sensor_EnviroTrack\Obj\rtc.o
#        D:\Saoviet_Git\Saoviet_EnviroTrack_M_And_S\Project_Slave_LanChang_EC\Project_Slave_Sensor_EnviroTrack\EWARM\Project_Slave_Sensor_EnviroTrack\Obj\spi.o
#        D:\Saoviet_Git\Saoviet_EnviroTrack_M_And_S\Project_Slave_LanChang_EC\Project_Slave_Sensor_EnviroTrack\EWARM\Project_Slave_Sensor_EnviroTrack\Obj\ST7565R.o
#        D:\Saoviet_Git\Saoviet_EnviroTrack_M_And_S\Project_Slave_LanChang_EC\Project_Slave_Sensor_EnviroTrack\EWARM\Project_Slave_Sensor_EnviroTrack\Obj\startup_stm32l433xx.o
#        D:\Saoviet_Git\Saoviet_EnviroTrack_M_And_S\Project_Slave_LanChang_EC\Project_Slave_Sensor_EnviroTrack\EWARM\Project_Slave_Sensor_EnviroTrack\Obj\STM32F0xx.o
#        D:\Saoviet_Git\Saoviet_EnviroTrack_M_And_S\Project_Slave_LanChang_EC\Project_Slave_Sensor_EnviroTrack\EWARM\Project_Slave_Sensor_EnviroTrack\Obj\STM32F10x.o
#        D:\Saoviet_Git\Saoviet_EnviroTrack_M_And_S\Project_Slave_LanChang_EC\Project_Slave_Sensor_EnviroTrack\EWARM\Project_Slave_Sensor_EnviroTrack\Obj\STM32F4.o
#        D:\Saoviet_Git\Saoviet_EnviroTrack_M_And_S\Project_Slave_LanChang_EC\Project_Slave_Sensor_EnviroTrack\EWARM\Project_Slave_Sensor_EnviroTrack\Obj\STM32L4.o
#        D:\Saoviet_Git\Saoviet_EnviroTrack_M_And_S\Project_Slave_LanChang_EC\Project_Slave_Sensor_EnviroTrack\EWARM\Project_Slave_Sensor_EnviroTrack\Obj\stm32l4xx_hal.o
#        D:\Saoviet_Git\Saoviet_EnviroTrack_M_And_S\Project_Slave_LanChang_EC\Project_Slave_Sensor_EnviroTrack\EWARM\Project_Slave_Sensor_EnviroTrack\Obj\stm32l4xx_hal_cortex.o
#        D:\Saoviet_Git\Saoviet_EnviroTrack_M_And_S\Project_Slave_LanChang_EC\Project_Slave_Sensor_EnviroTrack\EWARM\Project_Slave_Sensor_EnviroTrack\Obj\stm32l4xx_hal_dma.o
#        D:\Saoviet_Git\Saoviet_EnviroTrack_M_And_S\Project_Slave_LanChang_EC\Project_Slave_Sensor_EnviroTrack\EWARM\Project_Slave_Sensor_EnviroTrack\Obj\stm32l4xx_hal_dma_ex.o
#        D:\Saoviet_Git\Saoviet_EnviroTrack_M_And_S\Project_Slave_LanChang_EC\Project_Slave_Sensor_EnviroTrack\EWARM\Project_Slave_Sensor_EnviroTrack\Obj\stm32l4xx_hal_exti.o
#        D:\Saoviet_Git\Saoviet_EnviroTrack_M_And_S\Project_Slave_LanChang_EC\Project_Slave_Sensor_EnviroTrack\EWARM\Project_Slave_Sensor_EnviroTrack\Obj\stm32l4xx_hal_flash.o
#        D:\Saoviet_Git\Saoviet_EnviroTrack_M_And_S\Project_Slave_LanChang_EC\Project_Slave_Sensor_EnviroTrack\EWARM\Project_Slave_Sensor_EnviroTrack\Obj\stm32l4xx_hal_flash_ex.o
#        D:\Saoviet_Git\Saoviet_EnviroTrack_M_And_S\Project_Slave_LanChang_EC\Project_Slave_Sensor_EnviroTrack\EWARM\Project_Slave_Sensor_EnviroTrack\Obj\stm32l4xx_hal_flash_ramfunc.o
#        D:\Saoviet_Git\Saoviet_EnviroTrack_M_And_S\Project_Slave_LanChang_EC\Project_Slave_Sensor_EnviroTrack\EWARM\Project_Slave_Sensor_EnviroTrack\Obj\stm32l4xx_hal_gpio.o
#        D:\Saoviet_Git\Saoviet_EnviroTrack_M_And_S\Project_Slave_LanChang_EC\Project_Slave_Sensor_EnviroTrack\EWARM\Project_Slave_Sensor_EnviroTrack\Obj\stm32l4xx_hal_i2c.o
#        D:\Saoviet_Git\Saoviet_EnviroTrack_M_And_S\Project_Slave_LanChang_EC\Project_Slave_Sensor_EnviroTrack\EWARM\Project_Slave_Sensor_EnviroTrack\Obj\stm32l4xx_hal_i2c_ex.o
#        D:\Saoviet_Git\Saoviet_EnviroTrack_M_And_S\Project_Slave_LanChang_EC\Project_Slave_Sensor_EnviroTrack\EWARM\Project_Slave_Sensor_EnviroTrack\Obj\stm32l4xx_hal_msp.o
#        D:\Saoviet_Git\Saoviet_EnviroTrack_M_And_S\Project_Slave_LanChang_EC\Project_Slave_Sensor_EnviroTrack\EWARM\Project_Slave_Sensor_EnviroTrack\Obj\stm32l4xx_hal_pwr.o
#        D:\Saoviet_Git\Saoviet_EnviroTrack_M_And_S\Project_Slave_LanChang_EC\Project_Slave_Sensor_EnviroTrack\EWARM\Project_Slave_Sensor_EnviroTrack\Obj\stm32l4xx_hal_pwr_ex.o
#        D:\Saoviet_Git\Saoviet_EnviroTrack_M_And_S\Project_Slave_LanChang_EC\Project_Slave_Sensor_EnviroTrack\EWARM\Project_Slave_Sensor_EnviroTrack\Obj\stm32l4xx_hal_rcc.o
#        D:\Saoviet_Git\Saoviet_EnviroTrack_M_And_S\Project_Slave_LanChang_EC\Project_Slave_Sensor_EnviroTrack\EWARM\Project_Slave_Sensor_EnviroTrack\Obj\stm32l4xx_hal_rcc_ex.o
#        D:\Saoviet_Git\Saoviet_EnviroTrack_M_And_S\Project_Slave_LanChang_EC\Project_Slave_Sensor_EnviroTrack\EWARM\Project_Slave_Sensor_EnviroTrack\Obj\stm32l4xx_hal_rtc.o
#        D:\Saoviet_Git\Saoviet_EnviroTrack_M_And_S\Project_Slave_LanChang_EC\Project_Slave_Sensor_EnviroTrack\EWARM\Project_Slave_Sensor_EnviroTrack\Obj\stm32l4xx_hal_rtc_ex.o
#        D:\Saoviet_Git\Saoviet_EnviroTrack_M_And_S\Project_Slave_LanChang_EC\Project_Slave_Sensor_EnviroTrack\EWARM\Project_Slave_Sensor_EnviroTrack\Obj\stm32l4xx_hal_spi.o
#        D:\Saoviet_Git\Saoviet_EnviroTrack_M_And_S\Project_Slave_LanChang_EC\Project_Slave_Sensor_EnviroTrack\EWARM\Project_Slave_Sensor_EnviroTrack\Obj\stm32l4xx_hal_spi_ex.o
#        D:\Saoviet_Git\Saoviet_EnviroTrack_M_And_S\Project_Slave_LanChang_EC\Project_Slave_Sensor_EnviroTrack\EWARM\Project_Slave_Sensor_EnviroTrack\Obj\stm32l4xx_hal_uart.o
#        D:\Saoviet_Git\Saoviet_EnviroTrack_M_And_S\Project_Slave_LanChang_EC\Project_Slave_Sensor_EnviroTrack\EWARM\Project_Slave_Sensor_EnviroTrack\Obj\stm32l4xx_hal_uart_ex.o
#        D:\Saoviet_Git\Saoviet_EnviroTrack_M_And_S\Project_Slave_LanChang_EC\Project_Slave_Sensor_EnviroTrack\EWARM\Project_Slave_Sensor_EnviroTrack\Obj\stm32l4xx_it.o
#        D:\Saoviet_Git\Saoviet_EnviroTrack_M_And_S\Project_Slave_LanChang_EC\Project_Slave_Sensor_EnviroTrack\EWARM\Project_Slave_Sensor_EnviroTrack\Obj\system_stm32l4xx.o
#        D:\Saoviet_Git\Saoviet_EnviroTrack_M_And_S\Project_Slave_LanChang_EC\Project_Slave_Sensor_EnviroTrack\EWARM\Project_Slave_Sensor_EnviroTrack\Obj\text.o
#        D:\Saoviet_Git\Saoviet_EnviroTrack_M_And_S\Project_Slave_LanChang_EC\Project_Slave_Sensor_EnviroTrack\EWARM\Project_Slave_Sensor_EnviroTrack\Obj\text_tiny.o
#        D:\Saoviet_Git\Saoviet_EnviroTrack_M_And_S\Project_Slave_LanChang_EC\Project_Slave_Sensor_EnviroTrack\EWARM\Project_Slave_Sensor_EnviroTrack\Obj\unit_tests.o
#        D:\Saoviet_Git\Saoviet_EnviroTrack_M_And_S\Project_Slave_LanChang_EC\Project_Slave_Sensor_EnviroTrack\EWARM\Project_Slave_Sensor_EnviroTrack\Obj\usart.o
#        D:\Saoviet_Git\Saoviet_EnviroTrack_M_And_S\Project_Slave_LanChang_EC\Project_Slave_Sensor_EnviroTrack\EWARM\Project_Slave_Sensor_EnviroTrack\Obj\user_adv_trace.o
#        D:\Saoviet_Git\Saoviet_EnviroTrack_M_And_S\Project_Slave_LanChang_EC\Project_Slave_Sensor_EnviroTrack\EWARM\Project_Slave_Sensor_EnviroTrack\Obj\user_app_comm.o
#        D:\Saoviet_Git\Saoviet_EnviroTrack_M_And_S\Project_Slave_LanChang_EC\Project_Slave_Sensor_EnviroTrack\EWARM\Project_Slave_Sensor_EnviroTrack\Obj\user_app_modbus_rtu.o
#        D:\Saoviet_Git\Saoviet_EnviroTrack_M_And_S\Project_Slave_LanChang_EC\Project_Slave_Sensor_EnviroTrack\EWARM\Project_Slave_Sensor_EnviroTrack\Obj\user_app_rs485.o
#        D:\Saoviet_Git\Saoviet_EnviroTrack_M_And_S\Project_Slave_LanChang_EC\Project_Slave_Sensor_EnviroTrack\EWARM\Project_Slave_Sensor_EnviroTrack\Obj\user_app_sensor.o
#        D:\Saoviet_Git\Saoviet_EnviroTrack_M_And_S\Project_Slave_LanChang_EC\Project_Slave_Sensor_EnviroTrack\EWARM\Project_Slave_Sensor_EnviroTrack\Obj\user_at_serial.o
#        D:\Saoviet_Git\Saoviet_EnviroTrack_M_And_S\Project_Slave_LanChang_EC\Project_Slave_Sensor_EnviroTrack\EWARM\Project_Slave_Sensor_EnviroTrack\Obj\user_connect_sensor.o
#        D:\Saoviet_Git\Saoviet_EnviroTrack_M_And_S\Project_Slave_LanChang_EC\Project_Slave_Sensor_EnviroTrack\EWARM\Project_Slave_Sensor_EnviroTrack\Obj\user_convert_variable.o
#        D:\Saoviet_Git\Saoviet_EnviroTrack_M_And_S\Project_Slave_LanChang_EC\Project_Slave_Sensor_EnviroTrack\EWARM\Project_Slave_Sensor_EnviroTrack\Obj\user_internal_mem.o
#        D:\Saoviet_Git\Saoviet_EnviroTrack_M_And_S\Project_Slave_LanChang_EC\Project_Slave_Sensor_EnviroTrack\EWARM\Project_Slave_Sensor_EnviroTrack\Obj\user_mem_comm.o
#        D:\Saoviet_Git\Saoviet_EnviroTrack_M_And_S\Project_Slave_LanChang_EC\Project_Slave_Sensor_EnviroTrack\EWARM\Project_Slave_Sensor_EnviroTrack\Obj\user_modbus_rtu.o
#        D:\Saoviet_Git\Saoviet_EnviroTrack_M_And_S\Project_Slave_LanChang_EC\Project_Slave_Sensor_EnviroTrack\EWARM\Project_Slave_Sensor_EnviroTrack\Obj\user_obis_sv.o
#        D:\Saoviet_Git\Saoviet_EnviroTrack_M_And_S\Project_Slave_LanChang_EC\Project_Slave_Sensor_EnviroTrack\EWARM\Project_Slave_Sensor_EnviroTrack\Obj\user_rs485.o
#        D:\Saoviet_Git\Saoviet_EnviroTrack_M_And_S\Project_Slave_LanChang_EC\Project_Slave_Sensor_EnviroTrack\EWARM\Project_Slave_Sensor_EnviroTrack\Obj\user_rtc.o
#        D:\Saoviet_Git\Saoviet_EnviroTrack_M_And_S\Project_Slave_LanChang_EC\Project_Slave_Sensor_EnviroTrack\EWARM\Project_Slave_Sensor_EnviroTrack\Obj\user_string.o
#        D:\Saoviet_Git\Saoviet_EnviroTrack_M_And_S\Project_Slave_LanChang_EC\Project_Slave_Sensor_EnviroTrack\EWARM\Project_Slave_Sensor_EnviroTrack\Obj\user_time.o
#        D:\Saoviet_Git\Saoviet_EnviroTrack_M_And_S\Project_Slave_LanChang_EC\Project_Slave_Sensor_EnviroTrack\EWARM\Project_Slave_Sensor_EnviroTrack\Obj\user_timer.o
#        D:\Saoviet_Git\Saoviet_EnviroTrack_M_And_S\Project_Slave_LanChang_EC\Project_Slave_Sensor_EnviroTrack\EWARM\Project_Slave_Sensor_EnviroTrack\Obj\user_tiny_vsnprintf.o
#        D:\Saoviet_Git\Saoviet_EnviroTrack_M_And_S\Project_Slave_LanChang_EC\Project_Slave_Sensor_EnviroTrack\EWARM\Project_Slave_Sensor_EnviroTrack\Obj\user_uart.o
#        D:\Saoviet_Git\Saoviet_EnviroTrack_M_And_S\Project_Slave_LanChang_EC\Project_Slave_Sensor_EnviroTrack\EWARM\Project_Slave_Sensor_EnviroTrack\Obj\user_util.o
#        --no_out_extension -o
#        D:\Saoviet_Git\Saoviet_EnviroTrack_M_And_S\Project_Slave_LanChang_EC\Project_Slave_Sensor_EnviroTrack\EWARM\Project_Slave_Sensor_EnviroTrack\Exe\Project_Slave_Sensor_EnviroTrack.out
#        --redirect _Printf=_PrintfFullNoMb --redirect _Scanf=_ScanfFullNoMb
#        --map
#        D:\Saoviet_Git\Saoviet_EnviroTrack_M_And_S\Project_Slave_LanChang_EC\Project_Slave_Sensor_EnviroTrack\EWARM\Project_Slave_Sensor_EnviroTrack\List\Project_Slave_Sensor_EnviroTrack.map
#        --config
#        D:\Saoviet_Git\Saoviet_EnviroTrack_M_And_S\Project_Slave_LanChang_EC\Project_Slave_Sensor_EnviroTrack\EWARM/stm32l433xx_flash.icf
#        --semihosting --entry __iar_program_start --vfe --text_out locale)
#
###############################################################################

*******************************************************************************
*** RUNTIME MODEL ATTRIBUTES
***

CppFlavor       = *
__Heap_Handler  = DLMalloc
__SystemLibrary = DLib
__dlib_version  = 6


*******************************************************************************
*** HEAP SELECTION
***

The advanced heap was selected because the application calls memory
allocation functions outside of system library functions, and there
are calls to deallocation functions in the application.


*******************************************************************************
*** PLACEMENT SUMMARY
***

"A0":  place at address 0x800'0000 { ro section .intvec };
"P1":  place in [from 0x800'0000 to 0x803'ffff] { ro };
define block CSTACK with size = 1K, alignment = 8 { };
define block HEAP with size = 512, alignment = 8 { };
"P2":  place in [from 0x2000'0000 to 0x2000'ffff] {
          rw, block CSTACK, block HEAP };
initialize by copy { rw };

  Section            Kind         Address    Size  Object
  -------            ----         -------    ----  ------
"A0":                                       0x18c
  .intvec            ro code   0x800'0000   0x18c  startup_stm32l433xx.o [1]
                             - 0x800'018c   0x18c

"P1":                                      0xebb0
  .text              ro code   0x800'018c  0x10fc  button.o [1]
  .text              ro code   0x800'1288   0x380  stm32l4xx_hal_gpio.o [1]
  .text              ro code   0x800'1608   0x21c  user_util.o [1]
  .text              ro code   0x800'1824   0xb1c  lcd_display.o [1]
  .text              ro code   0x800'2340  0x10bc  user_app_sensor.o [1]
  .text              ro code   0x800'33fc   0x5e4  user_convert_variable.o [1]
  .text              ro code   0x800'39e0   0x708  user_app_modbus_rtu.o [1]
  .text              ro code   0x800'40e8    0x36  strlen.o [4]
  .text              ro code   0x800'411e    0x3a  zero_init3.o [4]
  .text              ro code   0x800'4158    0x22  S32ToDbl.o [3]
  .text              ro code   0x800'417a     0xa  xsprout.o [2]
  .text              ro code   0x800'4184    0x16  math_wrappers64.o [3]
  .rodata            const     0x800'419a     0x2  xlocale_c.o [2]
  .text              ro code   0x800'419c   0x246  DblDiv.o [3]
  .rodata            const     0x800'43e2     0x1  xlocale_c.o [2]
  .text              ro code   0x800'43e4    0x68  DblToFlt.o [3]
  .text              ro code   0x800'444c    0x1a  U32ToDbl.o [3]
  .text              ro code   0x800'4468    0x48  FltToDbl.o [3]
  .text              ro code   0x800'44b0    0x40  sprintf.o [2]
  .text              ro code   0x800'44f0    0xa0  STM32L4.o [1]
  .text              ro code   0x800'4590     0xc  stm32l4xx_hal.o [1]
  .text              ro code   0x800'459c   0x290  text_tiny.o [1]
  .text              ro code   0x800'482c    0x54  event_driven.o [1]
  .text              ro code   0x800'4880    0x14  unit_tests.o [1]
  .text              ro code   0x800'4894    0xe8  glcd.o [1]
  .text              ro code   0x800'497c   0x158  ST7565R.o [1]
  .text              ro code   0x800'4ad4    0x66  ABImemset.o [4]
  .text              ro code   0x800'4b3c   0x390  text.o [1]
  .text              ro code   0x800'4ecc   0x200  graphics.o [1]
  .text              ro code   0x800'50cc   0x350  user_modbus_rtu.o [1]
  .text              ro code   0x800'541c   0x39c  usart.o [1]
  .text              ro code   0x800'57b8    0x74  user_connect_sensor.o [1]
  .text              ro code   0x800'582c    0x28  stm32l4xx_hal.o [1]
  .text              ro code   0x800'5854   0xfc8  stm32l4xx_hal_uart.o [1]
  .text              ro code   0x800'681c   0x172  onchipflash.o [1]
  .text              ro code   0x800'6990    0xa6  ABImemcpy.o [4]
  .text              ro code   0x800'6a38   0x230  I64DivMod.o [4]
  .text              ro code   0x800'6c68   0x1a2  DblMul.o [3]
  .text              ro code   0x800'6e0c   0x17a  DblAdd.o [3]
  .text              ro code   0x800'6f88    0x3a  DblToS32.o [3]
  .text              ro code   0x800'6fc4   0x6ec  pow64.o [3]
  .text              ro code   0x800'76b0   0xfc6  xprintffull_nomb.o [2]
  .text              ro code   0x800'8678   0x52a  stm32l4xx_hal_spi.o [1]
  .text              ro code   0x800'8ba2     0x8  abs.o [2]
  .text              ro code   0x800'8baa    0xc2  main.o [1]
  .text              ro code   0x800'8c6c    0x14  memset.o [4]
  .text              ro code   0x800'8c80   0x4e8  stm32l4xx_hal_rcc_ex.o [1]
  .text              ro code   0x800'9168   0x422  stm32l4xx_hal_dma.o [1]
  .text              ro code   0x800'958c   0x194  stm32l4xx_hal_cortex.o [1]
  .text              ro code   0x800'9720   0x128  user_uart.o [1]
  .text              ro code   0x800'9848    0x72  stm32l4xx_hal_uart_ex.o [1]
  .text              ro code   0x800'98bc   0x9fc  stm32l4xx_hal_rcc.o [1]
  .text              ro code   0x800'a2b8     0x2  stm32l4xx_hal_uart.o [1]
  .text              ro code   0x800'a2ba     0x2  stm32l4xx_hal_uart.o [1]
  .text              ro code   0x800'a2bc   0x1b8  stm32l4xx_hal_flash.o [1]
  .text              ro code   0x800'a474    0xa0  stm32l4xx_hal_flash_ex.o [1]
  .text              ro code   0x800'a514     0x2  I64DivZer.o [4]
  .text              ro code   0x800'a518    0xe2  DblSub.o [3]
  .text              ro code   0x800'a5fc    0x20  DblCmpEq.o [3]
  .text              ro code   0x800'a61c    0x70  frexp.o [3]
  .text              ro code   0x800'a68c    0x2e  DblCmpLe.o [3]
  .text              ro code   0x800'a6bc    0x2e  DblCmpGe.o [3]
  .text              ro code   0x800'a6ec   0x3e8  iar_Exp64.o [3]
  .text              ro code   0x800'aad4    0x16  strchr.o [4]
  .text              ro code   0x800'aaec    0x40  xfail_s.o [2]
  .text              ro code   0x800'ab2c    0x58  memchr.o [4]
  .text              ro code   0x800'ab84   0x13a  ldexp.o [3]
  .text              ro code   0x800'acc0    0x28  DblToU32.o [3]
  .text              ro code   0x800'ace8     0x8  xlocale_c.o [2]
  .text              ro code   0x800'acf0    0xc8  spi.o [1]
  .text              ro code   0x800'adb8    0x24  stm32l4xx_hal.o [1]
  .text              ro code   0x800'addc   0x1d0  gpio.o [1]
  .text              ro code   0x800'afac    0x60  dma.o [1]
  .text              ro code   0x800'b00c   0x150  rtc.o [1]
  .text              ro code   0x800'b15c   0x4dc  user_app_comm.o [1]
  .text              ro code   0x800'b638    0x94  stm32l4xx_hal_pwr_ex.o [1]
  .text              ro code   0x800'b6cc    0x70  user_rs485.o [1]
  .text              ro code   0x800'b73c   0x23a  user_adv_trace.o [1]
  .text              ro code   0x800'b978    0x60  stm32l4xx_hal.o [1]
  .text              ro code   0x800'b9d8     0x6  abort.o [2]
  .text              ro code   0x800'b9e0    0x38  stm32l4xx_hal_msp.o [1]
  .text              ro code   0x800'ba18   0x78e  stm32l4xx_hal_rtc.o [1]
  .text              ro code   0x800'c1a8   0x310  user_timer.o [1]
  .text              ro code   0x800'c4b8   0x1dc  user_at_serial.o [1]
  .text              ro code   0x800'c694    0x58  user_time.o [1]
  .text              ro code   0x800'c6ec   0x180  user_app_rs485.o [1]
  .text              ro code   0x800'c86c   0x350  user_tiny_vsnprintf.o [1]
  .text              ro code   0x800'cbbc    0x14  exit.o [5]
  .text              ro code   0x800'cbd0   0x3a8  user_rtc.o [1]
  .text              ro code   0x800'cf78     0x2  stm32l4xx_hal_rtc_ex.o [1]
  .text              ro code   0x800'cf7a   0x1e6  user_string.o [1]
  .text              ro code   0x800'd160    0x48  stm32l4xx_hal_rtc_ex.o [1]
  .rodata            const     0x800'd1a8    0x34  user_app_sensor.o [1]
  .rodata            const     0x800'd1e0   0x420  pow64.o [3]
  .rodata            const     0x800'd600   0x400  unit_tests.o [1]
  .rodata            const     0x800'da00   0x228  lcd_display.o [1]
  .rodata            const     0x800'dc28   0x214  lcd_display.o [1]
  .text              ro code   0x800'de3c    0x88  stm32l4xx_it.o [1]
  .text              ro code   0x800'dec4    0x18  stm32l4xx_hal.o [1]
  .text              ro code   0x800'dedc    0x78  lz77_init_single.o [4]
  .rodata            const     0x800'df54    0x34  user_app_sensor.o [1]
  .rodata            const     0x800'df88    0x30  system_stm32l4xx.o [1]
  .rodata            const     0x800'dfb8    0x2c  user_rtc.o [1]
  .rodata            const     0x800'dfe4    0x28  user_tiny_vsnprintf.o [1]
  .rodata            const     0x800'e00c    0x28  user_tiny_vsnprintf.o [1]
  .text              ro code   0x800'e034    0x28  data_init.o [4]
  .text              ro code   0x800'e05c    0x22  fpinit_M.o [3]
  .iar.init_table    const     0x800'e080    0x20  - Linker created -
  .rodata            const     0x800'e0a0    0x20  user_app_comm.o [1]
  .rodata            const     0x800'e0c0    0x20  user_rtc.o [1]
  .text              ro code   0x800'e0e0    0x1e  cmain.o [4]
  .text              ro code   0x800'e0fe     0x4  low_level_init.o [2]
  .text              ro code   0x800'e102     0x4  exit.o [2]
  .text              ro code   0x800'e108     0xa  cexit.o [4]
  .rodata            const     0x800'e114    0x1c  user_app_comm.o [1]
  .rodata            const     0x800'e130    0x1c  user_app_comm.o [1]
  .rodata            const     0x800'e14c    0x1c  user_app_comm.o [1]
  .rodata            const     0x800'e168    0x1c  user_uart.o [1]
  .rodata            const     0x800'e184    0x18  user_app_comm.o [1]
  .rodata            const     0x800'e19c    0x14  lcd_display.o [1]
  .rodata            const     0x800'e1b0    0x14  user_app_comm.o [1]
  .rodata            const     0x800'e1c4    0x14  user_at_serial.o [1]
  .rodata            const     0x800'e1d8    0x14  user_at_serial.o [1]
  .rodata            const     0x800'e1ec    0x14  user_at_serial.o [1]
  .rodata            const     0x800'e200    0x14  user_at_serial.o [1]
  .rodata            const     0x800'e214    0x14  user_at_serial.o [1]
  .rodata            const     0x800'e228    0x10  lcd_display.o [1]
  .rodata            const     0x800'e238    0x10  lcd_display.o [1]
  .rodata            const     0x800'e248    0x10  lcd_display.o [1]
  .rodata            const     0x800'e258    0x10  lcd_display.o [1]
  .rodata            const     0x800'e268    0x10  lcd_display.o [1]
  .rodata            const     0x800'e278    0x10  lcd_display.o [1]
  .rodata            const     0x800'e288    0x10  lcd_display.o [1]
  .rodata            const     0x800'e298    0x10  lcd_display.o [1]
  .rodata            const     0x800'e2a8    0x10  lcd_display.o [1]
  .rodata            const     0x800'e2b8    0x10  lcd_display.o [1]
  .rodata            const     0x800'e2c8    0x10  lcd_display.o [1]
  .rodata            const     0x800'e2d8    0x10  system_stm32l4xx.o [1]
  .rodata            const     0x800'e2e8    0x10  user_app_sensor.o [1]
  .rodata            const     0x800'e2f8    0x10  user_at_serial.o [1]
  .rodata            const     0x800'e308    0x10  user_at_serial.o [1]
  .rodata            const     0x800'e318    0x10  user_at_serial.o [1]
  .rodata            const     0x800'e328    0x10  user_at_serial.o [1]
  .rodata            const     0x800'e338    0x10  user_at_serial.o [1]
  .rodata            const     0x800'e348    0x10  user_at_serial.o [1]
  .rodata            const     0x800'e358    0x10  user_at_serial.o [1]
  .rodata            const     0x800'e368    0x10  user_at_serial.o [1]
  .rodata            const     0x800'e378    0x10  user_at_serial.o [1]
  .rodata            const     0x800'e388    0x10  user_at_serial.o [1]
  .rodata            const     0x800'e398    0x10  user_at_serial.o [1]
  .rodata            const     0x800'e3a8    0x10  user_at_serial.o [1]
  .rodata            const     0x800'e3b8    0x10  user_at_serial.o [1]
  .rodata            const     0x800'e3c8    0x10  user_at_serial.o [1]
  .rodata            const     0x800'e3d8    0x10  user_at_serial.o [1]
  .rodata            const     0x800'e3e8    0x10  user_at_serial.o [1]
  .rodata            const     0x800'e3f8    0x10  user_at_serial.o [1]
  .rodata            const     0x800'e408    0x10  user_at_serial.o [1]
  .rodata            const     0x800'e418    0x10  user_at_serial.o [1]
  .rodata            const     0x800'e428    0x10  user_at_serial.o [1]
  .rodata            const     0x800'e438    0x10  user_at_serial.o [1]
  .rodata            const     0x800'e448    0x10  user_at_serial.o [1]
  .rodata            const     0x800'e458    0x10  user_at_serial.o [1]
  .rodata            const     0x800'e468    0x10  user_at_serial.o [1]
  .rodata            const     0x800'e478    0x10  user_at_serial.o [1]
  .rodata            const     0x800'e488    0x10  user_at_serial.o [1]
  .rodata            const     0x800'e498    0x10  user_at_serial.o [1]
  .rodata            const     0x800'e4a8    0x10  user_at_serial.o [1]
  .text              ro code   0x800'e4b8    0x10  startup_stm32l433xx.o [1]
  .text              ro code   0x800'e4c8    0x10  system_stm32l4xx.o [1]
  .rodata            const     0x800'e4d8     0xc  lcd_display.o [1]
  .rodata            const     0x800'e4e4     0xc  lcd_display.o [1]
  .rodata            const     0x800'e4f0     0xc  lcd_display.o [1]
  .rodata            const     0x800'e4fc     0xc  lcd_display.o [1]
  .rodata            const     0x800'e508     0xc  lcd_display.o [1]
  .rodata            const     0x800'e514     0xc  lcd_display.o [1]
  .rodata            const     0x800'e520     0xc  lcd_display.o [1]
  .rodata            const     0x800'e52c     0xc  lcd_display.o [1]
  .rodata            const     0x800'e538     0xc  lcd_display.o [1]
  .rodata            const     0x800'e544     0xc  user_app_comm.o [1]
  .rodata            const     0x800'e550     0xc  user_app_sensor.o [1]
  .rodata            const     0x800'e55c     0xc  user_at_serial.o [1]
  .rodata            const     0x800'e568     0xc  user_at_serial.o [1]
  .rodata            const     0x800'e574     0xc  user_at_serial.o [1]
  .rodata            const     0x800'e580     0xc  user_at_serial.o [1]
  .rodata            const     0x800'e58c     0xc  user_at_serial.o [1]
  .rodata            const     0x800'e598     0xc  user_at_serial.o [1]
  .rodata            const     0x800'e5a4     0xc  user_at_serial.o [1]
  .rodata            const     0x800'e5b0     0xc  user_at_serial.o [1]
  .rodata            const     0x800'e5bc     0xc  user_at_serial.o [1]
  .rodata            const     0x800'e5c8     0xc  user_at_serial.o [1]
  .rodata            const     0x800'e5d4     0xc  user_at_serial.o [1]
  .rodata            const     0x800'e5e0     0xc  user_at_serial.o [1]
  .rodata            const     0x800'e5ec     0xc  user_at_serial.o [1]
  .rodata            const     0x800'e5f8     0xc  user_at_serial.o [1]
  .rodata            const     0x800'e604     0xc  user_at_serial.o [1]
  .rodata            const     0x800'e610     0xc  user_at_serial.o [1]
  .rodata            const     0x800'e61c     0xc  user_at_serial.o [1]
  .rodata            const     0x800'e628     0xc  user_at_serial.o [1]
  .rodata            const     0x800'e634     0xc  user_at_serial.o [1]
  .rodata            const     0x800'e640     0xc  user_at_serial.o [1]
  .rodata            const     0x800'e64c     0xc  user_at_serial.o [1]
  .rodata            const     0x800'e658     0xc  user_at_serial.o [1]
  .rodata            const     0x800'e664     0xc  user_at_serial.o [1]
  .rodata            const     0x800'e670     0xc  user_at_serial.o [1]
  .rodata            const     0x800'e67c     0xc  user_at_serial.o [1]
  .rodata            const     0x800'e688     0xc  user_at_serial.o [1]
  .rodata            const     0x800'e694     0xc  user_at_serial.o [1]
  .rodata            const     0x800'e6a0     0xc  user_at_serial.o [1]
  .rodata            const     0x800'e6ac     0xc  user_rtc.o [1]
  .rodata            const     0x800'e6b8     0xc  user_rtc.o [1]
  .text              ro code   0x800'e6c4     0xc  cstartup_M.o [4]
  .rodata            const     0x800'e6d0     0x8  lcd_display.o [1]
  .rodata            const     0x800'e6d8     0x8  lcd_display.o [1]
  .rodata            const     0x800'e6e0     0x8  lcd_display.o [1]
  .rodata            const     0x800'e6e8     0x8  lcd_display.o [1]
  .rodata            const     0x800'e6f0     0x8  lcd_display.o [1]
  .rodata            const     0x800'e6f8     0x8  lcd_display.o [1]
  .rodata            const     0x800'e700     0x8  lcd_display.o [1]
  .rodata            const     0x800'e708     0x8  lcd_display.o [1]
  .rodata            const     0x800'e710     0x8  lcd_display.o [1]
  .rodata            const     0x800'e718     0x8  lcd_display.o [1]
  .rodata            const     0x800'e720     0x8  lcd_display.o [1]
  .rodata            const     0x800'e728     0x8  system_stm32l4xx.o [1]
  .rodata            const     0x800'e730     0x8  user_app_modbus_rtu.o [1]
  .rodata            const     0x800'e738     0x8  user_app_modbus_rtu.o [1]
  .rodata            const     0x800'e740     0x8  user_app_sensor.o [1]
  .rodata            const     0x800'e748     0x8  user_app_sensor.o [1]
  .rodata            const     0x800'e750     0x8  user_app_sensor.o [1]
  .rodata            const     0x800'e758     0x8  user_app_sensor.o [1]
  .rodata            const     0x800'e760     0x8  user_at_serial.o [1]
  .rodata            const     0x800'e768     0x8  user_at_serial.o [1]
  .rodata            const     0x800'e770     0x8  user_at_serial.o [1]
  .rodata            const     0x800'e778     0x8  user_at_serial.o [1]
  .rodata            const     0x800'e780     0x8  user_at_serial.o [1]
  .rodata            const     0x800'e788     0x8  user_tiny_vsnprintf.o [1]
  .rodata            const     0x800'e790     0x8  user_util.o [1]
  .rodata            const     0x800'e798     0x8  xprintffull_nomb.o [2]
  .rodata            const     0x800'e7a0     0x4  lcd_display.o [1]
  .text              ro code   0x800'e7a4     0x4  startup_stm32l433xx.o [1]
  .text              ro code   0x800'e7a8     0x4  startup_stm32l433xx.o [1]
  .text              ro code   0x800'e7ac     0x4  startup_stm32l433xx.o [1]
  .text              ro code   0x800'e7b0     0x4  startup_stm32l433xx.o [1]
  .text              ro code   0x800'e7b4     0x4  startup_stm32l433xx.o [1]
  .text              ro code   0x800'e7b8     0x4  startup_stm32l433xx.o [1]
  .text              ro code   0x800'e7bc     0x4  startup_stm32l433xx.o [1]
  .text              ro code   0x800'e7c0     0x4  startup_stm32l433xx.o [1]
  .text              ro code   0x800'e7c4     0x4  startup_stm32l433xx.o [1]
  .text              ro code   0x800'e7c8     0x4  startup_stm32l433xx.o [1]
  .text              ro code   0x800'e7cc     0x4  startup_stm32l433xx.o [1]
  .text              ro code   0x800'e7d0     0x4  startup_stm32l433xx.o [1]
  .text              ro code   0x800'e7d4     0x4  startup_stm32l433xx.o [1]
  .text              ro code   0x800'e7d8     0x4  startup_stm32l433xx.o [1]
  .text              ro code   0x800'e7dc     0x4  startup_stm32l433xx.o [1]
  .text              ro code   0x800'e7e0     0x4  startup_stm32l433xx.o [1]
  .text              ro code   0x800'e7e4     0x4  startup_stm32l433xx.o [1]
  .text              ro code   0x800'e7e8     0x4  startup_stm32l433xx.o [1]
  .text              ro code   0x800'e7ec     0x4  startup_stm32l433xx.o [1]
  .text              ro code   0x800'e7f0     0x4  startup_stm32l433xx.o [1]
  .text              ro code   0x800'e7f4     0x4  startup_stm32l433xx.o [1]
  .text              ro code   0x800'e7f8     0x4  startup_stm32l433xx.o [1]
  .text              ro code   0x800'e7fc     0x4  startup_stm32l433xx.o [1]
  .text              ro code   0x800'e800     0x4  startup_stm32l433xx.o [1]
  .text              ro code   0x800'e804     0x4  startup_stm32l433xx.o [1]
  .text              ro code   0x800'e808     0x4  startup_stm32l433xx.o [1]
  .text              ro code   0x800'e80c     0x4  startup_stm32l433xx.o [1]
  .text              ro code   0x800'e810     0x4  startup_stm32l433xx.o [1]
  .text              ro code   0x800'e814     0x4  startup_stm32l433xx.o [1]
  .text              ro code   0x800'e818     0x4  startup_stm32l433xx.o [1]
  .text              ro code   0x800'e81c     0x4  startup_stm32l433xx.o [1]
  .text              ro code   0x800'e820     0x4  startup_stm32l433xx.o [1]
  .text              ro code   0x800'e824     0x4  startup_stm32l433xx.o [1]
  .text              ro code   0x800'e828     0x4  startup_stm32l433xx.o [1]
  .text              ro code   0x800'e82c     0x4  startup_stm32l433xx.o [1]
  .text              ro code   0x800'e830     0x4  startup_stm32l433xx.o [1]
  .text              ro code   0x800'e834     0x4  startup_stm32l433xx.o [1]
  .text              ro code   0x800'e838     0x4  startup_stm32l433xx.o [1]
  .text              ro code   0x800'e83c     0x4  startup_stm32l433xx.o [1]
  .text              ro code   0x800'e840     0x4  startup_stm32l433xx.o [1]
  .text              ro code   0x800'e844     0x4  startup_stm32l433xx.o [1]
  .text              ro code   0x800'e848     0x4  startup_stm32l433xx.o [1]
  .text              ro code   0x800'e84c     0x4  startup_stm32l433xx.o [1]
  .text              ro code   0x800'e850     0x4  startup_stm32l433xx.o [1]
  .text              ro code   0x800'e854     0x4  startup_stm32l433xx.o [1]
  .text              ro code   0x800'e858     0x4  startup_stm32l433xx.o [1]
  .text              ro code   0x800'e85c     0x4  startup_stm32l433xx.o [1]
  .text              ro code   0x800'e860     0x4  startup_stm32l433xx.o [1]
  .text              ro code   0x800'e864     0x4  startup_stm32l433xx.o [1]
  .text              ro code   0x800'e868     0x4  startup_stm32l433xx.o [1]
  .text              ro code   0x800'e86c     0x4  startup_stm32l433xx.o [1]
  .text              ro code   0x800'e870     0x4  startup_stm32l433xx.o [1]
  .text              ro code   0x800'e874     0x4  startup_stm32l433xx.o [1]
  .text              ro code   0x800'e878     0x4  startup_stm32l433xx.o [1]
  .text              ro code   0x800'e87c     0x4  startup_stm32l433xx.o [1]
  .text              ro code   0x800'e880     0x4  startup_stm32l433xx.o [1]
  .text              ro code   0x800'e884     0x4  startup_stm32l433xx.o [1]
  .text              ro code   0x800'e888     0x4  startup_stm32l433xx.o [1]
  .text              ro code   0x800'e88c     0x4  startup_stm32l433xx.o [1]
  .rodata            const     0x800'e890     0x0  zero_init3.o [4]
  .rodata            const     0x800'e890     0x0  lz77_init_single.o [4]
  Initializer bytes  const     0x800'e890   0x4ac  <for P2-1>
                             - 0x800'ed3c  0xebb0

"P2", part 1 of 3:                          0xa6d
  P2-1                        0x2000'0000   0xa6d  <Init block>
    .data            inited   0x2000'0000     0xc  button.o [1]
    .data            inited   0x2000'000c    0x70  lcd_display.o [1]
    .data            inited   0x2000'007c     0x8  lcd_display.o [1]
    .data            inited   0x2000'0084     0x4  lcd_display.o [1]
    .data            inited   0x2000'0088    0x10  lcd_display.o [1]
    .data            inited   0x2000'0098    0x10  lcd_display.o [1]
    .data            inited   0x2000'00a8    0x10  lcd_display.o [1]
    .data            inited   0x2000'00b8    0x10  lcd_display.o [1]
    .data            inited   0x2000'00c8    0x10  lcd_display.o [1]
    .data            inited   0x2000'00d8   0x2e8  lcd_display.o [1]
    .data            inited   0x2000'03c0     0x4  stm32l4xx_hal.o [1]
    .data            inited   0x2000'03c4    0x20  stm32l4xx_hal_flash.o [1]
    .data            inited   0x2000'03e4     0x4  system_stm32l4xx.o [1]
    .data            inited   0x2000'03e8    0x70  user_app_comm.o [1]
    .data            inited   0x2000'0458     0x8  user_app_comm.o [1]
    .data            inited   0x2000'0460     0x8  user_app_comm.o [1]
    .data            inited   0x2000'0468    0x8c  user_app_modbus_rtu.o [1]
    .data            inited   0x2000'04f4    0x2c  user_app_modbus_rtu.o [1]
    .data            inited   0x2000'0520     0x8  user_app_modbus_rtu.o [1]
    .data            inited   0x2000'0528    0x40  user_app_rs485.o [1]
    .data            inited   0x2000'0568    0x90  user_app_sensor.o [1]
    .data            inited   0x2000'05f8     0x8  user_app_sensor.o [1]
    .data            inited   0x2000'0600     0x8  user_at_serial.o [1]
    .data            inited   0x2000'0608   0x410  user_at_serial.o [1]
    .data            inited   0x2000'0a18     0x8  user_connect_sensor.o [1]
    .data            inited   0x2000'0a20     0x8  user_rs485.o [1]
    .data            inited   0x2000'0a28     0x4  user_tiny_vsnprintf.o [1]
    .data            inited   0x2000'0a2c     0x4  user_tiny_vsnprintf.o [1]
    .data            inited   0x2000'0a30    0x38  xlocale_c.o [2]
    .data            inited   0x2000'0a68     0x2  user_app_modbus_rtu.o [1]
    .data            inited   0x2000'0a6a     0x1  lcd_display.o [1]
    .data            inited   0x2000'0a6b     0x1  stm32l4xx_hal.o [1]
    .data            inited   0x2000'0a6c     0x1  user_util.o [1]
                            - 0x2000'0a6d   0xa6d

"P2", part 2 of 3:                         0x1c64
  .bss               zero     0x2000'0a70   0x4b0  user_app_comm.o [1]
  .bss               zero     0x2000'0f20   0x400  glcd.o [1]
  .bss               zero     0x2000'1320   0x400  user_adv_trace.o [1]
  .bss               zero     0x2000'1720   0x200  user_adv_trace.o [1]
  .bss               zero     0x2000'1920   0x200  user_connect_sensor.o [1]
  .bss               zero     0x2000'1b20   0x200  user_rs485.o [1]
  .bss               zero     0x2000'1d20   0x174  lcd_display.o [1]
  .bss               zero     0x2000'1e94    0x88  usart.o [1]
  .bss               zero     0x2000'1f1c    0x88  usart.o [1]
  .bss               zero     0x2000'1fa4    0x88  usart.o [1]
  .bss               zero     0x2000'202c    0x80  user_app_modbus_rtu.o [1]
  .bss               zero     0x2000'20ac    0x80  user_app_modbus_rtu.o [1]
  .bss               zero     0x2000'212c    0x80  user_app_modbus_rtu.o [1]
  .bss               zero     0x2000'21ac    0x80  user_at_serial.o [1]
  .bss               zero     0x2000'222c    0x80  user_at_serial.o [1]
  .bss               zero     0x2000'22ac    0x64  spi.o [1]
  .bss               zero     0x2000'2310    0x64  user_app_comm.o [1]
  .bss               zero     0x2000'2374    0x60  lcd_display.o [1]
  .bss               zero     0x2000'23d4    0x48  usart.o [1]
  .bss               zero     0x2000'241c    0x48  usart.o [1]
  .bss               zero     0x2000'2464    0x48  usart.o [1]
  .bss               zero     0x2000'24ac    0x48  user_app_sensor.o [1]
  .bss               zero     0x2000'24f4    0x40  lcd_display.o [1]
  .bss               zero     0x2000'2534    0x2c  user_rtc.o [1]
  .bss               zero     0x2000'2560    0x28  user_app_sensor.o [1]
  .bss               zero     0x2000'2588    0x28  user_app_sensor.o [1]
  .bss               zero     0x2000'25b0    0x24  rtc.o [1]
  .bss               zero     0x2000'25d4    0x1c  user_rtc.o [1]
  .bss               zero     0x2000'25f0    0x18  button.o [1]
  .bss               zero     0x2000'2608    0x18  user_adv_trace.o [1]
  .bss               zero     0x2000'2620    0x18  user_app_comm.o [1]
  .bss               zero     0x2000'2638    0x10  lcd_display.o [1]
  .bss               zero     0x2000'2648     0xc  text.o [1]
  .bss               zero     0x2000'2654     0xc  user_app_sensor.o [1]
  .bss               zero     0x2000'2660     0xc  user_util.o [1]
  .bss               zero     0x2000'266c     0x4  button.o [1]
  .bss               zero     0x2000'2670     0x4  button.o [1]
  .bss               zero     0x2000'2674     0x4  button.o [1]
  .bss               zero     0x2000'2678     0x4  button.o [1]
  .bss               zero     0x2000'267c     0x4  glcd.o [1]
  .bss               zero     0x2000'2680     0x4  glcd.o [1]
  .bss               zero     0x2000'2684     0x4  glcd.o [1]
  .bss               zero     0x2000'2688     0x4  lcd_display.o [1]
  .bss               zero     0x2000'268c     0x4  stm32l4xx_hal.o [1]
  .bss               zero     0x2000'2690     0x4  user_app_comm.o [1]
  .bss               zero     0x2000'2694     0x4  user_app_sensor.o [1]
  .bss               zero     0x2000'2698     0x4  user_app_sensor.o [1]
  .bss               zero     0x2000'269c     0x4  user_rtc.o [1]
  .bss               zero     0x2000'26a0     0x4  user_timer.o [1]
  .bss               zero     0x2000'26a4     0x4  user_util.o [1]
  .bss               zero     0x2000'26a8     0x4  user_util.o [1]
  .bss               zero     0x2000'26ac     0x4  user_util.o [1]
  .bss               zero     0x2000'26b0     0x4  xfail_s.o [2]
  .bss               zero     0x2000'26b4     0x2  lcd_display.o [1]
  .bss               zero     0x2000'26b6     0x2  user_app_comm.o [1]
  .bss               zero     0x2000'26b8     0x2  user_app_comm.o [1]
  .bss               zero     0x2000'26ba     0x2  user_app_sensor.o [1]
  .bss               zero     0x2000'26bc     0x2  user_app_sensor.o [1]
  .bss               zero     0x2000'26be     0x2  user_uart.o [1]
  .bss               zero     0x2000'26c0     0x1  button.o [1]
  .bss               zero     0x2000'26c1     0x1  lcd_display.o [1]
  .bss               zero     0x2000'26c2     0x1  lcd_display.o [1]
  .bss               zero     0x2000'26c3     0x1  lcd_display.o [1]
  .bss               zero     0x2000'26c4     0x1  user_app_comm.o [1]
  .bss               zero     0x2000'26c5     0x1  user_app_comm.o [1]
  .bss               zero     0x2000'26c6     0x1  user_app_rs485.o [1]
  .bss               zero     0x2000'26c7     0x1  user_app_sensor.o [1]
  .bss               zero     0x2000'26c8     0x1  user_app_sensor.o [1]
  .bss               zero     0x2000'26c9     0x1  user_app_sensor.o [1]
  .bss               zero     0x2000'26ca     0x1  user_app_sensor.o [1]
  .bss               zero     0x2000'26cb     0x1  user_at_serial.o [1]
  .bss               zero     0x2000'26cc     0x1  user_connect_sensor.o [1]
  .bss               zero     0x2000'26cd     0x1  user_connect_sensor.o [1]
  .bss               zero     0x2000'26ce     0x1  user_rs485.o [1]
  .bss               zero     0x2000'26cf     0x1  user_rs485.o [1]
  .bss               zero     0x2000'26d0     0x1  user_rtc.o [1]
  .bss               zero     0x2000'26d1     0x1  user_uart.o [1]
                            - 0x2000'26d2  0x1c62

"P2", part 3 of 3:                          0x400
  CSTACK                      0x2000'26d8   0x400  <Block>
    CSTACK           uninit   0x2000'26d8   0x400  <Block tail>
                            - 0x2000'2ad8   0x400

Unused ranges:

         From           To      Size
         ----           --      ----
   0x800'ed3c   0x803'ffff  0x3'12c4
  0x2000'0a6d  0x2000'0a6f       0x3
  0x2000'26d4  0x2000'26d7       0x4
  0x2000'2ad8  0x2000'ffff    0xd528


*******************************************************************************
*** INIT TABLE
***

          Address      Size
          -------      ----
Zero (__iar_zero_init3)
    1 destination range, total size 0x1c62:
          0x2000'0a70  0x1c62

Copy/lz77 (__iar_lz77_init_single3)
    1 source range, total size 0x4ac (44% of destination):
           0x800'e890   0x4ac
    1 destination range, total size 0xa6d:
          0x2000'0000   0xa6d



*******************************************************************************
*** MODULE SUMMARY
***

    Module                    ro code  ro data  rw data
    ------                    -------  -------  -------
command line/config:
    ---------------------------------------------------
    Total:

D:\Saoviet_Git\Saoviet_EnviroTrack_M_And_S\Project_Slave_LanChang_EC\Project_Slave_Sensor_EnviroTrack\EWARM\Project_Slave_Sensor_EnviroTrack\Obj: [1]
    ST7565R.o                     344
    STM32L4.o                     160
    button.o                    4'348        5       53
    dma.o                          96
    event_driven.o                 84
    glcd.o                        232             1'036
    gpio.o                        464
    graphics.o                    512
    lcd_display.o               2'844    1'906    1'506
    main.o                        194
    onchipflash.o                 370
    rtc.o                         336                36
    spi.o                         200               100
    startup_stm32l433xx.o         648
    stm32l4xx_hal.o               208        1        9
    stm32l4xx_hal_cortex.o        404
    stm32l4xx_hal_dma.o         1'058
    stm32l4xx_hal_flash.o         440       15       32
    stm32l4xx_hal_flash_ex.o      160
    stm32l4xx_hal_gpio.o          896
    stm32l4xx_hal_msp.o            56
    stm32l4xx_hal_pwr_ex.o        148
    stm32l4xx_hal_rcc.o         2'556
    stm32l4xx_hal_rcc_ex.o      1'256
    stm32l4xx_hal_rtc.o         1'934
    stm32l4xx_hal_rtc_ex.o         74
    stm32l4xx_hal_spi.o         1'322
    stm32l4xx_hal_uart.o        4'044
    stm32l4xx_hal_uart_ex.o       114
    stm32l4xx_it.o                136
    system_stm32l4xx.o             16       74        4
    text.o                        912                12
    text_tiny.o                   656
    unit_tests.o                   20    1'024
    usart.o                       924               624
    user_adv_trace.o              570             1'560
    user_app_comm.o             1'244      229    1'462
    user_app_modbus_rtu.o       1'800      103      578
    user_app_rs485.o              384       29       65
    user_app_sensor.o           4'284      232      332
    user_at_serial.o              476    1'393    1'305
    user_connect_sensor.o         116        4      522
    user_convert_variable.o     1'508
    user_modbus_rtu.o             848
    user_rs485.o                  112        4      522
    user_rtc.o                    936      100       77
    user_string.o                 486
    user_time.o                    88
    user_timer.o                  784                 4
    user_tiny_vsnprintf.o         848       91        8
    user_uart.o                   296       28        3
    user_util.o                   540        9       25
    ---------------------------------------------------
    Total:                     43'486    5'247    9'875

dl7M_tlf.a: [2]
    abort.o                         6
    abs.o                           8
    exit.o                          4
    low_level_init.o                4
    sprintf.o                      64
    xfail_s.o                      64                 4
    xlocale_c.o                     8       28       56
    xprintffull_nomb.o          4'038        8
    xsprout.o                      10
    ---------------------------------------------------
    Total:                      4'206       36       60

m7M_tls.a: [3]
    DblAdd.o                      378
    DblCmpEq.o                     32
    DblCmpGe.o                     46
    DblCmpLe.o                     46
    DblDiv.o                      582
    DblMul.o                      418
    DblSub.o                      226
    DblToFlt.o                    104
    DblToS32.o                     58
    DblToU32.o                     40
    FltToDbl.o                     72
    S32ToDbl.o                     34
    U32ToDbl.o                     26
    fpinit_M.o                     34
    frexp.o                       112
    iar_Exp64.o                 1'000
    ldexp.o                       314
    math_wrappers64.o              22
    pow64.o                     1'772    1'056
    ---------------------------------------------------
    Total:                      5'316    1'056

rt7M_tl.a: [4]
    ABImemcpy.o                   166
    ABImemset.o                   102
    I64DivMod.o                   560
    I64DivZer.o                     2
    cexit.o                        10
    cmain.o                        30
    cstartup_M.o                   12
    data_init.o                    40
    lz77_init_single.o            120
    memchr.o                       88
    memset.o                       20
    strchr.o                       22
    strlen.o                       54
    zero_init3.o                   58
    ---------------------------------------------------
    Total:                      1'284

shb_l.a: [5]
    exit.o                         20
    ---------------------------------------------------
    Total:                         20

    Gaps                           41        8
    Linker created                          32    1'024
-------------------------------------------------------
    Grand Total:               54'353    6'379   10'959


*******************************************************************************
*** ENTRY LIST
***

Entry                       Address   Size  Type      Object
-----                       -------   ----  ----      ------
.iar.init_table$$Base    0x800'e080          --   Gb  - Linker created -
.iar.init_table$$Limit   0x800'e0a0          --   Gb  - Linker created -
?main                    0x800'e0e1         Code  Gb  cmain.o [4]
ADV_TRACE_Buffer        0x2000'1320  0x400  Data  Lc  user_adv_trace.o [1]
ADV_TRACE_Ctx           0x2000'2608   0x18  Data  Lc  user_adv_trace.o [1]
AHBPrescTable            0x800'e2d8   0x10  Data  Gb  system_stm32l4xx.o [1]
APBPrescTable            0x800'e728    0x8  Data  Gb  system_stm32l4xx.o [1]
AT_CMD_Get_BR_Slave      0x800'3169   0x52  Code  Gb  user_app_sensor.o [1]
AT_CMD_Get_ID_Slave      0x800'307d   0x52  Code  Gb  user_app_sensor.o [1]
AT_CMD_Reset_Slave       0x800'2fb9   0x4a  Code  Gb  user_app_sensor.o [1]
AT_CMD_Restore_Slave     0x800'3011   0x5e  Code  Gb  user_app_sensor.o [1]
AT_CMD_Set_BR_Slave      0x800'31bb   0x94  Code  Gb  user_app_sensor.o [1]
AT_CMD_Set_ID_Slave      0x800'30cf   0x96  Code  Gb  user_app_sensor.o [1]
AppComm_DBG_Init_RX_Mode
                         0x800'b3fd   0x1e  Code  Gb  user_app_comm.o [1]
AppComm_DBG_Init_Uart    0x800'b3f5    0x8  Code  Gb  user_app_comm.o [1]
AppComm_DBG_Rx_Callback
                         0x800'b423  0x176  Code  Gb  user_app_comm.o [1]
AppComm_DBG_Stop_RX_Mode
                         0x800'b421    0x2  Code  Gb  user_app_comm.o [1]
AppComm_Get_Reset_Source
                         0x800'b3bd   0x38  Code  Gb  user_app_comm.o [1]
AppComm_IRQ_Timer_CallBack
                         0x800'b37d    0xc  Code  Gb  user_app_comm.o [1]
AppComm_Init             0x800'b2bf   0x20  Code  Gb  user_app_comm.o [1]
AppComm_Set_Next_TxTimer
                         0x800'b3a3    0x2  Code  Gb  user_app_comm.o [1]
AppComm_Task             0x800'b2df   0x9e  Code  Gb  user_app_comm.o [1]
AppComm_Uart_Debug_Send
                         0x800'b3a5   0x18  Code  Lc  user_app_comm.o [1]
AppRs485_Task            0x800'c7c5   0x84  Code  Gb  user_app_rs485.o [1]
AppSensor_Task           0x800'329d   0x84  Code  Gb  user_app_sensor.o [1]
BUTTON_Down_Process      0x800'0c3d  0x208  Code  Gb  button.o [1]
BUTTON_ESC_Process       0x800'0e61  0x3f0  Code  Gb  button.o [1]
BUTTON_Enter_Process     0x800'02c1  0x772  Code  Gb  button.o [1]
BUTTON_Process           0x800'018d   0x34  Code  Gb  button.o [1]
BUTTON_Up_Process        0x800'0a33  0x1f6  Code  Gb  button.o [1]
BUTTON_scan              0x800'01c1   0xfe  Code  Gb  button.o [1]
BUTTON_scan::hold       0x2000'266c    0x4  Data  Lc  button.o [1]
BUTTON_scan::last_value
                        0x2000'26c0    0x1  Data  Lc  button.o [1]
BusFault_Handler         0x800'de43    0x2  Code  Gb  stm32l4xx_it.o [1]
Button_Stamp1_f         0x2000'2674    0x4  Data  Gb  button.o [1]
Button_Stamp2_f         0x2000'2678    0x4  Data  Gb  button.o [1]
CSTACK$$Base            0x2000'26d8          --   Gb  - Linker created -
CSTACK$$Limit           0x2000'2ad8          --   Gb  - Linker created -
Cal_Time                 0x800'1627   0x12  Code  Gb  user_util.o [1]
Calculator_Scale         0x800'33fd   0x54  Code  Gb  user_convert_variable.o [1]
CheckList_AT_CONFIG     0x2000'0608  0x410  Data  Gb  user_at_serial.o [1]
Check_Time_Out           0x800'1609   0x1e  Code  Gb  user_util.o [1]
Convert_Point_Int_To_String
                         0x800'3451   0xce  Code  Gb  user_convert_variable.o [1]
Convert_Point_Int_To_String_Scale
                         0x800'351f   0xea  Code  Gb  user_convert_variable.o [1]
Convert_Scale            0x800'1779   0x5c  Code  Gb  user_util.o [1]
Convert_String_To_Dec    0x800'3779   0x5c  Code  Gb  user_convert_variable.o [1]
Convert_uint32Hex_To_Float
                         0x800'3635  0x144  Code  Gb  user_convert_variable.o [1]
CountBufferHandleRecvSS
                        0x2000'26ba    0x2  Data  Gb  user_app_sensor.o [1]
DMA1_Channel3_IRQHandler
                         0x800'de5d    0xa  Code  Gb  stm32l4xx_it.o [1]
DMA1_Channel5_IRQHandler
                         0x800'de67    0xa  Code  Gb  stm32l4xx_it.o [1]
DMA2_Channel7_IRQHandler
                         0x800'de8f    0xa  Code  Gb  stm32l4xx_it.o [1]
DMA_SetConfig            0x800'9559   0x32  Code  Lc  stm32l4xx_hal_dma.o [1]
DaysInMonth              0x800'e6ac    0xc  Data  Lc  user_rtc.o [1]
DaysInMonthLeapYear      0x800'e6b8    0xc  Data  Lc  user_rtc.o [1]
DebugMon_Handler         0x800'de49    0x2  Code  Gb  stm32l4xx_it.o [1]
Display_Check_Password   0x800'21c9   0x2e  Code  Gb  lcd_display.o [1]
Display_Check_Toggle     0x800'204d   0xae  Code  Gb  lcd_display.o [1]
Display_Check_Toggle::Hide
                        0x2000'2374   0x60  Data  Lc  lcd_display.o [1]
Display_Check_Toggle::LandMarkToggle_u32
                        0x2000'1d20  0x174  Data  Lc  lcd_display.o [1]
Display_Init             0x800'1825   0x90  Code  Gb  lcd_display.o [1]
Display_Set_Screen       0x800'2193   0x36  Code  Gb  lcd_display.o [1]
Display_Set_Screen_Flag
                         0x800'214d   0x46  Code  Gb  lcd_display.o [1]
Display_Show_Oject       0x800'1cad  0x3a0  Code  Gb  lcd_display.o [1]
Display_Show_Screen      0x800'20fb   0x52  Code  Gb  lcd_display.o [1]
Display_Show_State_Sensor_Network
                         0x800'220b   0x50  Code  Gb  lcd_display.o [1]
Display_Show_State_Setting
                         0x800'225b   0x5c  Code  Gb  lcd_display.o [1]
Display_Show_Static_Param
                         0x800'21f7   0x14  Code  Gb  lcd_display.o [1]
Display_Task             0x800'18b5   0x7e  Code  Gb  lcd_display.o [1]
Error_Handler            0x800'8c69    0x4  Code  Gb  main.o [1]
FLASH_FlushCaches        0x800'a49f   0x6a  Code  Gb  stm32l4xx_hal_flash_ex.o [1]
FLASH_PageErase          0x800'a475   0x2a  Code  Gb  stm32l4xx_hal_flash_ex.o [1]
FLASH_Program_DoubleWord
                         0x800'a403   0x1a  Code  Lc  stm32l4xx_hal_flash.o [1]
FLASH_Program_Fast       0x800'a41d   0x32  Code  Lc  stm32l4xx_hal_flash.o [1]
FLASH_WaitForLastOperation
                         0x800'a39d   0x66  Code  Gb  stm32l4xx_hal_flash.o [1]
Filter_EC                0x800'28d1    0x2  Code  Gb  user_app_sensor.o [1]
Filter_Salinity          0x800'28d5    0x2  Code  Gb  user_app_sensor.o [1]
Filter_TDS               0x800'28d3    0x2  Code  Gb  user_app_sensor.o [1]
Filter_Temp              0x800'28d7    0x2  Code  Gb  user_app_sensor.o [1]
Find_String_V2           0x800'cf7b  0x130  Code  Gb  user_string.o [1]
Find_str_fix             0x800'd0cd   0x94  Code  Gb  user_string.o [1]
Font5x7                  0x800'dc28  0x214  Data  Lc  lcd_display.o [1]
Get_RTC                  0x800'c695   0x4e  Code  Gb  user_time.o [1]
HAL_DMA_Abort            0x800'93b5   0x54  Code  Gb  stm32l4xx_hal_dma.o [1]
HAL_DMA_Abort_IT         0x800'9409   0x5e  Code  Gb  stm32l4xx_hal_dma.o [1]
HAL_DMA_DeInit           0x800'9249   0xb8  Code  Gb  stm32l4xx_hal_dma.o [1]
HAL_DMA_IRQHandler       0x800'9467   0xf2  Code  Gb  stm32l4xx_hal_dma.o [1]
HAL_DMA_Init             0x800'9169   0xe0  Code  Gb  stm32l4xx_hal_dma.o [1]
HAL_DMA_Start_IT         0x800'931d   0x98  Code  Gb  stm32l4xx_hal_dma.o [1]
HAL_Delay                0x800'582d   0x28  Code  Wk  stm32l4xx_hal.o [1]
HAL_FLASH_Lock           0x800'a38f    0xe  Code  Gb  stm32l4xx_hal_flash.o [1]
HAL_FLASH_Program        0x800'a2bd   0xb0  Code  Gb  stm32l4xx_hal_flash.o [1]
HAL_FLASH_Unlock         0x800'a36d   0x22  Code  Gb  stm32l4xx_hal_flash.o [1]
HAL_GPIO_DeInit          0x800'144b  0x166  Code  Gb  stm32l4xx_hal_gpio.o [1]
HAL_GPIO_Init            0x800'1289  0x1c2  Code  Gb  stm32l4xx_hal_gpio.o [1]
HAL_GPIO_ReadPin         0x800'15b1   0x16  Code  Gb  stm32l4xx_hal_gpio.o [1]
HAL_GPIO_WritePin        0x800'15c7   0x18  Code  Gb  stm32l4xx_hal_gpio.o [1]
HAL_GetTick              0x800'4591    0xc  Code  Wk  stm32l4xx_hal.o [1]
HAL_IncTick              0x800'dec5   0x18  Code  Wk  stm32l4xx_hal.o [1]
HAL_Init                 0x800'adb9   0x24  Code  Gb  stm32l4xx_hal.o [1]
HAL_InitTick             0x800'b979   0x60  Code  Wk  stm32l4xx_hal.o [1]
HAL_MspInit              0x800'b9e1   0x38  Code  Gb  stm32l4xx_hal_msp.o [1]
HAL_NVIC_DisableIRQ      0x800'96e3    0xe  Code  Gb  stm32l4xx_hal_cortex.o [1]
HAL_NVIC_EnableIRQ       0x800'96d5    0xe  Code  Gb  stm32l4xx_hal_cortex.o [1]
HAL_NVIC_SetPriority     0x800'96ab   0x2a  Code  Gb  stm32l4xx_hal_cortex.o [1]
HAL_NVIC_SetPriorityGrouping
                         0x800'969f    0xc  Code  Gb  stm32l4xx_hal_cortex.o [1]
HAL_PWREx_ControlVoltageScaling
                         0x800'b645   0x76  Code  Gb  stm32l4xx_hal_pwr_ex.o [1]
HAL_PWREx_GetVoltageRange
                         0x800'b639    0xc  Code  Gb  stm32l4xx_hal_pwr_ex.o [1]
HAL_RCCEx_PeriphCLKConfig
                         0x800'8c81  0x34c  Code  Gb  stm32l4xx_hal_rcc_ex.o [1]
HAL_RCC_ClockConfig      0x800'9f45  0x17a  Code  Gb  stm32l4xx_hal_rcc.o [1]
HAL_RCC_GetHCLKFreq      0x800'a193    0x6  Code  Gb  stm32l4xx_hal_rcc.o [1]
HAL_RCC_GetPCLK1Freq     0x800'a199   0x1a  Code  Gb  stm32l4xx_hal_rcc.o [1]
HAL_RCC_GetPCLK2Freq     0x800'a1b3   0x1a  Code  Gb  stm32l4xx_hal_rcc.o [1]
HAL_RCC_GetResetSource   0x800'a1dd   0x12  Code  Gb  stm32l4xx_hal_rcc.o [1]
HAL_RCC_GetSysClockFreq
                         0x800'a0bf   0xd4  Code  Gb  stm32l4xx_hal_rcc.o [1]
HAL_RCC_OscConfig        0x800'98bd  0x688  Code  Gb  stm32l4xx_hal_rcc.o [1]
HAL_RTCEx_AlarmBEventCallback
                         0x800'cf79    0x2  Code  Wk  stm32l4xx_hal_rtc_ex.o [1]
HAL_RTCEx_EnableBypassShadow
                         0x800'd161   0x48  Code  Gb  stm32l4xx_hal_rtc_ex.o [1]
HAL_RTC_AlarmAEventCallback
                         0x800'cce1    0xc  Code  Gb  user_rtc.o [1]
HAL_RTC_AlarmIRQHandler
                         0x800'c01d   0x60  Code  Gb  stm32l4xx_hal_rtc.o [1]
HAL_RTC_DeactivateAlarm
                         0x800'bf43   0xda  Code  Gb  stm32l4xx_hal_rtc.o [1]
HAL_RTC_GetDate          0x800'bd0b   0x52  Code  Gb  stm32l4xx_hal_rtc.o [1]
HAL_RTC_GetTime          0x800'bbd9   0x66  Code  Gb  stm32l4xx_hal_rtc.o [1]
HAL_RTC_Init             0x800'ba19   0xca  Code  Gb  stm32l4xx_hal_rtc.o [1]
HAL_RTC_MspInit          0x800'b101   0x50  Code  Gb  rtc.o [1]
HAL_RTC_SetAlarm_IT      0x800'bd5d  0x1e6  Code  Gb  stm32l4xx_hal_rtc.o [1]
HAL_RTC_SetDate          0x800'bc3f   0xcc  Code  Gb  stm32l4xx_hal_rtc.o [1]
HAL_RTC_SetTime          0x800'bae3   0xf6  Code  Gb  stm32l4xx_hal_rtc.o [1]
HAL_RTC_WaitForSynchro   0x800'c07d   0x2e  Code  Gb  stm32l4xx_hal_rtc.o [1]
HAL_SPI_Init             0x800'8679   0xf8  Code  Gb  stm32l4xx_hal_spi.o [1]
HAL_SPI_MspInit          0x800'ad41   0x62  Code  Gb  spi.o [1]
HAL_SPI_Transmit         0x800'8771  0x1fe  Code  Gb  stm32l4xx_hal_spi.o [1]
HAL_SYSTICK_Config       0x800'96f1    0xc  Code  Gb  stm32l4xx_hal_cortex.o [1]
HAL_UARTEx_ReceiveToIdle_DMA
                         0x800'9849   0x70  Code  Gb  stm32l4xx_hal_uart_ex.o [1]
HAL_UARTEx_RxEventCallback
                         0x800'9757   0x3e  Code  Gb  user_uart.o [1]
HAL_UARTEx_WakeupCallback
                         0x800'98b9    0x2  Code  Wk  stm32l4xx_hal_uart_ex.o [1]
HAL_UART_ErrorCallback   0x800'9795   0x3e  Code  Gb  user_uart.o [1]
HAL_UART_IRQHandler      0x800'59f9  0x35c  Code  Gb  stm32l4xx_hal_uart.o [1]
HAL_UART_Init            0x800'5855   0x7a  Code  Gb  stm32l4xx_hal_uart.o [1]
HAL_UART_MspDeInit       0x800'56f1   0x80  Code  Gb  usart.o [1]
HAL_UART_MspInit         0x800'54cd  0x224  Code  Gb  usart.o [1]
HAL_UART_Receive_IT      0x800'599b   0x5e  Code  Gb  stm32l4xx_hal_uart.o [1]
HAL_UART_RxCpltCallback
                         0x800'9721   0x36  Code  Gb  user_uart.o [1]
HAL_UART_Transmit        0x800'58cf   0xcc  Code  Gb  stm32l4xx_hal_uart.o [1]
Handle_Data_Measure      0x800'25e1  0x176  Code  Gb  user_app_sensor.o [1]
Handle_Data_Recv_SS_EC   0x800'29b9   0xfa  Code  Gb  user_app_sensor.o [1]
Handle_Data_Recv_Sensor
                         0x800'28eb   0x20  Code  Gb  user_app_sensor.o [1]
Handle_Data_Trans_SS_EC
                         0x800'291f   0x90  Code  Gb  user_app_sensor.o [1]
Handle_Data_Trans_Sensor
                         0x800'28d9   0x12  Code  Gb  user_app_sensor.o [1]
Handle_Float_To_hexUint32
                         0x800'39bd   0x24  Code  Gb  user_convert_variable.o [1]
Handle_State_SS_EC       0x800'2ab3   0x78  Code  Gb  user_app_sensor.o [1]
Handle_State_Sensor      0x800'290b   0x14  Code  Gb  user_app_sensor.o [1]
Handle_int32_To_Float_Scale
                         0x800'37e1  0x1ac  Code  Gb  user_convert_variable.o [1]
HardFault_Handler        0x800'de3f    0x2  Code  Gb  stm32l4xx_it.o [1]
IndexUartError          0x2000'26d1    0x1  Data  Lc  user_uart.o [1]
Init_AppRs485            0x800'c7af   0x16  Code  Gb  user_app_rs485.o [1]
Init_AppSensor           0x800'3255   0x3a  Code  Gb  user_app_sensor.o [1]
Init_InforSlaveModbusRTU
                         0x800'3d0d   0x30  Code  Gb  user_app_modbus_rtu.o [1]
Init_ParamCalib          0x800'2deb  0x116  Code  Gb  user_app_sensor.o [1]
Init_TempAlarm           0x800'2f15   0xa4  Code  Gb  user_app_sensor.o [1]
Init_UartRs485           0x800'c771   0x3e  Code  Gb  user_app_rs485.o [1]
Insert_String_To_String
                         0x800'3609   0x2a  Code  Gb  user_convert_variable.o [1]
Kind_Trans_Calib        0x2000'26c7    0x1  Data  Gb  user_app_sensor.o [1]
LPUART1_IRQHandler       0x800'de99    0xa  Code  Gb  stm32l4xx_it.o [1]
Liberation_Sans15x21_Numbers
                         0x800'da00  0x228  Data  Lc  lcd_display.o [1]
MSIRangeTable            0x800'df88   0x30  Data  Gb  system_stm32l4xx.o [1]
MX_DMA_Init              0x800'afad   0x60  Code  Gb  dma.o [1]
MX_GPIO_Init             0x800'addd  0x1d0  Code  Gb  gpio.o [1]
MX_LPUART1_UART_Init     0x800'541d   0x38  Code  Gb  usart.o [1]
MX_RTC_Init              0x800'b00d   0xf4  Code  Gb  rtc.o [1]
MX_SPI2_Init             0x800'acf1   0x50  Code  Gb  spi.o [1]
MX_USART1_UART_Init      0x800'5455   0x3c  Code  Gb  usart.o [1]
MX_USART3_UART_Init      0x800'5491   0x3c  Code  Gb  usart.o [1]
Main_Task                0x800'b265   0x5a  Code  Gb  user_app_comm.o [1]
MemManage_Handler        0x800'de41    0x2  Code  Gb  stm32l4xx_it.o [1]
ModRTU_CRC               0x800'50cd   0x3c  Code  Gb  user_modbus_rtu.o [1]
ModRTU_Master_Read_Frame
                         0x800'5109   0x9c  Code  Gb  user_modbus_rtu.o [1]
ModRTU_Master_Write_Frame
                         0x800'51a5   0xe8  Code  Gb  user_modbus_rtu.o [1]
ModRTU_Slave_ACK_Read_Frame
                         0x800'528d   0xa2  Code  Gb  user_modbus_rtu.o [1]
ModRTU_Slave_ACK_Write_Frame
                         0x800'532f   0xee  Code  Gb  user_modbus_rtu.o [1]
Modem_Check_AT           0x800'c4b9  0x1dc  Code  Gb  user_at_serial.o [1]
Modem_Check_RTU          0x800'3d3d  0x37e  Code  Gb  user_app_modbus_rtu.o [1]
NMI_Handler              0x800'de3d    0x2  Code  Gb  stm32l4xx_it.o [1]
NONE_Register_CallBack   0x800'39e1    0x6  Code  Gb  user_app_modbus_rtu.o [1]
NVIC_EncodePriority      0x800'962f   0x40  Code  Lc  stm32l4xx_hal_cortex.o [1]
OldPosDMADebug          0x2000'26b6    0x2  Data  Lc  user_app_comm.o [1]
Old_Value_f             0x2000'2670    0x4  Data  Gb  button.o [1]
On_Speaker               0x800'1b89   0x24  Code  Gb  lcd_display.o [1]
OnchipFlashPageErase     0x800'68a9   0x5a  Code  Gb  onchipflash.o [1]
OnchipFlashWriteData     0x800'681d   0x8c  Code  Gb  onchipflash.o [1]
PendSV_Handler           0x800'de4b    0x2  Code  Gb  stm32l4xx_it.o [1]
PortConfig              0x2000'26cb    0x1  Data  Gb  user_at_serial.o [1]
RC                       0x800'd0ab   0x22  Code  Gb  user_string.o [1]
RCCEx_PLLSAI1_Config     0x800'8fe1  0x16e  Code  Lc  stm32l4xx_hal_rcc_ex.o [1]
RCC_SetFlashLatencyFromMSIRange
                         0x800'a1f5   0x8a  Code  Lc  stm32l4xx_hal_rcc.o [1]
RS485SS_Init_Data        0x800'57b9   0x10  Code  Gb  user_connect_sensor.o [1]
RS485SS_Init_RX_Mode     0x800'57c9   0x1e  Code  Gb  user_connect_sensor.o [1]
RS485SS_Rx_Callback      0x800'57e9   0x34  Code  Gb  user_connect_sensor.o [1]
RS485SS_Stop_RX_Mode     0x800'57e7    0x2  Code  Gb  user_connect_sensor.o [1]
RS485_Done_Calib         0x800'2b2b   0x1c  Code  Gb  user_app_sensor.o [1]
RS485_Enter_Calib        0x800'2b47   0x20  Code  Gb  user_app_sensor.o [1]
RS485_Init_RX_Mode       0x800'b6cd   0x1e  Code  Gb  user_rs485.o [1]
RS485_LogData_Calib      0x800'2b67   0x78  Code  Gb  user_app_sensor.o [1]
RS485_Rx_Callback        0x800'b6ed   0x3c  Code  Gb  user_rs485.o [1]
RS485_Stop_RX_Mode       0x800'b6eb    0x2  Code  Gb  user_rs485.o [1]
RTC_AlarmStructure      0x2000'2534   0x2c  Data  Lc  user_rtc.o [1]
RTC_Alarm_IRQHandler     0x800'de85    0xa  Code  Gb  stm32l4xx_it.o [1]
RTC_Bcd2ToByte           0x800'c191   0x16  Code  Gb  stm32l4xx_hal_rtc.o [1]
RTC_ByteToBcd2           0x800'c175   0x1c  Code  Gb  stm32l4xx_hal_rtc.o [1]
RTC_EnterInitMode        0x800'c0ab   0x4c  Code  Gb  stm32l4xx_hal_rtc.o [1]
RTC_ExitInitMode         0x800'c0f7   0x58  Code  Gb  stm32l4xx_hal_rtc.o [1]
RTC_GetCalendarValue     0x800'ceb3   0x90  Code  Lc  user_rtc.o [1]
RTC_IF_Convert_Tick2ms   0x800'ccd1   0x10  Code  Gb  user_rtc.o [1]
RTC_IF_Convert_ms2Tick   0x800'ccbf   0x12  Code  Gb  user_rtc.o [1]
RTC_IF_GetMinimumTimeout
                         0x800'ccbb    0x4  Code  Gb  user_rtc.o [1]
RTC_IF_GetTimerContext   0x800'cc7f    0x8  Code  Gb  user_rtc.o [1]
RTC_IF_GetTimerElapsedTime
                         0x800'cc87   0x16  Code  Gb  user_rtc.o [1]
RTC_IF_GetTimerValue     0x800'cc9d   0x1e  Code  Gb  user_rtc.o [1]
RTC_IF_Init              0x800'cc09   0x30  Code  Gb  user_rtc.o [1]
RTC_IF_SetTimerContext   0x800'cc69   0x16  Code  Gb  user_rtc.o [1]
RTC_IF_StartTimer        0x800'cc39    0xe  Code  Gb  user_rtc.o [1]
RTC_IF_StopTimer         0x800'cc47   0x22  Code  Gb  user_rtc.o [1]
RTC_Initalized          0x2000'26d0    0x1  Data  Lc  user_rtc.o [1]
RTC_StartWakeUpAlarm     0x800'cced  0x1c6  Code  Lc  user_rtc.o [1]
ReInit_Rx_Mode_Uart_Error
                         0x800'97d3   0x5a  Code  Gb  user_uart.o [1]
Read_Register_Rs485      0x800'2bdf   0x66  Code  Gb  user_app_sensor.o [1]
Region$$Table$$Base      0x800'e080          --   Gb  - Linker created -
Region$$Table$$Limit     0x800'e0a0          --   Gb  - Linker created -
Reset_Buff               0x800'1699   0x24  Code  Gb  user_util.o [1]
Rs485SSStatus_u8        0x2000'26cd    0x1  Data  Gb  user_connect_sensor.o [1]
Rs485Status_u8          0x2000'26cf    0x1  Data  Gb  user_rs485.o [1]
RtCountSystick_u32      0x2000'26a4    0x4  Data  Gb  user_util.o [1]
RtcTimerContext         0x2000'25d4   0x1c  Data  Lc  user_rtc.o [1]
SPI_EndRxTxTransaction   0x800'8b39   0x6a  Code  Lc  stm32l4xx_hal_spi.o [1]
SPI_WaitFifoStateUntilTimeout
                         0x800'8a47   0xee  Code  Lc  stm32l4xx_hal_spi.o [1]
SPI_WaitFlagStateUntilTimeout
                         0x800'896f   0xd8  Code  Lc  stm32l4xx_hal_spi.o [1]
SVC_Handler              0x800'de47    0x2  Code  Gb  stm32l4xx_it.o [1]
Save_Array               0x800'6909   0x86  Code  Gb  onchipflash.o [1]
Save_InforSlaveModbusRTU
                         0x800'3cc9   0x44  Code  Gb  user_app_modbus_rtu.o [1]
Save_ParamCalib          0x800'2c89  0x162  Code  Gb  user_app_sensor.o [1]
Send_RS458_Master        0x800'3c91   0x38  Code  Gb  user_app_modbus_rtu.o [1]
Send_RS458_Sensor        0x800'2c45   0x40  Code  Gb  user_app_sensor.o [1]
SysApp_Init              0x800'b219    0xc  Code  Gb  user_app_comm.o [1]
SysApp_Setting           0x800'b225   0x40  Code  Gb  user_app_comm.o [1]
SysTick_Config           0x800'966f   0x30  Code  Lc  stm32l4xx_hal_cortex.o [1]
SysTick_Handler          0x800'de4d   0x10  Code  Gb  stm32l4xx_it.o [1]
SystemClock_Config       0x800'8bd7   0x92  Code  Gb  main.o [1]
SystemCoreClock         0x2000'03e4    0x4  Data  Gb  system_stm32l4xx.o [1]
SystemInit               0x800'e4c9    0xc  Code  Gb  system_stm32l4xx.o [1]
TRACE_AllocateBufer      0x800'b89d   0xa2  Code  Lc  user_adv_trace.o [1]
TRACE_IsLocked           0x800'b953   0x10  Code  Lc  user_adv_trace.o [1]
TRACE_Lock               0x800'b93f    0xa  Code  Lc  user_adv_trace.o [1]
TRACE_Send               0x800'b817   0x84  Code  Lc  user_adv_trace.o [1]
TRACE_UnLock             0x800'b949    0xa  Code  Lc  user_adv_trace.o [1]
TimerExists              0x800'c421   0x1a  Code  Gb  user_timer.o [1]
TimerInsertNewHeadTimer
                         0x800'c495   0x1c  Code  Gb  user_timer.o [1]
TimerInsertTimer         0x800'c467   0x2e  Code  Gb  user_timer.o [1]
TimerListHead           0x2000'26a0    0x4  Data  Lc  user_timer.o [1]
TimerSetTimeout          0x800'c43b   0x2c  Code  Gb  user_timer.o [1]
TimerTx                 0x2000'2620   0x18  Data  Lc  user_app_comm.o [1]
TxCpltCallback          0x2000'2690    0x4  Data  Lc  user_app_comm.o [1]
UART_AdvFeatureConfig    0x800'6051   0xda  Code  Gb  stm32l4xx_hal_uart.o [1]
UART_CheckIdleState      0x800'612b   0xd2  Code  Gb  stm32l4xx_hal_uart.o [1]
UART_DMAAbortOnError     0x800'65dd   0x1a  Code  Lc  stm32l4xx_hal_uart.o [1]
UART_DMAError            0x800'658d   0x50  Code  Lc  stm32l4xx_hal_uart.o [1]
UART_DMAReceiveCplt      0x800'64c1   0xa2  Code  Lc  stm32l4xx_hal_uart.o [1]
UART_DMARxHalfCplt       0x800'6565   0x28  Code  Lc  stm32l4xx_hal_uart.o [1]
UART_EndRxTransfer       0x800'6463   0x5e  Code  Lc  stm32l4xx_hal_uart.o [1]
UART_EndTransmit_IT      0x800'65f7   0x2a  Code  Lc  stm32l4xx_hal_uart.o [1]
UART_EndTxTransfer       0x800'6447   0x1c  Code  Lc  stm32l4xx_hal_uart.o [1]
UART_RxISR_16BIT         0x800'6715   0xee  Code  Lc  stm32l4xx_hal_uart.o [1]
UART_RxISR_8BIT          0x800'6621   0xec  Code  Lc  stm32l4xx_hal_uart.o [1]
UART_SetConfig           0x800'5d59  0x2ec  Code  Gb  stm32l4xx_hal_uart.o [1]
UART_Start_Receive_DMA   0x800'638b   0xbc  Code  Gb  stm32l4xx_hal_uart.o [1]
UART_Start_Receive_IT    0x800'629b   0xf0  Code  Gb  stm32l4xx_hal_uart.o [1]
UART_WaitOnFlagUntilTimeout
                         0x800'61fd   0x9e  Code  Gb  stm32l4xx_hal_uart.o [1]
USART1_IRQHandler        0x800'de71    0xa  Code  Gb  stm32l4xx_it.o [1]
USART3_IRQHandler        0x800'de7b    0xa  Code  Gb  stm32l4xx_it.o [1]
UTIL_ADV_TRACE_COND_FSend
                         0x800'b73d   0xda  Code  Gb  user_adv_trace.o [1]
UTIL_Log_Str             0x800'171d   0x36  Code  Gb  user_util.o [1]
UTIL_MEM_cpy             0x800'1759   0x1e  Code  Gb  user_util.o [1]
UTIL_MEM_set             0x800'16bd   0x18  Code  Gb  user_util.o [1]
UTIL_Printf              0x800'16d5   0x2c  Code  Gb  user_util.o [1]
UTIL_Printf_Str          0x800'1701   0x1c  Code  Gb  user_util.o [1]
UTIL_TIMER_Create        0x800'c1bd   0x4c  Code  Gb  user_timer.o [1]
UTIL_TIMER_IRQ_Handler   0x800'c36f   0xb2  Code  Gb  user_timer.o [1]
UTIL_TIMER_Init          0x800'c1a9   0x14  Code  Gb  user_timer.o [1]
UTIL_TIMER_SetPeriod     0x800'c335   0x3a  Code  Gb  user_timer.o [1]
UTIL_TIMER_Start         0x800'c209   0x92  Code  Gb  user_timer.o [1]
UTIL_TIMER_Stop          0x800'c29b   0x9a  Code  Gb  user_timer.o [1]
UTIL_TimerDriver         0x800'dfb8   0x2c  Data  Gb  user_rtc.o [1]
UTIL_TraceDriver         0x800'e544    0xc  Data  Gb  user_app_comm.o [1]
Uart485RxByte           0x2000'26ce    0x1  Data  Lc  user_rs485.o [1]
Uart485SSRxByte         0x2000'26cc    0x1  Data  Lc  user_connect_sensor.o [1]
UartDebugBuff           0x2000'0a70  0x4b0  Data  Gb  user_app_comm.o [1]
UartDebugCountFail      0x2000'26be    0x2  Data  Lc  user_uart.o [1]
UartDebugRxByte         0x2000'26c4    0x1  Data  Gb  user_app_comm.o [1]
Update_ParaDisplay       0x800'1bad   0xf6  Code  Gb  lcd_display.o [1]
UsageFault_Handler       0x800'de45    0x2  Code  Gb  stm32l4xx_it.o [1]
User_RTC_Init            0x800'cbd1   0x38  Code  Lc  user_rtc.o [1]
UtilFloatToString        0x800'17d5   0x2e  Code  Gb  user_util.o [1]
UtilIntToStringWithScale
                         0x800'1639   0x60  Code  Gb  user_util.o [1]
VLevelDebug             0x2000'0a6c    0x1  Data  Gb  user_util.o [1]
_Cb_Display_Auto_SW      0x800'1aa9   0x7e  Code  Lc  lcd_display.o [1]
_Cb_Display_Auto_SW::MarkButtPressed
                        0x2000'26c3    0x1  Data  Lc  lcd_display.o [1]
_Cb_Display_Auto_SW::cNext
                        0x2000'26b4    0x2  Data  Lc  lcd_display.o [1]
_Cb_Display_Init         0x800'1933   0x52  Code  Lc  lcd_display.o [1]
_Cb_Display_Logo         0x800'1985   0xa8  Code  Lc  lcd_display.o [1]
_Cb_Display_Logo::step_u8
                        0x2000'26c1    0x1  Data  Lc  lcd_display.o [1]
_Cb_Display_Show         0x800'1a2d   0x7c  Code  Lc  lcd_display.o [1]
_Cb_Display_Show::LandMarkChange_u32
                        0x2000'2688    0x4  Data  Lc  lcd_display.o [1]
_Cb_Display_Show::ScreenLast
                        0x2000'26c2    0x1  Data  Lc  lcd_display.o [1]
_Cb_HandLer_IDLE         0x800'b207    0x6  Code  Lc  user_app_comm.o [1]
_Cb_Off_Speaker          0x800'1b73   0x16  Code  Lc  lcd_display.o [1]
_Cb_R_ModbusRTU_REG_Baudrate
                         0x800'3a8d   0x2e  Code  Gb  user_app_modbus_rtu.o [1]
_Cb_R_ModbusRTU_REG_ID   0x800'39e7   0x2e  Code  Gb  user_app_modbus_rtu.o [1]
_Cb_R_ModbusRTU_REG_Sal_Measure
                         0x800'3c37   0x5a  Code  Gb  user_app_modbus_rtu.o [1]
_Cb_R_ModbusRTU_REG_TDS_Measure
                         0x800'3bdd   0x5a  Code  Gb  user_app_modbus_rtu.o [1]
_Cb_R_ModbusRTU_REG_Temp_Measure
                         0x800'3b83   0x5a  Code  Gb  user_app_modbus_rtu.o [1]
_Cb_R_ModbusRTU_REG_pH_Measure
                         0x800'3b29   0x5a  Code  Gb  user_app_modbus_rtu.o [1]
_Cb_Save_Box             0x800'b213    0x6  Code  Lc  user_app_comm.o [1]
_Cb_Set_RTC              0x800'b1eb   0x1c  Code  Lc  user_app_comm.o [1]
_Cb_TX_Timer_Event       0x800'b389   0x1a  Code  Lc  user_app_comm.o [1]
_Cb_Timer_IRQ            0x800'b15d    0xc  Code  Lc  user_app_comm.o [1]
_Cb_Tx_Timer             0x800'b20d    0x6  Code  Lc  user_app_comm.o [1]
_Cb_Uart_Error           0x800'b1df    0xc  Code  Lc  user_app_comm.o [1]
_Cb_Uart_Rx_Debug        0x800'b169   0x76  Code  Lc  user_app_comm.o [1]
_Cb_Uart_Rx_Debug::LastLengthRecv
                        0x2000'26b8    0x2  Data  Lc  user_app_comm.o [1]
_Cb_Uart_Rx_Debug::MarkFirstRecvUart
                        0x2000'26c5    0x1  Data  Lc  user_app_comm.o [1]
_Cb_W_ModbusRTU_REG_Baudrate
                         0x800'3abb   0x6e  Code  Gb  user_app_modbus_rtu.o [1]
_Cb_W_ModbusRTU_REG_ID   0x800'3a15   0x78  Code  Gb  user_app_modbus_rtu.o [1]
_Cb_button_detect        0x800'1b5b   0x18  Code  Lc  lcd_display.o [1]
_Cb_button_scan          0x800'1b27   0x34  Code  Lc  lcd_display.o [1]
_LitobFullNoMb           0x800'8471  0x10a  Code  Lc  xprintffull_nomb.o [2]
_Locale_lconv           0x2000'0a30   0x38  Data  Lc  xlocale_c.o [2]
_PrintfFullNoMb          0x800'76b1  0xd9c  Code  Gb  xprintffull_nomb.o [2]
_PutcharFullNoMb         0x800'85e1   0x20  Code  Lc  xprintffull_nomb.o [2]
_PutcharsFullNoMb        0x800'8601   0x2e  Code  Lc  xprintffull_nomb.o [2]
_SProut                  0x800'417b    0xa  Code  Gb  xsprout.o [2]
__NVIC_DisableIRQ        0x800'95dd   0x26  Code  Lc  stm32l4xx_hal_cortex.o [1]
__NVIC_EnableIRQ         0x800'95bd   0x20  Code  Lc  stm32l4xx_hal_cortex.o [1]
__NVIC_GetPriorityGrouping
                         0x800'95af    0xc  Code  Lc  stm32l4xx_hal_cortex.o [1]
__NVIC_SetPriority       0x800'9603   0x2c  Code  Lc  stm32l4xx_hal_cortex.o [1]
__NVIC_SetPriorityGrouping
                         0x800'958d   0x22  Code  Lc  stm32l4xx_hal_cortex.o [1]
__aeabi_cdcmpeq          0x800'a5fd         Code  Gb  DblCmpEq.o [3]
__aeabi_cdcmple          0x800'a68d         Code  Gb  DblCmpLe.o [3]
__aeabi_cdrcmple         0x800'a6bd         Code  Gb  DblCmpGe.o [3]
__aeabi_d2f              0x800'43e5         Code  Gb  DblToFlt.o [3]
__aeabi_d2iz             0x800'6f89         Code  Gb  DblToS32.o [3]
__aeabi_d2uiz            0x800'acc1         Code  Gb  DblToU32.o [3]
__aeabi_dadd             0x800'6e0d         Code  Gb  DblAdd.o [3]
__aeabi_ddiv             0x800'419d         Code  Gb  DblDiv.o [3]
__aeabi_dmul             0x800'6c69         Code  Gb  DblMul.o [3]
__aeabi_dsub             0x800'a519         Code  Gb  DblSub.o [3]
__aeabi_f2d              0x800'4469         Code  Gb  FltToDbl.o [3]
__aeabi_i2d              0x800'4159         Code  Gb  S32ToDbl.o [3]
__aeabi_ldiv0            0x800'a515         Code  Gb  I64DivZer.o [4]
__aeabi_memcpy           0x800'6991         Code  Gb  ABImemcpy.o [4]
__aeabi_memcpy4          0x800'69b1         Code  Gb  ABImemcpy.o [4]
__aeabi_memcpy8          0x800'69b1         Code  Gb  ABImemcpy.o [4]
__aeabi_memset           0x800'4ad5         Code  Gb  ABImemset.o [4]
__aeabi_ui2d             0x800'444d         Code  Gb  U32ToDbl.o [3]
__aeabi_uldivmod         0x800'6a39         Code  Gb  I64DivMod.o [4]
__cmain                  0x800'e0e1         Code  Gb  cmain.o [4]
__exit                   0x800'cbbd   0x14  Code  Gb  exit.o [5]
__iar_Exp64              0x800'a6ed  0x388  Code  Gb  iar_Exp64.o [3]
__iar_Fail_s             0x800'aaed   0x1c  Code  Gb  xfail_s.o [2]
__iar_Memchr             0x800'ab2d         Code  Gb  memchr.o [4]
__iar_Memset             0x800'4ad5         Code  Gb  ABImemset.o [4]
__iar_Memset_word        0x800'4add         Code  Gb  ABImemset.o [4]
__iar_Strchr             0x800'aad5         Code  Gb  strchr.o [4]
__iar_dadd               0x800'a529         Code  Gb  DblSub.o [3]
__iar_data_init3         0x800'e035   0x28  Code  Gb  data_init.o [4]
__iar_dsub               0x800'6e1d         Code  Gb  DblAdd.o [3]
__iar_dsubStart          0x800'6e2f         Code  Gb  DblAdd.o [3]
__iar_frexp              0x800'a629         Code  Gb  frexp.o [3]
__iar_frexpl             0x800'a629         Code  Gb  frexp.o [3]
__iar_init_vfp           0x800'e05d         Code  Gb  fpinit_M.o [3]
__iar_ldexp64            0x800'ab85         Code  Gb  ldexp.o [3]
__iar_lz77_init_single3
                         0x800'dedd   0x78  Code  Gb  lz77_init_single.o [4]
__iar_pow64              0x800'6fc5  0x6ec  Code  Gb  pow64.o [3]
__iar_pow_medium         0x800'6fc5  0x6ec  Code  Gb  pow64.o [3]
__iar_pow_medium64       0x800'6fc5  0x6ec  Code  Gb  pow64.o [3]
__iar_pow_mediuml        0x800'6fc5  0x6ec  Code  Gb  pow64.o [3]
__iar_program_start      0x800'e6c5         Code  Gb  cstartup_M.o [4]
__iar_scalbln64          0x800'ab85         Code  Gb  ldexp.o [3]
__iar_scalbn64           0x800'ab85         Code  Gb  ldexp.o [3]
__iar_softfp___iar_frexp64
                         0x800'a61d         Code  Gb  frexp.o [3]
__iar_softfp_frexp       0x800'a61d         Code  Gb  frexp.o [3]
__iar_softfp_frexpl      0x800'a61d         Code  Gb  frexp.o [3]
__iar_vfp_pow            0x800'418b   0x10  Code  Gb  math_wrappers64.o [3]
__iar_zero_init3         0x800'411f   0x3a  Code  Gb  zero_init3.o [4]
__low_level_init         0x800'e0ff    0x4  Code  Gb  low_level_init.o [2]
__vector_table           0x800'0000         Data  Gb  startup_stm32l433xx.o [1]
_call_main               0x800'e0ed         Code  Gb  cmain.o [4]
_exit                    0x800'e109         Code  Gb  cexit.o [4]
_main                    0x800'e0fb         Code  Gb  cmain.o [4]
aAT_CMD                 0x2000'222c   0x80  Data  Lc  user_at_serial.o [1]
aBaudrate_value         0x2000'04f4   0x2c  Data  Gb  user_app_modbus_rtu.o [1]
aDATA_CALIB             0x2000'2694    0x4  Data  Gb  user_app_sensor.o [1]
aDATA_CONFIG            0x2000'202c   0x80  Data  Lc  user_app_modbus_rtu.o [1]
aDATA_CONFIG            0x2000'21ac   0x80  Data  Lc  user_at_serial.o [1]
aDATA_LOG_REGISTER      0x2000'20ac   0x80  Data  Lc  user_app_modbus_rtu.o [1]
aPASSWORD               0x2000'0084    0x4  Data  Gb  lcd_display.o [1]
aSTT_SETTING_DONE       0x2000'00b8   0x10  Data  Gb  lcd_display.o [1]
aSTT_SETTING_ENTER      0x2000'0098   0x10  Data  Gb  lcd_display.o [1]
aSTT_SETTING_ERROR      0x2000'00c8   0x10  Data  Gb  lcd_display.o [1]
aSTT_SETTING_FREE       0x2000'0088   0x10  Data  Gb  lcd_display.o [1]
aSTT_SETTING_WAIT       0x2000'00a8   0x10  Data  Gb  lcd_display.o [1]
aSampling_STT           0x2000'2560   0x28  Data  Gb  user_app_sensor.o [1]
aSampling_VALUE         0x2000'2588   0x28  Data  Gb  user_app_sensor.o [1]
aTEST                   0x2000'0000    0xc  Data  Lc  button.o [1]
aUART_485SS_DATA        0x2000'1920  0x200  Data  Lc  user_connect_sensor.o [1]
aUART_485_DATA          0x2000'1b20  0x200  Data  Lc  user_rs485.o [1]
aUART_DBG_DMA_RX        0x2000'2310   0x64  Data  Lc  user_app_comm.o [1]
abort                    0x800'b9d9    0x6  Code  Gb  abort.o [2]
abs                      0x800'8ba3    0x8  Code  Gb  abs.o [2]
aframe                  0x2000'212c   0x80  Data  Gb  user_app_modbus_rtu.o [1]
bmp_SV_logo_12864        0x800'd600  0x400  Data  Gb  unit_tests.o [1]
charNotDetectPress      0x2000'0a6a    0x1  Data  Lc  lcd_display.o [1]
delay_ms                 0x800'4585    0xc  Code  Gb  STM32L4.o [1]
ee_number                0x800'c895  0x146  Code  Lc  user_tiny_vsnprintf.o [1]
ee_skip_atoi             0x800'c86d   0x28  Code  Lc  user_tiny_vsnprintf.o [1]
exit                     0x800'e103    0x4  Code  Gb  exit.o [2]
fevent_active            0x800'482d   0x1e  Code  Gb  event_driven.o [1]
fevent_detect_connect    0x800'24df   0x14  Code  Lc  user_app_sensor.o [1]
fevent_disable           0x800'486f   0x12  Code  Gb  event_driven.o [1]
fevent_enable            0x800'484b   0x24  Code  Gb  event_driven.o [1]
fevent_refresh_wdg_hard
                         0x800'2507   0x52  Code  Lc  user_app_sensor.o [1]
fevent_refresh_wdg_hard::state
                        0x2000'26c8    0x1  Data  Lc  user_app_sensor.o [1]
fevent_rs485_entry       0x800'c6ed   0x12  Code  Lc  user_app_rs485.o [1]
fevent_rs485_init_uart   0x800'c6ff   0x2e  Code  Lc  user_app_rs485.o [1]
fevent_rs485_init_uart::stamp
                        0x2000'26c6    0x1  Data  Lc  user_app_rs485.o [1]
fevent_rs485_receive_complete
                         0x800'c72d   0x24  Code  Lc  user_app_rs485.o [1]
fevent_rs485_refresh     0x800'c751   0x20  Code  Lc  user_app_rs485.o [1]
fevent_sensor_entry      0x800'2341   0x12  Code  Lc  user_app_sensor.o [1]
fevent_sensor_receive_complete
                         0x800'2415   0xb6  Code  Lc  user_app_sensor.o [1]
fevent_sensor_receive_handle
                         0x800'23d5   0x40  Code  Lc  user_app_sensor.o [1]
fevent_sensor_reset      0x800'2559   0x88  Code  Lc  user_app_sensor.o [1]
fevent_sensor_reset::state
                        0x2000'26c9    0x1  Data  Lc  user_app_sensor.o [1]
fevent_sensor_transmit   0x800'2353   0x82  Code  Lc  user_app_sensor.o [1]
fevent_sensor_wait_calib
                         0x800'24cb   0x14  Code  Lc  user_app_sensor.o [1]
fevent_temp_alarm        0x800'24f3   0x14  Code  Lc  user_app_sensor.o [1]
font_current            0x2000'2648    0xc  Data  Gb  text.o [1]
glcd_ST7565R_init        0x800'4aa1   0x34  Code  Gb  ST7565R.o [1]
glcd_bbox               0x2000'267c    0x4  Data  Gb  glcd.o [1]
glcd_bbox_refresh        0x800'4929   0x1c  Code  Gb  glcd.o [1]
glcd_bbox_selected      0x2000'2684    0x4  Data  Gb  glcd.o [1]
glcd_buffer             0x2000'0f20  0x400  Data  Gb  glcd.o [1]
glcd_buffer_selected    0x2000'2680    0x4  Data  Gb  glcd.o [1]
glcd_clear_buffer        0x800'4945   0x24  Code  Gb  glcd.o [1]
glcd_command             0x800'497d   0x1a  Code  Gb  ST7565R.o [1]
glcd_data                0x800'4997   0x1a  Code  Gb  ST7565R.o [1]
glcd_draw_bitmap         0x800'50a5   0x1e  Code  Gb  graphics.o [1]
glcd_draw_char_xy        0x800'4b57  0x33a  Code  Gb  text.o [1]
glcd_draw_line           0x800'4f99  0x10c  Code  Gb  graphics.o [1]
glcd_draw_string_xy      0x800'4e91   0x38  Code  Gb  text.o [1]
glcd_enable_backlight    0x800'4515    0x2  Code  Gb  STM32L4.o [1]
glcd_init                0x800'44f1   0x24  Code  Gb  STM32L4.o [1]
glcd_reset               0x800'4541   0x34  Code  Gb  STM32L4.o [1]
glcd_reset_bbox          0x800'490d   0x1c  Code  Gb  glcd.o [1]
glcd_select_screen       0x800'4969    0xa  Code  Gb  glcd.o [1]
glcd_set_column_lower    0x800'4a15    0xe  Code  Gb  ST7565R.o [1]
glcd_set_column_upper    0x800'49ff   0x16  Code  Gb  ST7565R.o [1]
glcd_set_contrast        0x800'49b1   0x24  Code  Gb  ST7565R.o [1]
glcd_set_font            0x800'4b3d   0x1a  Code  Gb  text.o [1]
glcd_set_pixel           0x800'4ecd   0xcc  Code  Gb  graphics.o [1]
glcd_set_x_address       0x800'49e9   0x16  Code  Gb  ST7565R.o [1]
glcd_set_y_address       0x800'49d5   0x14  Code  Gb  ST7565R.o [1]
glcd_spi_write           0x800'4517   0x2a  Code  Gb  STM32L4.o [1]
glcd_test_bitmap_128x64
                         0x800'4881    0xe  Code  Gb  unit_tests.o [1]
glcd_tiny_draw_char      0x800'45b7  0x21a  Code  Gb  text_tiny.o [1]
glcd_tiny_draw_string    0x800'47d1   0x54  Code  Gb  text_tiny.o [1]
glcd_tiny_set_font       0x800'459d   0x1a  Code  Gb  text_tiny.o [1]
glcd_update_bbox         0x800'4895   0x78  Code  Gb  glcd.o [1]
glcd_write               0x800'4a23   0x70  Code  Gb  ST7565R.o [1]
hdma_lpuart_rx          0x2000'23d4   0x48  Data  Gb  usart.o [1]
hdma_usart1_rx          0x2000'241c   0x48  Data  Gb  usart.o [1]
hdma_usart3_rx          0x2000'2464   0x48  Data  Gb  usart.o [1]
hlpuart1                0x2000'1e94   0x88  Data  Gb  usart.o [1]
hrtc                    0x2000'25b0   0x24  Data  Gb  rtc.o [1]
hspi2                   0x2000'22ac   0x64  Data  Gb  spi.o [1]
huart1                  0x2000'1f1c   0x88  Data  Gb  usart.o [1]
huart3                  0x2000'1fa4   0x88  Data  Gb  usart.o [1]
ldexp                    0x800'ab85         Code  Gb  ldexp.o [3]
ldexpl                   0x800'ab85         Code  Gb  ldexp.o [3]
lnbias                   0x800'd1e0  0x420  Data  Lc  pow64.o [3]
localeconv               0x800'ace9    0x4  Code  Gb  xlocale_c.o [2]
lower_digits            0x2000'0a28    0x4  Data  Lc  user_tiny_vsnprintf.o [1]
main                     0x800'8bab   0x2c  Code  Gb  main.o [1]
memchr                   0x800'ab2d         Code  Gb  memchr.o [4]
memset                   0x800'8c6d   0x14  Code  Gb  memset.o [4]
pFlash                  0x2000'03c4   0x20  Data  Gb  stm32l4xx_hal_flash.o [1]
pFunc_UTIL_Debug_Send   0x2000'26ac    0x4  Data  Gb  user_util.o [1]
pFunc_UTIL_Log_To_Mem   0x2000'26a8    0x4  Data  Gb  user_util.o [1]
pModemProcessIRQTimer   0x2000'269c    0x4  Data  Gb  user_rtc.o [1]
pow                      0x800'6fc5  0x6ec  Code  Gb  pow64.o [3]
powl                     0x800'6fc5  0x6ec  Code  Gb  pow64.o [3]
quickSort_Sampling       0x800'2757   0x9a  Code  Gb  user_app_sensor.o [1]
quickSort_Sampling_Value
                         0x800'27f1   0xd4  Code  Gb  user_app_sensor.o [1]
quickSort_Sampling_Value::Handle_Once
                        0x2000'26ca    0x1  Data  Lc  user_app_sensor.o [1]
sButton                 0x2000'25f0   0x18  Data  Gb  button.o [1]
sCheckList_Reg_Modbus_RTU
                        0x2000'0468   0x8c  Data  Gb  user_app_modbus_rtu.o [1]
sData_Calib             0x2000'05f8    0x8  Data  Gb  user_app_sensor.o [1]
sEventAppComm           0x2000'03e8   0x70  Data  Gb  user_app_comm.o [1]
sEventAppRs485          0x2000'0528   0x40  Data  Gb  user_app_rs485.o [1]
sEventAppSensor         0x2000'0568   0x90  Data  Gb  user_app_sensor.o [1]
sEventDisplay           0x2000'000c   0x70  Data  Gb  lcd_display.o [1]
sFirmVersion            0x2000'0458    0x8  Data  Gb  user_app_comm.o [1]
sHandleRs485            0x2000'2698    0x4  Data  Gb  user_app_sensor.o [1]
sKindMode485            0x2000'26bc    0x2  Data  Gb  user_app_sensor.o [1]
sLCD                    0x2000'2638   0x10  Data  Gb  lcd_display.o [1]
sLCDObject              0x2000'00d8  0x2e8  Data  Gb  lcd_display.o [1]
sLogData_ModbusRTU      0x2000'0520    0x8  Data  Gb  user_app_modbus_rtu.o [1]
sModelVersion           0x2000'007c    0x8  Data  Gb  lcd_display.o [1]
sParaDisplay            0x2000'24f4   0x40  Data  Gb  lcd_display.o [1]
sRTC                    0x2000'2660    0xc  Data  Gb  user_util.o [1]
sSensor_EC              0x2000'24ac   0x48  Data  Gb  user_app_sensor.o [1]
sSlave_ModbusRTU        0x2000'0a68    0x2  Data  Gb  user_app_modbus_rtu.o [1]
sTempAlarm              0x2000'2654    0xc  Data  Gb  user_app_sensor.o [1]
sUart485                0x2000'0a20    0x8  Data  Gb  user_rs485.o [1]
sUart485SS              0x2000'0a18    0x8  Data  Gb  user_connect_sensor.o [1]
sUartDebug              0x2000'0460    0x8  Data  Gb  user_app_comm.o [1]
scalbln                  0x800'ab85         Code  Gb  ldexp.o [3]
scalblnl                 0x800'ab85         Code  Gb  ldexp.o [3]
scalbn                   0x800'ab85         Code  Gb  ldexp.o [3]
scalbnl                  0x800'ab85         Code  Gb  ldexp.o [3]
scale                    0x800'857b   0x46  Code  Lc  xprintffull_nomb.o [2]
sec_hand                0x2000'26b0    0x4  Data  Lc  xfail_s.o [2]
sprintf                  0x800'44b1   0x40  Code  Gb  sprintf.o [2]
strATcmd                0x2000'0600    0x8  Data  Gb  user_at_serial.o [1]
strchr                   0x800'aad5         Code  Gb  strchr.o [4]
strlen                   0x800'40e9         Code  Gb  strlen.o [4]
sztmp                   0x2000'1720  0x200  Data  Lc  user_adv_trace.o [1]
tiny_vsnprintf_like      0x800'c9db  0x1d6  Code  Gb  user_tiny_vsnprintf.o [1]
upper_digits            0x2000'0a2c    0x4  Data  Lc  user_tiny_vsnprintf.o [1]
uwTick                  0x2000'268c    0x4  Data  Gb  stm32l4xx_hal.o [1]
uwTickFreq              0x2000'0a6b    0x1  Data  Gb  stm32l4xx_hal.o [1]
uwTickPrio              0x2000'03c0    0x4  Data  Gb  stm32l4xx_hal.o [1]
vcom_DeInit              0x800'b5a3   0x1e  Code  Gb  user_app_comm.o [1]
vcom_Init                0x800'b599    0xa  Code  Gb  user_app_comm.o [1]
vcom_Trace_DMA           0x800'b5c1   0x24  Code  Gb  user_app_comm.o [1]


[1] = D:\Saoviet_Git\Saoviet_EnviroTrack_M_And_S\Project_Slave_LanChang_EC\Project_Slave_Sensor_EnviroTrack\EWARM\Project_Slave_Sensor_EnviroTrack\Obj
[2] = dl7M_tlf.a
[3] = m7M_tls.a
[4] = rt7M_tl.a
[5] = shb_l.a

  54'353 bytes of readonly  code memory
   6'379 bytes of readonly  data memory
  10'959 bytes of readwrite data memory

Errors: none
Warnings: none
