###############################################################################
#
# IAR ELF Linker V8.40.2.214/W32 for ARM                  26/Jun/2026  10:15:19
# Copyright 2007-2019 IAR Systems AB.
#
#    Output file  =
#        D:\Saoviet_Git\Saoviet_EnviroTrack_M_And_S\Project_Slave_LanChang_EC\Project_Slave_Sensor_EnviroTrack\EWARM\Project_Slave_Sensor_EnviroTrack\Exe\Project_Slave_Sensor_EnviroTrack.out
#    Map file     =
#        D:\Saoviet_Git\Saoviet_EnviroTrack_M_And_S\Project_Slave_LanChang_EC\Project_Slave_Sensor_EnviroTrack\EWARM\Project_Slave_Sensor_EnviroTrack\List\Project_Slave_Sensor_EnviroTrack.map
#    Command line =
#        -f C:\Users\PC\AppData\Local\Temp\EW9CC0.tmp
#        (D:\Saoviet_Git\Saoviet_EnviroTrack_M_And_S\Project_Slave_LanChang_EC\Project_Slave_Sensor_EnviroTrack\EWARM\Project_Slave_Sensor_EnviroTrack\Obj\button.o
#        D:\Saoviet_Git\Saoviet_EnviroTrack_M_And_S\Project_Slave_LanChang_EC\Project_Slave_Sensor_EnviroTrack\EWARM\Project_Slave_Sensor_EnviroTrack\Obj\dma.o
#        D:\Saoviet_Git\Saoviet_EnviroTrack_M_And_S\Project_Slave_LanChang_EC\Project_Slave_Sensor_EnviroTrack\EWARM\Project_Slave_Sensor_EnviroTrack\Obj\event_driven.o
#        D:\Saoviet_Git\Saoviet_EnviroTrack_M_And_S\Project_Slave_LanChang_EC\Project_Slave_Sensor_EnviroTrack\EWARM\Project_Slave_Sensor_EnviroTrack\Obj\glcd.o
#        D:\Saoviet_Git\Saoviet_EnviroTrack_M_And_S\Project_Slave_LanChang_EC\Project_Slave_Sensor_EnviroTrack\EWARM\Project_Slave_Sensor_EnviroTrack\Obj\gpio.o
#        D:\Saoviet_Git\Saoviet_EnviroTrack_M_And_S\Project_Slave_LanChang_EC\Project_Slave_Sensor_EnviroTrack\EWARM\Project_Slave_Sensor_EnviroTrack\Obj\graphics.o
#        D:\Saoviet_Git\Saoviet_EnviroTrack_M_And_S\Project_Slave_LanChang_EC\Project_Slave_Sensor_EnviroTrack\EWARM\Project_Slave_Sensor_EnviroTrack\Obj\graphs.o
#        D:\Saoviet_Git\Saoviet_EnviroTrack_M_And_S\Project_Slave_LanChang_EC\Project_Slave_Sensor_EnviroTrack\EWARM\Project_Slave_Sensor_EnviroTrack\Obj\lcd_display.o
#        D:\Saoviet_Git\Saoviet_EnviroTrack_M_And_S\Project_Slave_LanChang_EC\Project_Slave_Sensor_EnviroTrack\EWARM\Project_Slave_Sensor_EnviroTrack\Obj\main.o
#        D:\Saoviet_Git\Saoviet_EnviroTrack_M_And_S\Project_Slave_LanChang_EC\Project_Slave_Sensor_EnviroTrack\EWARM\Project_Slave_Sensor_EnviroTrack\Obj\NT75451.o
#        D:\Saoviet_Git\Saoviet_EnviroTrack_M_And_S\Project_Slave_LanChang_EC\Project_Slave_Sensor_EnviroTrack\EWARM\Project_Slave_Sensor_EnviroTrack\Obj\onchipflash.o
#        D:\Saoviet_Git\Saoviet_EnviroTrack_M_And_S\Project_Slave_LanChang_EC\Project_Slave_Sensor_EnviroTrack\EWARM\Project_Slave_Sensor_EnviroTrack\Obj\PCD8544.o
#        D:\Saoviet_Git\Saoviet_EnviroTrack_M_And_S\Project_Slave_LanChang_EC\Project_Slave_Sensor_EnviroTrack\EWARM\Project_Slave_Sensor_EnviroTrack\Obj\queue_p.o
#        D:\Saoviet_Git\Saoviet_EnviroTrack_M_And_S\Project_Slave_LanChang_EC\Project_Slave_Sensor_EnviroTrack\EWARM\Project_Slave_Sensor_EnviroTrack\Obj\rtc.o
#        D:\Saoviet_Git\Saoviet_EnviroTrack_M_And_S\Project_Slave_LanChang_EC\Project_Slave_Sensor_EnviroTrack\EWARM\Project_Slave_Sensor_EnviroTrack\Obj\spi.o
#        D:\Saoviet_Git\Saoviet_EnviroTrack_M_And_S\Project_Slave_LanChang_EC\Project_Slave_Sensor_EnviroTrack\EWARM\Project_Slave_Sensor_EnviroTrack\Obj\ST7565R.o
#        D:\Saoviet_Git\Saoviet_EnviroTrack_M_And_S\Project_Slave_LanChang_EC\Project_Slave_Sensor_EnviroTrack\EWARM\Project_Slave_Sensor_EnviroTrack\Obj\startup_stm32l433xx.o
#        D:\Saoviet_Git\Saoviet_EnviroTrack_M_And_S\Project_Slave_LanChang_EC\Project_Slave_Sensor_EnviroTrack\EWARM\Project_Slave_Sensor_EnviroTrack\Obj\STM32F0xx.o
#        D:\Saoviet_Git\Saoviet_EnviroTrack_M_And_S\Project_Slave_LanChang_EC\Project_Slave_Sensor_EnviroTrack\EWARM\Project_Slave_Sensor_EnviroTrack\Obj\STM32F10x.o
#        D:\Saoviet_Git\Saoviet_EnviroTrack_M_And_S\Project_Slave_LanChang_EC\Project_Slave_Sensor_EnviroTrack\EWARM\Project_Slave_Sensor_EnviroTrack\Obj\STM32F4.o
#        D:\Saoviet_Git\Saoviet_EnviroTrack_M_And_S\Project_Slave_LanChang_EC\Project_Slave_Sensor_EnviroTrack\EWARM\Project_Slave_Sensor_EnviroTrack\Obj\STM32L4.o
#        D:\Saoviet_Git\Saoviet_EnviroTrack_M_And_S\Project_Slave_LanChang_EC\Project_Slave_Sensor_EnviroTrack\EWARM\Project_Slave_Sensor_EnviroTrack\Obj\stm32l4xx_hal.o
#        D:\Saoviet_Git\Saoviet_EnviroTrack_M_And_S\Project_Slave_LanChang_EC\Project_Slave_Sensor_EnviroTrack\EWARM\Project_Slave_Sensor_EnviroTrack\Obj\stm32l4xx_hal_cortex.o
#        D:\Saoviet_Git\Saoviet_EnviroTrack_M_And_S\Project_Slave_LanChang_EC\Project_Slave_Sensor_EnviroTrack\EWARM\Project_Slave_Sensor_EnviroTrack\Obj\stm32l4xx_hal_dma.o
#        D:\Saoviet_Git\Saoviet_EnviroTrack_M_And_S\Project_Slave_LanChang_EC\Project_Slave_Sensor_EnviroTrack\EWARM\Project_Slave_Sensor_EnviroTrack\Obj\stm32l4xx_hal_dma_ex.o
#        D:\Saoviet_Git\Saoviet_EnviroTrack_M_And_S\Project_Slave_LanChang_EC\Project_Slave_Sensor_EnviroTrack\EWARM\Project_Slave_Sensor_EnviroTrack\Obj\stm32l4xx_hal_exti.o
#        D:\Saoviet_Git\Saoviet_EnviroTrack_M_And_S\Project_Slave_LanChang_EC\Project_Slave_Sensor_EnviroTrack\EWARM\Project_Slave_Sensor_EnviroTrack\Obj\stm32l4xx_hal_flash.o
#        D:\Saoviet_Git\Saoviet_EnviroTrack_M_And_S\Project_Slave_LanChang_EC\Project_Slave_Sensor_EnviroTrack\EWARM\Project_Slave_Sensor_EnviroTrack\Obj\stm32l4xx_hal_flash_ex.o
#        D:\Saoviet_Git\Saoviet_EnviroTrack_M_And_S\Project_Slave_LanChang_EC\Project_Slave_Sensor_EnviroTrack\EWARM\Project_Slave_Sensor_EnviroTrack\Obj\stm32l4xx_hal_flash_ramfunc.o
#        D:\Saoviet_Git\Saoviet_EnviroTrack_M_And_S\Project_Slave_LanChang_EC\Project_Slave_Sensor_EnviroTrack\EWARM\Project_Slave_Sensor_EnviroTrack\Obj\stm32l4xx_hal_gpio.o
#        D:\Saoviet_Git\Saoviet_EnviroTrack_M_And_S\Project_Slave_LanChang_EC\Project_Slave_Sensor_EnviroTrack\EWARM\Project_Slave_Sensor_EnviroTrack\Obj\stm32l4xx_hal_i2c.o
#        D:\Saoviet_Git\Saoviet_EnviroTrack_M_And_S\Project_Slave_LanChang_EC\Project_Slave_Sensor_EnviroTrack\EWARM\Project_Slave_Sensor_EnviroTrack\Obj\stm32l4xx_hal_i2c_ex.o
#        D:\Saoviet_Git\Saoviet_EnviroTrack_M_And_S\Project_Slave_LanChang_EC\Project_Slave_Sensor_EnviroTrack\EWARM\Project_Slave_Sensor_EnviroTrack\Obj\stm32l4xx_hal_msp.o
#        D:\Saoviet_Git\Saoviet_EnviroTrack_M_And_S\Project_Slave_LanChang_EC\Project_Slave_Sensor_EnviroTrack\EWARM\Project_Slave_Sensor_EnviroTrack\Obj\stm32l4xx_hal_pwr.o
#        D:\Saoviet_Git\Saoviet_EnviroTrack_M_And_S\Project_Slave_LanChang_EC\Project_Slave_Sensor_EnviroTrack\EWARM\Project_Slave_Sensor_EnviroTrack\Obj\stm32l4xx_hal_pwr_ex.o
#        D:\Saoviet_Git\Saoviet_EnviroTrack_M_And_S\Project_Slave_LanChang_EC\Project_Slave_Sensor_EnviroTrack\EWARM\Project_Slave_Sensor_EnviroTrack\Obj\stm32l4xx_hal_rcc.o
#        D:\Saoviet_Git\Saoviet_EnviroTrack_M_And_S\Project_Slave_LanChang_EC\Project_Slave_Sensor_EnviroTrack\EWARM\Project_Slave_Sensor_EnviroTrack\Obj\stm32l4xx_hal_rcc_ex.o
#        D:\Saoviet_Git\Saoviet_EnviroTrack_M_And_S\Project_Slave_LanChang_EC\Project_Slave_Sensor_EnviroTrack\EWARM\Project_Slave_Sensor_EnviroTrack\Obj\stm32l4xx_hal_rtc.o
#        D:\Saoviet_Git\Saoviet_EnviroTrack_M_And_S\Project_Slave_LanChang_EC\Project_Slave_Sensor_EnviroTrack\EWARM\Project_Slave_Sensor_EnviroTrack\Obj\stm32l4xx_hal_rtc_ex.o
#        D:\Saoviet_Git\Saoviet_EnviroTrack_M_And_S\Project_Slave_LanChang_EC\Project_Slave_Sensor_EnviroTrack\EWARM\Project_Slave_Sensor_EnviroTrack\Obj\stm32l4xx_hal_spi.o
#        D:\Saoviet_Git\Saoviet_EnviroTrack_M_And_S\Project_Slave_LanChang_EC\Project_Slave_Sensor_EnviroTrack\EWARM\Project_Slave_Sensor_EnviroTrack\Obj\stm32l4xx_hal_spi_ex.o
#        D:\Saoviet_Git\Saoviet_EnviroTrack_M_And_S\Project_Slave_LanChang_EC\Project_Slave_Sensor_EnviroTrack\EWARM\Project_Slave_Sensor_EnviroTrack\Obj\stm32l4xx_hal_uart.o
#        D:\Saoviet_Git\Saoviet_EnviroTrack_M_And_S\Project_Slave_LanChang_EC\Project_Slave_Sensor_EnviroTrack\EWARM\Project_Slave_Sensor_EnviroTrack\Obj\stm32l4xx_hal_uart_ex.o
#        D:\Saoviet_Git\Saoviet_EnviroTrack_M_And_S\Project_Slave_LanChang_EC\Project_Slave_Sensor_EnviroTrack\EWARM\Project_Slave_Sensor_EnviroTrack\Obj\stm32l4xx_it.o
#        D:\Saoviet_Git\Saoviet_EnviroTrack_M_And_S\Project_Slave_LanChang_EC\Project_Slave_Sensor_EnviroTrack\EWARM\Project_Slave_Sensor_EnviroTrack\Obj\system_stm32l4xx.o
#        D:\Saoviet_Git\Saoviet_EnviroTrack_M_And_S\Project_Slave_LanChang_EC\Project_Slave_Sensor_EnviroTrack\EWARM\Project_Slave_Sensor_EnviroTrack\Obj\text.o
#        D:\Saoviet_Git\Saoviet_EnviroTrack_M_And_S\Project_Slave_LanChang_EC\Project_Slave_Sensor_EnviroTrack\EWARM\Project_Slave_Sensor_EnviroTrack\Obj\text_tiny.o
#        D:\Saoviet_Git\Saoviet_EnviroTrack_M_And_S\Project_Slave_LanChang_EC\Project_Slave_Sensor_EnviroTrack\EWARM\Project_Slave_Sensor_EnviroTrack\Obj\unit_tests.o
#        D:\Saoviet_Git\Saoviet_EnviroTrack_M_And_S\Project_Slave_LanChang_EC\Project_Slave_Sensor_EnviroTrack\EWARM\Project_Slave_Sensor_EnviroTrack\Obj\usart.o
#        D:\Saoviet_Git\Saoviet_EnviroTrack_M_And_S\Project_Slave_LanChang_EC\Project_Slave_Sensor_EnviroTrack\EWARM\Project_Slave_Sensor_EnviroTrack\Obj\user_adv_trace.o
#        D:\Saoviet_Git\Saoviet_EnviroTrack_M_And_S\Project_Slave_LanChang_EC\Project_Slave_Sensor_EnviroTrack\EWARM\Project_Slave_Sensor_EnviroTrack\Obj\user_app_comm.o
#        D:\Saoviet_Git\Saoviet_EnviroTrack_M_And_S\Project_Slave_LanChang_EC\Project_Slave_Sensor_EnviroTrack\EWARM\Project_Slave_Sensor_EnviroTrack\Obj\user_app_modbus_rtu.o
#        D:\Saoviet_Git\Saoviet_EnviroTrack_M_And_S\Project_Slave_LanChang_EC\Project_Slave_Sensor_EnviroTrack\EWARM\Project_Slave_Sensor_EnviroTrack\Obj\user_app_rs485.o
#        D:\Saoviet_Git\Saoviet_EnviroTrack_M_And_S\Project_Slave_LanChang_EC\Project_Slave_Sensor_EnviroTrack\EWARM\Project_Slave_Sensor_EnviroTrack\Obj\user_app_sensor.o
#        D:\Saoviet_Git\Saoviet_EnviroTrack_M_And_S\Project_Slave_LanChang_EC\Project_Slave_Sensor_EnviroTrack\EWARM\Project_Slave_Sensor_EnviroTrack\Obj\user_at_serial.o
#        D:\Saoviet_Git\Saoviet_EnviroTrack_M_And_S\Project_Slave_LanChang_EC\Project_Slave_Sensor_EnviroTrack\EWARM\Project_Slave_Sensor_EnviroTrack\Obj\user_connect_sensor.o
#        D:\Saoviet_Git\Saoviet_EnviroTrack_M_And_S\Project_Slave_LanChang_EC\Project_Slave_Sensor_EnviroTrack\EWARM\Project_Slave_Sensor_EnviroTrack\Obj\user_convert_variable.o
#        D:\Saoviet_Git\Saoviet_EnviroTrack_M_And_S\Project_Slave_LanChang_EC\Project_Slave_Sensor_EnviroTrack\EWARM\Project_Slave_Sensor_EnviroTrack\Obj\user_internal_mem.o
#        D:\Saoviet_Git\Saoviet_EnviroTrack_M_And_S\Project_Slave_LanChang_EC\Project_Slave_Sensor_EnviroTrack\EWARM\Project_Slave_Sensor_EnviroTrack\Obj\user_mem_comm.o
#        D:\Saoviet_Git\Saoviet_EnviroTrack_M_And_S\Project_Slave_LanChang_EC\Project_Slave_Sensor_EnviroTrack\EWARM\Project_Slave_Sensor_EnviroTrack\Obj\user_modbus_rtu.o
#        D:\Saoviet_Git\Saoviet_EnviroTrack_M_And_S\Project_Slave_LanChang_EC\Project_Slave_Sensor_EnviroTrack\EWARM\Project_Slave_Sensor_EnviroTrack\Obj\user_obis_sv.o
#        D:\Saoviet_Git\Saoviet_EnviroTrack_M_And_S\Project_Slave_LanChang_EC\Project_Slave_Sensor_EnviroTrack\EWARM\Project_Slave_Sensor_EnviroTrack\Obj\user_rs485.o
#        D:\Saoviet_Git\Saoviet_EnviroTrack_M_And_S\Project_Slave_LanChang_EC\Project_Slave_Sensor_EnviroTrack\EWARM\Project_Slave_Sensor_EnviroTrack\Obj\user_rtc.o
#        D:\Saoviet_Git\Saoviet_EnviroTrack_M_And_S\Project_Slave_LanChang_EC\Project_Slave_Sensor_EnviroTrack\EWARM\Project_Slave_Sensor_EnviroTrack\Obj\user_string.o
#        D:\Saoviet_Git\Saoviet_EnviroTrack_M_And_S\Project_Slave_LanChang_EC\Project_Slave_Sensor_EnviroTrack\EWARM\Project_Slave_Sensor_EnviroTrack\Obj\user_time.o
#        D:\Saoviet_Git\Saoviet_EnviroTrack_M_And_S\Project_Slave_LanChang_EC\Project_Slave_Sensor_EnviroTrack\EWARM\Project_Slave_Sensor_EnviroTrack\Obj\user_timer.o
#        D:\Saoviet_Git\Saoviet_EnviroTrack_M_And_S\Project_Slave_LanChang_EC\Project_Slave_Sensor_EnviroTrack\EWARM\Project_Slave_Sensor_EnviroTrack\Obj\user_tiny_vsnprintf.o
#        D:\Saoviet_Git\Saoviet_EnviroTrack_M_And_S\Project_Slave_LanChang_EC\Project_Slave_Sensor_EnviroTrack\EWARM\Project_Slave_Sensor_EnviroTrack\Obj\user_uart.o
#        D:\Saoviet_Git\Saoviet_EnviroTrack_M_And_S\Project_Slave_LanChang_EC\Project_Slave_Sensor_EnviroTrack\EWARM\Project_Slave_Sensor_EnviroTrack\Obj\user_util.o
#        --no_out_extension -o
#        D:\Saoviet_Git\Saoviet_EnviroTrack_M_And_S\Project_Slave_LanChang_EC\Project_Slave_Sensor_EnviroTrack\EWARM\Project_Slave_Sensor_EnviroTrack\Exe\Project_Slave_Sensor_EnviroTrack.out
#        --redirect _Printf=_PrintfFullNoMb --redirect _Scanf=_ScanfFullNoMb
#        --map
#        D:\Saoviet_Git\Saoviet_EnviroTrack_M_And_S\Project_Slave_LanChang_EC\Project_Slave_Sensor_EnviroTrack\EWARM\Project_Slave_Sensor_EnviroTrack\List\Project_Slave_Sensor_EnviroTrack.map
#        --config
#        D:\Saoviet_Git\Saoviet_EnviroTrack_M_And_S\Project_Slave_LanChang_EC\Project_Slave_Sensor_EnviroTrack\EWARM/stm32l433xx_flash.icf
#        --semihosting --entry __iar_program_start --vfe --text_out locale)
#
###############################################################################

*******************************************************************************
*** RUNTIME MODEL ATTRIBUTES
***

CppFlavor       = *
__Heap_Handler  = DLMalloc
__SystemLibrary = DLib
__dlib_version  = 6


*******************************************************************************
*** HEAP SELECTION
***

The advanced heap was selected because the application calls memory
allocation functions outside of system library functions, and there
are calls to deallocation functions in the application.


*******************************************************************************
*** PLACEMENT SUMMARY
***

"A0":  place at address 0x800'0000 { ro section .intvec };
"P1":  place in [from 0x800'0000 to 0x803'ffff] { ro };
define block CSTACK with size = 1K, alignment = 8 { };
define block HEAP with size = 512, alignment = 8 { };
"P2":  place in [from 0x2000'0000 to 0x2000'ffff] {
          rw, block CSTACK, block HEAP };
initialize by copy { rw };

  Section            Kind         Address      Size  Object
  -------            ----         -------      ----  ------
"A0":                                         0x18c
  .intvec            ro code   0x800'0000     0x18c  startup_stm32l433xx.o [1]
                             - 0x800'018c     0x18c

"P1":                                      0x1'0426
  .text              ro code   0x800'018c    0x1d84  button.o [1]
  .text              ro code   0x800'1f10     0x380  stm32l4xx_hal_gpio.o [1]
  .text              ro code   0x800'2290     0x21c  user_util.o [1]
  .text              ro code   0x800'24ac     0xd58  lcd_display.o [1]
  .text              ro code   0x800'3204    0x1564  user_app_sensor.o [1]
  .text              ro code   0x800'4768     0x5e4  user_convert_variable.o [1]
  .text              ro code   0x800'4d4c     0xad4  user_app_modbus_rtu.o [1]
  .text              ro code   0x800'5820      0x36  strlen.o [4]
  .text              ro code   0x800'5856      0x3a  zero_init3.o [4]
  .text              ro code   0x800'5890      0x22  S32ToDbl.o [3]
  .text              ro code   0x800'58b2       0xa  xsprout.o [2]
  .text              ro code   0x800'58bc      0x16  math_wrappers64.o [3]
  .rodata            const     0x800'58d2       0x2  xlocale_c.o [2]
  .text              ro code   0x800'58d4     0x246  DblDiv.o [3]
  .rodata            const     0x800'5b1a       0x1  xlocale_c.o [2]
  .text              ro code   0x800'5b1c      0x68  DblToFlt.o [3]
  .text              ro code   0x800'5b84      0x1a  U32ToDbl.o [3]
  .text              ro code   0x800'5ba0      0x48  FltToDbl.o [3]
  .text              ro code   0x800'5be8      0x40  sprintf.o [2]
  .text              ro code   0x800'5c28      0xb0  STM32L4.o [1]
  .text              ro code   0x800'5cd8       0xc  stm32l4xx_hal.o [1]
  .text              ro code   0x800'5ce4     0x290  text_tiny.o [1]
  .text              ro code   0x800'5f74      0x54  event_driven.o [1]
  .text              ro code   0x800'5fc8      0x14  unit_tests.o [1]
  .text              ro code   0x800'5fdc     0x110  glcd.o [1]
  .text              ro code   0x800'60ec     0x15c  ST7565R.o [1]
  .text              ro code   0x800'6248      0x66  ABImemset.o [4]
  .text              ro code   0x800'62b0     0x390  text.o [1]
  .text              ro code   0x800'6640     0x200  graphics.o [1]
  .text              ro code   0x800'6840     0x350  user_modbus_rtu.o [1]
  .text              ro code   0x800'6b90     0x39c  usart.o [1]
  .text              ro code   0x800'6f2c      0x74  user_connect_sensor.o [1]
  .text              ro code   0x800'6fa0      0x28  stm32l4xx_hal.o [1]
  .text              ro code   0x800'6fc8     0xfc8  stm32l4xx_hal_uart.o [1]
  .text              ro code   0x800'7f90     0x172  onchipflash.o [1]
  .text              ro code   0x800'8104      0xa6  ABImemcpy.o [4]
  .text              ro code   0x800'81ac     0x230  I64DivMod.o [4]
  .text              ro code   0x800'83dc     0x1a2  DblMul.o [3]
  .text              ro code   0x800'8580     0x17a  DblAdd.o [3]
  .text              ro code   0x800'86fc      0x3a  DblToS32.o [3]
  .text              ro code   0x800'8738     0x6ec  pow64.o [3]
  .text              ro code   0x800'8e24     0xfc6  xprintffull_nomb.o [2]
  .text              ro code   0x800'9dec     0x52a  stm32l4xx_hal_spi.o [1]
  .text              ro code   0x800'a316       0x8  abs.o [2]
  .text              ro code   0x800'a31e      0xc2  main.o [1]
  .text              ro code   0x800'a3e0      0x14  memset.o [4]
  .text              ro code   0x800'a3f4     0x4e8  stm32l4xx_hal_rcc_ex.o [1]
  .text              ro code   0x800'a8dc     0x422  stm32l4xx_hal_dma.o [1]
  .text              ro code   0x800'ad00     0x194  stm32l4xx_hal_cortex.o [1]
  .text              ro code   0x800'ae94     0x128  user_uart.o [1]
  .text              ro code   0x800'afbc      0x72  stm32l4xx_hal_uart_ex.o [1]
  .text              ro code   0x800'b030     0x9fc  stm32l4xx_hal_rcc.o [1]
  .text              ro code   0x800'ba2c       0x2  stm32l4xx_hal_uart.o [1]
  .text              ro code   0x800'ba2e       0x2  stm32l4xx_hal_uart.o [1]
  .text              ro code   0x800'ba30     0x1b8  stm32l4xx_hal_flash.o [1]
  .text              ro code   0x800'bbe8      0xa0  stm32l4xx_hal_flash_ex.o [1]
  .text              ro code   0x800'bc88       0x2  I64DivZer.o [4]
  .text              ro code   0x800'bc8c      0xe2  DblSub.o [3]
  .text              ro code   0x800'bd70      0x20  DblCmpEq.o [3]
  .text              ro code   0x800'bd90      0x70  frexp.o [3]
  .text              ro code   0x800'be00      0x2e  DblCmpLe.o [3]
  .text              ro code   0x800'be30      0x2e  DblCmpGe.o [3]
  .text              ro code   0x800'be60     0x3e8  iar_Exp64.o [3]
  .text              ro code   0x800'c248      0x16  strchr.o [4]
  .text              ro code   0x800'c260      0x40  xfail_s.o [2]
  .text              ro code   0x800'c2a0      0x58  memchr.o [4]
  .text              ro code   0x800'c2f8     0x13a  ldexp.o [3]
  .text              ro code   0x800'c434      0x28  DblToU32.o [3]
  .text              ro code   0x800'c45c       0x8  xlocale_c.o [2]
  .text              ro code   0x800'c464      0xc8  spi.o [1]
  .text              ro code   0x800'c52c      0x24  stm32l4xx_hal.o [1]
  .text              ro code   0x800'c550     0x1d0  gpio.o [1]
  .text              ro code   0x800'c720      0x60  dma.o [1]
  .text              ro code   0x800'c780     0x150  rtc.o [1]
  .text              ro code   0x800'c8d0     0x4b4  user_app_comm.o [1]
  .text              ro code   0x800'cd84      0x94  stm32l4xx_hal_pwr_ex.o [1]
  .text              ro code   0x800'ce18      0x70  user_rs485.o [1]
  .text              ro code   0x800'ce88     0x23a  user_adv_trace.o [1]
  .text              ro code   0x800'd0c4      0x60  stm32l4xx_hal.o [1]
  .text              ro code   0x800'd124       0x6  abort.o [2]
  .text              ro code   0x800'd12c      0x38  stm32l4xx_hal_msp.o [1]
  .text              ro code   0x800'd164     0x78e  stm32l4xx_hal_rtc.o [1]
  .text              ro code   0x800'd8f4     0x310  user_timer.o [1]
  .text              ro code   0x800'dc04     0x1dc  user_at_serial.o [1]
  .text              ro code   0x800'dde0      0x58  user_time.o [1]
  .text              ro code   0x800'de38     0x180  user_app_rs485.o [1]
  .text              ro code   0x800'dfb8     0x350  user_tiny_vsnprintf.o [1]
  .text              ro code   0x800'e308      0x14  exit.o [5]
  .text              ro code   0x800'e31c     0x3a8  user_rtc.o [1]
  .text              ro code   0x800'e6c4       0x2  stm32l4xx_hal_rtc_ex.o [1]
  .text              ro code   0x800'e6c6     0x1e6  user_string.o [1]
  .text              ro code   0x800'e8ac      0x48  stm32l4xx_hal_rtc_ex.o [1]
  .rodata            const     0x800'e8f8     0x420  pow64.o [3]
  .rodata            const     0x800'ed18     0x400  unit_tests.o [1]
  .rodata            const     0x800'f118     0x228  lcd_display.o [1]
  .rodata            const     0x800'f340     0x214  lcd_display.o [1]
  .text              ro code   0x800'f554      0xd4  stm32l4xx_it.o [1]
  .text              ro code   0x800'f628      0x18  stm32l4xx_hal.o [1]
  .text              ro code   0x800'f640      0x78  lz77_init_single.o [4]
  .rodata            const     0x800'f6b8      0x34  user_app_sensor.o [1]
  .rodata            const     0x800'f6ec      0x34  user_app_sensor.o [1]
  .rodata            const     0x800'f720      0x30  system_stm32l4xx.o [1]
  .rodata            const     0x800'f750      0x2c  user_rtc.o [1]
  .rodata            const     0x800'f77c      0x28  user_tiny_vsnprintf.o [1]
  .rodata            const     0x800'f7a4      0x28  user_tiny_vsnprintf.o [1]
  .text              ro code   0x800'f7cc      0x28  data_init.o [4]
  .text              ro code   0x800'f7f4      0x22  fpinit_M.o [3]
  .iar.init_table    const     0x800'f818      0x20  - Linker created -
  .rodata            const     0x800'f838      0x20  user_rtc.o [1]
  .text              ro code   0x800'f858      0x1e  cmain.o [4]
  .text              ro code   0x800'f876       0x4  low_level_init.o [2]
  .text              ro code   0x800'f87a       0x4  exit.o [2]
  .text              ro code   0x800'f880       0xa  cexit.o [4]
  .rodata            const     0x800'f88c      0x1c  user_app_comm.o [1]
  .rodata            const     0x800'f8a8      0x1c  user_uart.o [1]
  .rodata            const     0x800'f8c4      0x18  user_app_comm.o [1]
  .rodata            const     0x800'f8dc      0x14  lcd_display.o [1]
  .rodata            const     0x800'f8f0      0x14  user_app_comm.o [1]
  .rodata            const     0x800'f904      0x14  user_at_serial.o [1]
  .rodata            const     0x800'f918      0x14  user_at_serial.o [1]
  .rodata            const     0x800'f92c      0x14  user_at_serial.o [1]
  .rodata            const     0x800'f940      0x14  user_at_serial.o [1]
  .rodata            const     0x800'f954      0x14  user_at_serial.o [1]
  .rodata            const     0x800'f968      0x10  lcd_display.o [1]
  .rodata            const     0x800'f978      0x10  lcd_display.o [1]
  .rodata            const     0x800'f988      0x10  lcd_display.o [1]
  .rodata            const     0x800'f998      0x10  lcd_display.o [1]
  .rodata            const     0x800'f9a8      0x10  lcd_display.o [1]
  .rodata            const     0x800'f9b8      0x10  lcd_display.o [1]
  .rodata            const     0x800'f9c8      0x10  lcd_display.o [1]
  .rodata            const     0x800'f9d8      0x10  lcd_display.o [1]
  .rodata            const     0x800'f9e8      0x10  lcd_display.o [1]
  .rodata            const     0x800'f9f8      0x10  lcd_display.o [1]
  .rodata            const     0x800'fa08      0x10  system_stm32l4xx.o [1]
  .rodata            const     0x800'fa18      0x10  user_app_sensor.o [1]
  .rodata            const     0x800'fa28      0x10  user_at_serial.o [1]
  .rodata            const     0x800'fa38      0x10  user_at_serial.o [1]
  .rodata            const     0x800'fa48      0x10  user_at_serial.o [1]
  .rodata            const     0x800'fa58      0x10  user_at_serial.o [1]
  .rodata            const     0x800'fa68      0x10  user_at_serial.o [1]
  .rodata            const     0x800'fa78      0x10  user_at_serial.o [1]
  .rodata            const     0x800'fa88      0x10  user_at_serial.o [1]
  .rodata            const     0x800'fa98      0x10  user_at_serial.o [1]
  .rodata            const     0x800'faa8      0x10  user_at_serial.o [1]
  .rodata            const     0x800'fab8      0x10  user_at_serial.o [1]
  .rodata            const     0x800'fac8      0x10  user_at_serial.o [1]
  .rodata            const     0x800'fad8      0x10  user_at_serial.o [1]
  .rodata            const     0x800'fae8      0x10  user_at_serial.o [1]
  .rodata            const     0x800'faf8      0x10  user_at_serial.o [1]
  .rodata            const     0x800'fb08      0x10  user_at_serial.o [1]
  .rodata            const     0x800'fb18      0x10  user_at_serial.o [1]
  .rodata            const     0x800'fb28      0x10  user_at_serial.o [1]
  .rodata            const     0x800'fb38      0x10  user_at_serial.o [1]
  .rodata            const     0x800'fb48      0x10  user_at_serial.o [1]
  .rodata            const     0x800'fb58      0x10  user_at_serial.o [1]
  .rodata            const     0x800'fb68      0x10  user_at_serial.o [1]
  .rodata            const     0x800'fb78      0x10  user_at_serial.o [1]
  .rodata            const     0x800'fb88      0x10  user_at_serial.o [1]
  .rodata            const     0x800'fb98      0x10  user_at_serial.o [1]
  .rodata            const     0x800'fba8      0x10  user_at_serial.o [1]
  .rodata            const     0x800'fbb8      0x10  user_at_serial.o [1]
  .rodata            const     0x800'fbc8      0x10  user_at_serial.o [1]
  .rodata            const     0x800'fbd8      0x10  user_at_serial.o [1]
  .text              ro code   0x800'fbe8      0x10  startup_stm32l433xx.o [1]
  .text              ro code   0x800'fbf8      0x10  system_stm32l4xx.o [1]
  .rodata            const     0x800'fc08       0xc  lcd_display.o [1]
  .rodata            const     0x800'fc14       0xc  lcd_display.o [1]
  .rodata            const     0x800'fc20       0xc  lcd_display.o [1]
  .rodata            const     0x800'fc2c       0xc  lcd_display.o [1]
  .rodata            const     0x800'fc38       0xc  lcd_display.o [1]
  .rodata            const     0x800'fc44       0xc  lcd_display.o [1]
  .rodata            const     0x800'fc50       0xc  lcd_display.o [1]
  .rodata            const     0x800'fc5c       0xc  lcd_display.o [1]
  .rodata            const     0x800'fc68       0xc  lcd_display.o [1]
  .rodata            const     0x800'fc74       0xc  lcd_display.o [1]
  .rodata            const     0x800'fc80       0xc  lcd_display.o [1]
  .rodata            const     0x800'fc8c       0xc  lcd_display.o [1]
  .rodata            const     0x800'fc98       0xc  lcd_display.o [1]
  .rodata            const     0x800'fca4       0xc  lcd_display.o [1]
  .rodata            const     0x800'fcb0       0xc  lcd_display.o [1]
  .rodata            const     0x800'fcbc       0xc  lcd_display.o [1]
  .rodata            const     0x800'fcc8       0xc  lcd_display.o [1]
  .rodata            const     0x800'fcd4       0xc  lcd_display.o [1]
  .rodata            const     0x800'fce0       0xc  user_app_comm.o [1]
  .rodata            const     0x800'fcec       0xc  user_app_sensor.o [1]
  .rodata            const     0x800'fcf8       0xc  user_at_serial.o [1]
  .rodata            const     0x800'fd04       0xc  user_at_serial.o [1]
  .rodata            const     0x800'fd10       0xc  user_at_serial.o [1]
  .rodata            const     0x800'fd1c       0xc  user_at_serial.o [1]
  .rodata            const     0x800'fd28       0xc  user_at_serial.o [1]
  .rodata            const     0x800'fd34       0xc  user_at_serial.o [1]
  .rodata            const     0x800'fd40       0xc  user_at_serial.o [1]
  .rodata            const     0x800'fd4c       0xc  user_at_serial.o [1]
  .rodata            const     0x800'fd58       0xc  user_at_serial.o [1]
  .rodata            const     0x800'fd64       0xc  user_at_serial.o [1]
  .rodata            const     0x800'fd70       0xc  user_at_serial.o [1]
  .rodata            const     0x800'fd7c       0xc  user_at_serial.o [1]
  .rodata            const     0x800'fd88       0xc  user_at_serial.o [1]
  .rodata            const     0x800'fd94       0xc  user_at_serial.o [1]
  .rodata            const     0x800'fda0       0xc  user_at_serial.o [1]
  .rodata            const     0x800'fdac       0xc  user_at_serial.o [1]
  .rodata            const     0x800'fdb8       0xc  user_at_serial.o [1]
  .rodata            const     0x800'fdc4       0xc  user_at_serial.o [1]
  .rodata            const     0x800'fdd0       0xc  user_at_serial.o [1]
  .rodata            const     0x800'fddc       0xc  user_at_serial.o [1]
  .rodata            const     0x800'fde8       0xc  user_at_serial.o [1]
  .rodata            const     0x800'fdf4       0xc  user_at_serial.o [1]
  .rodata            const     0x800'fe00       0xc  user_at_serial.o [1]
  .rodata            const     0x800'fe0c       0xc  user_at_serial.o [1]
  .rodata            const     0x800'fe18       0xc  user_at_serial.o [1]
  .rodata            const     0x800'fe24       0xc  user_at_serial.o [1]
  .rodata            const     0x800'fe30       0xc  user_at_serial.o [1]
  .rodata            const     0x800'fe3c       0xc  user_at_serial.o [1]
  .rodata            const     0x800'fe48       0xc  user_rtc.o [1]
  .rodata            const     0x800'fe54       0xc  user_rtc.o [1]
  .text              ro code   0x800'fe60       0xc  cstartup_M.o [4]
  .rodata            const     0x800'fe6c       0x8  lcd_display.o [1]
  .rodata            const     0x800'fe74       0x8  lcd_display.o [1]
  .rodata            const     0x800'fe7c       0x8  lcd_display.o [1]
  .rodata            const     0x800'fe84       0x8  lcd_display.o [1]
  .rodata            const     0x800'fe8c       0x8  lcd_display.o [1]
  .rodata            const     0x800'fe94       0x8  lcd_display.o [1]
  .rodata            const     0x800'fe9c       0x8  lcd_display.o [1]
  .rodata            const     0x800'fea4       0x8  lcd_display.o [1]
  .rodata            const     0x800'feac       0x8  lcd_display.o [1]
  .rodata            const     0x800'feb4       0x8  lcd_display.o [1]
  .rodata            const     0x800'febc       0x8  lcd_display.o [1]
  .rodata            const     0x800'fec4       0x8  lcd_display.o [1]
  .rodata            const     0x800'fecc       0x8  lcd_display.o [1]
  .rodata            const     0x800'fed4       0x8  system_stm32l4xx.o [1]
  .rodata            const     0x800'fedc       0x8  user_app_modbus_rtu.o [1]
  .rodata            const     0x800'fee4       0x8  user_app_modbus_rtu.o [1]
  .rodata            const     0x800'feec       0x8  user_app_sensor.o [1]
  .rodata            const     0x800'fef4       0x8  user_app_sensor.o [1]
  .rodata            const     0x800'fefc       0x8  user_app_sensor.o [1]
  .rodata            const     0x800'ff04       0x8  user_app_sensor.o [1]
  .rodata            const     0x800'ff0c       0x8  user_at_serial.o [1]
  .rodata            const     0x800'ff14       0x8  user_at_serial.o [1]
  .rodata            const     0x800'ff1c       0x8  user_at_serial.o [1]
  .rodata            const     0x800'ff24       0x8  user_at_serial.o [1]
  .rodata            const     0x800'ff2c       0x8  user_at_serial.o [1]
  .rodata            const     0x800'ff34       0x8  user_tiny_vsnprintf.o [1]
  .rodata            const     0x800'ff3c       0x8  user_util.o [1]
  .rodata            const     0x800'ff44       0x8  xprintffull_nomb.o [2]
  .rodata            const     0x800'ff4c       0x4  lcd_display.o [1]
  .rodata            const     0x800'ff50       0x4  lcd_display.o [1]
  .rodata            const     0x800'ff54       0x4  lcd_display.o [1]
  .rodata            const     0x800'ff58       0x4  lcd_display.o [1]
  .rodata            const     0x800'ff5c       0x4  lcd_display.o [1]
  .text              ro code   0x800'ff60       0x4  startup_stm32l433xx.o [1]
  .text              ro code   0x800'ff64       0x4  startup_stm32l433xx.o [1]
  .text              ro code   0x800'ff68       0x4  startup_stm32l433xx.o [1]
  .text              ro code   0x800'ff6c       0x4  startup_stm32l433xx.o [1]
  .text              ro code   0x800'ff70       0x4  startup_stm32l433xx.o [1]
  .text              ro code   0x800'ff74       0x4  startup_stm32l433xx.o [1]
  .text              ro code   0x800'ff78       0x4  startup_stm32l433xx.o [1]
  .text              ro code   0x800'ff7c       0x4  startup_stm32l433xx.o [1]
  .text              ro code   0x800'ff80       0x4  startup_stm32l433xx.o [1]
  .text              ro code   0x800'ff84       0x4  startup_stm32l433xx.o [1]
  .text              ro code   0x800'ff88       0x4  startup_stm32l433xx.o [1]
  .text              ro code   0x800'ff8c       0x4  startup_stm32l433xx.o [1]
  .text              ro code   0x800'ff90       0x4  startup_stm32l433xx.o [1]
  .text              ro code   0x800'ff94       0x4  startup_stm32l433xx.o [1]
  .text              ro code   0x800'ff98       0x4  startup_stm32l433xx.o [1]
  .text              ro code   0x800'ff9c       0x4  startup_stm32l433xx.o [1]
  .text              ro code   0x800'ffa0       0x4  startup_stm32l433xx.o [1]
  .text              ro code   0x800'ffa4       0x4  startup_stm32l433xx.o [1]
  .text              ro code   0x800'ffa8       0x4  startup_stm32l433xx.o [1]
  .text              ro code   0x800'ffac       0x4  startup_stm32l433xx.o [1]
  .text              ro code   0x800'ffb0       0x4  startup_stm32l433xx.o [1]
  .text              ro code   0x800'ffb4       0x4  startup_stm32l433xx.o [1]
  .text              ro code   0x800'ffb8       0x4  startup_stm32l433xx.o [1]
  .text              ro code   0x800'ffbc       0x4  startup_stm32l433xx.o [1]
  .text              ro code   0x800'ffc0       0x4  startup_stm32l433xx.o [1]
  .text              ro code   0x800'ffc4       0x4  startup_stm32l433xx.o [1]
  .text              ro code   0x800'ffc8       0x4  startup_stm32l433xx.o [1]
  .text              ro code   0x800'ffcc       0x4  startup_stm32l433xx.o [1]
  .text              ro code   0x800'ffd0       0x4  startup_stm32l433xx.o [1]
  .text              ro code   0x800'ffd4       0x4  startup_stm32l433xx.o [1]
  .text              ro code   0x800'ffd8       0x4  startup_stm32l433xx.o [1]
  .text              ro code   0x800'ffdc       0x4  startup_stm32l433xx.o [1]
  .text              ro code   0x800'ffe0       0x4  startup_stm32l433xx.o [1]
  .text              ro code   0x800'ffe4       0x4  startup_stm32l433xx.o [1]
  .text              ro code   0x800'ffe8       0x4  startup_stm32l433xx.o [1]
  .text              ro code   0x800'ffec       0x4  startup_stm32l433xx.o [1]
  .text              ro code   0x800'fff0       0x4  startup_stm32l433xx.o [1]
  .text              ro code   0x800'fff4       0x4  startup_stm32l433xx.o [1]
  .text              ro code   0x800'fff8       0x4  startup_stm32l433xx.o [1]
  .text              ro code   0x800'fffc       0x4  startup_stm32l433xx.o [1]
  .text              ro code   0x801'0000       0x4  startup_stm32l433xx.o [1]
  .text              ro code   0x801'0004       0x4  startup_stm32l433xx.o [1]
  .text              ro code   0x801'0008       0x4  startup_stm32l433xx.o [1]
  .text              ro code   0x801'000c       0x4  startup_stm32l433xx.o [1]
  .text              ro code   0x801'0010       0x4  startup_stm32l433xx.o [1]
  .text              ro code   0x801'0014       0x4  startup_stm32l433xx.o [1]
  .text              ro code   0x801'0018       0x4  startup_stm32l433xx.o [1]
  .text              ro code   0x801'001c       0x4  startup_stm32l433xx.o [1]
  .text              ro code   0x801'0020       0x4  startup_stm32l433xx.o [1]
  .text              ro code   0x801'0024       0x4  startup_stm32l433xx.o [1]
  .text              ro code   0x801'0028       0x4  startup_stm32l433xx.o [1]
  .text              ro code   0x801'002c       0x4  startup_stm32l433xx.o [1]
  .text              ro code   0x801'0030       0x4  startup_stm32l433xx.o [1]
  .text              ro code   0x801'0034       0x4  startup_stm32l433xx.o [1]
  .text              ro code   0x801'0038       0x4  startup_stm32l433xx.o [1]
  .text              ro code   0x801'003c       0x4  startup_stm32l433xx.o [1]
  .text              ro code   0x801'0040       0x4  startup_stm32l433xx.o [1]
  .text              ro code   0x801'0044       0x4  startup_stm32l433xx.o [1]
  .text              ro code   0x801'0048       0x4  startup_stm32l433xx.o [1]
  .rodata            const     0x801'004c       0x0  zero_init3.o [4]
  .rodata            const     0x801'004c       0x0  lz77_init_single.o [4]
  Initializer bytes  const     0x801'004c     0x566  <for P2-1>
                             - 0x801'05b2  0x1'0426

"P2", part 1 of 3:                            0xc81
  P2-1                        0x2000'0000     0xc81  <Init block>
    .data            inited   0x2000'0000       0xc  button.o [1]
    .data            inited   0x2000'000c      0x70  lcd_display.o [1]
    .data            inited   0x2000'007c      0x64  lcd_display.o [1]
    .data            inited   0x2000'00e0       0x8  lcd_display.o [1]
    .data            inited   0x2000'00e8       0x4  lcd_display.o [1]
    .data            inited   0x2000'00ec      0x10  lcd_display.o [1]
    .data            inited   0x2000'00fc      0x10  lcd_display.o [1]
    .data            inited   0x2000'010c      0x10  lcd_display.o [1]
    .data            inited   0x2000'011c      0x10  lcd_display.o [1]
    .data            inited   0x2000'012c      0x10  lcd_display.o [1]
    .data            inited   0x2000'013c       0x8  lcd_display.o [1]
    .data            inited   0x2000'0144     0x3f0  lcd_display.o [1]
    .data            inited   0x2000'0534       0x4  stm32l4xx_hal.o [1]
    .data            inited   0x2000'0538      0x20  stm32l4xx_hal_flash.o [1]
    .data            inited   0x2000'0558       0x4  system_stm32l4xx.o [1]
    .data            inited   0x2000'055c      0x70  user_app_comm.o [1]
    .data            inited   0x2000'05cc       0x8  user_app_comm.o [1]
    .data            inited   0x2000'05d4       0x8  user_app_comm.o [1]
    .data            inited   0x2000'05dc     0x12c  user_app_modbus_rtu.o [1]
    .data            inited   0x2000'0708      0x2c  user_app_modbus_rtu.o [1]
    .data            inited   0x2000'0734       0x8  user_app_modbus_rtu.o [1]
    .data            inited   0x2000'073c      0x40  user_app_rs485.o [1]
    .data            inited   0x2000'077c      0x90  user_app_sensor.o [1]
    .data            inited   0x2000'080c       0x8  user_app_sensor.o [1]
    .data            inited   0x2000'0814       0x8  user_at_serial.o [1]
    .data            inited   0x2000'081c     0x410  user_at_serial.o [1]
    .data            inited   0x2000'0c2c       0x8  user_connect_sensor.o [1]
    .data            inited   0x2000'0c34       0x8  user_rs485.o [1]
    .data            inited   0x2000'0c3c       0x4  user_tiny_vsnprintf.o [1]
    .data            inited   0x2000'0c40       0x4  user_tiny_vsnprintf.o [1]
    .data            inited   0x2000'0c44      0x38  xlocale_c.o [2]
    .data            inited   0x2000'0c7c       0x2  user_app_modbus_rtu.o [1]
    .data            inited   0x2000'0c7e       0x1  lcd_display.o [1]
    .data            inited   0x2000'0c7f       0x1  stm32l4xx_hal.o [1]
    .data            inited   0x2000'0c80       0x1  user_util.o [1]
                            - 0x2000'0c81     0xc81

"P2", part 2 of 3:                           0x1ce0
  .bss               zero     0x2000'0c84     0x4b0  user_app_comm.o [1]
  .bss               zero     0x2000'1134     0x400  glcd.o [1]
  .bss               zero     0x2000'1534     0x400  user_adv_trace.o [1]
  .bss               zero     0x2000'1934     0x200  user_adv_trace.o [1]
  .bss               zero     0x2000'1b34     0x200  user_connect_sensor.o [1]
  .bss               zero     0x2000'1d34     0x200  user_rs485.o [1]
  .bss               zero     0x2000'1f34     0x1f8  lcd_display.o [1]
  .bss               zero     0x2000'212c      0x88  usart.o [1]
  .bss               zero     0x2000'21b4      0x88  usart.o [1]
  .bss               zero     0x2000'223c      0x88  usart.o [1]
  .bss               zero     0x2000'22c4      0x80  lcd_display.o [1]
  .bss               zero     0x2000'2344      0x80  user_app_modbus_rtu.o [1]
  .bss               zero     0x2000'23c4      0x80  user_app_modbus_rtu.o [1]
  .bss               zero     0x2000'2444      0x80  user_app_modbus_rtu.o [1]
  .bss               zero     0x2000'24c4      0x80  user_at_serial.o [1]
  .bss               zero     0x2000'2544      0x80  user_at_serial.o [1]
  .bss               zero     0x2000'25c4      0x64  spi.o [1]
  .bss               zero     0x2000'2628      0x64  user_app_comm.o [1]
  .bss               zero     0x2000'268c      0x4c  user_app_sensor.o [1]
  .bss               zero     0x2000'26d8      0x48  usart.o [1]
  .bss               zero     0x2000'2720      0x48  usart.o [1]
  .bss               zero     0x2000'2768      0x48  usart.o [1]
  .bss               zero     0x2000'27b0      0x2c  user_rtc.o [1]
  .bss               zero     0x2000'27dc      0x28  user_app_sensor.o [1]
  .bss               zero     0x2000'2804      0x28  user_app_sensor.o [1]
  .bss               zero     0x2000'282c      0x24  rtc.o [1]
  .bss               zero     0x2000'2850      0x1c  user_rtc.o [1]
  .bss               zero     0x2000'286c      0x18  button.o [1]
  .bss               zero     0x2000'2884      0x18  user_adv_trace.o [1]
  .bss               zero     0x2000'289c      0x18  user_app_comm.o [1]
  .bss               zero     0x2000'28b4      0x10  lcd_display.o [1]
  .bss               zero     0x2000'28c4      0x10  user_app_sensor.o [1]
  .bss               zero     0x2000'28d4       0xc  text.o [1]
  .bss               zero     0x2000'28e0       0xc  user_app_sensor.o [1]
  .bss               zero     0x2000'28ec       0xc  user_util.o [1]
  .bss               zero     0x2000'28f8       0x4  button.o [1]
  .bss               zero     0x2000'28fc       0x4  button.o [1]
  .bss               zero     0x2000'2900       0x4  button.o [1]
  .bss               zero     0x2000'2904       0x4  button.o [1]
  .bss               zero     0x2000'2908       0x4  glcd.o [1]
  .bss               zero     0x2000'290c       0x4  glcd.o [1]
  .bss               zero     0x2000'2910       0x4  glcd.o [1]
  .bss               zero     0x2000'2914       0x4  lcd_display.o [1]
  .bss               zero     0x2000'2918       0x4  stm32l4xx_hal.o [1]
  .bss               zero     0x2000'291c       0x4  stm32l4xx_it.o [1]
  .bss               zero     0x2000'2920       0x4  user_app_comm.o [1]
  .bss               zero     0x2000'2924       0x4  user_app_sensor.o [1]
  .bss               zero     0x2000'2928       0x4  user_app_sensor.o [1]
  .bss               zero     0x2000'292c       0x4  user_rtc.o [1]
  .bss               zero     0x2000'2930       0x4  user_timer.o [1]
  .bss               zero     0x2000'2934       0x4  user_util.o [1]
  .bss               zero     0x2000'2938       0x4  user_util.o [1]
  .bss               zero     0x2000'293c       0x4  user_util.o [1]
  .bss               zero     0x2000'2940       0x4  xfail_s.o [2]
  .bss               zero     0x2000'2944       0x2  button.o [1]
  .bss               zero     0x2000'2946       0x2  lcd_display.o [1]
  .bss               zero     0x2000'2948       0x2  user_app_comm.o [1]
  .bss               zero     0x2000'294a       0x2  user_app_comm.o [1]
  .bss               zero     0x2000'294c       0x2  user_app_sensor.o [1]
  .bss               zero     0x2000'294e       0x2  user_app_sensor.o [1]
  .bss               zero     0x2000'2950       0x2  user_uart.o [1]
  .bss               zero     0x2000'2952       0x1  button.o [1]
  .bss               zero     0x2000'2953       0x1  lcd_display.o [1]
  .bss               zero     0x2000'2954       0x1  lcd_display.o [1]
  .bss               zero     0x2000'2955       0x1  lcd_display.o [1]
  .bss               zero     0x2000'2956       0x1  stm32l4xx_it.o [1]
  .bss               zero     0x2000'2957       0x1  user_app_comm.o [1]
  .bss               zero     0x2000'2958       0x1  user_app_comm.o [1]
  .bss               zero     0x2000'2959       0x1  user_app_rs485.o [1]
  .bss               zero     0x2000'295a       0x1  user_app_sensor.o [1]
  .bss               zero     0x2000'295b       0x1  user_app_sensor.o [1]
  .bss               zero     0x2000'295c       0x1  user_app_sensor.o [1]
  .bss               zero     0x2000'295d       0x1  user_at_serial.o [1]
  .bss               zero     0x2000'295e       0x1  user_connect_sensor.o [1]
  .bss               zero     0x2000'295f       0x1  user_connect_sensor.o [1]
  .bss               zero     0x2000'2960       0x1  user_rs485.o [1]
  .bss               zero     0x2000'2961       0x1  user_rs485.o [1]
  .bss               zero     0x2000'2962       0x1  user_rtc.o [1]
  .bss               zero     0x2000'2963       0x1  user_uart.o [1]
                            - 0x2000'2964    0x1ce0

"P2", part 3 of 3:                            0x400
  CSTACK                      0x2000'2968     0x400  <Block>
    CSTACK           uninit   0x2000'2968     0x400  <Block tail>
                            - 0x2000'2d68     0x400

Unused ranges:

         From           To      Size
         ----           --      ----
   0x801'05b2   0x803'ffff  0x2'fa4e
  0x2000'0c81  0x2000'0c83       0x3
  0x2000'2964  0x2000'2967       0x4
  0x2000'2d68  0x2000'ffff    0xd298


*******************************************************************************
*** INIT TABLE
***

          Address      Size
          -------      ----
Zero (__iar_zero_init3)
    1 destination range, total size 0x1ce0:
          0x2000'0c84  0x1ce0

Copy/lz77 (__iar_lz77_init_single3)
    1 source range, total size 0x566 (43% of destination):
           0x801'004c   0x566
    1 destination range, total size 0xc81:
          0x2000'0000   0xc81



*******************************************************************************
*** MODULE SUMMARY
***

    Module                    ro code  ro data  rw data
    ------                    -------  -------  -------
command line/config:
    ---------------------------------------------------
    Total:

D:\Saoviet_Git\Saoviet_EnviroTrack_M_And_S\Project_Slave_LanChang_EC\Project_Slave_Sensor_EnviroTrack\EWARM\Project_Slave_Sensor_EnviroTrack\Obj: [1]
    ST7565R.o                     348
    STM32L4.o                     176
    button.o                    7'556        5       55
    dma.o                          96
    event_driven.o                 84
    glcd.o                        272             1'036
    gpio.o                        464
    graphics.o                    512
    lcd_display.o               3'416    2'175    1'978
    main.o                        194
    onchipflash.o                 370
    rtc.o                         336                36
    spi.o                         200               100
    startup_stm32l433xx.o         648
    stm32l4xx_hal.o               208        1        9
    stm32l4xx_hal_cortex.o        404
    stm32l4xx_hal_dma.o         1'058
    stm32l4xx_hal_flash.o         440       14       32
    stm32l4xx_hal_flash_ex.o      160
    stm32l4xx_hal_gpio.o          896
    stm32l4xx_hal_msp.o            56
    stm32l4xx_hal_pwr_ex.o        148
    stm32l4xx_hal_rcc.o         2'556
    stm32l4xx_hal_rcc_ex.o      1'256
    stm32l4xx_hal_rtc.o         1'934
    stm32l4xx_hal_rtc_ex.o         74
    stm32l4xx_hal_spi.o         1'322
    stm32l4xx_hal_uart.o        4'044
    stm32l4xx_hal_uart_ex.o       114
    stm32l4xx_it.o                212                 5
    system_stm32l4xx.o             16       74        4
    text.o                        912                12
    text_tiny.o                   656
    unit_tests.o                   20    1'024
    usart.o                       924               624
    user_adv_trace.o              570             1'560
    user_app_comm.o             1'204      139    1'462
    user_app_modbus_rtu.o       2'772      169      738
    user_app_rs485.o              384       28       65
    user_app_sensor.o           5'476      229      351
    user_at_serial.o              476    1'377    1'305
    user_connect_sensor.o         116        3      522
    user_convert_variable.o     1'508
    user_modbus_rtu.o             848
    user_rs485.o                  112        4      522
    user_rtc.o                    936      100       77
    user_string.o                 486
    user_time.o                    88
    user_timer.o                  784                 4
    user_tiny_vsnprintf.o         848       91        8
    user_uart.o                   296       28        3
    user_util.o                   540        9       25
    ---------------------------------------------------
    Total:                     49'526    5'470   10'533

dl7M_tlf.a: [2]
    abort.o                         6
    abs.o                           8
    exit.o                          4
    low_level_init.o                4
    sprintf.o                      64
    xfail_s.o                      64                 4
    xlocale_c.o                     8       27       56
    xprintffull_nomb.o          4'038        8
    xsprout.o                      10
    ---------------------------------------------------
    Total:                      4'206       35       60

m7M_tls.a: [3]
    DblAdd.o                      378
    DblCmpEq.o                     32
    DblCmpGe.o                     46
    DblCmpLe.o                     46
    DblDiv.o                      582
    DblMul.o                      418
    DblSub.o                      226
    DblToFlt.o                    104
    DblToS32.o                     58
    DblToU32.o                     40
    FltToDbl.o                     72
    S32ToDbl.o                     34
    U32ToDbl.o                     26
    fpinit_M.o                     34
    frexp.o                       112
    iar_Exp64.o                 1'000
    ldexp.o                       314
    math_wrappers64.o              22
    pow64.o                     1'772    1'056
    ---------------------------------------------------
    Total:                      5'316    1'056

rt7M_tl.a: [4]
    ABImemcpy.o                   166
    ABImemset.o                   102
    I64DivMod.o                   560
    I64DivZer.o                     2
    cexit.o                        10
    cmain.o                        30
    cstartup_M.o                   12
    data_init.o                    40
    lz77_init_single.o            120
    memchr.o                       88
    memset.o                       20
    strchr.o                       22
    strlen.o                       54
    zero_init3.o                   58
    ---------------------------------------------------
    Total:                      1'284

shb_l.a: [5]
    exit.o                         20
    ---------------------------------------------------
    Total:                         20

    Gaps                           41        8
    Linker created                          32    1'024
-------------------------------------------------------
    Grand Total:               60'393    6'601   11'617


*******************************************************************************
*** ENTRY LIST
***

Entry                       Address   Size  Type      Object
-----                       -------   ----  ----      ------
.iar.init_table$$Base    0x800'f818          --   Gb  - Linker created -
.iar.init_table$$Limit   0x800'f838          --   Gb  - Linker created -
?main                    0x800'f859         Code  Gb  cmain.o [4]
ADV_TRACE_Buffer        0x2000'1534  0x400  Data  Lc  user_adv_trace.o [1]
ADV_TRACE_Ctx           0x2000'2884   0x18  Data  Lc  user_adv_trace.o [1]
AHBPrescTable            0x800'fa08   0x10  Data  Gb  system_stm32l4xx.o [1]
APBPrescTable            0x800'fed4    0x8  Data  Gb  system_stm32l4xx.o [1]
AT_CMD_Get_BR_Slave      0x800'449b   0x52  Code  Gb  user_app_sensor.o [1]
AT_CMD_Get_ID_Slave      0x800'43ad   0x58  Code  Gb  user_app_sensor.o [1]
AT_CMD_Reset_Slave       0x800'42fd   0x4a  Code  Gb  user_app_sensor.o [1]
AT_CMD_Restore_Slave     0x800'434d   0x5c  Code  Gb  user_app_sensor.o [1]
AT_CMD_Set_BR_Slave      0x800'44ed   0x94  Code  Gb  user_app_sensor.o [1]
AT_CMD_Set_ID_Slave      0x800'4405   0x96  Code  Gb  user_app_sensor.o [1]
AppComm_DBG_Init_RX_Mode
                         0x800'cb55   0x1e  Code  Gb  user_app_comm.o [1]
AppComm_DBG_Init_Uart    0x800'cb4d    0x8  Code  Gb  user_app_comm.o [1]
AppComm_DBG_Rx_Callback
                         0x800'cb7b  0x176  Code  Gb  user_app_comm.o [1]
AppComm_DBG_Stop_RX_Mode
                         0x800'cb79    0x2  Code  Gb  user_app_comm.o [1]
AppComm_Get_Reset_Source
                         0x800'cb15   0x38  Code  Gb  user_app_comm.o [1]
AppComm_IRQ_Timer_CallBack
                         0x800'cad5    0xc  Code  Gb  user_app_comm.o [1]
AppComm_Init             0x800'ca15   0x20  Code  Gb  user_app_comm.o [1]
AppComm_Set_Next_TxTimer
                         0x800'cafb    0x2  Code  Gb  user_app_comm.o [1]
AppComm_Task             0x800'ca35   0x9e  Code  Gb  user_app_comm.o [1]
AppComm_Uart_Debug_Send
                         0x800'cafd   0x18  Code  Lc  user_app_comm.o [1]
AppRs485_Task            0x800'df11   0x84  Code  Gb  user_app_rs485.o [1]
AppSensor_Task           0x800'45cd   0x84  Code  Gb  user_app_sensor.o [1]
BUTTON_Down_Process      0x800'1409  0x386  Code  Gb  button.o [1]
BUTTON_ESC_Process       0x800'17b1  0x71c  Code  Gb  button.o [1]
BUTTON_Enter_Process     0x800'02ed  0xd54  Code  Gb  button.o [1]
BUTTON_Process           0x800'018d   0x32  Code  Gb  button.o [1]
BUTTON_Up_Process        0x800'1059  0x3ac  Code  Gb  button.o [1]
BUTTON_scan              0x800'01bf  0x116  Code  Gb  button.o [1]
BUTTON_scan::block_time
                        0x2000'2944    0x2  Data  Lc  button.o [1]
BUTTON_scan::hold       0x2000'28f8    0x4  Data  Lc  button.o [1]
BUTTON_scan::last_value
                        0x2000'2952    0x1  Data  Lc  button.o [1]
BusFault_Handler         0x800'f55b    0x2  Code  Gb  stm32l4xx_it.o [1]
Button_Stamp1_f         0x2000'2900    0x4  Data  Gb  button.o [1]
Button_Stamp2_f         0x2000'2904    0x4  Data  Gb  button.o [1]
CSTACK$$Base            0x2000'2968          --   Gb  - Linker created -
CSTACK$$Limit           0x2000'2d68          --   Gb  - Linker created -
Cal_Time                 0x800'22af   0x12  Code  Gb  user_util.o [1]
Calculator_Scale         0x800'4769   0x54  Code  Gb  user_convert_variable.o [1]
CheckList_AT_CONFIG     0x2000'081c  0x410  Data  Gb  user_at_serial.o [1]
Check_Time_Out           0x800'2291   0x1e  Code  Gb  user_util.o [1]
Convert_Point_Int_To_String
                         0x800'47bd   0xce  Code  Gb  user_convert_variable.o [1]
Convert_Point_Int_To_String_Scale
                         0x800'488b   0xea  Code  Gb  user_convert_variable.o [1]
Convert_Scale            0x800'2401   0x5c  Code  Gb  user_util.o [1]
Convert_String_To_Dec    0x800'4ae5   0x5c  Code  Gb  user_convert_variable.o [1]
Convert_uint32Hex_To_Float
                         0x800'49a1  0x144  Code  Gb  user_convert_variable.o [1]
CountBufferHandleRecvSS
                        0x2000'294c    0x2  Data  Gb  user_app_sensor.o [1]
DMA1_Channel3_IRQHandler
                         0x800'f5b5    0xa  Code  Gb  stm32l4xx_it.o [1]
DMA1_Channel5_IRQHandler
                         0x800'f5bf    0xa  Code  Gb  stm32l4xx_it.o [1]
DMA2_Channel7_IRQHandler
                         0x800'f5e7    0xa  Code  Gb  stm32l4xx_it.o [1]
DMA_SetConfig            0x800'accd   0x32  Code  Lc  stm32l4xx_hal_dma.o [1]
DaysInMonth              0x800'fe48    0xc  Data  Lc  user_rtc.o [1]
DaysInMonthLeapYear      0x800'fe54    0xc  Data  Lc  user_rtc.o [1]
DebugMon_Handler         0x800'f561    0x2  Code  Gb  stm32l4xx_it.o [1]
Display_Check_Password   0x800'307b   0x2e  Code  Gb  lcd_display.o [1]
Display_Check_Toggle     0x800'2f01   0xac  Code  Gb  lcd_display.o [1]
Display_Check_Toggle::Hide
                        0x2000'22c4   0x80  Data  Lc  lcd_display.o [1]
Display_Check_Toggle::LandMarkToggle_u32
                        0x2000'1f34  0x1f8  Data  Lc  lcd_display.o [1]
Display_Init             0x800'24ad  0x12c  Code  Gb  lcd_display.o [1]
Display_Set_Screen       0x800'3045   0x36  Code  Gb  lcd_display.o [1]
Display_Set_Screen_Flag
                         0x800'2fff   0x46  Code  Gb  lcd_display.o [1]
Display_Show_Oject       0x800'2b61  0x3a0  Code  Gb  lcd_display.o [1]
Display_Show_Screen      0x800'2fad   0x52  Code  Gb  lcd_display.o [1]
Display_Show_State_Sensor_Network
                         0x800'30bd   0x50  Code  Gb  lcd_display.o [1]
Display_Show_State_Setting
                         0x800'311d   0x5c  Code  Gb  lcd_display.o [1]
Display_Show_Static_Param
                         0x800'30a9   0x14  Code  Gb  lcd_display.o [1]
Display_Task             0x800'25d9   0x7e  Code  Gb  lcd_display.o [1]
Error_Handler            0x800'a3dd    0x4  Code  Gb  main.o [1]
FLASH_FlushCaches        0x800'bc13   0x6a  Code  Gb  stm32l4xx_hal_flash_ex.o [1]
FLASH_PageErase          0x800'bbe9   0x2a  Code  Gb  stm32l4xx_hal_flash_ex.o [1]
FLASH_Program_DoubleWord
                         0x800'bb77   0x1a  Code  Lc  stm32l4xx_hal_flash.o [1]
FLASH_Program_Fast       0x800'bb91   0x32  Code  Lc  stm32l4xx_hal_flash.o [1]
FLASH_WaitForLastOperation
                         0x800'bb11   0x66  Code  Gb  stm32l4xx_hal_flash.o [1]
Filter_EC                0x800'387d    0x2  Code  Gb  user_app_sensor.o [1]
Filter_Salinity          0x800'3881    0x2  Code  Gb  user_app_sensor.o [1]
Filter_TDS               0x800'387f    0x2  Code  Gb  user_app_sensor.o [1]
Filter_Temp              0x800'3883    0x2  Code  Gb  user_app_sensor.o [1]
Find_String_V2           0x800'e6c7  0x130  Code  Gb  user_string.o [1]
Find_str_fix             0x800'e819   0x94  Code  Gb  user_string.o [1]
Flag_gettick            0x2000'2956    0x1  Data  Gb  stm32l4xx_it.o [1]
Font5x7                  0x800'f340  0x214  Data  Lc  lcd_display.o [1]
Get_RTC                  0x800'dde1   0x4e  Code  Gb  user_time.o [1]
HAL_DMA_Abort            0x800'ab29   0x54  Code  Gb  stm32l4xx_hal_dma.o [1]
HAL_DMA_Abort_IT         0x800'ab7d   0x5e  Code  Gb  stm32l4xx_hal_dma.o [1]
HAL_DMA_DeInit           0x800'a9bd   0xb8  Code  Gb  stm32l4xx_hal_dma.o [1]
HAL_DMA_IRQHandler       0x800'abdb   0xf2  Code  Gb  stm32l4xx_hal_dma.o [1]
HAL_DMA_Init             0x800'a8dd   0xe0  Code  Gb  stm32l4xx_hal_dma.o [1]
HAL_DMA_Start_IT         0x800'aa91   0x98  Code  Gb  stm32l4xx_hal_dma.o [1]
HAL_Delay                0x800'6fa1   0x28  Code  Wk  stm32l4xx_hal.o [1]
HAL_FLASH_Lock           0x800'bb03    0xe  Code  Gb  stm32l4xx_hal_flash.o [1]
HAL_FLASH_Program        0x800'ba31   0xb0  Code  Gb  stm32l4xx_hal_flash.o [1]
HAL_FLASH_Unlock         0x800'bae1   0x22  Code  Gb  stm32l4xx_hal_flash.o [1]
HAL_GPIO_DeInit          0x800'20d3  0x166  Code  Gb  stm32l4xx_hal_gpio.o [1]
HAL_GPIO_Init            0x800'1f11  0x1c2  Code  Gb  stm32l4xx_hal_gpio.o [1]
HAL_GPIO_ReadPin         0x800'2239   0x16  Code  Gb  stm32l4xx_hal_gpio.o [1]
HAL_GPIO_WritePin        0x800'224f   0x18  Code  Gb  stm32l4xx_hal_gpio.o [1]
HAL_GetTick              0x800'5cd9    0xc  Code  Wk  stm32l4xx_hal.o [1]
HAL_IncTick              0x800'f629   0x18  Code  Wk  stm32l4xx_hal.o [1]
HAL_Init                 0x800'c52d   0x24  Code  Gb  stm32l4xx_hal.o [1]
HAL_InitTick             0x800'd0c5   0x60  Code  Wk  stm32l4xx_hal.o [1]
HAL_MspInit              0x800'd12d   0x38  Code  Gb  stm32l4xx_hal_msp.o [1]
HAL_NVIC_DisableIRQ      0x800'ae57    0xe  Code  Gb  stm32l4xx_hal_cortex.o [1]
HAL_NVIC_EnableIRQ       0x800'ae49    0xe  Code  Gb  stm32l4xx_hal_cortex.o [1]
HAL_NVIC_SetPriority     0x800'ae1f   0x2a  Code  Gb  stm32l4xx_hal_cortex.o [1]
HAL_NVIC_SetPriorityGrouping
                         0x800'ae13    0xc  Code  Gb  stm32l4xx_hal_cortex.o [1]
HAL_PWREx_ControlVoltageScaling
                         0x800'cd91   0x76  Code  Gb  stm32l4xx_hal_pwr_ex.o [1]
HAL_PWREx_GetVoltageRange
                         0x800'cd85    0xc  Code  Gb  stm32l4xx_hal_pwr_ex.o [1]
HAL_RCCEx_PeriphCLKConfig
                         0x800'a3f5  0x34c  Code  Gb  stm32l4xx_hal_rcc_ex.o [1]
HAL_RCC_ClockConfig      0x800'b6b9  0x17a  Code  Gb  stm32l4xx_hal_rcc.o [1]
HAL_RCC_GetHCLKFreq      0x800'b907    0x6  Code  Gb  stm32l4xx_hal_rcc.o [1]
HAL_RCC_GetPCLK1Freq     0x800'b90d   0x1a  Code  Gb  stm32l4xx_hal_rcc.o [1]
HAL_RCC_GetPCLK2Freq     0x800'b927   0x1a  Code  Gb  stm32l4xx_hal_rcc.o [1]
HAL_RCC_GetResetSource   0x800'b951   0x12  Code  Gb  stm32l4xx_hal_rcc.o [1]
HAL_RCC_GetSysClockFreq
                         0x800'b833   0xd4  Code  Gb  stm32l4xx_hal_rcc.o [1]
HAL_RCC_OscConfig        0x800'b031  0x688  Code  Gb  stm32l4xx_hal_rcc.o [1]
HAL_RTCEx_AlarmBEventCallback
                         0x800'e6c5    0x2  Code  Wk  stm32l4xx_hal_rtc_ex.o [1]
HAL_RTCEx_EnableBypassShadow
                         0x800'e8ad   0x48  Code  Gb  stm32l4xx_hal_rtc_ex.o [1]
HAL_RTC_AlarmAEventCallback
                         0x800'e42d    0xc  Code  Gb  user_rtc.o [1]
HAL_RTC_AlarmIRQHandler
                         0x800'd769   0x60  Code  Gb  stm32l4xx_hal_rtc.o [1]
HAL_RTC_DeactivateAlarm
                         0x800'd68f   0xda  Code  Gb  stm32l4xx_hal_rtc.o [1]
HAL_RTC_GetDate          0x800'd457   0x52  Code  Gb  stm32l4xx_hal_rtc.o [1]
HAL_RTC_GetTime          0x800'd325   0x66  Code  Gb  stm32l4xx_hal_rtc.o [1]
HAL_RTC_Init             0x800'd165   0xca  Code  Gb  stm32l4xx_hal_rtc.o [1]
HAL_RTC_MspInit          0x800'c875   0x50  Code  Gb  rtc.o [1]
HAL_RTC_SetAlarm_IT      0x800'd4a9  0x1e6  Code  Gb  stm32l4xx_hal_rtc.o [1]
HAL_RTC_SetDate          0x800'd38b   0xcc  Code  Gb  stm32l4xx_hal_rtc.o [1]
HAL_RTC_SetTime          0x800'd22f   0xf6  Code  Gb  stm32l4xx_hal_rtc.o [1]
HAL_RTC_WaitForSynchro   0x800'd7c9   0x2e  Code  Gb  stm32l4xx_hal_rtc.o [1]
HAL_SPI_Init             0x800'9ded   0xf8  Code  Gb  stm32l4xx_hal_spi.o [1]
HAL_SPI_MspInit          0x800'c4b5   0x62  Code  Gb  spi.o [1]
HAL_SPI_Transmit         0x800'9ee5  0x1fe  Code  Gb  stm32l4xx_hal_spi.o [1]
HAL_SYSTICK_Config       0x800'ae65    0xc  Code  Gb  stm32l4xx_hal_cortex.o [1]
HAL_UARTEx_ReceiveToIdle_DMA
                         0x800'afbd   0x70  Code  Gb  stm32l4xx_hal_uart_ex.o [1]
HAL_UARTEx_RxEventCallback
                         0x800'aecb   0x3e  Code  Gb  user_uart.o [1]
HAL_UARTEx_WakeupCallback
                         0x800'b02d    0x2  Code  Wk  stm32l4xx_hal_uart_ex.o [1]
HAL_UART_ErrorCallback   0x800'af09   0x3e  Code  Gb  user_uart.o [1]
HAL_UART_IRQHandler      0x800'716d  0x35c  Code  Gb  stm32l4xx_hal_uart.o [1]
HAL_UART_Init            0x800'6fc9   0x7a  Code  Gb  stm32l4xx_hal_uart.o [1]
HAL_UART_MspDeInit       0x800'6e65   0x80  Code  Gb  usart.o [1]
HAL_UART_MspInit         0x800'6c41  0x224  Code  Gb  usart.o [1]
HAL_UART_Receive_IT      0x800'710f   0x5e  Code  Gb  stm32l4xx_hal_uart.o [1]
HAL_UART_RxCpltCallback
                         0x800'ae95   0x36  Code  Gb  user_uart.o [1]
HAL_UART_Transmit        0x800'7043   0xcc  Code  Gb  stm32l4xx_hal_uart.o [1]
Handle_Data_Measure      0x800'3559  0x1ae  Code  Gb  user_app_sensor.o [1]
Handle_Data_Recv_SS_EC   0x800'3969  0x11a  Code  Gb  user_app_sensor.o [1]
Handle_Data_Recv_Sensor
                         0x800'3897   0x20  Code  Gb  user_app_sensor.o [1]
Handle_Data_Trans_SS_EC
                         0x800'38cb   0x90  Code  Gb  user_app_sensor.o [1]
Handle_Data_Trans_Sensor
                         0x800'3885   0x12  Code  Gb  user_app_sensor.o [1]
Handle_Float_To_hexUint32
                         0x800'4d29   0x24  Code  Gb  user_convert_variable.o [1]
Handle_State_SS_EC       0x800'3a83   0x78  Code  Gb  user_app_sensor.o [1]
Handle_State_Sensor      0x800'38b7   0x14  Code  Gb  user_app_sensor.o [1]
Handle_int32_To_Float_Scale
                         0x800'4b4d  0x1ac  Code  Gb  user_convert_variable.o [1]
HardFault_Handler        0x800'f557    0x2  Code  Gb  stm32l4xx_it.o [1]
IndexUartError          0x2000'2963    0x1  Data  Lc  user_uart.o [1]
Init_AppRs485            0x800'defb   0x16  Code  Gb  user_app_rs485.o [1]
Init_AppSensor           0x800'4585   0x3e  Code  Gb  user_app_sensor.o [1]
Init_InforSlaveModbusRTU
                         0x800'543b   0x30  Code  Gb  user_app_modbus_rtu.o [1]
Init_MeasureRange        0x800'41e5  0x118  Code  Gb  user_app_sensor.o [1]
Init_ParamCalib          0x800'3dd5  0x114  Code  Gb  user_app_sensor.o [1]
Init_TempAlarm           0x800'3fc9   0xa2  Code  Gb  user_app_sensor.o [1]
Init_UartRs485           0x800'debd   0x3e  Code  Gb  user_app_rs485.o [1]
Insert_String_To_String
                         0x800'4975   0x2a  Code  Gb  user_convert_variable.o [1]
Kind_Trans_Calib        0x2000'295a    0x1  Data  Gb  user_app_sensor.o [1]
LPUART1_IRQHandler       0x800'f5f1    0xa  Code  Gb  stm32l4xx_it.o [1]
Liberation_Sans15x21_Numbers
                         0x800'f118  0x228  Data  Lc  lcd_display.o [1]
MSIRangeTable            0x800'f720   0x30  Data  Gb  system_stm32l4xx.o [1]
MX_DMA_Init              0x800'c721   0x60  Code  Gb  dma.o [1]
MX_GPIO_Init             0x800'c551  0x1d0  Code  Gb  gpio.o [1]
MX_LPUART1_UART_Init     0x800'6b91   0x38  Code  Gb  usart.o [1]
MX_RTC_Init              0x800'c781   0xf4  Code  Gb  rtc.o [1]
MX_SPI2_Init             0x800'c465   0x50  Code  Gb  spi.o [1]
MX_USART1_UART_Init      0x800'6bc9   0x3c  Code  Gb  usart.o [1]
MX_USART3_UART_Init      0x800'6c05   0x3c  Code  Gb  usart.o [1]
Main_Task                0x800'c9d9   0x3c  Code  Gb  user_app_comm.o [1]
MemManage_Handler        0x800'f559    0x2  Code  Gb  stm32l4xx_it.o [1]
ModRTU_CRC               0x800'6841   0x3c  Code  Gb  user_modbus_rtu.o [1]
ModRTU_Master_Read_Frame
                         0x800'687d   0x9c  Code  Gb  user_modbus_rtu.o [1]
ModRTU_Master_Write_Frame
                         0x800'6919   0xe8  Code  Gb  user_modbus_rtu.o [1]
ModRTU_Slave_ACK_Read_Frame
                         0x800'6a01   0xa2  Code  Gb  user_modbus_rtu.o [1]
ModRTU_Slave_ACK_Write_Frame
                         0x800'6aa3   0xee  Code  Gb  user_modbus_rtu.o [1]
Modem_Check_AT           0x800'dc05  0x1dc  Code  Gb  user_at_serial.o [1]
Modem_Check_RTU          0x800'546b  0x384  Code  Gb  user_app_modbus_rtu.o [1]
NMI_Handler              0x800'f555    0x2  Code  Gb  stm32l4xx_it.o [1]
NONE_Register_CallBack   0x800'4d4d    0x6  Code  Gb  user_app_modbus_rtu.o [1]
NVIC_EncodePriority      0x800'ada3   0x40  Code  Lc  stm32l4xx_hal_cortex.o [1]
OldPosDMADebug          0x2000'2948    0x2  Data  Lc  user_app_comm.o [1]
Old_Value_f             0x2000'28fc    0x4  Data  Gb  button.o [1]
On_Speaker               0x800'28ad   0x24  Code  Gb  lcd_display.o [1]
OnchipFlashPageErase     0x800'801d   0x5a  Code  Gb  onchipflash.o [1]
OnchipFlashWriteData     0x800'7f91   0x8c  Code  Gb  onchipflash.o [1]
PendSV_Handler           0x800'f563    0x2  Code  Gb  stm32l4xx_it.o [1]
PortConfig              0x2000'295d    0x1  Data  Gb  user_at_serial.o [1]
RC                       0x800'e7f7   0x22  Code  Gb  user_string.o [1]
RCCEx_PLLSAI1_Config     0x800'a755  0x16e  Code  Lc  stm32l4xx_hal_rcc_ex.o [1]
RCC_SetFlashLatencyFromMSIRange
                         0x800'b969   0x8a  Code  Lc  stm32l4xx_hal_rcc.o [1]
RS485SS_Init_Data        0x800'6f2d   0x10  Code  Gb  user_connect_sensor.o [1]
RS485SS_Init_RX_Mode     0x800'6f3d   0x1e  Code  Gb  user_connect_sensor.o [1]
RS485SS_Rx_Callback      0x800'6f5d   0x34  Code  Gb  user_connect_sensor.o [1]
RS485SS_Stop_RX_Mode     0x800'6f5b    0x2  Code  Gb  user_connect_sensor.o [1]
RS485_Done_Calib         0x800'3afb   0x1c  Code  Gb  user_app_sensor.o [1]
RS485_Enter_Calib        0x800'3b17   0x1e  Code  Gb  user_app_sensor.o [1]
RS485_Init_RX_Mode       0x800'ce19   0x1e  Code  Gb  user_rs485.o [1]
RS485_LogData_Calib      0x800'3b35   0x78  Code  Gb  user_app_sensor.o [1]
RS485_Rx_Callback        0x800'ce39   0x3c  Code  Gb  user_rs485.o [1]
RS485_Stop_RX_Mode       0x800'ce37    0x2  Code  Gb  user_rs485.o [1]
RTC_AlarmStructure      0x2000'27b0   0x2c  Data  Lc  user_rtc.o [1]
RTC_Alarm_IRQHandler     0x800'f5dd    0xa  Code  Gb  stm32l4xx_it.o [1]
RTC_Bcd2ToByte           0x800'd8dd   0x16  Code  Gb  stm32l4xx_hal_rtc.o [1]
RTC_ByteToBcd2           0x800'd8c1   0x1c  Code  Gb  stm32l4xx_hal_rtc.o [1]
RTC_EnterInitMode        0x800'd7f7   0x4c  Code  Gb  stm32l4xx_hal_rtc.o [1]
RTC_ExitInitMode         0x800'd843   0x58  Code  Gb  stm32l4xx_hal_rtc.o [1]
RTC_GetCalendarValue     0x800'e5ff   0x90  Code  Lc  user_rtc.o [1]
RTC_IF_Convert_Tick2ms   0x800'e41d   0x10  Code  Gb  user_rtc.o [1]
RTC_IF_Convert_ms2Tick   0x800'e40b   0x12  Code  Gb  user_rtc.o [1]
RTC_IF_GetMinimumTimeout
                         0x800'e407    0x4  Code  Gb  user_rtc.o [1]
RTC_IF_GetTimerContext   0x800'e3cb    0x8  Code  Gb  user_rtc.o [1]
RTC_IF_GetTimerElapsedTime
                         0x800'e3d3   0x16  Code  Gb  user_rtc.o [1]
RTC_IF_GetTimerValue     0x800'e3e9   0x1e  Code  Gb  user_rtc.o [1]
RTC_IF_Init              0x800'e355   0x30  Code  Gb  user_rtc.o [1]
RTC_IF_SetTimerContext   0x800'e3b5   0x16  Code  Gb  user_rtc.o [1]
RTC_IF_StartTimer        0x800'e385    0xe  Code  Gb  user_rtc.o [1]
RTC_IF_StopTimer         0x800'e393   0x22  Code  Gb  user_rtc.o [1]
RTC_Initalized          0x2000'2962    0x1  Data  Lc  user_rtc.o [1]
RTC_StartWakeUpAlarm     0x800'e439  0x1c6  Code  Lc  user_rtc.o [1]
ReInit_Rx_Mode_Uart_Error
                         0x800'af47   0x5a  Code  Gb  user_uart.o [1]
Read_Register_Rs485      0x800'3bad   0x66  Code  Gb  user_app_sensor.o [1]
Region$$Table$$Base      0x800'f818          --   Gb  - Linker created -
Region$$Table$$Limit     0x800'f838          --   Gb  - Linker created -
Reset_Buff               0x800'2321   0x24  Code  Gb  user_util.o [1]
Rs485SSStatus_u8        0x2000'295f    0x1  Data  Gb  user_connect_sensor.o [1]
Rs485Status_u8          0x2000'2961    0x1  Data  Gb  user_rs485.o [1]
RtCountSystick_u32      0x2000'2934    0x4  Data  Gb  user_util.o [1]
RtcTimerContext         0x2000'2850   0x1c  Data  Lc  user_rtc.o [1]
SPI_EndRxTxTransaction   0x800'a2ad   0x6a  Code  Lc  stm32l4xx_hal_spi.o [1]
SPI_WaitFifoStateUntilTimeout
                         0x800'a1bb   0xee  Code  Lc  stm32l4xx_hal_spi.o [1]
SPI_WaitFlagStateUntilTimeout
                         0x800'a0e3   0xd8  Code  Lc  stm32l4xx_hal_spi.o [1]
SVC_Handler              0x800'f55f    0x2  Code  Gb  stm32l4xx_it.o [1]
Save_Array               0x800'807d   0x86  Code  Gb  onchipflash.o [1]
Save_InforSlaveModbusRTU
                         0x800'53f7   0x44  Code  Gb  user_app_modbus_rtu.o [1]
Save_MeasureRange        0x800'407d  0x162  Code  Gb  user_app_sensor.o [1]
Save_ParamCalib          0x800'3c5d  0x162  Code  Gb  user_app_sensor.o [1]
Save_TempAlarm           0x800'3eed   0xce  Code  Gb  user_app_sensor.o [1]
Send_RS458_Master        0x800'53bf   0x38  Code  Gb  user_app_modbus_rtu.o [1]
Send_RS458_Sensor        0x800'3c13   0x40  Code  Gb  user_app_sensor.o [1]
SysApp_Init              0x800'c98d    0xc  Code  Gb  user_app_comm.o [1]
SysApp_Setting           0x800'c999   0x40  Code  Gb  user_app_comm.o [1]
SysTick_Config           0x800'ade3   0x30  Code  Lc  stm32l4xx_hal_cortex.o [1]
SysTick_Handler          0x800'f565   0x50  Code  Gb  stm32l4xx_it.o [1]
SystemClock_Config       0x800'a34b   0x92  Code  Gb  main.o [1]
SystemCoreClock         0x2000'0558    0x4  Data  Gb  system_stm32l4xx.o [1]
SystemInit               0x800'fbf9    0xc  Code  Gb  system_stm32l4xx.o [1]
TRACE_AllocateBufer      0x800'cfe9   0xa2  Code  Lc  user_adv_trace.o [1]
TRACE_IsLocked           0x800'd09f   0x10  Code  Lc  user_adv_trace.o [1]
TRACE_Lock               0x800'd08b    0xa  Code  Lc  user_adv_trace.o [1]
TRACE_Send               0x800'cf63   0x84  Code  Lc  user_adv_trace.o [1]
TRACE_UnLock             0x800'd095    0xa  Code  Lc  user_adv_trace.o [1]
TimerExists              0x800'db6d   0x1a  Code  Gb  user_timer.o [1]
TimerInsertNewHeadTimer
                         0x800'dbe1   0x1c  Code  Gb  user_timer.o [1]
TimerInsertTimer         0x800'dbb3   0x2e  Code  Gb  user_timer.o [1]
TimerListHead           0x2000'2930    0x4  Data  Lc  user_timer.o [1]
TimerSetTimeout          0x800'db87   0x2c  Code  Gb  user_timer.o [1]
TimerTx                 0x2000'289c   0x18  Data  Lc  user_app_comm.o [1]
TxCpltCallback          0x2000'2920    0x4  Data  Lc  user_app_comm.o [1]
UART_AdvFeatureConfig    0x800'77c5   0xda  Code  Gb  stm32l4xx_hal_uart.o [1]
UART_CheckIdleState      0x800'789f   0xd2  Code  Gb  stm32l4xx_hal_uart.o [1]
UART_DMAAbortOnError     0x800'7d51   0x1a  Code  Lc  stm32l4xx_hal_uart.o [1]
UART_DMAError            0x800'7d01   0x50  Code  Lc  stm32l4xx_hal_uart.o [1]
UART_DMAReceiveCplt      0x800'7c35   0xa2  Code  Lc  stm32l4xx_hal_uart.o [1]
UART_DMARxHalfCplt       0x800'7cd9   0x28  Code  Lc  stm32l4xx_hal_uart.o [1]
UART_EndRxTransfer       0x800'7bd7   0x5e  Code  Lc  stm32l4xx_hal_uart.o [1]
UART_EndTransmit_IT      0x800'7d6b   0x2a  Code  Lc  stm32l4xx_hal_uart.o [1]
UART_EndTxTransfer       0x800'7bbb   0x1c  Code  Lc  stm32l4xx_hal_uart.o [1]
UART_RxISR_16BIT         0x800'7e89   0xee  Code  Lc  stm32l4xx_hal_uart.o [1]
UART_RxISR_8BIT          0x800'7d95   0xec  Code  Lc  stm32l4xx_hal_uart.o [1]
UART_SetConfig           0x800'74cd  0x2ec  Code  Gb  stm32l4xx_hal_uart.o [1]
UART_Start_Receive_DMA   0x800'7aff   0xbc  Code  Gb  stm32l4xx_hal_uart.o [1]
UART_Start_Receive_IT    0x800'7a0f   0xf0  Code  Gb  stm32l4xx_hal_uart.o [1]
UART_WaitOnFlagUntilTimeout
                         0x800'7971   0x9e  Code  Gb  stm32l4xx_hal_uart.o [1]
USART1_IRQHandler        0x800'f5c9    0xa  Code  Gb  stm32l4xx_it.o [1]
USART3_IRQHandler        0x800'f5d3    0xa  Code  Gb  stm32l4xx_it.o [1]
UTIL_ADV_TRACE_COND_FSend
                         0x800'ce89   0xda  Code  Gb  user_adv_trace.o [1]
UTIL_Log_Str             0x800'23a5   0x36  Code  Gb  user_util.o [1]
UTIL_MEM_cpy             0x800'23e1   0x1e  Code  Gb  user_util.o [1]
UTIL_MEM_set             0x800'2345   0x18  Code  Gb  user_util.o [1]
UTIL_Printf              0x800'235d   0x2c  Code  Gb  user_util.o [1]
UTIL_Printf_Str          0x800'2389   0x1c  Code  Gb  user_util.o [1]
UTIL_TIMER_Create        0x800'd909   0x4c  Code  Gb  user_timer.o [1]
UTIL_TIMER_IRQ_Handler   0x800'dabb   0xb2  Code  Gb  user_timer.o [1]
UTIL_TIMER_Init          0x800'd8f5   0x14  Code  Gb  user_timer.o [1]
UTIL_TIMER_SetPeriod     0x800'da81   0x3a  Code  Gb  user_timer.o [1]
UTIL_TIMER_Start         0x800'd955   0x92  Code  Gb  user_timer.o [1]
UTIL_TIMER_Stop          0x800'd9e7   0x9a  Code  Gb  user_timer.o [1]
UTIL_TimerDriver         0x800'f750   0x2c  Data  Gb  user_rtc.o [1]
UTIL_TraceDriver         0x800'fce0    0xc  Data  Gb  user_app_comm.o [1]
Uart485RxByte           0x2000'2960    0x1  Data  Lc  user_rs485.o [1]
Uart485SSRxByte         0x2000'295e    0x1  Data  Lc  user_connect_sensor.o [1]
UartDebugBuff           0x2000'0c84  0x4b0  Data  Gb  user_app_comm.o [1]
UartDebugCountFail      0x2000'2950    0x2  Data  Lc  user_uart.o [1]
UartDebugRxByte         0x2000'2957    0x1  Data  Gb  user_app_comm.o [1]
Update_ParaDisplay       0x800'28d1  0x28a  Code  Gb  lcd_display.o [1]
UsageFault_Handler       0x800'f55d    0x2  Code  Gb  stm32l4xx_it.o [1]
User_RTC_Init            0x800'e31d   0x38  Code  Lc  user_rtc.o [1]
UtilFloatToString        0x800'245d   0x2e  Code  Gb  user_util.o [1]
UtilIntToStringWithScale
                         0x800'22c1   0x60  Code  Gb  user_util.o [1]
VLevelDebug             0x2000'0c80    0x1  Data  Gb  user_util.o [1]
_Cb_Display_Auto_SW      0x800'27cd   0x7e  Code  Lc  lcd_display.o [1]
_Cb_Display_Auto_SW::MarkButtPressed
                        0x2000'2955    0x1  Data  Lc  lcd_display.o [1]
_Cb_Display_Auto_SW::cNext
                        0x2000'2946    0x2  Data  Lc  lcd_display.o [1]
_Cb_Display_Init         0x800'2657   0x52  Code  Lc  lcd_display.o [1]
_Cb_Display_Logo         0x800'26a9   0xa8  Code  Lc  lcd_display.o [1]
_Cb_Display_Logo::step_u8
                        0x2000'2953    0x1  Data  Lc  lcd_display.o [1]
_Cb_Display_Show         0x800'2751   0x7c  Code  Lc  lcd_display.o [1]
_Cb_Display_Show::LandMarkChange_u32
                        0x2000'2914    0x4  Data  Lc  lcd_display.o [1]
_Cb_Display_Show::ScreenLast
                        0x2000'2954    0x1  Data  Lc  lcd_display.o [1]
_Cb_HandLer_IDLE         0x800'c97b    0x6  Code  Lc  user_app_comm.o [1]
_Cb_Off_Speaker          0x800'2897   0x16  Code  Lc  lcd_display.o [1]
_Cb_R_ModbusRTU_REG_Alarm_Lower
                         0x800'52a5   0x5a  Code  Gb  user_app_modbus_rtu.o [1]
_Cb_R_ModbusRTU_REG_Alarm_State
                         0x800'50e1   0x2e  Code  Gb  user_app_modbus_rtu.o [1]
_Cb_R_ModbusRTU_REG_Alarm_Upper
                         0x800'518b   0x5a  Code  Gb  user_app_modbus_rtu.o [1]
_Cb_R_ModbusRTU_REG_Baudrate
                         0x800'4df9   0x2e  Code  Gb  user_app_modbus_rtu.o [1]
_Cb_R_ModbusRTU_REG_ID   0x800'4d53   0x2e  Code  Gb  user_app_modbus_rtu.o [1]
_Cb_R_ModbusRTU_REG_State_Sensor
                         0x800'4ffd   0x30  Code  Gb  user_app_modbus_rtu.o [1]
_Cb_R_ModbusRTU_REG_State_Value_1
                         0x800'502d   0x30  Code  Gb  user_app_modbus_rtu.o [1]
_Cb_R_ModbusRTU_REG_State_Value_2
                         0x800'505d   0x30  Code  Gb  user_app_modbus_rtu.o [1]
_Cb_R_ModbusRTU_REG_State_Value_3
                         0x800'508d   0x2a  Code  Gb  user_app_modbus_rtu.o [1]
_Cb_R_ModbusRTU_REG_State_Value_4
                         0x800'50b7   0x2a  Code  Gb  user_app_modbus_rtu.o [1]
_Cb_R_ModbusRTU_REG_Value_Measure_1
                         0x800'4e95   0x5a  Code  Gb  user_app_modbus_rtu.o [1]
_Cb_R_ModbusRTU_REG_Value_Measure_2
                         0x800'4eef   0x5a  Code  Gb  user_app_modbus_rtu.o [1]
_Cb_R_ModbusRTU_REG_Value_Measure_3
                         0x800'4f49   0x5a  Code  Gb  user_app_modbus_rtu.o [1]
_Cb_R_ModbusRTU_REG_Value_Measure_4
                         0x800'4fa3   0x5a  Code  Gb  user_app_modbus_rtu.o [1]
_Cb_Save_Box             0x800'c987    0x6  Code  Lc  user_app_comm.o [1]
_Cb_Set_RTC              0x800'c95f   0x1c  Code  Lc  user_app_comm.o [1]
_Cb_TX_Timer_Event       0x800'cae1   0x1a  Code  Lc  user_app_comm.o [1]
_Cb_Timer_IRQ            0x800'c8d1    0xc  Code  Lc  user_app_comm.o [1]
_Cb_Tx_Timer             0x800'c981    0x6  Code  Lc  user_app_comm.o [1]
_Cb_Uart_Error           0x800'c953    0xc  Code  Lc  user_app_comm.o [1]
_Cb_Uart_Rx_Debug        0x800'c8dd   0x76  Code  Lc  user_app_comm.o [1]
_Cb_Uart_Rx_Debug::LastLengthRecv
                        0x2000'294a    0x2  Data  Lc  user_app_comm.o [1]
_Cb_Uart_Rx_Debug::MarkFirstRecvUart
                        0x2000'2958    0x1  Data  Lc  user_app_comm.o [1]
_Cb_W_ModbusRTU_REG_Alarm_Lower
                         0x800'52ff   0xc0  Code  Gb  user_app_modbus_rtu.o [1]
_Cb_W_ModbusRTU_REG_Alarm_State
                         0x800'510f   0x7c  Code  Gb  user_app_modbus_rtu.o [1]
_Cb_W_ModbusRTU_REG_Alarm_Upper
                         0x800'51e5   0xc0  Code  Gb  user_app_modbus_rtu.o [1]
_Cb_W_ModbusRTU_REG_Baudrate
                         0x800'4e27   0x6e  Code  Gb  user_app_modbus_rtu.o [1]
_Cb_W_ModbusRTU_REG_ID   0x800'4d81   0x78  Code  Gb  user_app_modbus_rtu.o [1]
_Cb_button_detect        0x800'287f   0x18  Code  Lc  lcd_display.o [1]
_Cb_button_scan          0x800'284b   0x34  Code  Lc  lcd_display.o [1]
_LitobFullNoMb           0x800'9be5  0x10a  Code  Lc  xprintffull_nomb.o [2]
_Locale_lconv           0x2000'0c44   0x38  Data  Lc  xlocale_c.o [2]
_PrintfFullNoMb          0x800'8e25  0xd9c  Code  Gb  xprintffull_nomb.o [2]
_PutcharFullNoMb         0x800'9d55   0x20  Code  Lc  xprintffull_nomb.o [2]
_PutcharsFullNoMb        0x800'9d75   0x2e  Code  Lc  xprintffull_nomb.o [2]
_SProut                  0x800'58b3    0xa  Code  Gb  xsprout.o [2]
__NVIC_DisableIRQ        0x800'ad51   0x26  Code  Lc  stm32l4xx_hal_cortex.o [1]
__NVIC_EnableIRQ         0x800'ad31   0x20  Code  Lc  stm32l4xx_hal_cortex.o [1]
__NVIC_GetPriorityGrouping
                         0x800'ad23    0xc  Code  Lc  stm32l4xx_hal_cortex.o [1]
__NVIC_SetPriority       0x800'ad77   0x2c  Code  Lc  stm32l4xx_hal_cortex.o [1]
__NVIC_SetPriorityGrouping
                         0x800'ad01   0x22  Code  Lc  stm32l4xx_hal_cortex.o [1]
__aeabi_cdcmpeq          0x800'bd71         Code  Gb  DblCmpEq.o [3]
__aeabi_cdcmple          0x800'be01         Code  Gb  DblCmpLe.o [3]
__aeabi_cdrcmple         0x800'be31         Code  Gb  DblCmpGe.o [3]
__aeabi_d2f              0x800'5b1d         Code  Gb  DblToFlt.o [3]
__aeabi_d2iz             0x800'86fd         Code  Gb  DblToS32.o [3]
__aeabi_d2uiz            0x800'c435         Code  Gb  DblToU32.o [3]
__aeabi_dadd             0x800'8581         Code  Gb  DblAdd.o [3]
__aeabi_ddiv             0x800'58d5         Code  Gb  DblDiv.o [3]
__aeabi_dmul             0x800'83dd         Code  Gb  DblMul.o [3]
__aeabi_dsub             0x800'bc8d         Code  Gb  DblSub.o [3]
__aeabi_f2d              0x800'5ba1         Code  Gb  FltToDbl.o [3]
__aeabi_i2d              0x800'5891         Code  Gb  S32ToDbl.o [3]
__aeabi_ldiv0            0x800'bc89         Code  Gb  I64DivZer.o [4]
__aeabi_memcpy           0x800'8105         Code  Gb  ABImemcpy.o [4]
__aeabi_memcpy4          0x800'8125         Code  Gb  ABImemcpy.o [4]
__aeabi_memcpy8          0x800'8125         Code  Gb  ABImemcpy.o [4]
__aeabi_memset           0x800'6249         Code  Gb  ABImemset.o [4]
__aeabi_ui2d             0x800'5b85         Code  Gb  U32ToDbl.o [3]
__aeabi_uldivmod         0x800'81ad         Code  Gb  I64DivMod.o [4]
__cmain                  0x800'f859         Code  Gb  cmain.o [4]
__exit                   0x800'e309   0x14  Code  Gb  exit.o [5]
__iar_Exp64              0x800'be61  0x388  Code  Gb  iar_Exp64.o [3]
__iar_Fail_s             0x800'c261   0x1c  Code  Gb  xfail_s.o [2]
__iar_Memchr             0x800'c2a1         Code  Gb  memchr.o [4]
__iar_Memset             0x800'6249         Code  Gb  ABImemset.o [4]
__iar_Memset_word        0x800'6251         Code  Gb  ABImemset.o [4]
__iar_Strchr             0x800'c249         Code  Gb  strchr.o [4]
__iar_dadd               0x800'bc9d         Code  Gb  DblSub.o [3]
__iar_data_init3         0x800'f7cd   0x28  Code  Gb  data_init.o [4]
__iar_dsub               0x800'8591         Code  Gb  DblAdd.o [3]
__iar_dsubStart          0x800'85a3         Code  Gb  DblAdd.o [3]
__iar_frexp              0x800'bd9d         Code  Gb  frexp.o [3]
__iar_frexpl             0x800'bd9d         Code  Gb  frexp.o [3]
__iar_init_vfp           0x800'f7f5         Code  Gb  fpinit_M.o [3]
__iar_ldexp64            0x800'c2f9         Code  Gb  ldexp.o [3]
__iar_lz77_init_single3
                         0x800'f641   0x78  Code  Gb  lz77_init_single.o [4]
__iar_pow64              0x800'8739  0x6ec  Code  Gb  pow64.o [3]
__iar_pow_medium         0x800'8739  0x6ec  Code  Gb  pow64.o [3]
__iar_pow_medium64       0x800'8739  0x6ec  Code  Gb  pow64.o [3]
__iar_pow_mediuml        0x800'8739  0x6ec  Code  Gb  pow64.o [3]
__iar_program_start      0x800'fe61         Code  Gb  cstartup_M.o [4]
__iar_scalbln64          0x800'c2f9         Code  Gb  ldexp.o [3]
__iar_scalbn64           0x800'c2f9         Code  Gb  ldexp.o [3]
__iar_softfp___iar_frexp64
                         0x800'bd91         Code  Gb  frexp.o [3]
__iar_softfp_frexp       0x800'bd91         Code  Gb  frexp.o [3]
__iar_softfp_frexpl      0x800'bd91         Code  Gb  frexp.o [3]
__iar_vfp_pow            0x800'58c3   0x10  Code  Gb  math_wrappers64.o [3]
__iar_zero_init3         0x800'5857   0x3a  Code  Gb  zero_init3.o [4]
__low_level_init         0x800'f877    0x4  Code  Gb  low_level_init.o [2]
__vector_table           0x800'0000         Data  Gb  startup_stm32l433xx.o [1]
_call_main               0x800'f865         Code  Gb  cmain.o [4]
_exit                    0x800'f881         Code  Gb  cexit.o [4]
_main                    0x800'f873         Code  Gb  cmain.o [4]
aAT_CMD                 0x2000'2544   0x80  Data  Lc  user_at_serial.o [1]
aBaudrate_value         0x2000'0708   0x2c  Data  Gb  user_app_modbus_rtu.o [1]
aDATA_CALIB             0x2000'2924    0x4  Data  Gb  user_app_sensor.o [1]
aDATA_CONFIG            0x2000'2344   0x80  Data  Lc  user_app_modbus_rtu.o [1]
aDATA_CONFIG            0x2000'24c4   0x80  Data  Lc  user_at_serial.o [1]
aDATA_LOG_REGISTER      0x2000'23c4   0x80  Data  Lc  user_app_modbus_rtu.o [1]
aModeSelectONOFF        0x2000'013c    0x8  Data  Gb  lcd_display.o [1]
aPASSWORD               0x2000'00e8    0x4  Data  Gb  lcd_display.o [1]
aSTT_SETTING_DONE       0x2000'011c   0x10  Data  Gb  lcd_display.o [1]
aSTT_SETTING_ENTER      0x2000'00fc   0x10  Data  Gb  lcd_display.o [1]
aSTT_SETTING_ERROR      0x2000'012c   0x10  Data  Gb  lcd_display.o [1]
aSTT_SETTING_FREE       0x2000'00ec   0x10  Data  Gb  lcd_display.o [1]
aSTT_SETTING_WAIT       0x2000'010c   0x10  Data  Gb  lcd_display.o [1]
aSampling_STT           0x2000'27dc   0x28  Data  Gb  user_app_sensor.o [1]
aSampling_VALUE         0x2000'2804   0x28  Data  Gb  user_app_sensor.o [1]
aTEST                   0x2000'0000    0xc  Data  Lc  button.o [1]
aUART_485SS_DATA        0x2000'1b34  0x200  Data  Lc  user_connect_sensor.o [1]
aUART_485_DATA          0x2000'1d34  0x200  Data  Lc  user_rs485.o [1]
aUART_DBG_DMA_RX        0x2000'2628   0x64  Data  Lc  user_app_comm.o [1]
abort                    0x800'd125    0x6  Code  Gb  abort.o [2]
abs                      0x800'a317    0x8  Code  Gb  abs.o [2]
aframe                  0x2000'2444   0x80  Data  Gb  user_app_modbus_rtu.o [1]
bmp_SV_logo_12864        0x800'ed18  0x400  Data  Gb  unit_tests.o [1]
charNotDetectPress      0x2000'0c7e    0x1  Data  Lc  lcd_display.o [1]
count_gettick           0x2000'291c    0x4  Data  Gb  stm32l4xx_it.o [1]
delay_ms                 0x800'5ccd    0xc  Code  Gb  STM32L4.o [1]
ee_number                0x800'dfe1  0x146  Code  Lc  user_tiny_vsnprintf.o [1]
ee_skip_atoi             0x800'dfb9   0x28  Code  Lc  user_tiny_vsnprintf.o [1]
exit                     0x800'f87b    0x4  Code  Gb  exit.o [2]
fevent_active            0x800'5f75   0x1e  Code  Gb  event_driven.o [1]
fevent_detect_connect    0x800'33a3   0x14  Code  Lc  user_app_sensor.o [1]
fevent_disable           0x800'5fb7   0x12  Code  Gb  event_driven.o [1]
fevent_enable            0x800'5f93   0x24  Code  Gb  event_driven.o [1]
fevent_handle_state_sensor
                         0x800'34e9   0x6e  Code  Lc  user_app_sensor.o [1]
fevent_rs485_entry       0x800'de39   0x12  Code  Lc  user_app_rs485.o [1]
fevent_rs485_init_uart   0x800'de4b   0x2e  Code  Lc  user_app_rs485.o [1]
fevent_rs485_init_uart::stamp
                        0x2000'2959    0x1  Data  Lc  user_app_rs485.o [1]
fevent_rs485_receive_complete
                         0x800'de79   0x24  Code  Lc  user_app_rs485.o [1]
fevent_rs485_refresh     0x800'de9d   0x20  Code  Lc  user_app_rs485.o [1]
fevent_sensor_entry      0x800'3205   0x12  Code  Lc  user_app_sensor.o [1]
fevent_sensor_receive_complete
                         0x800'32d9   0xb6  Code  Lc  user_app_sensor.o [1]
fevent_sensor_receive_handle
                         0x800'3299   0x40  Code  Lc  user_app_sensor.o [1]
fevent_sensor_reset      0x800'3465   0x84  Code  Lc  user_app_sensor.o [1]
fevent_sensor_reset::state
                        0x2000'295b    0x1  Data  Lc  user_app_sensor.o [1]
fevent_sensor_transmit   0x800'3217   0x82  Code  Lc  user_app_sensor.o [1]
fevent_sensor_wait_calib
                         0x800'338f   0x14  Code  Lc  user_app_sensor.o [1]
fevent_temp_alarm        0x800'33b7   0xae  Code  Lc  user_app_sensor.o [1]
font_current            0x2000'28d4    0xc  Data  Gb  text.o [1]
glcd_ST7565R_init        0x800'61ed   0x5c  Code  Gb  ST7565R.o [1]
glcd_bbox               0x2000'2908    0x4  Data  Gb  glcd.o [1]
glcd_bbox_refresh        0x800'6071   0x1c  Code  Gb  glcd.o [1]
glcd_bbox_selected      0x2000'2910    0x4  Data  Gb  glcd.o [1]
glcd_buffer             0x2000'1134  0x400  Data  Gb  glcd.o [1]
glcd_buffer_selected    0x2000'290c    0x4  Data  Gb  glcd.o [1]
glcd_clear               0x800'608d   0x28  Code  Gb  glcd.o [1]
glcd_clear_buffer        0x800'60b5   0x24  Code  Gb  glcd.o [1]
glcd_command             0x800'60ed   0x1a  Code  Gb  ST7565R.o [1]
glcd_data                0x800'6107   0x1a  Code  Gb  ST7565R.o [1]
glcd_draw_bitmap         0x800'6819   0x1e  Code  Gb  graphics.o [1]
glcd_draw_char_xy        0x800'62cb  0x33a  Code  Gb  text.o [1]
glcd_draw_line           0x800'670d  0x10c  Code  Gb  graphics.o [1]
glcd_draw_string_xy      0x800'6605   0x38  Code  Gb  text.o [1]
glcd_enable_backlight    0x800'5c51    0x2  Code  Gb  STM32L4.o [1]
glcd_init                0x800'5c29   0x28  Code  Gb  STM32L4.o [1]
glcd_reset               0x800'5c7d   0x40  Code  Gb  STM32L4.o [1]
glcd_reset_bbox          0x800'6055   0x1c  Code  Gb  glcd.o [1]
glcd_select_screen       0x800'60d9    0xa  Code  Gb  glcd.o [1]
glcd_set_column_lower    0x800'6161    0xe  Code  Gb  ST7565R.o [1]
glcd_set_column_upper    0x800'614b   0x16  Code  Gb  ST7565R.o [1]
glcd_set_font            0x800'62b1   0x1a  Code  Gb  text.o [1]
glcd_set_pixel           0x800'6641   0xcc  Code  Gb  graphics.o [1]
glcd_set_x_address       0x800'6135   0x16  Code  Gb  ST7565R.o [1]
glcd_set_y_address       0x800'6121   0x14  Code  Gb  ST7565R.o [1]
glcd_spi_write           0x800'5c53   0x2a  Code  Gb  STM32L4.o [1]
glcd_test_bitmap_128x64
                         0x800'5fc9    0xe  Code  Gb  unit_tests.o [1]
glcd_tiny_draw_char      0x800'5cff  0x21a  Code  Gb  text_tiny.o [1]
glcd_tiny_draw_string    0x800'5f19   0x54  Code  Gb  text_tiny.o [1]
glcd_tiny_set_font       0x800'5ce5   0x1a  Code  Gb  text_tiny.o [1]
glcd_update_bbox         0x800'5fdd   0x78  Code  Gb  glcd.o [1]
glcd_write               0x800'616f   0x70  Code  Gb  ST7565R.o [1]
hdma_lpuart_rx          0x2000'26d8   0x48  Data  Gb  usart.o [1]
hdma_usart1_rx          0x2000'2720   0x48  Data  Gb  usart.o [1]
hdma_usart3_rx          0x2000'2768   0x48  Data  Gb  usart.o [1]
hlpuart1                0x2000'212c   0x88  Data  Gb  usart.o [1]
hrtc                    0x2000'282c   0x24  Data  Gb  rtc.o [1]
hspi2                   0x2000'25c4   0x64  Data  Gb  spi.o [1]
huart1                  0x2000'21b4   0x88  Data  Gb  usart.o [1]
huart3                  0x2000'223c   0x88  Data  Gb  usart.o [1]
ldexp                    0x800'c2f9         Code  Gb  ldexp.o [3]
ldexpl                   0x800'c2f9         Code  Gb  ldexp.o [3]
lnbias                   0x800'e8f8  0x420  Data  Lc  pow64.o [3]
localeconv               0x800'c45d    0x4  Code  Gb  xlocale_c.o [2]
lower_digits            0x2000'0c3c    0x4  Data  Lc  user_tiny_vsnprintf.o [1]
main                     0x800'a31f   0x2c  Code  Gb  main.o [1]
memchr                   0x800'c2a1         Code  Gb  memchr.o [4]
memset                   0x800'a3e1   0x14  Code  Gb  memset.o [4]
pFlash                  0x2000'0538   0x20  Data  Gb  stm32l4xx_hal_flash.o [1]
pFunc_UTIL_Debug_Send   0x2000'293c    0x4  Data  Gb  user_util.o [1]
pFunc_UTIL_Log_To_Mem   0x2000'2938    0x4  Data  Gb  user_util.o [1]
pModemProcessIRQTimer   0x2000'292c    0x4  Data  Gb  user_rtc.o [1]
pow                      0x800'8739  0x6ec  Code  Gb  pow64.o [3]
powl                     0x800'8739  0x6ec  Code  Gb  pow64.o [3]
quickSort_Sampling       0x800'3707   0x9a  Code  Gb  user_app_sensor.o [1]
quickSort_Sampling_Value
                         0x800'37a1   0xd4  Code  Gb  user_app_sensor.o [1]
quickSort_Sampling_Value::Handle_Once
                        0x2000'295c    0x1  Data  Lc  user_app_sensor.o [1]
sButton                 0x2000'286c   0x18  Data  Gb  button.o [1]
sCheckList_Reg_Modbus_RTU
                        0x2000'05dc  0x12c  Data  Gb  user_app_modbus_rtu.o [1]
sData_Calib             0x2000'080c    0x8  Data  Gb  user_app_sensor.o [1]
sEventAppComm           0x2000'055c   0x70  Data  Gb  user_app_comm.o [1]
sEventAppRs485          0x2000'073c   0x40  Data  Gb  user_app_rs485.o [1]
sEventAppSensor         0x2000'077c   0x90  Data  Gb  user_app_sensor.o [1]
sEventDisplay           0x2000'000c   0x70  Data  Gb  lcd_display.o [1]
sFirmVersion            0x2000'05cc    0x8  Data  Gb  user_app_comm.o [1]
sHandleRs485            0x2000'2928    0x4  Data  Gb  user_app_sensor.o [1]
sKindMode485            0x2000'294e    0x2  Data  Gb  user_app_sensor.o [1]
sLCD                    0x2000'28b4   0x10  Data  Gb  lcd_display.o [1]
sLCDObject              0x2000'0144  0x3f0  Data  Gb  lcd_display.o [1]
sLogData_ModbusRTU      0x2000'0734    0x8  Data  Gb  user_app_modbus_rtu.o [1]
sMeasureRange           0x2000'28c4   0x10  Data  Gb  user_app_sensor.o [1]
sModelVersion           0x2000'00e0    0x8  Data  Gb  lcd_display.o [1]
sParaDisplay            0x2000'007c   0x64  Data  Gb  lcd_display.o [1]
sRTC                    0x2000'28ec    0xc  Data  Gb  user_util.o [1]
sSensor_EC              0x2000'268c   0x4c  Data  Gb  user_app_sensor.o [1]
sSlave_ModbusRTU        0x2000'0c7c    0x2  Data  Gb  user_app_modbus_rtu.o [1]
sTempAlarm              0x2000'28e0    0xc  Data  Gb  user_app_sensor.o [1]
sUart485                0x2000'0c34    0x8  Data  Gb  user_rs485.o [1]
sUart485SS              0x2000'0c2c    0x8  Data  Gb  user_connect_sensor.o [1]
sUartDebug              0x2000'05d4    0x8  Data  Gb  user_app_comm.o [1]
scalbln                  0x800'c2f9         Code  Gb  ldexp.o [3]
scalblnl                 0x800'c2f9         Code  Gb  ldexp.o [3]
scalbn                   0x800'c2f9         Code  Gb  ldexp.o [3]
scalbnl                  0x800'c2f9         Code  Gb  ldexp.o [3]
scale                    0x800'9cef   0x46  Code  Lc  xprintffull_nomb.o [2]
sec_hand                0x2000'2940    0x4  Data  Lc  xfail_s.o [2]
sprintf                  0x800'5be9   0x40  Code  Gb  sprintf.o [2]
strATcmd                0x2000'0814    0x8  Data  Gb  user_at_serial.o [1]
strchr                   0x800'c249         Code  Gb  strchr.o [4]
strlen                   0x800'5821         Code  Gb  strlen.o [4]
sztmp                   0x2000'1934  0x200  Data  Lc  user_adv_trace.o [1]
tiny_vsnprintf_like      0x800'e127  0x1d6  Code  Gb  user_tiny_vsnprintf.o [1]
upper_digits            0x2000'0c40    0x4  Data  Lc  user_tiny_vsnprintf.o [1]
uwTick                  0x2000'2918    0x4  Data  Gb  stm32l4xx_hal.o [1]
uwTickFreq              0x2000'0c7f    0x1  Data  Gb  stm32l4xx_hal.o [1]
uwTickPrio              0x2000'0534    0x4  Data  Gb  stm32l4xx_hal.o [1]
vcom_DeInit              0x800'ccfb   0x1e  Code  Gb  user_app_comm.o [1]
vcom_Init                0x800'ccf1    0xa  Code  Gb  user_app_comm.o [1]
vcom_Trace_DMA           0x800'cd19   0x24  Code  Gb  user_app_comm.o [1]


[1] = D:\Saoviet_Git\Saoviet_EnviroTrack_M_And_S\Project_Slave_LanChang_EC\Project_Slave_Sensor_EnviroTrack\EWARM\Project_Slave_Sensor_EnviroTrack\Obj
[2] = dl7M_tlf.a
[3] = m7M_tls.a
[4] = rt7M_tl.a
[5] = shb_l.a

  60'393 bytes of readonly  code memory
   6'601 bytes of readonly  data memory
  11'617 bytes of readwrite data memory

Errors: none
Warnings: none
