###############################################################################
#
# IAR ELF Linker V8.40.2.214/W32 for ARM                  26/Nov/2025  10:38:43
# Copyright 2007-2019 IAR Systems AB.
#
#    Output file  =
#        D:\Saoviet_Git\Saoviet_EnviroTrack_M_And_S\Project_Slave_LanChang_EC\Project_Slave_Sensor_EnviroTrack\EWARM\Project_Slave_Sensor_EnviroTrack\Exe\Project_Slave_Sensor_EnviroTrack.out
#    Map file     =
#        D:\Saoviet_Git\Saoviet_EnviroTrack_M_And_S\Project_Slave_LanChang_EC\Project_Slave_Sensor_EnviroTrack\EWARM\Project_Slave_Sensor_EnviroTrack\List\Project_Slave_Sensor_EnviroTrack.map
#    Command line =
#        -f C:\Users\PC\AppData\Local\Temp\EW4C76.tmp
#        (D:\Saoviet_Git\Saoviet_EnviroTrack_M_And_S\Project_Slave_LanChang_EC\Project_Slave_Sensor_EnviroTrack\EWARM\Project_Slave_Sensor_EnviroTrack\Obj\button.o
#        D:\Saoviet_Git\Saoviet_EnviroTrack_M_And_S\Project_Slave_LanChang_EC\Project_Slave_Sensor_EnviroTrack\EWARM\Project_Slave_Sensor_EnviroTrack\Obj\dma.o
#        D:\Saoviet_Git\Saoviet_EnviroTrack_M_And_S\Project_Slave_LanChang_EC\Project_Slave_Sensor_EnviroTrack\EWARM\Project_Slave_Sensor_EnviroTrack\Obj\event_driven.o
#        D:\Saoviet_Git\Saoviet_EnviroTrack_M_And_S\Project_Slave_LanChang_EC\Project_Slave_Sensor_EnviroTrack\EWARM\Project_Slave_Sensor_EnviroTrack\Obj\glcd.o
#        D:\Saoviet_Git\Saoviet_EnviroTrack_M_And_S\Project_Slave_LanChang_EC\Project_Slave_Sensor_EnviroTrack\EWARM\Project_Slave_Sensor_EnviroTrack\Obj\gpio.o
#        D:\Saoviet_Git\Saoviet_EnviroTrack_M_And_S\Project_Slave_LanChang_EC\Project_Slave_Sensor_EnviroTrack\EWARM\Project_Slave_Sensor_EnviroTrack\Obj\graphics.o
#        D:\Saoviet_Git\Saoviet_EnviroTrack_M_And_S\Project_Slave_LanChang_EC\Project_Slave_Sensor_EnviroTrack\EWARM\Project_Slave_Sensor_EnviroTrack\Obj\graphs.o
#        D:\Saoviet_Git\Saoviet_EnviroTrack_M_And_S\Project_Slave_LanChang_EC\Project_Slave_Sensor_EnviroTrack\EWARM\Project_Slave_Sensor_EnviroTrack\Obj\lcd_display.o
#        D:\Saoviet_Git\Saoviet_EnviroTrack_M_And_S\Project_Slave_LanChang_EC\Project_Slave_Sensor_EnviroTrack\EWARM\Project_Slave_Sensor_EnviroTrack\Obj\main.o
#        D:\Saoviet_Git\Saoviet_EnviroTrack_M_And_S\Project_Slave_LanChang_EC\Project_Slave_Sensor_EnviroTrack\EWARM\Project_Slave_Sensor_EnviroTrack\Obj\NT75451.o
#        D:\Saoviet_Git\Saoviet_EnviroTrack_M_And_S\Project_Slave_LanChang_EC\Project_Slave_Sensor_EnviroTrack\EWARM\Project_Slave_Sensor_EnviroTrack\Obj\onchipflash.o
#        D:\Saoviet_Git\Saoviet_EnviroTrack_M_And_S\Project_Slave_LanChang_EC\Project_Slave_Sensor_EnviroTrack\EWARM\Project_Slave_Sensor_EnviroTrack\Obj\PCD8544.o
#        D:\Saoviet_Git\Saoviet_EnviroTrack_M_And_S\Project_Slave_LanChang_EC\Project_Slave_Sensor_EnviroTrack\EWARM\Project_Slave_Sensor_EnviroTrack\Obj\queue_p.o
#        D:\Saoviet_Git\Saoviet_EnviroTrack_M_And_S\Project_Slave_LanChang_EC\Project_Slave_Sensor_EnviroTrack\EWARM\Project_Slave_Sensor_EnviroTrack\Obj\rtc.o
#        D:\Saoviet_Git\Saoviet_EnviroTrack_M_And_S\Project_Slave_LanChang_EC\Project_Slave_Sensor_EnviroTrack\EWARM\Project_Slave_Sensor_EnviroTrack\Obj\spi.o
#        D:\Saoviet_Git\Saoviet_EnviroTrack_M_And_S\Project_Slave_LanChang_EC\Project_Slave_Sensor_EnviroTrack\EWARM\Project_Slave_Sensor_EnviroTrack\Obj\ST7565R.o
#        D:\Saoviet_Git\Saoviet_EnviroTrack_M_And_S\Project_Slave_LanChang_EC\Project_Slave_Sensor_EnviroTrack\EWARM\Project_Slave_Sensor_EnviroTrack\Obj\startup_stm32l433xx.o
#        D:\Saoviet_Git\Saoviet_EnviroTrack_M_And_S\Project_Slave_LanChang_EC\Project_Slave_Sensor_EnviroTrack\EWARM\Project_Slave_Sensor_EnviroTrack\Obj\STM32F0xx.o
#        D:\Saoviet_Git\Saoviet_EnviroTrack_M_And_S\Project_Slave_LanChang_EC\Project_Slave_Sensor_EnviroTrack\EWARM\Project_Slave_Sensor_EnviroTrack\Obj\STM32F10x.o
#        D:\Saoviet_Git\Saoviet_EnviroTrack_M_And_S\Project_Slave_LanChang_EC\Project_Slave_Sensor_EnviroTrack\EWARM\Project_Slave_Sensor_EnviroTrack\Obj\STM32F4.o
#        D:\Saoviet_Git\Saoviet_EnviroTrack_M_And_S\Project_Slave_LanChang_EC\Project_Slave_Sensor_EnviroTrack\EWARM\Project_Slave_Sensor_EnviroTrack\Obj\STM32L4.o
#        D:\Saoviet_Git\Saoviet_EnviroTrack_M_And_S\Project_Slave_LanChang_EC\Project_Slave_Sensor_EnviroTrack\EWARM\Project_Slave_Sensor_EnviroTrack\Obj\stm32l4xx_hal.o
#        D:\Saoviet_Git\Saoviet_EnviroTrack_M_And_S\Project_Slave_LanChang_EC\Project_Slave_Sensor_EnviroTrack\EWARM\Project_Slave_Sensor_EnviroTrack\Obj\stm32l4xx_hal_cortex.o
#        D:\Saoviet_Git\Saoviet_EnviroTrack_M_And_S\Project_Slave_LanChang_EC\Project_Slave_Sensor_EnviroTrack\EWARM\Project_Slave_Sensor_EnviroTrack\Obj\stm32l4xx_hal_dma.o
#        D:\Saoviet_Git\Saoviet_EnviroTrack_M_And_S\Project_Slave_LanChang_EC\Project_Slave_Sensor_EnviroTrack\EWARM\Project_Slave_Sensor_EnviroTrack\Obj\stm32l4xx_hal_dma_ex.o
#        D:\Saoviet_Git\Saoviet_EnviroTrack_M_And_S\Project_Slave_LanChang_EC\Project_Slave_Sensor_EnviroTrack\EWARM\Project_Slave_Sensor_EnviroTrack\Obj\stm32l4xx_hal_exti.o
#        D:\Saoviet_Git\Saoviet_EnviroTrack_M_And_S\Project_Slave_LanChang_EC\Project_Slave_Sensor_EnviroTrack\EWARM\Project_Slave_Sensor_EnviroTrack\Obj\stm32l4xx_hal_flash.o
#        D:\Saoviet_Git\Saoviet_EnviroTrack_M_And_S\Project_Slave_LanChang_EC\Project_Slave_Sensor_EnviroTrack\EWARM\Project_Slave_Sensor_EnviroTrack\Obj\stm32l4xx_hal_flash_ex.o
#        D:\Saoviet_Git\Saoviet_EnviroTrack_M_And_S\Project_Slave_LanChang_EC\Project_Slave_Sensor_EnviroTrack\EWARM\Project_Slave_Sensor_EnviroTrack\Obj\stm32l4xx_hal_flash_ramfunc.o
#        D:\Saoviet_Git\Saoviet_EnviroTrack_M_And_S\Project_Slave_LanChang_EC\Project_Slave_Sensor_EnviroTrack\EWARM\Project_Slave_Sensor_EnviroTrack\Obj\stm32l4xx_hal_gpio.o
#        D:\Saoviet_Git\Saoviet_EnviroTrack_M_And_S\Project_Slave_LanChang_EC\Project_Slave_Sensor_EnviroTrack\EWARM\Project_Slave_Sensor_EnviroTrack\Obj\stm32l4xx_hal_i2c.o
#        D:\Saoviet_Git\Saoviet_EnviroTrack_M_And_S\Project_Slave_LanChang_EC\Project_Slave_Sensor_EnviroTrack\EWARM\Project_Slave_Sensor_EnviroTrack\Obj\stm32l4xx_hal_i2c_ex.o
#        D:\Saoviet_Git\Saoviet_EnviroTrack_M_And_S\Project_Slave_LanChang_EC\Project_Slave_Sensor_EnviroTrack\EWARM\Project_Slave_Sensor_EnviroTrack\Obj\stm32l4xx_hal_msp.o
#        D:\Saoviet_Git\Saoviet_EnviroTrack_M_And_S\Project_Slave_LanChang_EC\Project_Slave_Sensor_EnviroTrack\EWARM\Project_Slave_Sensor_EnviroTrack\Obj\stm32l4xx_hal_pwr.o
#        D:\Saoviet_Git\Saoviet_EnviroTrack_M_And_S\Project_Slave_LanChang_EC\Project_Slave_Sensor_EnviroTrack\EWARM\Project_Slave_Sensor_EnviroTrack\Obj\stm32l4xx_hal_pwr_ex.o
#        D:\Saoviet_Git\Saoviet_EnviroTrack_M_And_S\Project_Slave_LanChang_EC\Project_Slave_Sensor_EnviroTrack\EWARM\Project_Slave_Sensor_EnviroTrack\Obj\stm32l4xx_hal_rcc.o
#        D:\Saoviet_Git\Saoviet_EnviroTrack_M_And_S\Project_Slave_LanChang_EC\Project_Slave_Sensor_EnviroTrack\EWARM\Project_Slave_Sensor_EnviroTrack\Obj\stm32l4xx_hal_rcc_ex.o
#        D:\Saoviet_Git\Saoviet_EnviroTrack_M_And_S\Project_Slave_LanChang_EC\Project_Slave_Sensor_EnviroTrack\EWARM\Project_Slave_Sensor_EnviroTrack\Obj\stm32l4xx_hal_rtc.o
#        D:\Saoviet_Git\Saoviet_EnviroTrack_M_And_S\Project_Slave_LanChang_EC\Project_Slave_Sensor_EnviroTrack\EWARM\Project_Slave_Sensor_EnviroTrack\Obj\stm32l4xx_hal_rtc_ex.o
#        D:\Saoviet_Git\Saoviet_EnviroTrack_M_And_S\Project_Slave_LanChang_EC\Project_Slave_Sensor_EnviroTrack\EWARM\Project_Slave_Sensor_EnviroTrack\Obj\stm32l4xx_hal_spi.o
#        D:\Saoviet_Git\Saoviet_EnviroTrack_M_And_S\Project_Slave_LanChang_EC\Project_Slave_Sensor_EnviroTrack\EWARM\Project_Slave_Sensor_EnviroTrack\Obj\stm32l4xx_hal_spi_ex.o
#        D:\Saoviet_Git\Saoviet_EnviroTrack_M_And_S\Project_Slave_LanChang_EC\Project_Slave_Sensor_EnviroTrack\EWARM\Project_Slave_Sensor_EnviroTrack\Obj\stm32l4xx_hal_uart.o
#        D:\Saoviet_Git\Saoviet_EnviroTrack_M_And_S\Project_Slave_LanChang_EC\Project_Slave_Sensor_EnviroTrack\EWARM\Project_Slave_Sensor_EnviroTrack\Obj\stm32l4xx_hal_uart_ex.o
#        D:\Saoviet_Git\Saoviet_EnviroTrack_M_And_S\Project_Slave_LanChang_EC\Project_Slave_Sensor_EnviroTrack\EWARM\Project_Slave_Sensor_EnviroTrack\Obj\stm32l4xx_it.o
#        D:\Saoviet_Git\Saoviet_EnviroTrack_M_And_S\Project_Slave_LanChang_EC\Project_Slave_Sensor_EnviroTrack\EWARM\Project_Slave_Sensor_EnviroTrack\Obj\system_stm32l4xx.o
#        D:\Saoviet_Git\Saoviet_EnviroTrack_M_And_S\Project_Slave_LanChang_EC\Project_Slave_Sensor_EnviroTrack\EWARM\Project_Slave_Sensor_EnviroTrack\Obj\text.o
#        D:\Saoviet_Git\Saoviet_EnviroTrack_M_And_S\Project_Slave_LanChang_EC\Project_Slave_Sensor_EnviroTrack\EWARM\Project_Slave_Sensor_EnviroTrack\Obj\text_tiny.o
#        D:\Saoviet_Git\Saoviet_EnviroTrack_M_And_S\Project_Slave_LanChang_EC\Project_Slave_Sensor_EnviroTrack\EWARM\Project_Slave_Sensor_EnviroTrack\Obj\unit_tests.o
#        D:\Saoviet_Git\Saoviet_EnviroTrack_M_And_S\Project_Slave_LanChang_EC\Project_Slave_Sensor_EnviroTrack\EWARM\Project_Slave_Sensor_EnviroTrack\Obj\usart.o
#        D:\Saoviet_Git\Saoviet_EnviroTrack_M_And_S\Project_Slave_LanChang_EC\Project_Slave_Sensor_EnviroTrack\EWARM\Project_Slave_Sensor_EnviroTrack\Obj\user_adv_trace.o
#        D:\Saoviet_Git\Saoviet_EnviroTrack_M_And_S\Project_Slave_LanChang_EC\Project_Slave_Sensor_EnviroTrack\EWARM\Project_Slave_Sensor_EnviroTrack\Obj\user_app_comm.o
#        D:\Saoviet_Git\Saoviet_EnviroTrack_M_And_S\Project_Slave_LanChang_EC\Project_Slave_Sensor_EnviroTrack\EWARM\Project_Slave_Sensor_EnviroTrack\Obj\user_app_modbus_rtu.o
#        D:\Saoviet_Git\Saoviet_EnviroTrack_M_And_S\Project_Slave_LanChang_EC\Project_Slave_Sensor_EnviroTrack\EWARM\Project_Slave_Sensor_EnviroTrack\Obj\user_app_rs485.o
#        D:\Saoviet_Git\Saoviet_EnviroTrack_M_And_S\Project_Slave_LanChang_EC\Project_Slave_Sensor_EnviroTrack\EWARM\Project_Slave_Sensor_EnviroTrack\Obj\user_app_sensor.o
#        D:\Saoviet_Git\Saoviet_EnviroTrack_M_And_S\Project_Slave_LanChang_EC\Project_Slave_Sensor_EnviroTrack\EWARM\Project_Slave_Sensor_EnviroTrack\Obj\user_at_serial.o
#        D:\Saoviet_Git\Saoviet_EnviroTrack_M_And_S\Project_Slave_LanChang_EC\Project_Slave_Sensor_EnviroTrack\EWARM\Project_Slave_Sensor_EnviroTrack\Obj\user_connect_sensor.o
#        D:\Saoviet_Git\Saoviet_EnviroTrack_M_And_S\Project_Slave_LanChang_EC\Project_Slave_Sensor_EnviroTrack\EWARM\Project_Slave_Sensor_EnviroTrack\Obj\user_convert_variable.o
#        D:\Saoviet_Git\Saoviet_EnviroTrack_M_And_S\Project_Slave_LanChang_EC\Project_Slave_Sensor_EnviroTrack\EWARM\Project_Slave_Sensor_EnviroTrack\Obj\user_internal_mem.o
#        D:\Saoviet_Git\Saoviet_EnviroTrack_M_And_S\Project_Slave_LanChang_EC\Project_Slave_Sensor_EnviroTrack\EWARM\Project_Slave_Sensor_EnviroTrack\Obj\user_mem_comm.o
#        D:\Saoviet_Git\Saoviet_EnviroTrack_M_And_S\Project_Slave_LanChang_EC\Project_Slave_Sensor_EnviroTrack\EWARM\Project_Slave_Sensor_EnviroTrack\Obj\user_modbus_rtu.o
#        D:\Saoviet_Git\Saoviet_EnviroTrack_M_And_S\Project_Slave_LanChang_EC\Project_Slave_Sensor_EnviroTrack\EWARM\Project_Slave_Sensor_EnviroTrack\Obj\user_obis_sv.o
#        D:\Saoviet_Git\Saoviet_EnviroTrack_M_And_S\Project_Slave_LanChang_EC\Project_Slave_Sensor_EnviroTrack\EWARM\Project_Slave_Sensor_EnviroTrack\Obj\user_rs485.o
#        D:\Saoviet_Git\Saoviet_EnviroTrack_M_And_S\Project_Slave_LanChang_EC\Project_Slave_Sensor_EnviroTrack\EWARM\Project_Slave_Sensor_EnviroTrack\Obj\user_rtc.o
#        D:\Saoviet_Git\Saoviet_EnviroTrack_M_And_S\Project_Slave_LanChang_EC\Project_Slave_Sensor_EnviroTrack\EWARM\Project_Slave_Sensor_EnviroTrack\Obj\user_string.o
#        D:\Saoviet_Git\Saoviet_EnviroTrack_M_And_S\Project_Slave_LanChang_EC\Project_Slave_Sensor_EnviroTrack\EWARM\Project_Slave_Sensor_EnviroTrack\Obj\user_time.o
#        D:\Saoviet_Git\Saoviet_EnviroTrack_M_And_S\Project_Slave_LanChang_EC\Project_Slave_Sensor_EnviroTrack\EWARM\Project_Slave_Sensor_EnviroTrack\Obj\user_timer.o
#        D:\Saoviet_Git\Saoviet_EnviroTrack_M_And_S\Project_Slave_LanChang_EC\Project_Slave_Sensor_EnviroTrack\EWARM\Project_Slave_Sensor_EnviroTrack\Obj\user_tiny_vsnprintf.o
#        D:\Saoviet_Git\Saoviet_EnviroTrack_M_And_S\Project_Slave_LanChang_EC\Project_Slave_Sensor_EnviroTrack\EWARM\Project_Slave_Sensor_EnviroTrack\Obj\user_uart.o
#        D:\Saoviet_Git\Saoviet_EnviroTrack_M_And_S\Project_Slave_LanChang_EC\Project_Slave_Sensor_EnviroTrack\EWARM\Project_Slave_Sensor_EnviroTrack\Obj\user_util.o
#        --no_out_extension -o
#        D:\Saoviet_Git\Saoviet_EnviroTrack_M_And_S\Project_Slave_LanChang_EC\Project_Slave_Sensor_EnviroTrack\EWARM\Project_Slave_Sensor_EnviroTrack\Exe\Project_Slave_Sensor_EnviroTrack.out
#        --redirect _Printf=_PrintfFullNoMb --redirect _Scanf=_ScanfFullNoMb
#        --map
#        D:\Saoviet_Git\Saoviet_EnviroTrack_M_And_S\Project_Slave_LanChang_EC\Project_Slave_Sensor_EnviroTrack\EWARM\Project_Slave_Sensor_EnviroTrack\List\Project_Slave_Sensor_EnviroTrack.map
#        --config
#        D:\Saoviet_Git\Saoviet_EnviroTrack_M_And_S\Project_Slave_LanChang_EC\Project_Slave_Sensor_EnviroTrack\EWARM/stm32l433xx_flash.icf
#        --semihosting --entry __iar_program_start --vfe --text_out locale)
#
###############################################################################

*******************************************************************************
*** RUNTIME MODEL ATTRIBUTES
***

CppFlavor       = *
__Heap_Handler  = DLMalloc
__SystemLibrary = DLib
__dlib_version  = 6


*******************************************************************************
*** HEAP SELECTION
***

The advanced heap was selected because the application calls memory
allocation functions outside of system library functions, and there
are calls to deallocation functions in the application.


*******************************************************************************
*** PLACEMENT SUMMARY
***

"A0":  place at address 0x800'0000 { ro section .intvec };
"P1":  place in [from 0x800'0000 to 0x803'ffff] { ro };
define block CSTACK with size = 1K, alignment = 8 { };
define block HEAP with size = 512, alignment = 8 { };
"P2":  place in [from 0x2000'0000 to 0x2000'ffff] {
          rw, block CSTACK, block HEAP };
initialize by copy { rw };

  Section            Kind         Address    Size  Object
  -------            ----         -------    ----  ------
"A0":                                       0x18c
  .intvec            ro code   0x800'0000   0x18c  startup_stm32l433xx.o [1]
                             - 0x800'018c   0x18c

"P1":                                      0xec4f
  .text              ro code   0x800'018c  0x1128  button.o [1]
  .text              ro code   0x800'12b4   0x380  stm32l4xx_hal_gpio.o [1]
  .text              ro code   0x800'1634   0x21c  user_util.o [1]
  .text              ro code   0x800'1850   0xc1c  lcd_display.o [1]
  .text              ro code   0x800'246c  0x1068  user_app_sensor.o [1]
  .text              ro code   0x800'34d4   0x5e4  user_convert_variable.o [1]
  .text              ro code   0x800'3ab8   0x708  user_app_modbus_rtu.o [1]
  .text              ro code   0x800'41c0    0x36  strlen.o [4]
  .text              ro code   0x800'41f6    0x3a  zero_init3.o [4]
  .text              ro code   0x800'4230    0x22  S32ToDbl.o [3]
  .text              ro code   0x800'4252     0xa  xsprout.o [2]
  .text              ro code   0x800'425c    0x16  math_wrappers64.o [3]
  .rodata            const     0x800'4272     0x2  xlocale_c.o [2]
  .text              ro code   0x800'4274   0x246  DblDiv.o [3]
  .rodata            const     0x800'44ba     0x1  xlocale_c.o [2]
  .text              ro code   0x800'44bc    0x68  DblToFlt.o [3]
  .text              ro code   0x800'4524    0x1a  U32ToDbl.o [3]
  .text              ro code   0x800'4540    0x48  FltToDbl.o [3]
  .text              ro code   0x800'4588    0x40  sprintf.o [2]
  .text              ro code   0x800'45c8    0xa0  STM32L4.o [1]
  .text              ro code   0x800'4668     0xc  stm32l4xx_hal.o [1]
  .text              ro code   0x800'4674   0x290  text_tiny.o [1]
  .text              ro code   0x800'4904    0x54  event_driven.o [1]
  .text              ro code   0x800'4958    0x14  unit_tests.o [1]
  .text              ro code   0x800'496c    0xe8  glcd.o [1]
  .text              ro code   0x800'4a54   0x158  ST7565R.o [1]
  .text              ro code   0x800'4bac    0x66  ABImemset.o [4]
  .text              ro code   0x800'4c14   0x390  text.o [1]
  .text              ro code   0x800'4fa4   0x200  graphics.o [1]
  .text              ro code   0x800'51a4   0x350  user_modbus_rtu.o [1]
  .text              ro code   0x800'54f4   0x39c  usart.o [1]
  .text              ro code   0x800'5890    0x74  user_connect_sensor.o [1]
  .text              ro code   0x800'5904    0x28  stm32l4xx_hal.o [1]
  .text              ro code   0x800'592c   0xfc8  stm32l4xx_hal_uart.o [1]
  .text              ro code   0x800'68f4   0x172  onchipflash.o [1]
  .text              ro code   0x800'6a68    0xa6  ABImemcpy.o [4]
  .text              ro code   0x800'6b10   0x230  I64DivMod.o [4]
  .text              ro code   0x800'6d40   0x1a2  DblMul.o [3]
  .text              ro code   0x800'6ee4   0x17a  DblAdd.o [3]
  .text              ro code   0x800'7060    0x3a  DblToS32.o [3]
  .text              ro code   0x800'709c   0x6ec  pow64.o [3]
  .text              ro code   0x800'7788   0xfc6  xprintffull_nomb.o [2]
  .text              ro code   0x800'8750   0x52a  stm32l4xx_hal_spi.o [1]
  .text              ro code   0x800'8c7a     0x8  abs.o [2]
  .text              ro code   0x800'8c82    0xc2  main.o [1]
  .text              ro code   0x800'8d44    0x14  memset.o [4]
  .text              ro code   0x800'8d58   0x4e8  stm32l4xx_hal_rcc_ex.o [1]
  .text              ro code   0x800'9240   0x422  stm32l4xx_hal_dma.o [1]
  .text              ro code   0x800'9664   0x194  stm32l4xx_hal_cortex.o [1]
  .text              ro code   0x800'97f8   0x128  user_uart.o [1]
  .text              ro code   0x800'9920    0x72  stm32l4xx_hal_uart_ex.o [1]
  .text              ro code   0x800'9994   0x9fc  stm32l4xx_hal_rcc.o [1]
  .text              ro code   0x800'a390     0x2  stm32l4xx_hal_uart.o [1]
  .text              ro code   0x800'a392     0x2  stm32l4xx_hal_uart.o [1]
  .text              ro code   0x800'a394   0x1b8  stm32l4xx_hal_flash.o [1]
  .text              ro code   0x800'a54c    0xa0  stm32l4xx_hal_flash_ex.o [1]
  .text              ro code   0x800'a5ec     0x2  I64DivZer.o [4]
  .text              ro code   0x800'a5f0    0xe2  DblSub.o [3]
  .text              ro code   0x800'a6d4    0x20  DblCmpEq.o [3]
  .text              ro code   0x800'a6f4    0x70  frexp.o [3]
  .text              ro code   0x800'a764    0x2e  DblCmpLe.o [3]
  .text              ro code   0x800'a794    0x2e  DblCmpGe.o [3]
  .text              ro code   0x800'a7c4   0x3e8  iar_Exp64.o [3]
  .text              ro code   0x800'abac    0x16  strchr.o [4]
  .text              ro code   0x800'abc4    0x40  xfail_s.o [2]
  .text              ro code   0x800'ac04    0x58  memchr.o [4]
  .text              ro code   0x800'ac5c   0x13a  ldexp.o [3]
  .text              ro code   0x800'ad98    0x28  DblToU32.o [3]
  .text              ro code   0x800'adc0     0x8  xlocale_c.o [2]
  .text              ro code   0x800'adc8    0xc8  spi.o [1]
  .text              ro code   0x800'ae90    0x24  stm32l4xx_hal.o [1]
  .text              ro code   0x800'aeb4   0x1d0  gpio.o [1]
  .text              ro code   0x800'b084    0x60  dma.o [1]
  .text              ro code   0x800'b0e4   0x150  rtc.o [1]
  .text              ro code   0x800'b234   0x4b4  user_app_comm.o [1]
  .text              ro code   0x800'b6e8    0x94  stm32l4xx_hal_pwr_ex.o [1]
  .text              ro code   0x800'b77c    0x70  user_rs485.o [1]
  .text              ro code   0x800'b7ec   0x23a  user_adv_trace.o [1]
  .text              ro code   0x800'ba28    0x60  stm32l4xx_hal.o [1]
  .text              ro code   0x800'ba88     0x6  abort.o [2]
  .text              ro code   0x800'ba90    0x38  stm32l4xx_hal_msp.o [1]
  .text              ro code   0x800'bac8   0x78e  stm32l4xx_hal_rtc.o [1]
  .text              ro code   0x800'c258   0x310  user_timer.o [1]
  .text              ro code   0x800'c568   0x1dc  user_at_serial.o [1]
  .text              ro code   0x800'c744    0x58  user_time.o [1]
  .text              ro code   0x800'c79c   0x180  user_app_rs485.o [1]
  .text              ro code   0x800'c91c   0x350  user_tiny_vsnprintf.o [1]
  .text              ro code   0x800'cc6c    0x14  exit.o [5]
  .text              ro code   0x800'cc80   0x3a8  user_rtc.o [1]
  .text              ro code   0x800'd028     0x2  stm32l4xx_hal_rtc_ex.o [1]
  .text              ro code   0x800'd02a   0x1e6  user_string.o [1]
  .text              ro code   0x800'd210    0x48  stm32l4xx_hal_rtc_ex.o [1]
  .rodata            const     0x800'd258    0x34  user_app_sensor.o [1]
  .rodata            const     0x800'd290   0x420  pow64.o [3]
  .rodata            const     0x800'd6b0   0x400  unit_tests.o [1]
  .rodata            const     0x800'dab0   0x228  lcd_display.o [1]
  .rodata            const     0x800'dcd8   0x214  lcd_display.o [1]
  .text              ro code   0x800'deec    0xd4  stm32l4xx_it.o [1]
  .text              ro code   0x800'dfc0    0x18  stm32l4xx_hal.o [1]
  .text              ro code   0x800'dfd8    0x78  lz77_init_single.o [4]
  .rodata            const     0x800'e050    0x34  user_app_sensor.o [1]
  .rodata            const     0x800'e084    0x30  system_stm32l4xx.o [1]
  .rodata            const     0x800'e0b4    0x2c  user_rtc.o [1]
  .rodata            const     0x800'e0e0    0x28  user_tiny_vsnprintf.o [1]
  .rodata            const     0x800'e108    0x28  user_tiny_vsnprintf.o [1]
  .text              ro code   0x800'e130    0x28  data_init.o [4]
  .text              ro code   0x800'e158    0x22  fpinit_M.o [3]
  .iar.init_table    const     0x800'e17c    0x20  - Linker created -
  .rodata            const     0x800'e19c    0x20  user_rtc.o [1]
  .text              ro code   0x800'e1bc    0x1e  cmain.o [4]
  .text              ro code   0x800'e1da     0x4  low_level_init.o [2]
  .text              ro code   0x800'e1de     0x4  exit.o [2]
  .text              ro code   0x800'e1e4     0xa  cexit.o [4]
  .rodata            const     0x800'e1f0    0x1c  user_app_comm.o [1]
  .rodata            const     0x800'e20c    0x1c  user_uart.o [1]
  .rodata            const     0x800'e228    0x18  user_app_comm.o [1]
  .rodata            const     0x800'e240    0x14  lcd_display.o [1]
  .rodata            const     0x800'e254    0x14  user_app_comm.o [1]
  .rodata            const     0x800'e268    0x14  user_at_serial.o [1]
  .rodata            const     0x800'e27c    0x14  user_at_serial.o [1]
  .rodata            const     0x800'e290    0x14  user_at_serial.o [1]
  .rodata            const     0x800'e2a4    0x14  user_at_serial.o [1]
  .rodata            const     0x800'e2b8    0x14  user_at_serial.o [1]
  .rodata            const     0x800'e2cc    0x10  lcd_display.o [1]
  .rodata            const     0x800'e2dc    0x10  lcd_display.o [1]
  .rodata            const     0x800'e2ec    0x10  lcd_display.o [1]
  .rodata            const     0x800'e2fc    0x10  lcd_display.o [1]
  .rodata            const     0x800'e30c    0x10  lcd_display.o [1]
  .rodata            const     0x800'e31c    0x10  lcd_display.o [1]
  .rodata            const     0x800'e32c    0x10  lcd_display.o [1]
  .rodata            const     0x800'e33c    0x10  lcd_display.o [1]
  .rodata            const     0x800'e34c    0x10  lcd_display.o [1]
  .rodata            const     0x800'e35c    0x10  lcd_display.o [1]
  .rodata            const     0x800'e36c    0x10  lcd_display.o [1]
  .rodata            const     0x800'e37c    0x10  system_stm32l4xx.o [1]
  .rodata            const     0x800'e38c    0x10  user_app_sensor.o [1]
  .rodata            const     0x800'e39c    0x10  user_at_serial.o [1]
  .rodata            const     0x800'e3ac    0x10  user_at_serial.o [1]
  .rodata            const     0x800'e3bc    0x10  user_at_serial.o [1]
  .rodata            const     0x800'e3cc    0x10  user_at_serial.o [1]
  .rodata            const     0x800'e3dc    0x10  user_at_serial.o [1]
  .rodata            const     0x800'e3ec    0x10  user_at_serial.o [1]
  .rodata            const     0x800'e3fc    0x10  user_at_serial.o [1]
  .rodata            const     0x800'e40c    0x10  user_at_serial.o [1]
  .rodata            const     0x800'e41c    0x10  user_at_serial.o [1]
  .rodata            const     0x800'e42c    0x10  user_at_serial.o [1]
  .rodata            const     0x800'e43c    0x10  user_at_serial.o [1]
  .rodata            const     0x800'e44c    0x10  user_at_serial.o [1]
  .rodata            const     0x800'e45c    0x10  user_at_serial.o [1]
  .rodata            const     0x800'e46c    0x10  user_at_serial.o [1]
  .rodata            const     0x800'e47c    0x10  user_at_serial.o [1]
  .rodata            const     0x800'e48c    0x10  user_at_serial.o [1]
  .rodata            const     0x800'e49c    0x10  user_at_serial.o [1]
  .rodata            const     0x800'e4ac    0x10  user_at_serial.o [1]
  .rodata            const     0x800'e4bc    0x10  user_at_serial.o [1]
  .rodata            const     0x800'e4cc    0x10  user_at_serial.o [1]
  .rodata            const     0x800'e4dc    0x10  user_at_serial.o [1]
  .rodata            const     0x800'e4ec    0x10  user_at_serial.o [1]
  .rodata            const     0x800'e4fc    0x10  user_at_serial.o [1]
  .rodata            const     0x800'e50c    0x10  user_at_serial.o [1]
  .rodata            const     0x800'e51c    0x10  user_at_serial.o [1]
  .rodata            const     0x800'e52c    0x10  user_at_serial.o [1]
  .rodata            const     0x800'e53c    0x10  user_at_serial.o [1]
  .rodata            const     0x800'e54c    0x10  user_at_serial.o [1]
  .text              ro code   0x800'e55c    0x10  startup_stm32l433xx.o [1]
  .text              ro code   0x800'e56c    0x10  system_stm32l4xx.o [1]
  .rodata            const     0x800'e57c     0xc  lcd_display.o [1]
  .rodata            const     0x800'e588     0xc  lcd_display.o [1]
  .rodata            const     0x800'e594     0xc  lcd_display.o [1]
  .rodata            const     0x800'e5a0     0xc  lcd_display.o [1]
  .rodata            const     0x800'e5ac     0xc  lcd_display.o [1]
  .rodata            const     0x800'e5b8     0xc  lcd_display.o [1]
  .rodata            const     0x800'e5c4     0xc  lcd_display.o [1]
  .rodata            const     0x800'e5d0     0xc  lcd_display.o [1]
  .rodata            const     0x800'e5dc     0xc  lcd_display.o [1]
  .rodata            const     0x800'e5e8     0xc  user_app_comm.o [1]
  .rodata            const     0x800'e5f4     0xc  user_app_sensor.o [1]
  .rodata            const     0x800'e600     0xc  user_at_serial.o [1]
  .rodata            const     0x800'e60c     0xc  user_at_serial.o [1]
  .rodata            const     0x800'e618     0xc  user_at_serial.o [1]
  .rodata            const     0x800'e624     0xc  user_at_serial.o [1]
  .rodata            const     0x800'e630     0xc  user_at_serial.o [1]
  .rodata            const     0x800'e63c     0xc  user_at_serial.o [1]
  .rodata            const     0x800'e648     0xc  user_at_serial.o [1]
  .rodata            const     0x800'e654     0xc  user_at_serial.o [1]
  .rodata            const     0x800'e660     0xc  user_at_serial.o [1]
  .rodata            const     0x800'e66c     0xc  user_at_serial.o [1]
  .rodata            const     0x800'e678     0xc  user_at_serial.o [1]
  .rodata            const     0x800'e684     0xc  user_at_serial.o [1]
  .rodata            const     0x800'e690     0xc  user_at_serial.o [1]
  .rodata            const     0x800'e69c     0xc  user_at_serial.o [1]
  .rodata            const     0x800'e6a8     0xc  user_at_serial.o [1]
  .rodata            const     0x800'e6b4     0xc  user_at_serial.o [1]
  .rodata            const     0x800'e6c0     0xc  user_at_serial.o [1]
  .rodata            const     0x800'e6cc     0xc  user_at_serial.o [1]
  .rodata            const     0x800'e6d8     0xc  user_at_serial.o [1]
  .rodata            const     0x800'e6e4     0xc  user_at_serial.o [1]
  .rodata            const     0x800'e6f0     0xc  user_at_serial.o [1]
  .rodata            const     0x800'e6fc     0xc  user_at_serial.o [1]
  .rodata            const     0x800'e708     0xc  user_at_serial.o [1]
  .rodata            const     0x800'e714     0xc  user_at_serial.o [1]
  .rodata            const     0x800'e720     0xc  user_at_serial.o [1]
  .rodata            const     0x800'e72c     0xc  user_at_serial.o [1]
  .rodata            const     0x800'e738     0xc  user_at_serial.o [1]
  .rodata            const     0x800'e744     0xc  user_at_serial.o [1]
  .rodata            const     0x800'e750     0xc  user_rtc.o [1]
  .rodata            const     0x800'e75c     0xc  user_rtc.o [1]
  .text              ro code   0x800'e768     0xc  cstartup_M.o [4]
  .rodata            const     0x800'e774     0x8  lcd_display.o [1]
  .rodata            const     0x800'e77c     0x8  lcd_display.o [1]
  .rodata            const     0x800'e784     0x8  lcd_display.o [1]
  .rodata            const     0x800'e78c     0x8  lcd_display.o [1]
  .rodata            const     0x800'e794     0x8  lcd_display.o [1]
  .rodata            const     0x800'e79c     0x8  lcd_display.o [1]
  .rodata            const     0x800'e7a4     0x8  lcd_display.o [1]
  .rodata            const     0x800'e7ac     0x8  lcd_display.o [1]
  .rodata            const     0x800'e7b4     0x8  lcd_display.o [1]
  .rodata            const     0x800'e7bc     0x8  lcd_display.o [1]
  .rodata            const     0x800'e7c4     0x8  system_stm32l4xx.o [1]
  .rodata            const     0x800'e7cc     0x8  user_app_modbus_rtu.o [1]
  .rodata            const     0x800'e7d4     0x8  user_app_modbus_rtu.o [1]
  .rodata            const     0x800'e7dc     0x8  user_app_sensor.o [1]
  .rodata            const     0x800'e7e4     0x8  user_app_sensor.o [1]
  .rodata            const     0x800'e7ec     0x8  user_app_sensor.o [1]
  .rodata            const     0x800'e7f4     0x8  user_app_sensor.o [1]
  .rodata            const     0x800'e7fc     0x8  user_at_serial.o [1]
  .rodata            const     0x800'e804     0x8  user_at_serial.o [1]
  .rodata            const     0x800'e80c     0x8  user_at_serial.o [1]
  .rodata            const     0x800'e814     0x8  user_at_serial.o [1]
  .rodata            const     0x800'e81c     0x8  user_at_serial.o [1]
  .rodata            const     0x800'e824     0x8  user_tiny_vsnprintf.o [1]
  .rodata            const     0x800'e82c     0x8  user_util.o [1]
  .rodata            const     0x800'e834     0x8  xprintffull_nomb.o [2]
  .rodata            const     0x800'e83c     0x4  lcd_display.o [1]
  .rodata            const     0x800'e840     0x4  lcd_display.o [1]
  .text              ro code   0x800'e844     0x4  startup_stm32l433xx.o [1]
  .text              ro code   0x800'e848     0x4  startup_stm32l433xx.o [1]
  .text              ro code   0x800'e84c     0x4  startup_stm32l433xx.o [1]
  .text              ro code   0x800'e850     0x4  startup_stm32l433xx.o [1]
  .text              ro code   0x800'e854     0x4  startup_stm32l433xx.o [1]
  .text              ro code   0x800'e858     0x4  startup_stm32l433xx.o [1]
  .text              ro code   0x800'e85c     0x4  startup_stm32l433xx.o [1]
  .text              ro code   0x800'e860     0x4  startup_stm32l433xx.o [1]
  .text              ro code   0x800'e864     0x4  startup_stm32l433xx.o [1]
  .text              ro code   0x800'e868     0x4  startup_stm32l433xx.o [1]
  .text              ro code   0x800'e86c     0x4  startup_stm32l433xx.o [1]
  .text              ro code   0x800'e870     0x4  startup_stm32l433xx.o [1]
  .text              ro code   0x800'e874     0x4  startup_stm32l433xx.o [1]
  .text              ro code   0x800'e878     0x4  startup_stm32l433xx.o [1]
  .text              ro code   0x800'e87c     0x4  startup_stm32l433xx.o [1]
  .text              ro code   0x800'e880     0x4  startup_stm32l433xx.o [1]
  .text              ro code   0x800'e884     0x4  startup_stm32l433xx.o [1]
  .text              ro code   0x800'e888     0x4  startup_stm32l433xx.o [1]
  .text              ro code   0x800'e88c     0x4  startup_stm32l433xx.o [1]
  .text              ro code   0x800'e890     0x4  startup_stm32l433xx.o [1]
  .text              ro code   0x800'e894     0x4  startup_stm32l433xx.o [1]
  .text              ro code   0x800'e898     0x4  startup_stm32l433xx.o [1]
  .text              ro code   0x800'e89c     0x4  startup_stm32l433xx.o [1]
  .text              ro code   0x800'e8a0     0x4  startup_stm32l433xx.o [1]
  .text              ro code   0x800'e8a4     0x4  startup_stm32l433xx.o [1]
  .text              ro code   0x800'e8a8     0x4  startup_stm32l433xx.o [1]
  .text              ro code   0x800'e8ac     0x4  startup_stm32l433xx.o [1]
  .text              ro code   0x800'e8b0     0x4  startup_stm32l433xx.o [1]
  .text              ro code   0x800'e8b4     0x4  startup_stm32l433xx.o [1]
  .text              ro code   0x800'e8b8     0x4  startup_stm32l433xx.o [1]
  .text              ro code   0x800'e8bc     0x4  startup_stm32l433xx.o [1]
  .text              ro code   0x800'e8c0     0x4  startup_stm32l433xx.o [1]
  .text              ro code   0x800'e8c4     0x4  startup_stm32l433xx.o [1]
  .text              ro code   0x800'e8c8     0x4  startup_stm32l433xx.o [1]
  .text              ro code   0x800'e8cc     0x4  startup_stm32l433xx.o [1]
  .text              ro code   0x800'e8d0     0x4  startup_stm32l433xx.o [1]
  .text              ro code   0x800'e8d4     0x4  startup_stm32l433xx.o [1]
  .text              ro code   0x800'e8d8     0x4  startup_stm32l433xx.o [1]
  .text              ro code   0x800'e8dc     0x4  startup_stm32l433xx.o [1]
  .text              ro code   0x800'e8e0     0x4  startup_stm32l433xx.o [1]
  .text              ro code   0x800'e8e4     0x4  startup_stm32l433xx.o [1]
  .text              ro code   0x800'e8e8     0x4  startup_stm32l433xx.o [1]
  .text              ro code   0x800'e8ec     0x4  startup_stm32l433xx.o [1]
  .text              ro code   0x800'e8f0     0x4  startup_stm32l433xx.o [1]
  .text              ro code   0x800'e8f4     0x4  startup_stm32l433xx.o [1]
  .text              ro code   0x800'e8f8     0x4  startup_stm32l433xx.o [1]
  .text              ro code   0x800'e8fc     0x4  startup_stm32l433xx.o [1]
  .text              ro code   0x800'e900     0x4  startup_stm32l433xx.o [1]
  .text              ro code   0x800'e904     0x4  startup_stm32l433xx.o [1]
  .text              ro code   0x800'e908     0x4  startup_stm32l433xx.o [1]
  .text              ro code   0x800'e90c     0x4  startup_stm32l433xx.o [1]
  .text              ro code   0x800'e910     0x4  startup_stm32l433xx.o [1]
  .text              ro code   0x800'e914     0x4  startup_stm32l433xx.o [1]
  .text              ro code   0x800'e918     0x4  startup_stm32l433xx.o [1]
  .text              ro code   0x800'e91c     0x4  startup_stm32l433xx.o [1]
  .text              ro code   0x800'e920     0x4  startup_stm32l433xx.o [1]
  .text              ro code   0x800'e924     0x4  startup_stm32l433xx.o [1]
  .text              ro code   0x800'e928     0x4  startup_stm32l433xx.o [1]
  .text              ro code   0x800'e92c     0x4  startup_stm32l433xx.o [1]
  .rodata            const     0x800'e930     0x0  zero_init3.o [4]
  .rodata            const     0x800'e930     0x0  lz77_init_single.o [4]
  Initializer bytes  const     0x800'e930   0x4ab  <for P2-1>
                             - 0x800'eddb  0xec4f

"P2", part 1 of 3:                          0xaa1
  P2-1                        0x2000'0000   0xaa1  <Init block>
    .data            inited   0x2000'0000     0xc  button.o [1]
    .data            inited   0x2000'000c    0x70  lcd_display.o [1]
    .data            inited   0x2000'007c    0x44  lcd_display.o [1]
    .data            inited   0x2000'00c0     0x8  lcd_display.o [1]
    .data            inited   0x2000'00c8     0x4  lcd_display.o [1]
    .data            inited   0x2000'00cc    0x10  lcd_display.o [1]
    .data            inited   0x2000'00dc    0x10  lcd_display.o [1]
    .data            inited   0x2000'00ec    0x10  lcd_display.o [1]
    .data            inited   0x2000'00fc    0x10  lcd_display.o [1]
    .data            inited   0x2000'010c    0x10  lcd_display.o [1]
    .data            inited   0x2000'011c   0x2e8  lcd_display.o [1]
    .data            inited   0x2000'0404     0x4  stm32l4xx_hal.o [1]
    .data            inited   0x2000'0408    0x20  stm32l4xx_hal_flash.o [1]
    .data            inited   0x2000'0428     0x4  system_stm32l4xx.o [1]
    .data            inited   0x2000'042c    0x70  user_app_comm.o [1]
    .data            inited   0x2000'049c     0x8  user_app_comm.o [1]
    .data            inited   0x2000'04a4     0x8  user_app_comm.o [1]
    .data            inited   0x2000'04ac    0x8c  user_app_modbus_rtu.o [1]
    .data            inited   0x2000'0538    0x2c  user_app_modbus_rtu.o [1]
    .data            inited   0x2000'0564     0x8  user_app_modbus_rtu.o [1]
    .data            inited   0x2000'056c    0x40  user_app_rs485.o [1]
    .data            inited   0x2000'05ac    0x80  user_app_sensor.o [1]
    .data            inited   0x2000'062c     0x8  user_app_sensor.o [1]
    .data            inited   0x2000'0634     0x8  user_at_serial.o [1]
    .data            inited   0x2000'063c   0x410  user_at_serial.o [1]
    .data            inited   0x2000'0a4c     0x8  user_connect_sensor.o [1]
    .data            inited   0x2000'0a54     0x8  user_rs485.o [1]
    .data            inited   0x2000'0a5c     0x4  user_tiny_vsnprintf.o [1]
    .data            inited   0x2000'0a60     0x4  user_tiny_vsnprintf.o [1]
    .data            inited   0x2000'0a64    0x38  xlocale_c.o [2]
    .data            inited   0x2000'0a9c     0x2  user_app_modbus_rtu.o [1]
    .data            inited   0x2000'0a9e     0x1  lcd_display.o [1]
    .data            inited   0x2000'0a9f     0x1  stm32l4xx_hal.o [1]
    .data            inited   0x2000'0aa0     0x1  user_util.o [1]
                            - 0x2000'0aa1   0xaa1

"P2", part 2 of 3:                         0x1c28
  .bss               zero     0x2000'0aa4   0x4b0  user_app_comm.o [1]
  .bss               zero     0x2000'0f54   0x400  glcd.o [1]
  .bss               zero     0x2000'1354   0x400  user_adv_trace.o [1]
  .bss               zero     0x2000'1754   0x200  user_adv_trace.o [1]
  .bss               zero     0x2000'1954   0x200  user_connect_sensor.o [1]
  .bss               zero     0x2000'1b54   0x200  user_rs485.o [1]
  .bss               zero     0x2000'1d54   0x174  lcd_display.o [1]
  .bss               zero     0x2000'1ec8    0x88  usart.o [1]
  .bss               zero     0x2000'1f50    0x88  usart.o [1]
  .bss               zero     0x2000'1fd8    0x88  usart.o [1]
  .bss               zero     0x2000'2060    0x80  user_app_modbus_rtu.o [1]
  .bss               zero     0x2000'20e0    0x80  user_app_modbus_rtu.o [1]
  .bss               zero     0x2000'2160    0x80  user_app_modbus_rtu.o [1]
  .bss               zero     0x2000'21e0    0x80  user_at_serial.o [1]
  .bss               zero     0x2000'2260    0x80  user_at_serial.o [1]
  .bss               zero     0x2000'22e0    0x64  spi.o [1]
  .bss               zero     0x2000'2344    0x64  user_app_comm.o [1]
  .bss               zero     0x2000'23a8    0x60  lcd_display.o [1]
  .bss               zero     0x2000'2408    0x48  usart.o [1]
  .bss               zero     0x2000'2450    0x48  usart.o [1]
  .bss               zero     0x2000'2498    0x48  usart.o [1]
  .bss               zero     0x2000'24e0    0x48  user_app_sensor.o [1]
  .bss               zero     0x2000'2528    0x2c  user_rtc.o [1]
  .bss               zero     0x2000'2554    0x28  user_app_sensor.o [1]
  .bss               zero     0x2000'257c    0x28  user_app_sensor.o [1]
  .bss               zero     0x2000'25a4    0x24  rtc.o [1]
  .bss               zero     0x2000'25c8    0x1c  user_rtc.o [1]
  .bss               zero     0x2000'25e4    0x18  button.o [1]
  .bss               zero     0x2000'25fc    0x18  user_adv_trace.o [1]
  .bss               zero     0x2000'2614    0x18  user_app_comm.o [1]
  .bss               zero     0x2000'262c    0x10  lcd_display.o [1]
  .bss               zero     0x2000'263c     0xc  text.o [1]
  .bss               zero     0x2000'2648     0xc  user_app_sensor.o [1]
  .bss               zero     0x2000'2654     0xc  user_util.o [1]
  .bss               zero     0x2000'2660     0x4  button.o [1]
  .bss               zero     0x2000'2664     0x4  button.o [1]
  .bss               zero     0x2000'2668     0x4  button.o [1]
  .bss               zero     0x2000'266c     0x4  button.o [1]
  .bss               zero     0x2000'2670     0x4  glcd.o [1]
  .bss               zero     0x2000'2674     0x4  glcd.o [1]
  .bss               zero     0x2000'2678     0x4  glcd.o [1]
  .bss               zero     0x2000'267c     0x4  lcd_display.o [1]
  .bss               zero     0x2000'2680     0x4  stm32l4xx_hal.o [1]
  .bss               zero     0x2000'2684     0x4  stm32l4xx_it.o [1]
  .bss               zero     0x2000'2688     0x4  user_app_comm.o [1]
  .bss               zero     0x2000'268c     0x4  user_app_sensor.o [1]
  .bss               zero     0x2000'2690     0x4  user_app_sensor.o [1]
  .bss               zero     0x2000'2694     0x4  user_rtc.o [1]
  .bss               zero     0x2000'2698     0x4  user_timer.o [1]
  .bss               zero     0x2000'269c     0x4  user_util.o [1]
  .bss               zero     0x2000'26a0     0x4  user_util.o [1]
  .bss               zero     0x2000'26a4     0x4  user_util.o [1]
  .bss               zero     0x2000'26a8     0x4  xfail_s.o [2]
  .bss               zero     0x2000'26ac     0x2  lcd_display.o [1]
  .bss               zero     0x2000'26ae     0x2  user_app_comm.o [1]
  .bss               zero     0x2000'26b0     0x2  user_app_comm.o [1]
  .bss               zero     0x2000'26b2     0x2  user_app_sensor.o [1]
  .bss               zero     0x2000'26b4     0x2  user_app_sensor.o [1]
  .bss               zero     0x2000'26b6     0x2  user_uart.o [1]
  .bss               zero     0x2000'26b8     0x1  button.o [1]
  .bss               zero     0x2000'26b9     0x1  lcd_display.o [1]
  .bss               zero     0x2000'26ba     0x1  lcd_display.o [1]
  .bss               zero     0x2000'26bb     0x1  lcd_display.o [1]
  .bss               zero     0x2000'26bc     0x1  stm32l4xx_it.o [1]
  .bss               zero     0x2000'26bd     0x1  user_app_comm.o [1]
  .bss               zero     0x2000'26be     0x1  user_app_comm.o [1]
  .bss               zero     0x2000'26bf     0x1  user_app_rs485.o [1]
  .bss               zero     0x2000'26c0     0x1  user_app_sensor.o [1]
  .bss               zero     0x2000'26c1     0x1  user_app_sensor.o [1]
  .bss               zero     0x2000'26c2     0x1  user_app_sensor.o [1]
  .bss               zero     0x2000'26c3     0x1  user_at_serial.o [1]
  .bss               zero     0x2000'26c4     0x1  user_connect_sensor.o [1]
  .bss               zero     0x2000'26c5     0x1  user_connect_sensor.o [1]
  .bss               zero     0x2000'26c6     0x1  user_rs485.o [1]
  .bss               zero     0x2000'26c7     0x1  user_rs485.o [1]
  .bss               zero     0x2000'26c8     0x1  user_rtc.o [1]
  .bss               zero     0x2000'26c9     0x1  user_uart.o [1]
                            - 0x2000'26ca  0x1c26

"P2", part 3 of 3:                          0x400
  CSTACK                      0x2000'26d0   0x400  <Block>
    CSTACK           uninit   0x2000'26d0   0x400  <Block tail>
                            - 0x2000'2ad0   0x400

Unused ranges:

         From           To      Size
         ----           --      ----
   0x800'eddb   0x803'ffff  0x3'1225
  0x2000'0aa1  0x2000'0aa3       0x3
  0x2000'26cc  0x2000'26cf       0x4
  0x2000'2ad0  0x2000'ffff    0xd530


*******************************************************************************
*** INIT TABLE
***

          Address      Size
          -------      ----
Zero (__iar_zero_init3)
    1 destination range, total size 0x1c26:
          0x2000'0aa4  0x1c26

Copy/lz77 (__iar_lz77_init_single3)
    1 source range, total size 0x4ab (43% of destination):
           0x800'e930   0x4ab
    1 destination range, total size 0xaa1:
          0x2000'0000   0xaa1



*******************************************************************************
*** MODULE SUMMARY
***

    Module                    ro code  ro data  rw data
    ------                    -------  -------  -------
command line/config:
    ---------------------------------------------------
    Total:

D:\Saoviet_Git\Saoviet_EnviroTrack_M_And_S\Project_Slave_LanChang_EC\Project_Slave_Sensor_EnviroTrack\EWARM\Project_Slave_Sensor_EnviroTrack\Obj: [1]
    ST7565R.o                     344
    STM32L4.o                     160
    button.o                    4'392        5       53
    dma.o                          96
    event_driven.o                 84
    glcd.o                        232             1'036
    gpio.o                        464
    graphics.o                    512
    lcd_display.o               3'100    1'923    1'510
    main.o                        194
    onchipflash.o                 370
    rtc.o                         336                36
    spi.o                         200               100
    startup_stm32l433xx.o         648
    stm32l4xx_hal.o               208        2        9
    stm32l4xx_hal_cortex.o        404
    stm32l4xx_hal_dma.o         1'058
    stm32l4xx_hal_flash.o         440       14       32
    stm32l4xx_hal_flash_ex.o      160
    stm32l4xx_hal_gpio.o          896
    stm32l4xx_hal_msp.o            56
    stm32l4xx_hal_pwr_ex.o        148
    stm32l4xx_hal_rcc.o         2'556
    stm32l4xx_hal_rcc_ex.o      1'256
    stm32l4xx_hal_rtc.o         1'934
    stm32l4xx_hal_rtc_ex.o         74
    stm32l4xx_hal_spi.o         1'322
    stm32l4xx_hal_uart.o        4'044
    stm32l4xx_hal_uart_ex.o       114
    stm32l4xx_it.o                212                 5
    system_stm32l4xx.o             16       74        4
    text.o                        912                12
    text_tiny.o                   656
    unit_tests.o                   20    1'024
    usart.o                       924               624
    user_adv_trace.o              570             1'560
    user_app_comm.o             1'204      140    1'462
    user_app_modbus_rtu.o       1'800      101      578
    user_app_rs485.o              384       28       65
    user_app_sensor.o           4'200      224      315
    user_at_serial.o              476    1'384    1'305
    user_connect_sensor.o         116        4      522
    user_convert_variable.o     1'508
    user_modbus_rtu.o             848
    user_rs485.o                  112        3      522
    user_rtc.o                    936      100       77
    user_string.o                 486
    user_time.o                    88
    user_timer.o                  784                 4
    user_tiny_vsnprintf.o         848       92        8
    user_uart.o                   296       28        3
    user_util.o                   540        9       25
    ---------------------------------------------------
    Total:                     43'738    5'155    9'867

dl7M_tlf.a: [2]
    abort.o                         6
    abs.o                           8
    exit.o                          4
    low_level_init.o                4
    sprintf.o                      64
    xfail_s.o                      64                 4
    xlocale_c.o                     8       27       56
    xprintffull_nomb.o          4'038        8
    xsprout.o                      10
    ---------------------------------------------------
    Total:                      4'206       35       60

m7M_tls.a: [3]
    DblAdd.o                      378
    DblCmpEq.o                     32
    DblCmpGe.o                     46
    DblCmpLe.o                     46
    DblDiv.o                      582
    DblMul.o                      418
    DblSub.o                      226
    DblToFlt.o                    104
    DblToS32.o                     58
    DblToU32.o                     40
    FltToDbl.o                     72
    S32ToDbl.o                     34
    U32ToDbl.o                     26
    fpinit_M.o                     34
    frexp.o                       112
    iar_Exp64.o                 1'000
    ldexp.o                       314
    math_wrappers64.o              22
    pow64.o                     1'772    1'056
    ---------------------------------------------------
    Total:                      5'316    1'056

rt7M_tl.a: [4]
    ABImemcpy.o                   166
    ABImemset.o                   102
    I64DivMod.o                   560
    I64DivZer.o                     2
    cexit.o                        10
    cmain.o                        30
    cstartup_M.o                   12
    data_init.o                    40
    lz77_init_single.o            120
    memchr.o                       88
    memset.o                       20
    strchr.o                       22
    strlen.o                       54
    zero_init3.o                   58
    ---------------------------------------------------
    Total:                      1'284

shb_l.a: [5]
    exit.o                         20
    ---------------------------------------------------
    Total:                         20

    Gaps                           41        8
    Linker created                          32    1'024
-------------------------------------------------------
    Grand Total:               54'605    6'286   10'951


*******************************************************************************
*** ENTRY LIST
***

Entry                       Address   Size  Type      Object
-----                       -------   ----  ----      ------
.iar.init_table$$Base    0x800'e17c          --   Gb  - Linker created -
.iar.init_table$$Limit   0x800'e19c          --   Gb  - Linker created -
?main                    0x800'e1bd         Code  Gb  cmain.o [4]
ADV_TRACE_Buffer        0x2000'1354  0x400  Data  Lc  user_adv_trace.o [1]
ADV_TRACE_Ctx           0x2000'25fc   0x18  Data  Lc  user_adv_trace.o [1]
AHBPrescTable            0x800'e37c   0x10  Data  Gb  system_stm32l4xx.o [1]
APBPrescTable            0x800'e7c4    0x8  Data  Gb  system_stm32l4xx.o [1]
AT_CMD_Get_BR_Slave      0x800'3239   0x52  Code  Gb  user_app_sensor.o [1]
AT_CMD_Get_ID_Slave      0x800'3151   0x52  Code  Gb  user_app_sensor.o [1]
AT_CMD_Reset_Slave       0x800'3095   0x4a  Code  Gb  user_app_sensor.o [1]
AT_CMD_Restore_Slave     0x800'30df   0x62  Code  Gb  user_app_sensor.o [1]
AT_CMD_Set_BR_Slave      0x800'3291   0x94  Code  Gb  user_app_sensor.o [1]
AT_CMD_Set_ID_Slave      0x800'31a3   0x96  Code  Gb  user_app_sensor.o [1]
AppComm_DBG_Init_RX_Mode
                         0x800'b4b9   0x1e  Code  Gb  user_app_comm.o [1]
AppComm_DBG_Init_Uart    0x800'b4b1    0x8  Code  Gb  user_app_comm.o [1]
AppComm_DBG_Rx_Callback
                         0x800'b4df  0x176  Code  Gb  user_app_comm.o [1]
AppComm_DBG_Stop_RX_Mode
                         0x800'b4dd    0x2  Code  Gb  user_app_comm.o [1]
AppComm_Get_Reset_Source
                         0x800'b479   0x38  Code  Gb  user_app_comm.o [1]
AppComm_IRQ_Timer_CallBack
                         0x800'b439    0xc  Code  Gb  user_app_comm.o [1]
AppComm_Init             0x800'b379   0x20  Code  Gb  user_app_comm.o [1]
AppComm_Set_Next_TxTimer
                         0x800'b45f    0x2  Code  Gb  user_app_comm.o [1]
AppComm_Task             0x800'b399   0x9e  Code  Gb  user_app_comm.o [1]
AppComm_Uart_Debug_Send
                         0x800'b461   0x18  Code  Lc  user_app_comm.o [1]
AppRs485_Task            0x800'c875   0x84  Code  Gb  user_app_rs485.o [1]
AppSensor_Task           0x800'3371   0x84  Code  Gb  user_app_sensor.o [1]
BUTTON_Down_Process      0x800'0c6d  0x20a  Code  Gb  button.o [1]
BUTTON_ESC_Process       0x800'0e8d  0x3f0  Code  Gb  button.o [1]
BUTTON_Enter_Process     0x800'02bf  0x7a2  Code  Gb  button.o [1]
BUTTON_Process           0x800'018d   0x34  Code  Gb  button.o [1]
BUTTON_Up_Process        0x800'0a61  0x1f4  Code  Gb  button.o [1]
BUTTON_scan              0x800'01c1   0xfe  Code  Gb  button.o [1]
BUTTON_scan::hold       0x2000'2660    0x4  Data  Lc  button.o [1]
BUTTON_scan::last_value
                        0x2000'26b8    0x1  Data  Lc  button.o [1]
BusFault_Handler         0x800'def3    0x2  Code  Gb  stm32l4xx_it.o [1]
Button_Stamp1_f         0x2000'2668    0x4  Data  Gb  button.o [1]
Button_Stamp2_f         0x2000'266c    0x4  Data  Gb  button.o [1]
CSTACK$$Base            0x2000'26d0          --   Gb  - Linker created -
CSTACK$$Limit           0x2000'2ad0          --   Gb  - Linker created -
Cal_Time                 0x800'1653   0x12  Code  Gb  user_util.o [1]
Calculator_Scale         0x800'34d5   0x54  Code  Gb  user_convert_variable.o [1]
CheckList_AT_CONFIG     0x2000'063c  0x410  Data  Gb  user_at_serial.o [1]
Check_Time_Out           0x800'1635   0x1e  Code  Gb  user_util.o [1]
Convert_Point_Int_To_String
                         0x800'3529   0xce  Code  Gb  user_convert_variable.o [1]
Convert_Point_Int_To_String_Scale
                         0x800'35f7   0xea  Code  Gb  user_convert_variable.o [1]
Convert_Scale            0x800'17a5   0x5c  Code  Gb  user_util.o [1]
Convert_String_To_Dec    0x800'3851   0x5c  Code  Gb  user_convert_variable.o [1]
Convert_uint32Hex_To_Float
                         0x800'370d  0x144  Code  Gb  user_convert_variable.o [1]
CountBufferHandleRecvSS
                        0x2000'26b2    0x2  Data  Gb  user_app_sensor.o [1]
DMA1_Channel3_IRQHandler
                         0x800'df4d    0xa  Code  Gb  stm32l4xx_it.o [1]
DMA1_Channel5_IRQHandler
                         0x800'df57    0xa  Code  Gb  stm32l4xx_it.o [1]
DMA2_Channel7_IRQHandler
                         0x800'df7f    0xa  Code  Gb  stm32l4xx_it.o [1]
DMA_SetConfig            0x800'9631   0x32  Code  Lc  stm32l4xx_hal_dma.o [1]
DaysInMonth              0x800'e750    0xc  Data  Lc  user_rtc.o [1]
DaysInMonthLeapYear      0x800'e75c    0xc  Data  Lc  user_rtc.o [1]
DebugMon_Handler         0x800'def9    0x2  Code  Gb  stm32l4xx_it.o [1]
Display_Check_Password   0x800'22f5   0x2e  Code  Gb  lcd_display.o [1]
Display_Check_Toggle     0x800'2179   0xae  Code  Gb  lcd_display.o [1]
Display_Check_Toggle::Hide
                        0x2000'23a8   0x60  Data  Lc  lcd_display.o [1]
Display_Check_Toggle::LandMarkToggle_u32
                        0x2000'1d54  0x174  Data  Lc  lcd_display.o [1]
Display_Init             0x800'1851   0xce  Code  Gb  lcd_display.o [1]
Display_Set_Screen       0x800'22bf   0x36  Code  Gb  lcd_display.o [1]
Display_Set_Screen_Flag
                         0x800'2279   0x46  Code  Gb  lcd_display.o [1]
Display_Show_Oject       0x800'1dd9  0x3a0  Code  Gb  lcd_display.o [1]
Display_Show_Screen      0x800'2227   0x52  Code  Gb  lcd_display.o [1]
Display_Show_State_Sensor_Network
                         0x800'2337   0x50  Code  Gb  lcd_display.o [1]
Display_Show_State_Setting
                         0x800'2387   0x5c  Code  Gb  lcd_display.o [1]
Display_Show_Static_Param
                         0x800'2323   0x14  Code  Gb  lcd_display.o [1]
Display_Task             0x800'191f   0x7e  Code  Gb  lcd_display.o [1]
Error_Handler            0x800'8d41    0x4  Code  Gb  main.o [1]
FLASH_FlushCaches        0x800'a577   0x6a  Code  Gb  stm32l4xx_hal_flash_ex.o [1]
FLASH_PageErase          0x800'a54d   0x2a  Code  Gb  stm32l4xx_hal_flash_ex.o [1]
FLASH_Program_DoubleWord
                         0x800'a4db   0x1a  Code  Lc  stm32l4xx_hal_flash.o [1]
FLASH_Program_Fast       0x800'a4f5   0x32  Code  Lc  stm32l4xx_hal_flash.o [1]
FLASH_WaitForLastOperation
                         0x800'a475   0x66  Code  Gb  stm32l4xx_hal_flash.o [1]
Filter_EC                0x800'29a9    0x2  Code  Gb  user_app_sensor.o [1]
Filter_Salinity          0x800'29ad    0x2  Code  Gb  user_app_sensor.o [1]
Filter_TDS               0x800'29ab    0x2  Code  Gb  user_app_sensor.o [1]
Filter_Temp              0x800'29af    0x2  Code  Gb  user_app_sensor.o [1]
Find_String_V2           0x800'd02b  0x130  Code  Gb  user_string.o [1]
Find_str_fix             0x800'd17d   0x94  Code  Gb  user_string.o [1]
Flag_gettick            0x2000'26bc    0x1  Data  Gb  stm32l4xx_it.o [1]
Font5x7                  0x800'dcd8  0x214  Data  Lc  lcd_display.o [1]
Get_RTC                  0x800'c745   0x4e  Code  Gb  user_time.o [1]
HAL_DMA_Abort            0x800'948d   0x54  Code  Gb  stm32l4xx_hal_dma.o [1]
HAL_DMA_Abort_IT         0x800'94e1   0x5e  Code  Gb  stm32l4xx_hal_dma.o [1]
HAL_DMA_DeInit           0x800'9321   0xb8  Code  Gb  stm32l4xx_hal_dma.o [1]
HAL_DMA_IRQHandler       0x800'953f   0xf2  Code  Gb  stm32l4xx_hal_dma.o [1]
HAL_DMA_Init             0x800'9241   0xe0  Code  Gb  stm32l4xx_hal_dma.o [1]
HAL_DMA_Start_IT         0x800'93f5   0x98  Code  Gb  stm32l4xx_hal_dma.o [1]
HAL_Delay                0x800'5905   0x28  Code  Wk  stm32l4xx_hal.o [1]
HAL_FLASH_Lock           0x800'a467    0xe  Code  Gb  stm32l4xx_hal_flash.o [1]
HAL_FLASH_Program        0x800'a395   0xb0  Code  Gb  stm32l4xx_hal_flash.o [1]
HAL_FLASH_Unlock         0x800'a445   0x22  Code  Gb  stm32l4xx_hal_flash.o [1]
HAL_GPIO_DeInit          0x800'1477  0x166  Code  Gb  stm32l4xx_hal_gpio.o [1]
HAL_GPIO_Init            0x800'12b5  0x1c2  Code  Gb  stm32l4xx_hal_gpio.o [1]
HAL_GPIO_ReadPin         0x800'15dd   0x16  Code  Gb  stm32l4xx_hal_gpio.o [1]
HAL_GPIO_WritePin        0x800'15f3   0x18  Code  Gb  stm32l4xx_hal_gpio.o [1]
HAL_GetTick              0x800'4669    0xc  Code  Wk  stm32l4xx_hal.o [1]
HAL_IncTick              0x800'dfc1   0x18  Code  Wk  stm32l4xx_hal.o [1]
HAL_Init                 0x800'ae91   0x24  Code  Gb  stm32l4xx_hal.o [1]
HAL_InitTick             0x800'ba29   0x60  Code  Wk  stm32l4xx_hal.o [1]
HAL_MspInit              0x800'ba91   0x38  Code  Gb  stm32l4xx_hal_msp.o [1]
HAL_NVIC_DisableIRQ      0x800'97bb    0xe  Code  Gb  stm32l4xx_hal_cortex.o [1]
HAL_NVIC_EnableIRQ       0x800'97ad    0xe  Code  Gb  stm32l4xx_hal_cortex.o [1]
HAL_NVIC_SetPriority     0x800'9783   0x2a  Code  Gb  stm32l4xx_hal_cortex.o [1]
HAL_NVIC_SetPriorityGrouping
                         0x800'9777    0xc  Code  Gb  stm32l4xx_hal_cortex.o [1]
HAL_PWREx_ControlVoltageScaling
                         0x800'b6f5   0x76  Code  Gb  stm32l4xx_hal_pwr_ex.o [1]
HAL_PWREx_GetVoltageRange
                         0x800'b6e9    0xc  Code  Gb  stm32l4xx_hal_pwr_ex.o [1]
HAL_RCCEx_PeriphCLKConfig
                         0x800'8d59  0x34c  Code  Gb  stm32l4xx_hal_rcc_ex.o [1]
HAL_RCC_ClockConfig      0x800'a01d  0x17a  Code  Gb  stm32l4xx_hal_rcc.o [1]
HAL_RCC_GetHCLKFreq      0x800'a26b    0x6  Code  Gb  stm32l4xx_hal_rcc.o [1]
HAL_RCC_GetPCLK1Freq     0x800'a271   0x1a  Code  Gb  stm32l4xx_hal_rcc.o [1]
HAL_RCC_GetPCLK2Freq     0x800'a28b   0x1a  Code  Gb  stm32l4xx_hal_rcc.o [1]
HAL_RCC_GetResetSource   0x800'a2b5   0x12  Code  Gb  stm32l4xx_hal_rcc.o [1]
HAL_RCC_GetSysClockFreq
                         0x800'a197   0xd4  Code  Gb  stm32l4xx_hal_rcc.o [1]
HAL_RCC_OscConfig        0x800'9995  0x688  Code  Gb  stm32l4xx_hal_rcc.o [1]
HAL_RTCEx_AlarmBEventCallback
                         0x800'd029    0x2  Code  Wk  stm32l4xx_hal_rtc_ex.o [1]
HAL_RTCEx_EnableBypassShadow
                         0x800'd211   0x48  Code  Gb  stm32l4xx_hal_rtc_ex.o [1]
HAL_RTC_AlarmAEventCallback
                         0x800'cd91    0xc  Code  Gb  user_rtc.o [1]
HAL_RTC_AlarmIRQHandler
                         0x800'c0cd   0x60  Code  Gb  stm32l4xx_hal_rtc.o [1]
HAL_RTC_DeactivateAlarm
                         0x800'bff3   0xda  Code  Gb  stm32l4xx_hal_rtc.o [1]
HAL_RTC_GetDate          0x800'bdbb   0x52  Code  Gb  stm32l4xx_hal_rtc.o [1]
HAL_RTC_GetTime          0x800'bc89   0x66  Code  Gb  stm32l4xx_hal_rtc.o [1]
HAL_RTC_Init             0x800'bac9   0xca  Code  Gb  stm32l4xx_hal_rtc.o [1]
HAL_RTC_MspInit          0x800'b1d9   0x50  Code  Gb  rtc.o [1]
HAL_RTC_SetAlarm_IT      0x800'be0d  0x1e6  Code  Gb  stm32l4xx_hal_rtc.o [1]
HAL_RTC_SetDate          0x800'bcef   0xcc  Code  Gb  stm32l4xx_hal_rtc.o [1]
HAL_RTC_SetTime          0x800'bb93   0xf6  Code  Gb  stm32l4xx_hal_rtc.o [1]
HAL_RTC_WaitForSynchro   0x800'c12d   0x2e  Code  Gb  stm32l4xx_hal_rtc.o [1]
HAL_SPI_Init             0x800'8751   0xf8  Code  Gb  stm32l4xx_hal_spi.o [1]
HAL_SPI_MspInit          0x800'ae19   0x62  Code  Gb  spi.o [1]
HAL_SPI_Transmit         0x800'8849  0x1fe  Code  Gb  stm32l4xx_hal_spi.o [1]
HAL_SYSTICK_Config       0x800'97c9    0xc  Code  Gb  stm32l4xx_hal_cortex.o [1]
HAL_UARTEx_ReceiveToIdle_DMA
                         0x800'9921   0x70  Code  Gb  stm32l4xx_hal_uart_ex.o [1]
HAL_UARTEx_RxEventCallback
                         0x800'982f   0x3e  Code  Gb  user_uart.o [1]
HAL_UARTEx_WakeupCallback
                         0x800'9991    0x2  Code  Wk  stm32l4xx_hal_uart_ex.o [1]
HAL_UART_ErrorCallback   0x800'986d   0x3e  Code  Gb  user_uart.o [1]
HAL_UART_IRQHandler      0x800'5ad1  0x35c  Code  Gb  stm32l4xx_hal_uart.o [1]
HAL_UART_Init            0x800'592d   0x7a  Code  Gb  stm32l4xx_hal_uart.o [1]
HAL_UART_MspDeInit       0x800'57c9   0x80  Code  Gb  usart.o [1]
HAL_UART_MspInit         0x800'55a5  0x224  Code  Gb  usart.o [1]
HAL_UART_Receive_IT      0x800'5a73   0x5e  Code  Gb  stm32l4xx_hal_uart.o [1]
HAL_UART_RxCpltCallback
                         0x800'97f9   0x36  Code  Gb  user_uart.o [1]
HAL_UART_Transmit        0x800'59a7   0xcc  Code  Gb  stm32l4xx_hal_uart.o [1]
Handle_Data_Measure      0x800'26b9  0x176  Code  Gb  user_app_sensor.o [1]
Handle_Data_Recv_SS_EC   0x800'2a91   0xfa  Code  Gb  user_app_sensor.o [1]
Handle_Data_Recv_Sensor
                         0x800'29c3   0x20  Code  Gb  user_app_sensor.o [1]
Handle_Data_Trans_SS_EC
                         0x800'29f7   0x90  Code  Gb  user_app_sensor.o [1]
Handle_Data_Trans_Sensor
                         0x800'29b1   0x12  Code  Gb  user_app_sensor.o [1]
Handle_Float_To_hexUint32
                         0x800'3a95   0x24  Code  Gb  user_convert_variable.o [1]
Handle_State_SS_EC       0x800'2b8b   0x78  Code  Gb  user_app_sensor.o [1]
Handle_State_Sensor      0x800'29e3   0x14  Code  Gb  user_app_sensor.o [1]
Handle_int32_To_Float_Scale
                         0x800'38b9  0x1ac  Code  Gb  user_convert_variable.o [1]
HardFault_Handler        0x800'deef    0x2  Code  Gb  stm32l4xx_it.o [1]
IndexUartError          0x2000'26c9    0x1  Data  Lc  user_uart.o [1]
Init_AppRs485            0x800'c85f   0x16  Code  Gb  user_app_rs485.o [1]
Init_AppSensor           0x800'3325   0x3a  Code  Gb  user_app_sensor.o [1]
Init_InforSlaveModbusRTU
                         0x800'3de5   0x30  Code  Gb  user_app_modbus_rtu.o [1]
Init_ParamCalib          0x800'2ec7  0x116  Code  Gb  user_app_sensor.o [1]
Init_TempAlarm           0x800'2ff1   0xa4  Code  Gb  user_app_sensor.o [1]
Init_UartRs485           0x800'c821   0x3e  Code  Gb  user_app_rs485.o [1]
Insert_String_To_String
                         0x800'36e1   0x2a  Code  Gb  user_convert_variable.o [1]
Kind_Trans_Calib        0x2000'26c0    0x1  Data  Gb  user_app_sensor.o [1]
LPUART1_IRQHandler       0x800'df89    0xa  Code  Gb  stm32l4xx_it.o [1]
Liberation_Sans15x21_Numbers
                         0x800'dab0  0x228  Data  Lc  lcd_display.o [1]
MSIRangeTable            0x800'e084   0x30  Data  Gb  system_stm32l4xx.o [1]
MX_DMA_Init              0x800'b085   0x60  Code  Gb  dma.o [1]
MX_GPIO_Init             0x800'aeb5  0x1d0  Code  Gb  gpio.o [1]
MX_LPUART1_UART_Init     0x800'54f5   0x38  Code  Gb  usart.o [1]
MX_RTC_Init              0x800'b0e5   0xf4  Code  Gb  rtc.o [1]
MX_SPI2_Init             0x800'adc9   0x50  Code  Gb  spi.o [1]
MX_USART1_UART_Init      0x800'552d   0x3c  Code  Gb  usart.o [1]
MX_USART3_UART_Init      0x800'5569   0x3c  Code  Gb  usart.o [1]
Main_Task                0x800'b33d   0x3c  Code  Gb  user_app_comm.o [1]
MemManage_Handler        0x800'def1    0x2  Code  Gb  stm32l4xx_it.o [1]
ModRTU_CRC               0x800'51a5   0x3c  Code  Gb  user_modbus_rtu.o [1]
ModRTU_Master_Read_Frame
                         0x800'51e1   0x9c  Code  Gb  user_modbus_rtu.o [1]
ModRTU_Master_Write_Frame
                         0x800'527d   0xe8  Code  Gb  user_modbus_rtu.o [1]
ModRTU_Slave_ACK_Read_Frame
                         0x800'5365   0xa2  Code  Gb  user_modbus_rtu.o [1]
ModRTU_Slave_ACK_Write_Frame
                         0x800'5407   0xee  Code  Gb  user_modbus_rtu.o [1]
Modem_Check_AT           0x800'c569  0x1dc  Code  Gb  user_at_serial.o [1]
Modem_Check_RTU          0x800'3e15  0x37e  Code  Gb  user_app_modbus_rtu.o [1]
NMI_Handler              0x800'deed    0x2  Code  Gb  stm32l4xx_it.o [1]
NONE_Register_CallBack   0x800'3ab9    0x6  Code  Gb  user_app_modbus_rtu.o [1]
NVIC_EncodePriority      0x800'9707   0x40  Code  Lc  stm32l4xx_hal_cortex.o [1]
OldPosDMADebug          0x2000'26ae    0x2  Data  Lc  user_app_comm.o [1]
Old_Value_f             0x2000'2664    0x4  Data  Gb  button.o [1]
On_Speaker               0x800'1bf3   0x24  Code  Gb  lcd_display.o [1]
OnchipFlashPageErase     0x800'6981   0x5a  Code  Gb  onchipflash.o [1]
OnchipFlashWriteData     0x800'68f5   0x8c  Code  Gb  onchipflash.o [1]
PendSV_Handler           0x800'defb    0x2  Code  Gb  stm32l4xx_it.o [1]
PortConfig              0x2000'26c3    0x1  Data  Gb  user_at_serial.o [1]
RC                       0x800'd15b   0x22  Code  Gb  user_string.o [1]
RCCEx_PLLSAI1_Config     0x800'90b9  0x16e  Code  Lc  stm32l4xx_hal_rcc_ex.o [1]
RCC_SetFlashLatencyFromMSIRange
                         0x800'a2cd   0x8a  Code  Lc  stm32l4xx_hal_rcc.o [1]
RS485SS_Init_Data        0x800'5891   0x10  Code  Gb  user_connect_sensor.o [1]
RS485SS_Init_RX_Mode     0x800'58a1   0x1e  Code  Gb  user_connect_sensor.o [1]
RS485SS_Rx_Callback      0x800'58c1   0x34  Code  Gb  user_connect_sensor.o [1]
RS485SS_Stop_RX_Mode     0x800'58bf    0x2  Code  Gb  user_connect_sensor.o [1]
RS485_Done_Calib         0x800'2c03   0x1c  Code  Gb  user_app_sensor.o [1]
RS485_Enter_Calib        0x800'2c1f   0x22  Code  Gb  user_app_sensor.o [1]
RS485_Init_RX_Mode       0x800'b77d   0x1e  Code  Gb  user_rs485.o [1]
RS485_LogData_Calib      0x800'2c41   0x78  Code  Gb  user_app_sensor.o [1]
RS485_Rx_Callback        0x800'b79d   0x3c  Code  Gb  user_rs485.o [1]
RS485_Stop_RX_Mode       0x800'b79b    0x2  Code  Gb  user_rs485.o [1]
RTC_AlarmStructure      0x2000'2528   0x2c  Data  Lc  user_rtc.o [1]
RTC_Alarm_IRQHandler     0x800'df75    0xa  Code  Gb  stm32l4xx_it.o [1]
RTC_Bcd2ToByte           0x800'c241   0x16  Code  Gb  stm32l4xx_hal_rtc.o [1]
RTC_ByteToBcd2           0x800'c225   0x1c  Code  Gb  stm32l4xx_hal_rtc.o [1]
RTC_EnterInitMode        0x800'c15b   0x4c  Code  Gb  stm32l4xx_hal_rtc.o [1]
RTC_ExitInitMode         0x800'c1a7   0x58  Code  Gb  stm32l4xx_hal_rtc.o [1]
RTC_GetCalendarValue     0x800'cf63   0x90  Code  Lc  user_rtc.o [1]
RTC_IF_Convert_Tick2ms   0x800'cd81   0x10  Code  Gb  user_rtc.o [1]
RTC_IF_Convert_ms2Tick   0x800'cd6f   0x12  Code  Gb  user_rtc.o [1]
RTC_IF_GetMinimumTimeout
                         0x800'cd6b    0x4  Code  Gb  user_rtc.o [1]
RTC_IF_GetTimerContext   0x800'cd2f    0x8  Code  Gb  user_rtc.o [1]
RTC_IF_GetTimerElapsedTime
                         0x800'cd37   0x16  Code  Gb  user_rtc.o [1]
RTC_IF_GetTimerValue     0x800'cd4d   0x1e  Code  Gb  user_rtc.o [1]
RTC_IF_Init              0x800'ccb9   0x30  Code  Gb  user_rtc.o [1]
RTC_IF_SetTimerContext   0x800'cd19   0x16  Code  Gb  user_rtc.o [1]
RTC_IF_StartTimer        0x800'cce9    0xe  Code  Gb  user_rtc.o [1]
RTC_IF_StopTimer         0x800'ccf7   0x22  Code  Gb  user_rtc.o [1]
RTC_Initalized          0x2000'26c8    0x1  Data  Lc  user_rtc.o [1]
RTC_StartWakeUpAlarm     0x800'cd9d  0x1c6  Code  Lc  user_rtc.o [1]
ReInit_Rx_Mode_Uart_Error
                         0x800'98ab   0x5a  Code  Gb  user_uart.o [1]
Read_Register_Rs485      0x800'2cb9   0x66  Code  Gb  user_app_sensor.o [1]
Region$$Table$$Base      0x800'e17c          --   Gb  - Linker created -
Region$$Table$$Limit     0x800'e19c          --   Gb  - Linker created -
Reset_Buff               0x800'16c5   0x24  Code  Gb  user_util.o [1]
Rs485SSStatus_u8        0x2000'26c5    0x1  Data  Gb  user_connect_sensor.o [1]
Rs485Status_u8          0x2000'26c7    0x1  Data  Gb  user_rs485.o [1]
RtCountSystick_u32      0x2000'269c    0x4  Data  Gb  user_util.o [1]
RtcTimerContext         0x2000'25c8   0x1c  Data  Lc  user_rtc.o [1]
SPI_EndRxTxTransaction   0x800'8c11   0x6a  Code  Lc  stm32l4xx_hal_spi.o [1]
SPI_WaitFifoStateUntilTimeout
                         0x800'8b1f   0xee  Code  Lc  stm32l4xx_hal_spi.o [1]
SPI_WaitFlagStateUntilTimeout
                         0x800'8a47   0xd8  Code  Lc  stm32l4xx_hal_spi.o [1]
SVC_Handler              0x800'def7    0x2  Code  Gb  stm32l4xx_it.o [1]
Save_Array               0x800'69e1   0x86  Code  Gb  onchipflash.o [1]
Save_InforSlaveModbusRTU
                         0x800'3da1   0x44  Code  Gb  user_app_modbus_rtu.o [1]
Save_ParamCalib          0x800'2d65  0x162  Code  Gb  user_app_sensor.o [1]
Send_RS458_Master        0x800'3d69   0x38  Code  Gb  user_app_modbus_rtu.o [1]
Send_RS458_Sensor        0x800'2d1f   0x40  Code  Gb  user_app_sensor.o [1]
SysApp_Init              0x800'b2f1    0xc  Code  Gb  user_app_comm.o [1]
SysApp_Setting           0x800'b2fd   0x40  Code  Gb  user_app_comm.o [1]
SysTick_Config           0x800'9747   0x30  Code  Lc  stm32l4xx_hal_cortex.o [1]
SysTick_Handler          0x800'defd   0x50  Code  Gb  stm32l4xx_it.o [1]
SystemClock_Config       0x800'8caf   0x92  Code  Gb  main.o [1]
SystemCoreClock         0x2000'0428    0x4  Data  Gb  system_stm32l4xx.o [1]
SystemInit               0x800'e56d    0xc  Code  Gb  system_stm32l4xx.o [1]
TRACE_AllocateBufer      0x800'b94d   0xa2  Code  Lc  user_adv_trace.o [1]
TRACE_IsLocked           0x800'ba03   0x10  Code  Lc  user_adv_trace.o [1]
TRACE_Lock               0x800'b9ef    0xa  Code  Lc  user_adv_trace.o [1]
TRACE_Send               0x800'b8c7   0x84  Code  Lc  user_adv_trace.o [1]
TRACE_UnLock             0x800'b9f9    0xa  Code  Lc  user_adv_trace.o [1]
TimerExists              0x800'c4d1   0x1a  Code  Gb  user_timer.o [1]
TimerInsertNewHeadTimer
                         0x800'c545   0x1c  Code  Gb  user_timer.o [1]
TimerInsertTimer         0x800'c517   0x2e  Code  Gb  user_timer.o [1]
TimerListHead           0x2000'2698    0x4  Data  Lc  user_timer.o [1]
TimerSetTimeout          0x800'c4eb   0x2c  Code  Gb  user_timer.o [1]
TimerTx                 0x2000'2614   0x18  Data  Lc  user_app_comm.o [1]
TxCpltCallback          0x2000'2688    0x4  Data  Lc  user_app_comm.o [1]
UART_AdvFeatureConfig    0x800'6129   0xda  Code  Gb  stm32l4xx_hal_uart.o [1]
UART_CheckIdleState      0x800'6203   0xd2  Code  Gb  stm32l4xx_hal_uart.o [1]
UART_DMAAbortOnError     0x800'66b5   0x1a  Code  Lc  stm32l4xx_hal_uart.o [1]
UART_DMAError            0x800'6665   0x50  Code  Lc  stm32l4xx_hal_uart.o [1]
UART_DMAReceiveCplt      0x800'6599   0xa2  Code  Lc  stm32l4xx_hal_uart.o [1]
UART_DMARxHalfCplt       0x800'663d   0x28  Code  Lc  stm32l4xx_hal_uart.o [1]
UART_EndRxTransfer       0x800'653b   0x5e  Code  Lc  stm32l4xx_hal_uart.o [1]
UART_EndTransmit_IT      0x800'66cf   0x2a  Code  Lc  stm32l4xx_hal_uart.o [1]
UART_EndTxTransfer       0x800'651f   0x1c  Code  Lc  stm32l4xx_hal_uart.o [1]
UART_RxISR_16BIT         0x800'67ed   0xee  Code  Lc  stm32l4xx_hal_uart.o [1]
UART_RxISR_8BIT          0x800'66f9   0xec  Code  Lc  stm32l4xx_hal_uart.o [1]
UART_SetConfig           0x800'5e31  0x2ec  Code  Gb  stm32l4xx_hal_uart.o [1]
UART_Start_Receive_DMA   0x800'6463   0xbc  Code  Gb  stm32l4xx_hal_uart.o [1]
UART_Start_Receive_IT    0x800'6373   0xf0  Code  Gb  stm32l4xx_hal_uart.o [1]
UART_WaitOnFlagUntilTimeout
                         0x800'62d5   0x9e  Code  Gb  stm32l4xx_hal_uart.o [1]
USART1_IRQHandler        0x800'df61    0xa  Code  Gb  stm32l4xx_it.o [1]
USART3_IRQHandler        0x800'df6b    0xa  Code  Gb  stm32l4xx_it.o [1]
UTIL_ADV_TRACE_COND_FSend
                         0x800'b7ed   0xda  Code  Gb  user_adv_trace.o [1]
UTIL_Log_Str             0x800'1749   0x36  Code  Gb  user_util.o [1]
UTIL_MEM_cpy             0x800'1785   0x1e  Code  Gb  user_util.o [1]
UTIL_MEM_set             0x800'16e9   0x18  Code  Gb  user_util.o [1]
UTIL_Printf              0x800'1701   0x2c  Code  Gb  user_util.o [1]
UTIL_Printf_Str          0x800'172d   0x1c  Code  Gb  user_util.o [1]
UTIL_TIMER_Create        0x800'c26d   0x4c  Code  Gb  user_timer.o [1]
UTIL_TIMER_IRQ_Handler   0x800'c41f   0xb2  Code  Gb  user_timer.o [1]
UTIL_TIMER_Init          0x800'c259   0x14  Code  Gb  user_timer.o [1]
UTIL_TIMER_SetPeriod     0x800'c3e5   0x3a  Code  Gb  user_timer.o [1]
UTIL_TIMER_Start         0x800'c2b9   0x92  Code  Gb  user_timer.o [1]
UTIL_TIMER_Stop          0x800'c34b   0x9a  Code  Gb  user_timer.o [1]
UTIL_TimerDriver         0x800'e0b4   0x2c  Data  Gb  user_rtc.o [1]
UTIL_TraceDriver         0x800'e5e8    0xc  Data  Gb  user_app_comm.o [1]
Uart485RxByte           0x2000'26c6    0x1  Data  Lc  user_rs485.o [1]
Uart485SSRxByte         0x2000'26c4    0x1  Data  Lc  user_connect_sensor.o [1]
UartDebugBuff           0x2000'0aa4  0x4b0  Data  Gb  user_app_comm.o [1]
UartDebugCountFail      0x2000'26b6    0x2  Data  Lc  user_uart.o [1]
UartDebugRxByte         0x2000'26bd    0x1  Data  Gb  user_app_comm.o [1]
Update_ParaDisplay       0x800'1c19  0x1ba  Code  Gb  lcd_display.o [1]
UsageFault_Handler       0x800'def5    0x2  Code  Gb  stm32l4xx_it.o [1]
User_RTC_Init            0x800'cc81   0x38  Code  Lc  user_rtc.o [1]
UtilFloatToString        0x800'1801   0x2e  Code  Gb  user_util.o [1]
UtilIntToStringWithScale
                         0x800'1665   0x60  Code  Gb  user_util.o [1]
VLevelDebug             0x2000'0aa0    0x1  Data  Gb  user_util.o [1]
_Cb_Display_Auto_SW      0x800'1b13   0x7e  Code  Lc  lcd_display.o [1]
_Cb_Display_Auto_SW::MarkButtPressed
                        0x2000'26bb    0x1  Data  Lc  lcd_display.o [1]
_Cb_Display_Auto_SW::cNext
                        0x2000'26ac    0x2  Data  Lc  lcd_display.o [1]
_Cb_Display_Init         0x800'199d   0x52  Code  Lc  lcd_display.o [1]
_Cb_Display_Logo         0x800'19ef   0xa8  Code  Lc  lcd_display.o [1]
_Cb_Display_Logo::step_u8
                        0x2000'26b9    0x1  Data  Lc  lcd_display.o [1]
_Cb_Display_Show         0x800'1a97   0x7c  Code  Lc  lcd_display.o [1]
_Cb_Display_Show::LandMarkChange_u32
                        0x2000'267c    0x4  Data  Lc  lcd_display.o [1]
_Cb_Display_Show::ScreenLast
                        0x2000'26ba    0x1  Data  Lc  lcd_display.o [1]
_Cb_HandLer_IDLE         0x800'b2df    0x6  Code  Lc  user_app_comm.o [1]
_Cb_Off_Speaker          0x800'1bdd   0x16  Code  Lc  lcd_display.o [1]
_Cb_R_ModbusRTU_REG_Baudrate
                         0x800'3b65   0x2e  Code  Gb  user_app_modbus_rtu.o [1]
_Cb_R_ModbusRTU_REG_ID   0x800'3abf   0x2e  Code  Gb  user_app_modbus_rtu.o [1]
_Cb_R_ModbusRTU_REG_Sal_Measure
                         0x800'3d0f   0x5a  Code  Gb  user_app_modbus_rtu.o [1]
_Cb_R_ModbusRTU_REG_TDS_Measure
                         0x800'3cb5   0x5a  Code  Gb  user_app_modbus_rtu.o [1]
_Cb_R_ModbusRTU_REG_Temp_Measure
                         0x800'3c5b   0x5a  Code  Gb  user_app_modbus_rtu.o [1]
_Cb_R_ModbusRTU_REG_pH_Measure
                         0x800'3c01   0x5a  Code  Gb  user_app_modbus_rtu.o [1]
_Cb_Save_Box             0x800'b2eb    0x6  Code  Lc  user_app_comm.o [1]
_Cb_Set_RTC              0x800'b2c3   0x1c  Code  Lc  user_app_comm.o [1]
_Cb_TX_Timer_Event       0x800'b445   0x1a  Code  Lc  user_app_comm.o [1]
_Cb_Timer_IRQ            0x800'b235    0xc  Code  Lc  user_app_comm.o [1]
_Cb_Tx_Timer             0x800'b2e5    0x6  Code  Lc  user_app_comm.o [1]
_Cb_Uart_Error           0x800'b2b7    0xc  Code  Lc  user_app_comm.o [1]
_Cb_Uart_Rx_Debug        0x800'b241   0x76  Code  Lc  user_app_comm.o [1]
_Cb_Uart_Rx_Debug::LastLengthRecv
                        0x2000'26b0    0x2  Data  Lc  user_app_comm.o [1]
_Cb_Uart_Rx_Debug::MarkFirstRecvUart
                        0x2000'26be    0x1  Data  Lc  user_app_comm.o [1]
_Cb_W_ModbusRTU_REG_Baudrate
                         0x800'3b93   0x6e  Code  Gb  user_app_modbus_rtu.o [1]
_Cb_W_ModbusRTU_REG_ID   0x800'3aed   0x78  Code  Gb  user_app_modbus_rtu.o [1]
_Cb_button_detect        0x800'1bc5   0x18  Code  Lc  lcd_display.o [1]
_Cb_button_scan          0x800'1b91   0x34  Code  Lc  lcd_display.o [1]
_LitobFullNoMb           0x800'8549  0x10a  Code  Lc  xprintffull_nomb.o [2]
_Locale_lconv           0x2000'0a64   0x38  Data  Lc  xlocale_c.o [2]
_PrintfFullNoMb          0x800'7789  0xd9c  Code  Gb  xprintffull_nomb.o [2]
_PutcharFullNoMb         0x800'86b9   0x20  Code  Lc  xprintffull_nomb.o [2]
_PutcharsFullNoMb        0x800'86d9   0x2e  Code  Lc  xprintffull_nomb.o [2]
_SProut                  0x800'4253    0xa  Code  Gb  xsprout.o [2]
__NVIC_DisableIRQ        0x800'96b5   0x26  Code  Lc  stm32l4xx_hal_cortex.o [1]
__NVIC_EnableIRQ         0x800'9695   0x20  Code  Lc  stm32l4xx_hal_cortex.o [1]
__NVIC_GetPriorityGrouping
                         0x800'9687    0xc  Code  Lc  stm32l4xx_hal_cortex.o [1]
__NVIC_SetPriority       0x800'96db   0x2c  Code  Lc  stm32l4xx_hal_cortex.o [1]
__NVIC_SetPriorityGrouping
                         0x800'9665   0x22  Code  Lc  stm32l4xx_hal_cortex.o [1]
__aeabi_cdcmpeq          0x800'a6d5         Code  Gb  DblCmpEq.o [3]
__aeabi_cdcmple          0x800'a765         Code  Gb  DblCmpLe.o [3]
__aeabi_cdrcmple         0x800'a795         Code  Gb  DblCmpGe.o [3]
__aeabi_d2f              0x800'44bd         Code  Gb  DblToFlt.o [3]
__aeabi_d2iz             0x800'7061         Code  Gb  DblToS32.o [3]
__aeabi_d2uiz            0x800'ad99         Code  Gb  DblToU32.o [3]
__aeabi_dadd             0x800'6ee5         Code  Gb  DblAdd.o [3]
__aeabi_ddiv             0x800'4275         Code  Gb  DblDiv.o [3]
__aeabi_dmul             0x800'6d41         Code  Gb  DblMul.o [3]
__aeabi_dsub             0x800'a5f1         Code  Gb  DblSub.o [3]
__aeabi_f2d              0x800'4541         Code  Gb  FltToDbl.o [3]
__aeabi_i2d              0x800'4231         Code  Gb  S32ToDbl.o [3]
__aeabi_ldiv0            0x800'a5ed         Code  Gb  I64DivZer.o [4]
__aeabi_memcpy           0x800'6a69         Code  Gb  ABImemcpy.o [4]
__aeabi_memcpy4          0x800'6a89         Code  Gb  ABImemcpy.o [4]
__aeabi_memcpy8          0x800'6a89         Code  Gb  ABImemcpy.o [4]
__aeabi_memset           0x800'4bad         Code  Gb  ABImemset.o [4]
__aeabi_ui2d             0x800'4525         Code  Gb  U32ToDbl.o [3]
__aeabi_uldivmod         0x800'6b11         Code  Gb  I64DivMod.o [4]
__cmain                  0x800'e1bd         Code  Gb  cmain.o [4]
__exit                   0x800'cc6d   0x14  Code  Gb  exit.o [5]
__iar_Exp64              0x800'a7c5  0x388  Code  Gb  iar_Exp64.o [3]
__iar_Fail_s             0x800'abc5   0x1c  Code  Gb  xfail_s.o [2]
__iar_Memchr             0x800'ac05         Code  Gb  memchr.o [4]
__iar_Memset             0x800'4bad         Code  Gb  ABImemset.o [4]
__iar_Memset_word        0x800'4bb5         Code  Gb  ABImemset.o [4]
__iar_Strchr             0x800'abad         Code  Gb  strchr.o [4]
__iar_dadd               0x800'a601         Code  Gb  DblSub.o [3]
__iar_data_init3         0x800'e131   0x28  Code  Gb  data_init.o [4]
__iar_dsub               0x800'6ef5         Code  Gb  DblAdd.o [3]
__iar_dsubStart          0x800'6f07         Code  Gb  DblAdd.o [3]
__iar_frexp              0x800'a701         Code  Gb  frexp.o [3]
__iar_frexpl             0x800'a701         Code  Gb  frexp.o [3]
__iar_init_vfp           0x800'e159         Code  Gb  fpinit_M.o [3]
__iar_ldexp64            0x800'ac5d         Code  Gb  ldexp.o [3]
__iar_lz77_init_single3
                         0x800'dfd9   0x78  Code  Gb  lz77_init_single.o [4]
__iar_pow64              0x800'709d  0x6ec  Code  Gb  pow64.o [3]
__iar_pow_medium         0x800'709d  0x6ec  Code  Gb  pow64.o [3]
__iar_pow_medium64       0x800'709d  0x6ec  Code  Gb  pow64.o [3]
__iar_pow_mediuml        0x800'709d  0x6ec  Code  Gb  pow64.o [3]
__iar_program_start      0x800'e769         Code  Gb  cstartup_M.o [4]
__iar_scalbln64          0x800'ac5d         Code  Gb  ldexp.o [3]
__iar_scalbn64           0x800'ac5d         Code  Gb  ldexp.o [3]
__iar_softfp___iar_frexp64
                         0x800'a6f5         Code  Gb  frexp.o [3]
__iar_softfp_frexp       0x800'a6f5         Code  Gb  frexp.o [3]
__iar_softfp_frexpl      0x800'a6f5         Code  Gb  frexp.o [3]
__iar_vfp_pow            0x800'4263   0x10  Code  Gb  math_wrappers64.o [3]
__iar_zero_init3         0x800'41f7   0x3a  Code  Gb  zero_init3.o [4]
__low_level_init         0x800'e1db    0x4  Code  Gb  low_level_init.o [2]
__vector_table           0x800'0000         Data  Gb  startup_stm32l433xx.o [1]
_call_main               0x800'e1c9         Code  Gb  cmain.o [4]
_exit                    0x800'e1e5         Code  Gb  cexit.o [4]
_main                    0x800'e1d7         Code  Gb  cmain.o [4]
aAT_CMD                 0x2000'2260   0x80  Data  Lc  user_at_serial.o [1]
aBaudrate_value         0x2000'0538   0x2c  Data  Gb  user_app_modbus_rtu.o [1]
aDATA_CALIB             0x2000'268c    0x4  Data  Gb  user_app_sensor.o [1]
aDATA_CONFIG            0x2000'2060   0x80  Data  Lc  user_app_modbus_rtu.o [1]
aDATA_CONFIG            0x2000'21e0   0x80  Data  Lc  user_at_serial.o [1]
aDATA_LOG_REGISTER      0x2000'20e0   0x80  Data  Lc  user_app_modbus_rtu.o [1]
aPASSWORD               0x2000'00c8    0x4  Data  Gb  lcd_display.o [1]
aSTT_SETTING_DONE       0x2000'00fc   0x10  Data  Gb  lcd_display.o [1]
aSTT_SETTING_ENTER      0x2000'00dc   0x10  Data  Gb  lcd_display.o [1]
aSTT_SETTING_ERROR      0x2000'010c   0x10  Data  Gb  lcd_display.o [1]
aSTT_SETTING_FREE       0x2000'00cc   0x10  Data  Gb  lcd_display.o [1]
aSTT_SETTING_WAIT       0x2000'00ec   0x10  Data  Gb  lcd_display.o [1]
aSampling_STT           0x2000'2554   0x28  Data  Gb  user_app_sensor.o [1]
aSampling_VALUE         0x2000'257c   0x28  Data  Gb  user_app_sensor.o [1]
aTEST                   0x2000'0000    0xc  Data  Lc  button.o [1]
aUART_485SS_DATA        0x2000'1954  0x200  Data  Lc  user_connect_sensor.o [1]
aUART_485_DATA          0x2000'1b54  0x200  Data  Lc  user_rs485.o [1]
aUART_DBG_DMA_RX        0x2000'2344   0x64  Data  Lc  user_app_comm.o [1]
abort                    0x800'ba89    0x6  Code  Gb  abort.o [2]
abs                      0x800'8c7b    0x8  Code  Gb  abs.o [2]
aframe                  0x2000'2160   0x80  Data  Gb  user_app_modbus_rtu.o [1]
bmp_SV_logo_12864        0x800'd6b0  0x400  Data  Gb  unit_tests.o [1]
charNotDetectPress      0x2000'0a9e    0x1  Data  Lc  lcd_display.o [1]
count_gettick           0x2000'2684    0x4  Data  Gb  stm32l4xx_it.o [1]
delay_ms                 0x800'465d    0xc  Code  Gb  STM32L4.o [1]
ee_number                0x800'c945  0x146  Code  Lc  user_tiny_vsnprintf.o [1]
ee_skip_atoi             0x800'c91d   0x28  Code  Lc  user_tiny_vsnprintf.o [1]
exit                     0x800'e1df    0x4  Code  Gb  exit.o [2]
fevent_active            0x800'4905   0x1e  Code  Gb  event_driven.o [1]
fevent_detect_connect    0x800'260b   0x14  Code  Lc  user_app_sensor.o [1]
fevent_disable           0x800'4947   0x12  Code  Gb  event_driven.o [1]
fevent_enable            0x800'4923   0x24  Code  Gb  event_driven.o [1]
fevent_rs485_entry       0x800'c79d   0x12  Code  Lc  user_app_rs485.o [1]
fevent_rs485_init_uart   0x800'c7af   0x2e  Code  Lc  user_app_rs485.o [1]
fevent_rs485_init_uart::stamp
                        0x2000'26bf    0x1  Data  Lc  user_app_rs485.o [1]
fevent_rs485_receive_complete
                         0x800'c7dd   0x24  Code  Lc  user_app_rs485.o [1]
fevent_rs485_refresh     0x800'c801   0x20  Code  Lc  user_app_rs485.o [1]
fevent_sensor_entry      0x800'246d   0x12  Code  Lc  user_app_sensor.o [1]
fevent_sensor_receive_complete
                         0x800'2541   0xb6  Code  Lc  user_app_sensor.o [1]
fevent_sensor_receive_handle
                         0x800'2501   0x40  Code  Lc  user_app_sensor.o [1]
fevent_sensor_reset      0x800'2633   0x84  Code  Lc  user_app_sensor.o [1]
fevent_sensor_reset::state
                        0x2000'26c1    0x1  Data  Lc  user_app_sensor.o [1]
fevent_sensor_transmit   0x800'247f   0x82  Code  Lc  user_app_sensor.o [1]
fevent_sensor_wait_calib
                         0x800'25f7   0x14  Code  Lc  user_app_sensor.o [1]
fevent_temp_alarm        0x800'261f   0x14  Code  Lc  user_app_sensor.o [1]
font_current            0x2000'263c    0xc  Data  Gb  text.o [1]
glcd_ST7565R_init        0x800'4b79   0x34  Code  Gb  ST7565R.o [1]
glcd_bbox               0x2000'2670    0x4  Data  Gb  glcd.o [1]
glcd_bbox_refresh        0x800'4a01   0x1c  Code  Gb  glcd.o [1]
glcd_bbox_selected      0x2000'2678    0x4  Data  Gb  glcd.o [1]
glcd_buffer             0x2000'0f54  0x400  Data  Gb  glcd.o [1]
glcd_buffer_selected    0x2000'2674    0x4  Data  Gb  glcd.o [1]
glcd_clear_buffer        0x800'4a1d   0x24  Code  Gb  glcd.o [1]
glcd_command             0x800'4a55   0x1a  Code  Gb  ST7565R.o [1]
glcd_data                0x800'4a6f   0x1a  Code  Gb  ST7565R.o [1]
glcd_draw_bitmap         0x800'517d   0x1e  Code  Gb  graphics.o [1]
glcd_draw_char_xy        0x800'4c2f  0x33a  Code  Gb  text.o [1]
glcd_draw_line           0x800'5071  0x10c  Code  Gb  graphics.o [1]
glcd_draw_string_xy      0x800'4f69   0x38  Code  Gb  text.o [1]
glcd_enable_backlight    0x800'45ed    0x2  Code  Gb  STM32L4.o [1]
glcd_init                0x800'45c9   0x24  Code  Gb  STM32L4.o [1]
glcd_reset               0x800'4619   0x34  Code  Gb  STM32L4.o [1]
glcd_reset_bbox          0x800'49e5   0x1c  Code  Gb  glcd.o [1]
glcd_select_screen       0x800'4a41    0xa  Code  Gb  glcd.o [1]
glcd_set_column_lower    0x800'4aed    0xe  Code  Gb  ST7565R.o [1]
glcd_set_column_upper    0x800'4ad7   0x16  Code  Gb  ST7565R.o [1]
glcd_set_contrast        0x800'4a89   0x24  Code  Gb  ST7565R.o [1]
glcd_set_font            0x800'4c15   0x1a  Code  Gb  text.o [1]
glcd_set_pixel           0x800'4fa5   0xcc  Code  Gb  graphics.o [1]
glcd_set_x_address       0x800'4ac1   0x16  Code  Gb  ST7565R.o [1]
glcd_set_y_address       0x800'4aad   0x14  Code  Gb  ST7565R.o [1]
glcd_spi_write           0x800'45ef   0x2a  Code  Gb  STM32L4.o [1]
glcd_test_bitmap_128x64
                         0x800'4959    0xe  Code  Gb  unit_tests.o [1]
glcd_tiny_draw_char      0x800'468f  0x21a  Code  Gb  text_tiny.o [1]
glcd_tiny_draw_string    0x800'48a9   0x54  Code  Gb  text_tiny.o [1]
glcd_tiny_set_font       0x800'4675   0x1a  Code  Gb  text_tiny.o [1]
glcd_update_bbox         0x800'496d   0x78  Code  Gb  glcd.o [1]
glcd_write               0x800'4afb   0x70  Code  Gb  ST7565R.o [1]
hdma_lpuart_rx          0x2000'2408   0x48  Data  Gb  usart.o [1]
hdma_usart1_rx          0x2000'2450   0x48  Data  Gb  usart.o [1]
hdma_usart3_rx          0x2000'2498   0x48  Data  Gb  usart.o [1]
hlpuart1                0x2000'1ec8   0x88  Data  Gb  usart.o [1]
hrtc                    0x2000'25a4   0x24  Data  Gb  rtc.o [1]
hspi2                   0x2000'22e0   0x64  Data  Gb  spi.o [1]
huart1                  0x2000'1f50   0x88  Data  Gb  usart.o [1]
huart3                  0x2000'1fd8   0x88  Data  Gb  usart.o [1]
ldexp                    0x800'ac5d         Code  Gb  ldexp.o [3]
ldexpl                   0x800'ac5d         Code  Gb  ldexp.o [3]
lnbias                   0x800'd290  0x420  Data  Lc  pow64.o [3]
localeconv               0x800'adc1    0x4  Code  Gb  xlocale_c.o [2]
lower_digits            0x2000'0a5c    0x4  Data  Lc  user_tiny_vsnprintf.o [1]
main                     0x800'8c83   0x2c  Code  Gb  main.o [1]
memchr                   0x800'ac05         Code  Gb  memchr.o [4]
memset                   0x800'8d45   0x14  Code  Gb  memset.o [4]
pFlash                  0x2000'0408   0x20  Data  Gb  stm32l4xx_hal_flash.o [1]
pFunc_UTIL_Debug_Send   0x2000'26a4    0x4  Data  Gb  user_util.o [1]
pFunc_UTIL_Log_To_Mem   0x2000'26a0    0x4  Data  Gb  user_util.o [1]
pModemProcessIRQTimer   0x2000'2694    0x4  Data  Gb  user_rtc.o [1]
pow                      0x800'709d  0x6ec  Code  Gb  pow64.o [3]
powl                     0x800'709d  0x6ec  Code  Gb  pow64.o [3]
quickSort_Sampling       0x800'282f   0x9a  Code  Gb  user_app_sensor.o [1]
quickSort_Sampling_Value
                         0x800'28c9   0xd4  Code  Gb  user_app_sensor.o [1]
quickSort_Sampling_Value::Handle_Once
                        0x2000'26c2    0x1  Data  Lc  user_app_sensor.o [1]
sButton                 0x2000'25e4   0x18  Data  Gb  button.o [1]
sCheckList_Reg_Modbus_RTU
                        0x2000'04ac   0x8c  Data  Gb  user_app_modbus_rtu.o [1]
sData_Calib             0x2000'062c    0x8  Data  Gb  user_app_sensor.o [1]
sEventAppComm           0x2000'042c   0x70  Data  Gb  user_app_comm.o [1]
sEventAppRs485          0x2000'056c   0x40  Data  Gb  user_app_rs485.o [1]
sEventAppSensor         0x2000'05ac   0x80  Data  Gb  user_app_sensor.o [1]
sEventDisplay           0x2000'000c   0x70  Data  Gb  lcd_display.o [1]
sFirmVersion            0x2000'049c    0x8  Data  Gb  user_app_comm.o [1]
sHandleRs485            0x2000'2690    0x4  Data  Gb  user_app_sensor.o [1]
sKindMode485            0x2000'26b4    0x2  Data  Gb  user_app_sensor.o [1]
sLCD                    0x2000'262c   0x10  Data  Gb  lcd_display.o [1]
sLCDObject              0x2000'011c  0x2e8  Data  Gb  lcd_display.o [1]
sLogData_ModbusRTU      0x2000'0564    0x8  Data  Gb  user_app_modbus_rtu.o [1]
sModelVersion           0x2000'00c0    0x8  Data  Gb  lcd_display.o [1]
sParaDisplay            0x2000'007c   0x44  Data  Gb  lcd_display.o [1]
sRTC                    0x2000'2654    0xc  Data  Gb  user_util.o [1]
sSensor_EC              0x2000'24e0   0x48  Data  Gb  user_app_sensor.o [1]
sSlave_ModbusRTU        0x2000'0a9c    0x2  Data  Gb  user_app_modbus_rtu.o [1]
sTempAlarm              0x2000'2648    0xc  Data  Gb  user_app_sensor.o [1]
sUart485                0x2000'0a54    0x8  Data  Gb  user_rs485.o [1]
sUart485SS              0x2000'0a4c    0x8  Data  Gb  user_connect_sensor.o [1]
sUartDebug              0x2000'04a4    0x8  Data  Gb  user_app_comm.o [1]
scalbln                  0x800'ac5d         Code  Gb  ldexp.o [3]
scalblnl                 0x800'ac5d         Code  Gb  ldexp.o [3]
scalbn                   0x800'ac5d         Code  Gb  ldexp.o [3]
scalbnl                  0x800'ac5d         Code  Gb  ldexp.o [3]
scale                    0x800'8653   0x46  Code  Lc  xprintffull_nomb.o [2]
sec_hand                0x2000'26a8    0x4  Data  Lc  xfail_s.o [2]
sprintf                  0x800'4589   0x40  Code  Gb  sprintf.o [2]
strATcmd                0x2000'0634    0x8  Data  Gb  user_at_serial.o [1]
strchr                   0x800'abad         Code  Gb  strchr.o [4]
strlen                   0x800'41c1         Code  Gb  strlen.o [4]
sztmp                   0x2000'1754  0x200  Data  Lc  user_adv_trace.o [1]
tiny_vsnprintf_like      0x800'ca8b  0x1d6  Code  Gb  user_tiny_vsnprintf.o [1]
upper_digits            0x2000'0a60    0x4  Data  Lc  user_tiny_vsnprintf.o [1]
uwTick                  0x2000'2680    0x4  Data  Gb  stm32l4xx_hal.o [1]
uwTickFreq              0x2000'0a9f    0x1  Data  Gb  stm32l4xx_hal.o [1]
uwTickPrio              0x2000'0404    0x4  Data  Gb  stm32l4xx_hal.o [1]
vcom_DeInit              0x800'b65f   0x1e  Code  Gb  user_app_comm.o [1]
vcom_Init                0x800'b655    0xa  Code  Gb  user_app_comm.o [1]
vcom_Trace_DMA           0x800'b67d   0x24  Code  Gb  user_app_comm.o [1]


[1] = D:\Saoviet_Git\Saoviet_EnviroTrack_M_And_S\Project_Slave_LanChang_EC\Project_Slave_Sensor_EnviroTrack\EWARM\Project_Slave_Sensor_EnviroTrack\Obj
[2] = dl7M_tlf.a
[3] = m7M_tls.a
[4] = rt7M_tl.a
[5] = shb_l.a

  54'605 bytes of readonly  code memory
   6'286 bytes of readonly  data memory
  10'951 bytes of readwrite data memory

Errors: none
Warnings: none
